
[1m[7m[36m RUN [39m[27m[22m [36mv2.1.9 [39m[90mD:/WORK/GITHUB/SENTINEL_AI/sentinel-ai-app[39m

 [32mтЬУ[39m src/lib/__tests__/exporters.test.ts [2m([22m[2m31 tests[22m[2m)[22m[90m 24[2mms[22m[39m
 [32mтЬУ[39m src/lib/__tests__/darkWebMonitor.test.ts [2m([22m[2m27 tests[22m[2m)[22m[90m 31[2mms[22m[39m
 [32mтЬУ[39m src/api/__tests__/audit.service.unit.test.ts [2m([22m[2m18 tests[22m[2m)[22m[90m 37[2mms[22m[39m
 [32mтЬУ[39m src/lib/__tests__/supplyChain.test.ts [2m([22m[2m49 tests[22m[2m)[22m[90m 54[2mms[22m[39m
 [32mтЬУ[39m src/api/__tests__/rls.e2e.test.ts [2m([22m[2m13 tests[22m[2m)[22m[90m 25[2mms[22m[39m
 [32mтЬУ[39m src/lib/__tests__/validation.test.ts [2m([22m[2m57 tests[22m[2m)[22m[90m 28[2mms[22m[39m
 [32mтЬУ[39m src/lib/__tests__/reportBuilder.test.ts [2m([22m[2m26 tests[22m[2m)[22m[90m 60[2mms[22m[39m
 [32mтЬУ[39m src/lib/__tests__/rateLimiter.test.ts [2m([22m[2m33 tests[22m[2m)[22m[33m 460[2mms[22m[39m
[90mstdout[2m | src/lib/__tests__/ai-gateway-tracing.test.ts[2m > [22m[2mhandler integration: traceparent response header[2m > [22m[2mreturns traceparent header in POST response
[22m[39m{"timestamp":"2026-04-26T13:45:33.594Z","request_id":"req-moftmf11-fbef88183370592c","level":"warn","event":"telemetry_event","metric":"provider_fallback_count","count":1}

[90mstdout[2m | src/lib/__tests__/ai-gateway-tracing.test.ts[2m > [22m[2mhandler integration: traceparent response header[2m > [22m[2mpropagates upstream trace ID in response traceparent
[22m[39m{"timestamp":"2026-04-26T13:45:33.600Z","request_id":"req-moftmf1c-cf2ec89b0ba415de","level":"warn","event":"telemetry_event","metric":"provider_fallback_count","count":2}

 [32mтЬУ[39m src/lib/__tests__/ai-gateway-tracing.test.ts [2m([22m[2m30 tests[22m[2m)[22m[33m 961[2mms[22m[39m
   [33m[2mтЬУ[22m[39m handler integration: traceparent response header[2m > [22mreturns traceparent header in POST response [33m919[2mms[22m[39m
 [32mтЬУ[39m src/lib/__tests__/connectionPool.test.ts [2m([22m[2m22 tests[22m[2m)[22m[33m 444[2mms[22m[39m
[90mstdout[2m | src/lib/__tests__/ai-gateway-admin-metrics.test.ts[2m > [22m[2mai-gateway admin metrics endpoint[2m > [22m[2mreturns 401 for GET metrics without valid admin key
[22m[39m{"timestamp":"2026-04-26T13:45:33.606Z","request_id":"req-moftmf1h-da10299ebb75759c","level":"warn","event":"telemetry_event","metric":"unauthorized_count","count":1,"status_code":401}

[90mstdout[2m | src/lib/__tests__/ai-gateway-admin-metrics.test.ts[2m > [22m[2mai-gateway admin metrics endpoint[2m > [22m[2mreturns telemetry snapshot for GET metrics with valid admin key
[22m[39m{"timestamp":"2026-04-26T13:45:33.619Z","request_id":"req-moftmf1v-9f700988e05c8aea","level":"warn","event":"telemetry_event","metric":"unauthorized_count","count":1,"status_code":401}

[90mstdout[2m | src/lib/__tests__/ai-gateway-admin-metrics.test.ts[2m > [22m[2mai-gateway admin metrics endpoint[2m > [22m[2msets alerts to true when thresholds are exceeded
[22m[39m{"timestamp":"2026-04-26T13:45:33.629Z","request_id":"req-moftmf25-2cfd20ff049c6550","level":"warn","event":"telemetry_event","metric":"unauthorized_count","count":1,"status_code":401}
{"timestamp":"2026-04-26T13:45:33.631Z","request_id":"req-moftmf27-4ae012995f5ec705","level":"warn","event":"telemetry_event","metric":"unauthorized_count","count":2,"status_code":401}
{"timestamp":"2026-04-26T13:45:33.633Z","request_id":"req-moftmf29-f45d005d10ef1d09","level":"warn","event":"telemetry_event","metric":"unauthorized_count","count":3,"status_code":401}
{"timestamp":"2026-04-26T13:45:33.635Z","request_id":"req-moftmf2b-3e65801a116b6438","level":"warn","event":"telemetry_event","metric":"unauthorized_count","count":4,"status_code":401}
{"timestamp":"2026-04-26T13:45:33.637Z","request_id":"req-moftmf2d-b5a8837ed2d16dd6","level":"warn","event":"telemetry_event","metric":"unauthorized_count","count":5,"status_code":401}
{"timestamp":"2026-04-26T13:45:33.640Z","request_id":"req-moftmf2e-99c9a7d4473d7ea0","level":"warn","event":"telemetry_event","metric":"invalid_json_count","count":1,"status_code":400}
{"timestamp":"2026-04-26T13:45:33.642Z","request_id":"req-moftmf2h-2ad5665c219688ea","level":"warn","event":"telemetry_event","metric":"invalid_json_count","count":2,"status_code":400}
{"timestamp":"2026-04-26T13:45:33.645Z","request_id":"req-moftmf2k-1429d3759778428e","level":"warn","event":"telemetry_event","metric":"invalid_json_count","count":3,"status_code":400}
{"timestamp":"2026-04-26T13:45:33.647Z","request_id":"req-moftmf2n-223caf0b6f43d5e2","level":"warn","event":"telemetry_event","metric":"invalid_json_count","count":4,"status_code":400}
{"timestamp":"2026-04-26T13:45:33.649Z","request_id":"req-moftmf2o-65efe529ef0cbb21","level":"warn","event":"telemetry_event","metric":"invalid_json_count","count":5,"status_code":400}
{"timestamp":"2026-04-26T13:45:33.666Z","request_id":"req-moftmf2q-8b3367345378b390","level":"warn","event":"telemetry_event","metric":"provider_fallback_count","count":1}
{"timestamp":"2026-04-26T13:45:33.669Z","request_id":"req-moftmf38-a003176ba715e01c","level":"warn","event":"telemetry_event","metric":"provider_fallback_count","count":2}
{"timestamp":"2026-04-26T13:45:33.670Z","request_id":"req-moftmf3a-29caa6b041e7575e","level":"warn","event":"telemetry_event","metric":"provider_fallback_count","count":3}
{"timestamp":"2026-04-26T13:45:33.672Z","request_id":"req-moftmf3b-5bb431c1cd954920","level":"warn","event":"telemetry_event","metric":"provider_fallback_count","count":4}
{"timestamp":"2026-04-26T13:45:33.675Z","request_id":"req-moftmf3e-f02c2e6667985ad6","level":"warn","event":"telemetry_event","metric":"provider_fallback_count","count":5}
{"timestamp":"2026-04-26T13:45:33.678Z","request_id":"req-moftmf3h-06bed1a473032867","level":"warn","event":"telemetry_event","metric":"provider_fallback_count","count":6}
{"timestamp":"2026-04-26T13:45:33.681Z","request_id":"req-moftmf3k-7f7c8e5cab3c90b2","level":"warn","event":"telemetry_event","metric":"provider_fallback_count","count":7}
{"timestamp":"2026-04-26T13:45:33.683Z","request_id":"req-moftmf3m-272d88a325cd8066","level":"warn","event":"telemetry_event","metric":"provider_fallback_count","count":8}
{"timestamp":"2026-04-26T13:45:33.685Z","request_id":"req-moftmf3p-9e3935b7e17f1032","level":"warn","event":"telemetry_event","metric":"provider_fallback_count","count":9}
{"timestamp":"2026-04-26T13:45:33.687Z","request_id":"req-moftmf3q-7e2821b9a761aba3","level":"warn","event":"telemetry_event","metric":"provider_fallback_count","count":10}
{"timestamp":"2026-04-26T13:45:33.688Z","request_id":"req-moftmf3r-44f1d9ffdcca76a3","level":"warn","event":"telemetry_event","metric":"provider_fallback_count","count":11}
{"timestamp":"2026-04-26T13:45:33.690Z","request_id":"req-moftmf3t-d6f65397b5079c12","level":"warn","event":"telemetry_event","metric":"provider_fallback_count","count":12}
{"timestamp":"2026-04-26T13:45:33.691Z","request_id":"req-moftmf3v-305952dc3267b099","level":"warn","event":"telemetry_event","metric":"provider_fallback_count","count":13}
{"timestamp":"2026-04-26T13:45:33.693Z","request_id":"req-moftmf3x-2479a68c3c45eb3e","level":"warn","event":"telemetry_event","metric":"provider_fallback_count","count":14}
{"timestamp":"2026-04-26T13:45:33.694Z","request_id":"req-moftmf3y-12e7ed00e03d2aab","level":"warn","event":"telemetry_event","metric":"provider_fallback_count","count":15}
{"timestamp":"2026-04-26T13:45:33.696Z","request_id":"req-moftmf40-b73ab94915b3bba3","level":"warn","event":"telemetry_event","metric":"provider_fallback_count","count":16}
{"timestamp":"2026-04-26T13:45:33.697Z","request_id":"req-moftmf41-b4787cdaa212c23f","level":"warn","event":"telemetry_event","metric":"provider_fallback_count","count":17}
{"timestamp":"2026-04-26T13:45:33.699Z","request_id":"req-moftmf42-ae1aedca23b01fcc","level":"warn","event":"telemetry_event","metric":"provider_fallback_count","count":18}
{"timestamp":"2026-04-26T13:45:33.700Z","request_id":"req-moftmf43-dcfb53df6ab26f41","level":"warn","event":"telemetry_event","metric":"provider_fallback_count","count":19}
{"timestamp":"2026-04-26T13:45:33.701Z","request_id":"req-moftmf44-dd5939bd3a98a1cf","level":"warn","event":"telemetry_event","metric":"provider_fallback_count","count":20}
{"timestamp":"2026-04-26T13:45:33.706Z","request_id":"req-moftmf46-c6b7fa437a47e68a","level":"warn","event":"telemetry_event","metric":"response_skipped_compression_count","count":1}

[90mstdout[2m | src/lib/__tests__/ai-gateway-admin-metrics.test.ts[2m > [22m[2mai-gateway admin metrics endpoint[2m > [22m[2mdoes not change standard POST behavior with valid auth
[22m[39m{"timestamp":"2026-04-26T13:45:33.715Z","request_id":"req-moftmf4j-037fe78886b7db30","level":"warn","event":"telemetry_event","metric":"provider_fallback_count","count":1}

[90mstdout[2m | src/lib/__tests__/ai-gateway-admin-metrics.test.ts[2m > [22m[2mai-gateway admin metrics endpoint[2m > [22m[2mreturns 401 for GET /metrics without valid admin key
[22m[39m{"timestamp":"2026-04-26T13:45:33.721Z","request_id":"req-moftmf4p-342bcee08e87b0d2","level":"warn","event":"telemetry_event","metric":"unauthorized_count","count":1,"status_code":401}

 [32mтЬУ[39m src/lib/__tests__/ai-gateway-admin-metrics.test.ts [2m([22m[2m7 tests[22m[2m)[22m[90m 128[2mms[22m[39m
 [32mтЬУ[39m src/api/__tests__/security.integration.test.ts [2m([22m[2m48 tests[22m[2m)[22m[33m 1139[2mms[22m[39m
   [33m[2mтЬУ[22m[39m Security Integration Tests[2m > [22mData Exfiltration Prevention[2m > [22mlimits SBOM size to prevent memory exhaustion [33m903[2mms[22m[39m
 [32mтЬУ[39m src/lib/__tests__/otelCollector.test.ts [2m([22m[2m22 tests[22m[2m)[22m[33m 1346[2mms[22m[39m
   [33m[2mтЬУ[22m[39m OTelCollectorClient[2m > [22mFlushing[2m > [22mreturns failed count after max retries exceeded [33m329[2mms[22m[39m
   [33m[2mтЬУ[22m[39m OTelCollectorClient[2m > [22mFlushing[2m > [22mimplements exponential backoff on retries [33m310[2mms[22m[39m
   [33m[2mтЬУ[22m[39m OTelCollectorClient[2m > [22mStatistics[2m > [22mtracks failed metrics [33m330[2mms[22m[39m
 [32mтЬУ[39m src/lib/__tests__/compliance.test.ts [2m([22m[2m19 tests[22m[2m)[22m[90m 25[2mms[22m[39m
 [32mтЬУ[39m src/api/__tests__/scans.service.test.ts [2m([22m[2m12 tests[22m[2m)[22m[90m 23[2mms[22m[39m
 [32mтЬУ[39m src/lib/__tests__/evidencePackage.test.ts [2m([22m[2m30 tests[22m[2m)[22m[90m 129[2mms[22m[39m
[90mstdout[2m | src/lib/__tests__/ai-gateway-handler.test.ts[2m > [22m[2mai-gateway handler[2m > [22m[2mreturns 400 for invalid JSON with safe error payload
[22m[39m{"timestamp":"2026-04-26T13:45:41.555Z","request_id":"req-moftml69-0b489dd4fa54cb5a","level":"warn","event":"telemetry_event","metric":"invalid_json_count","count":1,"status_code":400}

[90mstdout[2m | src/lib/__tests__/ai-gateway-handler.test.ts[2m > [22m[2mai-gateway handler[2m > [22m[2mreturns 413 for payload too large
[22m[39m{"timestamp":"2026-04-26T13:45:41.562Z","request_id":"req-moftml6h-4a84335abf898f1c","level":"warn","event":"telemetry_event","metric":"payload_too_large_count","count":1,"status_code":413}

[90mstdout[2m | src/lib/__tests__/ai-gateway-handler.test.ts[2m > [22m[2mai-gateway handler[2m > [22m[2mreturns 429 when rate limit is exceeded
[22m[39m{"timestamp":"2026-04-26T13:45:41.567Z","request_id":"req-moftml6m-d3a40c6881b2211c","level":"warn","event":"telemetry_event","metric":"provider_fallback_count","count":1}
{"timestamp":"2026-04-26T13:45:41.606Z","request_id":"req-moftml7p-d90ef4c969613574","level":"warn","event":"telemetry_event","metric":"provider_fallback_count","count":2}
{"timestamp":"2026-04-26T13:45:41.613Z","request_id":"req-moftml7s-43bc717d8154da71","level":"warn","event":"telemetry_event","metric":"provider_fallback_count","count":3}
{"timestamp":"2026-04-26T13:45:41.618Z","request_id":"req-moftml82-54057de3d7b3c341","level":"warn","event":"telemetry_event","metric":"provider_fallback_count","count":4}
{"timestamp":"2026-04-26T13:45:41.621Z","request_id":"req-moftml84-b0c8acd28f77305c","level":"warn","event":"telemetry_event","metric":"provider_fallback_count","count":5}
{"timestamp":"2026-04-26T13:45:41.623Z","request_id":"req-moftml86-4d06612e97457b20","level":"warn","event":"telemetry_event","metric":"provider_fallback_count","count":6}
{"timestamp":"2026-04-26T13:45:41.625Z","request_id":"req-moftml88-3d05ed42b1409ff5","level":"warn","event":"telemetry_event","metric":"provider_fallback_count","count":7}
{"timestamp":"2026-04-26T13:45:41.628Z","request_id":"req-moftml8c-8a4cc4648a7a5995","level":"warn","event":"telemetry_event","metric":"provider_fallback_count","count":8}
{"timestamp":"2026-04-26T13:45:41.632Z","request_id":"req-moftml8g-ade7bf83b663177f","level":"warn","event":"telemetry_event","metric":"provider_fallback_count","count":9}
{"timestamp":"2026-04-26T13:45:41.635Z","request_id":"req-moftml8i-c65a577d06b1d8fb","level":"warn","event":"telemetry_event","metric":"provider_fallback_count","count":10}
{"timestamp":"2026-04-26T13:45:41.636Z","request_id":"req-moftml8k-20ea2a6b28797574","level":"warn","event":"telemetry_event","metric":"provider_fallback_count","count":11}
{"timestamp":"2026-04-26T13:45:41.638Z","request_id":"req-moftml8l-fe69c49e70d3adb1","level":"warn","event":"telemetry_event","metric":"provider_fallback_count","count":12}
{"timestamp":"2026-04-26T13:45:41.639Z","request_id":"req-moftml8n-afd7783964668f0d","level":"warn","event":"telemetry_event","metric":"provider_fallback_count","count":13}
{"timestamp":"2026-04-26T13:45:41.640Z","request_id":"req-moftml8o-b98c01c39160a89f","level":"warn","event":"telemetry_event","metric":"provider_fallback_count","count":14}
{"timestamp":"2026-04-26T13:45:41.642Z","request_id":"req-moftml8q-5fed01cc2b241d43","level":"warn","event":"telemetry_event","metric":"provider_fallback_count","count":15}
{"timestamp":"2026-04-26T13:45:41.672Z","request_id":"req-moftml9k-6af4d3fd2984c2ec","level":"warn","event":"telemetry_event","metric":"provider_fallback_count","count":16}
{"timestamp":"2026-04-26T13:45:41.674Z","request_id":"req-moftml9m-372dfd817d116614","level":"warn","event":"telemetry_event","metric":"provider_fallback_count","count":17}
{"timestamp":"2026-04-26T13:45:41.679Z","request_id":"req-moftml9n-1afa646d9e3aa4e7","level":"warn","event":"telemetry_event","metric":"provider_fallback_count","count":18}
{"timestamp":"2026-04-26T13:45:41.681Z","request_id":"req-moftml9s-8219e1617a566e84","level":"warn","event":"telemetry_event","metric":"provider_fallback_count","count":19}
{"timestamp":"2026-04-26T13:45:41.682Z","request_id":"req-moftml9u-2c38682cf8fc327d","level":"warn","event":"telemetry_event","metric":"provider_fallback_count","count":20}
{"timestamp":"2026-04-26T13:45:41.684Z","request_id":"req-moftml9v-6e6183d7035838e6","level":"warn","event":"telemetry_event","metric":"provider_fallback_count","count":21}
{"timestamp":"2026-04-26T13:45:41.685Z","request_id":"req-moftml9x-988e1ed740577746","level":"warn","event":"telemetry_event","metric":"provider_fallback_count","count":22}
{"timestamp":"2026-04-26T13:45:41.686Z","request_id":"req-moftml9y-b777f0be4d54a745","level":"warn","event":"telemetry_event","metric":"provider_fallback_count","count":23}
{"timestamp":"2026-04-26T13:45:41.687Z","request_id":"req-moftml9z-493bc10927f23ad3","level":"warn","event":"telemetry_event","metric":"provider_fallback_count","count":24}
{"timestamp":"2026-04-26T13:45:41.688Z","request_id":"req-moftmla0-7f7e4932627cee14","level":"warn","event":"telemetry_event","metric":"provider_fallback_count","count":25}
{"timestamp":"2026-04-26T13:45:41.689Z","request_id":"req-moftmla1-700b9b4900e2b3aa","level":"warn","event":"telemetry_event","metric":"provider_fallback_count","count":26}
{"timestamp":"2026-04-26T13:45:41.690Z","request_id":"req-moftmla2-232d7d0463897208","level":"warn","event":"telemetry_event","metric":"provider_fallback_count","count":27}
{"timestamp":"2026-04-26T13:45:41.691Z","request_id":"req-moftmla3-03a137bc6c1a2d41","level":"warn","event":"telemetry_event","metric":"provider_fallback_count","count":28}
{"timestamp":"2026-04-26T13:45:41.692Z","request_id":"req-moftmla3-f0e63e198d1be6f2","level":"warn","event":"telemetry_event","metric":"provider_fallback_count","count":29}
{"timestamp":"2026-04-26T13:45:41.693Z","request_id":"req-moftmla4-65ddfe77f4562341","level":"warn","event":"telemetry_event","metric":"provider_fallback_count","count":30}
{"timestamp":"2026-04-26T13:45:41.694Z","request_id":"req-moftmla6-0127d936604e92eb","level":"warn","event":"telemetry_event","metric":"rate_limited_count","count":1,"status_code":429}
{"timestamp":"2026-04-26T13:45:41.694Z","request_id":"req-moftmla6-0127d936604e92eb","level":"warn","event":"rate_limit_exceeded","trace_id":"4798eab7af732e4f88d5174f9e5f6067","span_id":"310c21f2a047625d","retry_after_seconds":60}
{"timestamp":"2026-04-26T13:45:41.695Z","request_id":"req-moftmla7-6ac232c3b8b56546","level":"warn","event":"telemetry_event","metric":"rate_limited_count","count":2,"status_code":429}
{"timestamp":"2026-04-26T13:45:41.695Z","request_id":"req-moftmla7-6ac232c3b8b56546","level":"warn","event":"rate_limit_exceeded","trace_id":"c52be0e786749a0e1ca714319b236ffb","span_id":"9d0bc0d2c0e4087d","retry_after_seconds":60}

[90mstdout[2m | src/lib/__tests__/ai-gateway-handler.test.ts[2m > [22m[2mai-gateway handler[2m > [22m[2mreturns 401 when authorization header is missing
[22m[39m{"timestamp":"2026-04-26T13:45:41.698Z","request_id":"req-moftmlaa-73eef71582780dc3","level":"warn","event":"telemetry_event","metric":"unauthorized_count","count":1,"status_code":401}

[90mstdout[2m | src/lib/__tests__/ai-gateway-handler.test.ts[2m > [22m[2mai-gateway handler[2m > [22m[2mreturns 401 when authorization scheme is not Bearer
[22m[39m{"timestamp":"2026-04-26T13:45:41.700Z","request_id":"req-moftmlac-afafd9f441631c2c","level":"warn","event":"telemetry_event","metric":"unauthorized_count","count":2,"status_code":401}

[90mstdout[2m | src/lib/__tests__/ai-gateway-handler.test.ts[2m > [22m[2mai-gateway handler[2m > [22m[2mapplies security headers on JSON responses
[22m[39m{"timestamp":"2026-04-26T13:45:41.703Z","request_id":"req-moftmlae-c20ae50175af6bec","level":"warn","event":"telemetry_event","metric":"invalid_json_count","count":2,"status_code":400}

[90mstdout[2m | src/lib/__tests__/ai-gateway-handler.test.ts[2m > [22m[2mai-gateway handler[2m > [22m[2mpreserves incoming x-request-id when valid
[22m[39m{"timestamp":"2026-04-26T13:45:41.705Z","request_id":"client.req-12345","level":"warn","event":"telemetry_event","metric":"invalid_json_count","count":3,"status_code":400}

[90mstdout[2m | src/lib/__tests__/ai-gateway-handler.test.ts[2m > [22m[2mai-gateway handler[2m > [22m[2mgenerates x-request-id when incoming one is invalid
[22m[39m{"timestamp":"2026-04-26T13:45:41.707Z","request_id":"req-moftmlai-f9d335b3cf9b4ebd","level":"warn","event":"telemetry_event","metric":"invalid_json_count","count":4,"status_code":400}

 [32mтЬУ[39m src/lib/__tests__/ai-gateway-handler.test.ts [2m([22m[2m9 tests[22m[2m)[22m[90m 213[2mms[22m[39m
 [32mтЬУ[39m src/lib/__tests__/cveEnrichment.test.ts [2m([22m[2m17 tests[22m[2m)[22m[90m 30[2mms[22m[39m
 [32mтЬУ[39m src/lib/__tests__/ai-gateway-prometheus.test.ts [2m([22m[2m16 tests[22m[2m)[22m[90m 20[2mms[22m[39m
stderr | src/context/__tests__/AuthContext.test.tsx > AuthContext > useAuth > throws error when used outside AuthProvider
Error: useAuth must be used within AuthProvider
    at Module.useAuth (D:\WORK\GITHUB\SENTINEL_AI\sentinel-ai-app\src\context\useAuth.ts:6:19)
    at TestComponent (D:\WORK\GITHUB\SENTINEL_AI\sentinel-ai-app\src\context\__tests__\AuthContext.test.tsx:76:9)
    at renderWithHooks (D:\WORK\GITHUB\SENTINEL_AI\sentinel-ai-app\node_modules\react-dom\cjs\react-dom.development.js:15486:18)
    at mountIndeterminateComponent (D:\WORK\GITHUB\SENTINEL_AI\sentinel-ai-app\node_modules\react-dom\cjs\react-dom.development.js:20103:13)
    at beginWork (D:\WORK\GITHUB\SENTINEL_AI\sentinel-ai-app\node_modules\react-dom\cjs\react-dom.development.js:21626:16)
    at HTMLUnknownElement.callCallback (D:\WORK\GITHUB\SENTINEL_AI\sentinel-ai-app\node_modules\react-dom\cjs\react-dom.development.js:4164:14)
    at HTMLUnknownElement.callTheUserObjectsOperation (D:\WORK\GITHUB\SENTINEL_AI\sentinel-ai-app\node_modules\jsdom\lib\generated\idl\EventListener.js:26:30)
    at innerInvokeEventListeners (D:\WORK\GITHUB\SENTINEL_AI\sentinel-ai-app\node_modules\jsdom\lib\jsdom\living\events\EventTarget-impl.js:360:16)
    at invokeEventListeners (D:\WORK\GITHUB\SENTINEL_AI\sentinel-ai-app\node_modules\jsdom\lib\jsdom\living\events\EventTarget-impl.js:296:3)
    at HTMLUnknownElementImpl._dispatch (D:\WORK\GITHUB\SENTINEL_AI\sentinel-ai-app\node_modules\jsdom\lib\jsdom\living\events\EventTarget-impl.js:243:9)
Error: useAuth must be used within AuthProvider
    at Module.useAuth (D:\WORK\GITHUB\SENTINEL_AI\sentinel-ai-app\src\context\useAuth.ts:6:19)
    at TestComponent (D:\WORK\GITHUB\SENTINEL_AI\sentinel-ai-app\src\context\__tests__\AuthContext.test.tsx:76:9)
    at renderWithHooks (D:\WORK\GITHUB\SENTINEL_AI\sentinel-ai-app\node_modules\react-dom\cjs\react-dom.development.js:15486:18)
    at mountIndeterminateComponent (D:\WORK\GITHUB\SENTINEL_AI\sentinel-ai-app\node_modules\react-dom\cjs\react-dom.development.js:20103:13)
    at beginWork (D:\WORK\GITHUB\SENTINEL_AI\sentinel-ai-app\node_modules\react-dom\cjs\react-dom.development.js:21626:16)
    at HTMLUnknownElement.callCallback (D:\WORK\GITHUB\SENTINEL_AI\sentinel-ai-app\node_modules\react-dom\cjs\react-dom.development.js:4164:14)
    at HTMLUnknownElement.callTheUserObjectsOperation (D:\WORK\GITHUB\SENTINEL_AI\sentinel-ai-app\node_modules\jsdom\lib\generated\idl\EventListener.js:26:30)
    at innerInvokeEventListeners (D:\WORK\GITHUB\SENTINEL_AI\sentinel-ai-app\node_modules\jsdom\lib\jsdom\living\events\EventTarget-impl.js:360:16)
    at invokeEventListeners (D:\WORK\GITHUB\SENTINEL_AI\sentinel-ai-app\node_modules\jsdom\lib\jsdom\living\events\EventTarget-impl.js:296:3)
    at HTMLUnknownElementImpl._dispatch (D:\WORK\GITHUB\SENTINEL_AI\sentinel-ai-app\node_modules\jsdom\lib\jsdom\living\events\EventTarget-impl.js:243:9)
The above error occurred in the <TestComponent> component:

    at TestComponent (D:\WORK\GITHUB\SENTINEL_AI\sentinel-ai-app\src\context\__tests__\AuthContext.test.tsx:78:25)

Consider adding an error boundary to your tree to customize error handling behavior.
Visit https://reactjs.org/link/error-boundaries to learn more about error boundaries.

 [32mтЬУ[39m src/context/__tests__/AuthContext.test.tsx [2m([22m[2m8 tests[22m[2m)[22m[33m 1022[2mms[22m[39m
   [33m[2mтЬУ[22m[39m AuthContext[2m > [22mAuthProvider[2m > [22msignIn returns { error: null } on success [33m597[2mms[22m[39m
 [32mтЬУ[39m src/lib/__tests__/parallelScanner.test.ts [2m([22m[2m15 tests[22m[2m)[22m[90m 244[2mms[22m[39m
 [32mтЬУ[39m src/api/ai.service.test.ts [2m([22m[2m11 tests[22m[2m)[22m[33m 1556[2mms[22m[39m
   [33m[2mтЬУ[22m[39m AiService[2m > [22minvokes polling progress callback with retrying status [33m1516[2mms[22m[39m
[90mstdout[2m | src/lib/__tests__/scanDispatch.test.ts[2m > [22m[2mdispatchScan[2m > [22m[2mfalls back to MOCK mode when edge is unavailable
[22m[39m[scanDispatch] Running in MOCK mode (no real agent)

[90mstdout[2m | src/lib/__tests__/scanDispatch.test.ts[2m > [22m[2mdispatchScan[2m > [22m[2mreturns REAL mode when edge dispatch succeeds
[22m[39m[scanDispatch] Job queued via edge fn: job_id=job-1

[90mstdout[2m | src/lib/__tests__/scanDispatch.test.ts[2m > [22m[2mdispatchScansParallel[2m > [22m[2mdispatches multiple scans and returns summary
[22m[39m[scanDispatch] Job queued via edge fn: job_id=job-x
[scanDispatch] Job queued via edge fn: job_id=job-x
[scanDispatch] Job queued via edge fn: job_id=job-x

[90mstdout[2m | src/lib/__tests__/scanDispatch.test.ts[2m > [22m[2mdispatchScansParallel[2m > [22m[2mrespects concurrency limit
[22m[39m[scanDispatch] Job queued via edge fn: job_id=job-1
[scanDispatch] Job queued via edge fn: job_id=job-1

[90mstdout[2m | src/lib/__tests__/scanDispatch.test.ts[2m > [22m[2mdispatchScansParallel[2m > [22m[2mrespects concurrency limit
[22m[39m[scanDispatch] Job queued via edge fn: job_id=job-1
[scanDispatch] Job queued via edge fn: job_id=job-1

[90mstdout[2m | src/lib/__tests__/scanDispatch.test.ts[2m > [22m[2mdispatchScansParallel[2m > [22m[2mrespects concurrency limit
[22m[39m[scanDispatch] Job queued via edge fn: job_id=job-1

 [32mтЬУ[39m src/lib/__tests__/scanDispatch.test.ts [2m([22m[2m6 tests[22m[2m)[22m[33m 403[2mms[22m[39m
[90mstdout[2m | src/lib/__tests__/ai-gateway-telemetry.test.ts[2m > [22m[2mai-gateway telemetry[2m > [22m[2mincrements unauthorized_count for missing auth
[22m[39m{"timestamp":"2026-04-26T13:45:43.477Z","request_id":"req-moftmmno-60ad08266b0f8f45","level":"warn","event":"telemetry_event","metric":"unauthorized_count","count":1,"status_code":401}

[90mstdout[2m | src/lib/__tests__/ai-gateway-telemetry.test.ts[2m > [22m[2mai-gateway telemetry[2m > [22m[2mincrements invalid_json_count for malformed JSON
[22m[39m{"timestamp":"2026-04-26T13:45:43.486Z","request_id":"req-moftmmnv-a7662d325ac56167","level":"warn","event":"telemetry_event","metric":"invalid_json_count","count":1,"status_code":400}

[90mstdout[2m | src/lib/__tests__/ai-gateway-telemetry.test.ts[2m > [22m[2mai-gateway telemetry[2m > [22m[2mincrements payload_too_large_count for oversized body
[22m[39m{"timestamp":"2026-04-26T13:45:43.490Z","request_id":"req-moftmmo1-c7ee566a73b2b2e9","level":"warn","event":"telemetry_event","metric":"payload_too_large_count","count":1,"status_code":413}

[90mstdout[2m | src/lib/__tests__/ai-gateway-telemetry.test.ts[2m > [22m[2mai-gateway telemetry[2m > [22m[2mincrements rate_limited_count when requests exceed window limit
[22m[39m{"timestamp":"2026-04-26T13:45:43.493Z","request_id":"req-moftmmo4-a50e4f25d4176764","level":"warn","event":"telemetry_event","metric":"provider_fallback_count","count":1}
{"timestamp":"2026-04-26T13:45:43.495Z","request_id":"req-moftmmo6-1cdfb42e1fbe86a7","level":"warn","event":"telemetry_event","metric":"provider_fallback_count","count":2}
{"timestamp":"2026-04-26T13:45:43.497Z","request_id":"req-moftmmo8-4b65f075129037dc","level":"warn","event":"telemetry_event","metric":"provider_fallback_count","count":3}
{"timestamp":"2026-04-26T13:45:43.499Z","request_id":"req-moftmmob-74426ce182d3f8a0","level":"warn","event":"telemetry_event","metric":"provider_fallback_count","count":4}
{"timestamp":"2026-04-26T13:45:43.540Z","request_id":"req-moftmmod-78e3f487518e1365","level":"warn","event":"telemetry_event","metric":"provider_fallback_count","count":5}
{"timestamp":"2026-04-26T13:45:43.548Z","request_id":"req-moftmmpk-51e893ee0594f620","level":"warn","event":"telemetry_event","metric":"provider_fallback_count","count":6}
{"timestamp":"2026-04-26T13:45:43.553Z","request_id":"req-moftmmpq-f97822dfb49f4a2b","level":"warn","event":"telemetry_event","metric":"provider_fallback_count","count":7}
{"timestamp":"2026-04-26T13:45:43.562Z","request_id":"req-moftmmq1-305d22a469e159bd","level":"warn","event":"telemetry_event","metric":"provider_fallback_count","count":8}
{"timestamp":"2026-04-26T13:45:43.565Z","request_id":"req-moftmmq4-dac7d06b4031fc2b","level":"warn","event":"telemetry_event","metric":"provider_fallback_count","count":9}
{"timestamp":"2026-04-26T13:45:43.572Z","request_id":"req-moftmmq6-8b898e0dff1de5a3","level":"warn","event":"telemetry_event","metric":"provider_fallback_count","count":10}
{"timestamp":"2026-04-26T13:45:43.579Z","request_id":"req-moftmmqi-8aade7aaacedd835","level":"warn","event":"telemetry_event","metric":"provider_fallback_count","count":11}
{"timestamp":"2026-04-26T13:45:43.593Z","request_id":"req-moftmmql-e00613ad125eed11","level":"warn","event":"telemetry_event","metric":"provider_fallback_count","count":12}
{"timestamp":"2026-04-26T13:45:43.597Z","request_id":"req-moftmmr0-b290c0ae11948d8e","level":"warn","event":"telemetry_event","metric":"provider_fallback_count","count":13}
{"timestamp":"2026-04-26T13:45:43.630Z","request_id":"req-moftmmrv-c3f5e1ae9cb703cd","level":"warn","event":"telemetry_event","metric":"provider_fallback_count","count":14}
{"timestamp":"2026-04-26T13:45:43.631Z","request_id":"req-moftmmrz-b477be729b96525b","level":"warn","event":"telemetry_event","metric":"provider_fallback_count","count":15}
{"timestamp":"2026-04-26T13:45:43.769Z","request_id":"req-moftmms1-dfd77edfa09192a4","level":"warn","event":"telemetry_event","metric":"provider_fallback_count","count":16}
{"timestamp":"2026-04-26T13:45:43.770Z","request_id":"req-moftmmvu-053af6de1c88ecce","level":"warn","event":"telemetry_event","metric":"provider_fallback_count","count":17}
{"timestamp":"2026-04-26T13:45:43.771Z","request_id":"req-moftmmvv-170f6dadda41fc9c","level":"warn","event":"telemetry_event","metric":"provider_fallback_count","count":18}
{"timestamp":"2026-04-26T13:45:43.772Z","request_id":"req-moftmmvw-4529021cabdfedb5","level":"warn","event":"telemetry_event","metric":"provider_fallback_count","count":19}
{"timestamp":"2026-04-26T13:45:43.773Z","request_id":"req-moftmmvx-c5925de1e0af6928","level":"warn","event":"telemetry_event","metric":"provider_fallback_count","count":20}
{"timestamp":"2026-04-26T13:45:43.774Z","request_id":"req-moftmmvy-cd903234e873d0be","level":"warn","event":"telemetry_event","metric":"provider_fallback_count","count":21}
{"timestamp":"2026-04-26T13:45:43.775Z","request_id":"req-moftmmvz-d719dd3f64558479","level":"warn","event":"telemetry_event","metric":"provider_fallback_count","count":22}
{"timestamp":"2026-04-26T13:45:43.776Z","request_id":"req-moftmmw0-a18e0802e16f2e21","level":"warn","event":"telemetry_event","metric":"provider_fallback_count","count":23}
{"timestamp":"2026-04-26T13:45:43.777Z","request_id":"req-moftmmw1-e6a867df46aedb2f","level":"warn","event":"telemetry_event","metric":"provider_fallback_count","count":24}
{"timestamp":"2026-04-26T13:45:43.778Z","request_id":"req-moftmmw2-2f96b876b1803f74","level":"warn","event":"telemetry_event","metric":"provider_fallback_count","count":25}
{"timestamp":"2026-04-26T13:45:43.780Z","request_id":"req-moftmmw3-98c7a595e349c9a8","level":"warn","event":"telemetry_event","metric":"provider_fallback_count","count":26}
{"timestamp":"2026-04-26T13:45:43.780Z","request_id":"req-moftmmw4-ee9ef1470defc4a2","level":"warn","event":"telemetry_event","metric":"provider_fallback_count","count":27}
{"timestamp":"2026-04-26T13:45:43.781Z","request_id":"req-moftmmw5-5adea4aab9be7671","level":"warn","event":"telemetry_event","metric":"provider_fallback_count","count":28}
{"timestamp":"2026-04-26T13:45:43.782Z","request_id":"req-moftmmw6-c06585c4823d1c45","level":"warn","event":"telemetry_event","metric":"provider_fallback_count","count":29}
{"timestamp":"2026-04-26T13:45:43.783Z","request_id":"req-moftmmw6-ffb64313d1dc26c2","level":"warn","event":"telemetry_event","metric":"provider_fallback_count","count":30}
{"timestamp":"2026-04-26T13:45:43.783Z","request_id":"req-moftmmw7-4e7d7ce49497ee92","level":"warn","event":"telemetry_event","metric":"rate_limited_count","count":1,"status_code":429}
{"timestamp":"2026-04-26T13:45:43.783Z","request_id":"req-moftmmw7-4e7d7ce49497ee92","level":"warn","event":"rate_limit_exceeded","trace_id":"70ab953d06bcf09e4cc421bbf89bb208","span_id":"0a84aba3da7337be","retry_after_seconds":60}
{"timestamp":"2026-04-26T13:45:43.784Z","request_id":"req-moftmmw8-8ebecbb9692d1589","level":"warn","event":"telemetry_event","metric":"rate_limited_count","count":2,"status_code":429}
{"timestamp":"2026-04-26T13:45:43.784Z","request_id":"req-moftmmw8-8ebecbb9692d1589","level":"warn","event":"rate_limit_exceeded","trace_id":"c4a0db69654dd271d527685919a859e2","span_id":"97a89f6cb2e825fa","retry_after_seconds":60}

[90mstdout[2m | src/lib/__tests__/ai-gateway-telemetry.test.ts[2m > [22m[2mai-gateway telemetry[2m > [22m[2mincrements provider_fallback_count for successful mock fallback flow
[22m[39m{"timestamp":"2026-04-26T13:45:43.786Z","request_id":"req-moftmmw9-d65d8c867156259e","level":"warn","event":"telemetry_event","metric":"provider_fallback_count","count":1}

[90mstdout[2m | src/lib/__tests__/ai-gateway-telemetry.test.ts[2m > [22m[2mai-gateway telemetry[2m > [22m[2mincrements ai_invalid_json_count when kill-chain response is not valid JSON
[22m[39m{"timestamp":"2026-04-26T13:45:43.789Z","request_id":"req-moftmmwc-f1f012680e06e32a","level":"warn","event":"telemetry_event","metric":"ai_invalid_json_count","count":1,"status_code":502}

[90mstdout[2m | src/lib/__tests__/ai-gateway-telemetry.test.ts[2m > [22m[2mai-gateway telemetry[2m > [22m[2mkeeps only last 50 recent events and returns safe event shape
[22m[39m{"timestamp":"2026-04-26T13:45:43.791Z","request_id":"req-moftmmwf-48520f2d2c5fa044","level":"warn","event":"telemetry_event","metric":"unauthorized_count","count":1,"status_code":401}
{"timestamp":"2026-04-26T13:45:43.791Z","request_id":"req-moftmmwf-c3edbf9995254728","level":"warn","event":"telemetry_event","metric":"unauthorized_count","count":2,"status_code":401}
{"timestamp":"2026-04-26T13:45:43.792Z","request_id":"req-moftmmwg-4124dcdaa44109ee","level":"warn","event":"telemetry_event","metric":"unauthorized_count","count":3,"status_code":401}
{"timestamp":"2026-04-26T13:45:43.793Z","request_id":"req-moftmmwh-0eeb7a9b4d9819d4","level":"warn","event":"telemetry_event","metric":"unauthorized_count","count":4,"status_code":401}
{"timestamp":"2026-04-26T13:45:43.794Z","request_id":"req-moftmmwi-2e35783f0907854d","level":"warn","event":"telemetry_event","metric":"unauthorized_count","count":5,"status_code":401}
{"timestamp":"2026-04-26T13:45:43.794Z","request_id":"req-moftmmwi-f447fd8093b4c767","level":"warn","event":"telemetry_event","metric":"unauthorized_count","count":6,"status_code":401}
{"timestamp":"2026-04-26T13:45:43.795Z","request_id":"req-moftmmwj-b3b59325ed7369e2","level":"warn","event":"telemetry_event","metric":"unauthorized_count","count":7,"status_code":401}
{"timestamp":"2026-04-26T13:45:43.795Z","request_id":"req-moftmmwj-1b738cbf721ca8b7","level":"warn","event":"telemetry_event","metric":"unauthorized_count","count":8,"status_code":401}
{"timestamp":"2026-04-26T13:45:43.795Z","request_id":"req-moftmmwj-a6745ee047cd46cf","level":"warn","event":"telemetry_event","metric":"unauthorized_count","count":9,"status_code":401}
{"timestamp":"2026-04-26T13:45:43.796Z","request_id":"req-moftmmwk-cebbcb96ff17b3e0","level":"warn","event":"telemetry_event","metric":"unauthorized_count","count":10,"status_code":401}
{"timestamp":"2026-04-26T13:45:43.796Z","request_id":"req-moftmmwk-a5ad3911dbc02d77","level":"warn","event":"telemetry_event","metric":"unauthorized_count","count":11,"status_code":401}
{"timestamp":"2026-04-26T13:45:43.797Z","request_id":"req-moftmmwl-794dbe59fc326aeb","level":"warn","event":"telemetry_event","metric":"unauthorized_count","count":12,"status_code":401}
{"timestamp":"2026-04-26T13:45:43.797Z","request_id":"req-moftmmwl-83729a25a70985e7","level":"warn","event":"telemetry_event","metric":"unauthorized_count","count":13,"status_code":401}
{"timestamp":"2026-04-26T13:45:43.798Z","request_id":"req-moftmmwl-d560b514bbd9db8c","level":"warn","event":"telemetry_event","metric":"unauthorized_count","count":14,"status_code":401}
{"timestamp":"2026-04-26T13:45:43.798Z","request_id":"req-moftmmwm-7e874706b9cfd156","level":"warn","event":"telemetry_event","metric":"unauthorized_count","count":15,"status_code":401}
{"timestamp":"2026-04-26T13:45:43.799Z","request_id":"req-moftmmwm-003e2421f42b82e1","level":"warn","event":"telemetry_event","metric":"unauthorized_count","count":16,"status_code":401}
{"timestamp":"2026-04-26T13:45:43.799Z","request_id":"req-moftmmwn-0e65adbaee862d2c","level":"warn","event":"telemetry_event","metric":"unauthorized_count","count":17,"status_code":401}
{"timestamp":"2026-04-26T13:45:43.800Z","request_id":"req-moftmmwo-82a2bffd66722897","level":"warn","event":"telemetry_event","metric":"unauthorized_count","count":18,"status_code":401}
{"timestamp":"2026-04-26T13:45:43.800Z","request_id":"req-moftmmwo-b8f00a935a75532a","level":"warn","event":"telemetry_event","metric":"unauthorized_count","count":19,"status_code":401}
{"timestamp":"2026-04-26T13:45:43.801Z","request_id":"req-moftmmwp-e0e4495ced116f5e","level":"warn","event":"telemetry_event","metric":"unauthorized_count","count":20,"status_code":401}
{"timestamp":"2026-04-26T13:45:43.801Z","request_id":"req-moftmmwp-99e9637384f867df","level":"warn","event":"telemetry_event","metric":"unauthorized_count","count":21,"status_code":401}
{"timestamp":"2026-04-26T13:45:43.801Z","request_id":"req-moftmmwp-40efac9e2621153b","level":"warn","event":"telemetry_event","metric":"unauthorized_count","count":22,"status_code":401}
{"timestamp":"2026-04-26T13:45:43.802Z","request_id":"req-moftmmwq-c5b98650e7087357","level":"warn","event":"telemetry_event","metric":"unauthorized_count","count":23,"status_code":401}
{"timestamp":"2026-04-26T13:45:43.812Z","request_id":"req-moftmmx0-6b726edddd1b9122","level":"warn","event":"telemetry_event","metric":"unauthorized_count","count":24,"status_code":401}
{"timestamp":"2026-04-26T13:45:43.814Z","request_id":"req-moftmmx2-c37b7ae66e103c0b","level":"warn","event":"telemetry_event","metric":"unauthorized_count","count":25,"status_code":401}
{"timestamp":"2026-04-26T13:45:43.815Z","request_id":"req-moftmmx3-7c75f7160b096c35","level":"warn","event":"telemetry_event","metric":"unauthorized_count","count":26,"status_code":401}
{"timestamp":"2026-04-26T13:45:43.816Z","request_id":"req-moftmmx3-eeb769e5c4534ef4","level":"warn","event":"telemetry_event","metric":"unauthorized_count","count":27,"status_code":401}
{"timestamp":"2026-04-26T13:45:43.816Z","request_id":"req-moftmmx4-e44b84fce7af3f02","level":"warn","event":"telemetry_event","metric":"unauthorized_count","count":28,"status_code":401}
{"timestamp":"2026-04-26T13:45:43.816Z","request_id":"req-moftmmx4-785cfabef9c92215","level":"warn","event":"telemetry_event","metric":"unauthorized_count","count":29,"status_code":401}
{"timestamp":"2026-04-26T13:45:43.820Z","request_id":"req-moftmmx7-dd310526311c6e4e","level":"warn","event":"telemetry_event","metric":"unauthorized_count","count":30,"status_code":401}
{"timestamp":"2026-04-26T13:45:43.820Z","request_id":"req-moftmmx8-7c71f1c1995cffbf","level":"warn","event":"telemetry_event","metric":"unauthorized_count","count":31,"status_code":401}
{"timestamp":"2026-04-26T13:45:43.821Z","request_id":"req-moftmmx9-c0818d57b4168e4a","level":"warn","event":"telemetry_event","metric":"unauthorized_count","count":32,"status_code":401}
{"timestamp":"2026-04-26T13:45:43.829Z","request_id":"req-moftmmxg-b36942f2c7bdf169","level":"warn","event":"telemetry_event","metric":"unauthorized_count","count":33,"status_code":401}
{"timestamp":"2026-04-26T13:45:43.829Z","request_id":"req-moftmmxh-7552572fcea097b4","level":"warn","event":"telemetry_event","metric":"unauthorized_count","count":34,"status_code":401}
{"timestamp":"2026-04-26T13:45:43.830Z","request_id":"req-moftmmxi-465bff1965f16243","level":"warn","event":"telemetry_event","metric":"unauthorized_count","count":35,"status_code":401}
{"timestamp":"2026-04-26T13:45:43.830Z","request_id":"req-moftmmxi-7c44e4afb1c07822","level":"warn","event":"telemetry_event","metric":"unauthorized_count","count":36,"status_code":401}
{"timestamp":"2026-04-26T13:45:43.831Z","request_id":"req-moftmmxj-b5f78dd3ae691d5c","level":"warn","event":"telemetry_event","metric":"unauthorized_count","count":37,"status_code":401}
{"timestamp":"2026-04-26T13:45:43.831Z","request_id":"req-moftmmxj-560dfa26f0d60061","level":"warn","event":"telemetry_event","metric":"unauthorized_count","count":38,"status_code":401}
{"timestamp":"2026-04-26T13:45:43.832Z","request_id":"req-moftmmxk-efc1ab49237c453e","level":"warn","event":"telemetry_event","metric":"unauthorized_count","count":39,"status_code":401}
{"timestamp":"2026-04-26T13:45:43.832Z","request_id":"req-moftmmxk-7b25987d2a86ce9a","level":"warn","event":"telemetry_event","metric":"unauthorized_count","count":40,"status_code":401}
{"timestamp":"2026-04-26T13:45:43.833Z","request_id":"req-moftmmxl-b40b87b9aa685b5f","level":"warn","event":"telemetry_event","metric":"unauthorized_count","count":41,"status_code":401}
{"timestamp":"2026-04-26T13:45:43.833Z","request_id":"req-moftmmxl-bf136850d6adbbf7","level":"warn","event":"telemetry_event","metric":"unauthorized_count","count":42,"status_code":401}
{"timestamp":"2026-04-26T13:45:43.833Z","request_id":"req-moftmmxl-5456b81590ef2942","level":"warn","event":"telemetry_event","metric":"unauthorized_count","count":43,"status_code":401}
{"timestamp":"2026-04-26T13:45:43.834Z","request_id":"req-moftmmxm-763173800113a73d","level":"warn","event":"telemetry_event","metric":"unauthorized_count","count":44,"status_code":401}
{"timestamp":"2026-04-26T13:45:43.834Z","request_id":"req-moftmmxm-e94ec069cd752493","level":"warn","event":"telemetry_event","metric":"unauthorized_count","count":45,"status_code":401}
{"timestamp":"2026-04-26T13:45:43.835Z","request_id":"req-moftmmxn-1e53cdbb41ebeb11","level":"warn","event":"telemetry_event","metric":"unauthorized_count","count":46,"status_code":401}
{"timestamp":"2026-04-26T13:45:43.835Z","request_id":"req-moftmmxn-9261d29258a26d2d","level":"warn","event":"telemetry_event","metric":"unauthorized_count","count":47,"status_code":401}
{"timestamp":"2026-04-26T13:45:43.835Z","request_id":"req-moftmmxn-04497e35a5951499","level":"warn","event":"telemetry_event","metric":"unauthorized_count","count":48,"status_code":401}
{"timestamp":"2026-04-26T13:45:43.836Z","request_id":"req-moftmmxo-8806adfc7830b31b","level":"warn","event":"telemetry_event","metric":"unauthorized_count","count":49,"status_code":401}
{"timestamp":"2026-04-26T13:45:43.836Z","request_id":"req-moftmmxo-3e8cb34cd2ca9ceb","level":"warn","event":"telemetry_event","metric":"unauthorized_count","count":50,"status_code":401}
{"timestamp":"2026-04-26T13:45:43.836Z","request_id":"req-moftmmxo-5175046a0e665603","level":"warn","event":"telemetry_event","metric":"unauthorized_count","count":51,"status_code":401}
{"timestamp":"2026-04-26T13:45:43.837Z","request_id":"req-moftmmxp-11243a91c6490e4f","level":"warn","event":"telemetry_event","metric":"unauthorized_count","count":52,"status_code":401}
{"timestamp":"2026-04-26T13:45:43.837Z","request_id":"req-moftmmxp-8b8b257b12ab0589","level":"warn","event":"telemetry_event","metric":"unauthorized_count","count":53,"status_code":401}
{"timestamp":"2026-04-26T13:45:43.838Z","request_id":"req-moftmmxq-eeb13cace23b6ac7","level":"warn","event":"telemetry_event","metric":"unauthorized_count","count":54,"status_code":401}
{"timestamp":"2026-04-26T13:45:43.838Z","request_id":"req-moftmmxq-55a8114437bd813a","level":"warn","event":"telemetry_event","metric":"unauthorized_count","count":55,"status_code":401}
{"timestamp":"2026-04-26T13:45:43.838Z","request_id":"req-moftmmxq-21c79a56bff68610","level":"warn","event":"telemetry_event","metric":"unauthorized_count","count":56,"status_code":401}
{"timestamp":"2026-04-26T13:45:43.843Z","request_id":"req-moftmmxu-af06bf6b9611e0a8","level":"warn","event":"telemetry_event","metric":"unauthorized_count","count":57,"status_code":401}
{"timestamp":"2026-04-26T13:45:43.845Z","request_id":"req-moftmmxx-47b7bc1f302fc74f","level":"warn","event":"telemetry_event","metric":"unauthorized_count","count":58,"status_code":401}
{"timestamp":"2026-04-26T13:45:43.846Z","request_id":"req-moftmmxy-f9cfbe70889547b9","level":"warn","event":"telemetry_event","metric":"unauthorized_count","count":59,"status_code":401}
{"timestamp":"2026-04-26T13:45:43.847Z","request_id":"req-moftmmxz-8522568f2a61b4c6","level":"warn","event":"telemetry_event","metric":"unauthorized_count","count":60,"status_code":401}

 [32mтЬУ[39m src/lib/__tests__/ai-gateway-telemetry.test.ts [2m([22m[2m7 tests[22m[2m)[22m[33m 385[2mms[22m[39m
 [32mтЬУ[39m src/components/__tests__/ReportViewer.test.tsx [2m([22m[2m12 tests[22m[2m)[22m[33m 1674[2mms[22m[39m
   [33m[2mтЬУ[22m[39m ReportViewer[2m > [22mclose interactions[2m > [22mcalls onClose when X button clicked [33m752[2mms[22m[39m
stderr | src/components/__tests__/SchedulesPanel.test.tsx > SchedulesPanel тАФ empty state > shows "New schedule" button
Warning: An update to SchedulesPanel inside a test was not wrapped in act(...).

When testing, code that causes React state updates should be wrapped into act(...):

act(() => {
  /* fire events that update state */
});
/* assert on the output */

This ensures that you're testing the behavior the user would see in the browser. Learn more at https://reactjs.org/link/wrap-tests-with-act
    at SchedulesPanel (D:\WORK\GITHUB\SENTINEL_AI\sentinel-ai-app\src\components\SchedulesPanel.tsx:27:27)
Warning: An update to SchedulesPanel inside a test was not wrapped in act(...).

When testing, code that causes React state updates should be wrapped into act(...):

act(() => {
  /* fire events that update state */
});
/* assert on the output */

This ensures that you're testing the behavior the user would see in the browser. Learn more at https://reactjs.org/link/wrap-tests-with-act
    at SchedulesPanel (D:\WORK\GITHUB\SENTINEL_AI\sentinel-ai-app\src\components\SchedulesPanel.tsx:27:27)

stderr | src/components/__tests__/SchedulesPanel.test.tsx > SchedulesPanel тАФ empty state > "New schedule" button is disabled when no projects
Warning: An update to SchedulesPanel inside a test was not wrapped in act(...).

When testing, code that causes React state updates should be wrapped into act(...):

act(() => {
  /* fire events that update state */
});
/* assert on the output */

This ensures that you're testing the behavior the user would see in the browser. Learn more at https://reactjs.org/link/wrap-tests-with-act
    at SchedulesPanel (D:\WORK\GITHUB\SENTINEL_AI\sentinel-ai-app\src\components\SchedulesPanel.tsx:27:27)
Warning: An update to SchedulesPanel inside a test was not wrapped in act(...).

When testing, code that causes React state updates should be wrapped into act(...):

act(() => {
  /* fire events that update state */
});
/* assert on the output */

This ensures that you're testing the behavior the user would see in the browser. Learn more at https://reactjs.org/link/wrap-tests-with-act
    at SchedulesPanel (D:\WORK\GITHUB\SENTINEL_AI\sentinel-ai-app\src\components\SchedulesPanel.tsx:27:27)

stderr | src/__tests__/App.test.tsx > App > loading state > shows loading spinner while auth is initializing
TypeError: __vite_ssr_import_3__.useAuth is not a function
    at PresenceProvider (D:\WORK\GITHUB\SENTINEL_AI\sentinel-ai-app\src\context\PresenceContext.tsx:14:44)
    at renderWithHooks (D:\WORK\GITHUB\SENTINEL_AI\sentinel-ai-app\node_modules\react-dom\cjs\react-dom.development.js:15486:18)
    at mountIndeterminateComponent (D:\WORK\GITHUB\SENTINEL_AI\sentinel-ai-app\node_modules\react-dom\cjs\react-dom.development.js:20103:13)
    at beginWork (D:\WORK\GITHUB\SENTINEL_AI\sentinel-ai-app\node_modules\react-dom\cjs\react-dom.development.js:21626:16)
    at HTMLUnknownElement.callCallback (D:\WORK\GITHUB\SENTINEL_AI\sentinel-ai-app\node_modules\react-dom\cjs\react-dom.development.js:4164:14)
    at HTMLUnknownElement.callTheUserObjectsOperation (D:\WORK\GITHUB\SENTINEL_AI\sentinel-ai-app\node_modules\jsdom\lib\generated\idl\EventListener.js:26:30)
    at innerInvokeEventListeners (D:\WORK\GITHUB\SENTINEL_AI\sentinel-ai-app\node_modules\jsdom\lib\jsdom\living\events\EventTarget-impl.js:360:16)
    at invokeEventListeners (D:\WORK\GITHUB\SENTINEL_AI\sentinel-ai-app\node_modules\jsdom\lib\jsdom\living\events\EventTarget-impl.js:296:3)
    at HTMLUnknownElementImpl._dispatch (D:\WORK\GITHUB\SENTINEL_AI\sentinel-ai-app\node_modules\jsdom\lib\jsdom\living\events\EventTarget-impl.js:243:9)
    at HTMLUnknownElementImpl.dispatchEvent (D:\WORK\GITHUB\SENTINEL_AI\sentinel-ai-app\node_modules\jsdom\lib\jsdom\living\events\EventTarget-impl.js:114:17)
TypeError: __vite_ssr_import_3__.useAuth is not a function
    at PresenceProvider (D:\WORK\GITHUB\SENTINEL_AI\sentinel-ai-app\src\context\PresenceContext.tsx:14:44)
    at renderWithHooks (D:\WORK\GITHUB\SENTINEL_AI\sentinel-ai-app\node_modules\react-dom\cjs\react-dom.development.js:15486:18)
    at mountIndeterminateComponent (D:\WORK\GITHUB\SENTINEL_AI\sentinel-ai-app\node_modules\react-dom\cjs\react-dom.development.js:20103:13)
    at beginWork (D:\WORK\GITHUB\SENTINEL_AI\sentinel-ai-app\node_modules\react-dom\cjs\react-dom.development.js:21626:16)
    at HTMLUnknownElement.callCallback (D:\WORK\GITHUB\SENTINEL_AI\sentinel-ai-app\node_modules\react-dom\cjs\react-dom.development.js:4164:14)
    at HTMLUnknownElement.callTheUserObjectsOperation (D:\WORK\GITHUB\SENTINEL_AI\sentinel-ai-app\node_modules\jsdom\lib\generated\idl\EventListener.js:26:30)
    at innerInvokeEventListeners (D:\WORK\GITHUB\SENTINEL_AI\sentinel-ai-app\node_modules\jsdom\lib\jsdom\living\events\EventTarget-impl.js:360:16)
    at invokeEventListeners (D:\WORK\GITHUB\SENTINEL_AI\sentinel-ai-app\node_modules\jsdom\lib\jsdom\living\events\EventTarget-impl.js:296:3)
    at HTMLUnknownElementImpl._dispatch (D:\WORK\GITHUB\SENTINEL_AI\sentinel-ai-app\node_modules\jsdom\lib\jsdom\living\events\EventTarget-impl.js:243:9)
    at HTMLUnknownElementImpl.dispatchEvent (D:\WORK\GITHUB\SENTINEL_AI\sentinel-ai-app\node_modules\jsdom\lib\jsdom\living\events\EventTarget-impl.js:114:17)
The above error occurred in the <PresenceProvider> component:

    at PresenceProvider (D:\WORK\GITHUB\SENTINEL_AI\sentinel-ai-app\src\context\PresenceContext.tsx:11:29)
    at AuthProvider (D:\WORK\GITHUB\SENTINEL_AI\sentinel-ai-app\src\__tests__\App.test.tsx:7:20)
    at App

Consider adding an error boundary to your tree to customize error handling behavior.
Visit https://reactjs.org/link/error-boundaries to learn more about error boundaries.

stderr | src/__tests__/App.test.tsx > App > loading state > does not render page content while loading
TypeError: __vite_ssr_import_3__.useAuth is not a function
    at PresenceProvider (D:\WORK\GITHUB\SENTINEL_AI\sentinel-ai-app\src\context\PresenceContext.tsx:14:44)
    at renderWithHooks (D:\WORK\GITHUB\SENTINEL_AI\sentinel-ai-app\node_modules\react-dom\cjs\react-dom.development.js:15486:18)
    at mountIndeterminateComponent (D:\WORK\GITHUB\SENTINEL_AI\sentinel-ai-app\node_modules\react-dom\cjs\react-dom.development.js:20103:13)
    at beginWork (D:\WORK\GITHUB\SENTINEL_AI\sentinel-ai-app\node_modules\react-dom\cjs\react-dom.development.js:21626:16)
    at HTMLUnknownElement.callCallback (D:\WORK\GITHUB\SENTINEL_AI\sentinel-ai-app\node_modules\react-dom\cjs\react-dom.development.js:4164:14)
    at HTMLUnknownElement.callTheUserObjectsOperation (D:\WORK\GITHUB\SENTINEL_AI\sentinel-ai-app\node_modules\jsdom\lib\generated\idl\EventListener.js:26:30)
    at innerInvokeEventListeners (D:\WORK\GITHUB\SENTINEL_AI\sentinel-ai-app\node_modules\jsdom\lib\jsdom\living\events\EventTarget-impl.js:360:16)
    at invokeEventListeners (D:\WORK\GITHUB\SENTINEL_AI\sentinel-ai-app\node_modules\jsdom\lib\jsdom\living\events\EventTarget-impl.js:296:3)
    at HTMLUnknownElementImpl._dispatch (D:\WORK\GITHUB\SENTINEL_AI\sentinel-ai-app\node_modules\jsdom\lib\jsdom\living\events\EventTarget-impl.js:243:9)
    at HTMLUnknownElementImpl.dispatchEvent (D:\WORK\GITHUB\SENTINEL_AI\sentinel-ai-app\node_modules\jsdom\lib\jsdom\living\events\EventTarget-impl.js:114:17)
TypeError: __vite_ssr_import_3__.useAuth is not a function
    at PresenceProvider (D:\WORK\GITHUB\SENTINEL_AI\sentinel-ai-app\src\context\PresenceContext.tsx:14:44)
    at renderWithHooks (D:\WORK\GITHUB\SENTINEL_AI\sentinel-ai-app\node_modules\react-dom\cjs\react-dom.development.js:15486:18)
    at mountIndeterminateComponent (D:\WORK\GITHUB\SENTINEL_AI\sentinel-ai-app\node_modules\react-dom\cjs\react-dom.development.js:20103:13)
    at beginWork (D:\WORK\GITHUB\SENTINEL_AI\sentinel-ai-app\node_modules\react-dom\cjs\react-dom.development.js:21626:16)
    at HTMLUnknownElement.callCallback (D:\WORK\GITHUB\SENTINEL_AI\sentinel-ai-app\node_modules\react-dom\cjs\react-dom.development.js:4164:14)
    at HTMLUnknownElement.callTheUserObjectsOperation (D:\WORK\GITHUB\SENTINEL_AI\sentinel-ai-app\node_modules\jsdom\lib\generated\idl\EventListener.js:26:30)
    at innerInvokeEventListeners (D:\WORK\GITHUB\SENTINEL_AI\sentinel-ai-app\node_modules\jsdom\lib\jsdom\living\events\EventTarget-impl.js:360:16)
    at invokeEventListeners (D:\WORK\GITHUB\SENTINEL_AI\sentinel-ai-app\node_modules\jsdom\lib\jsdom\living\events\EventTarget-impl.js:296:3)
    at HTMLUnknownElementImpl._dispatch (D:\WORK\GITHUB\SENTINEL_AI\sentinel-ai-app\node_modules\jsdom\lib\jsdom\living\events\EventTarget-impl.js:243:9)
    at HTMLUnknownElementImpl.dispatchEvent (D:\WORK\GITHUB\SENTINEL_AI\sentinel-ai-app\node_modules\jsdom\lib\jsdom\living\events\EventTarget-impl.js:114:17)
The above error occurred in the <PresenceProvider> component:

    at PresenceProvider (D:\WORK\GITHUB\SENTINEL_AI\sentinel-ai-app\src\context\PresenceContext.tsx:11:29)
    at AuthProvider (D:\WORK\GITHUB\SENTINEL_AI\sentinel-ai-app\src\__tests__\App.test.tsx:7:20)
    at App

Consider adding an error boundary to your tree to customize error handling behavior.
Visit https://reactjs.org/link/error-boundaries to learn more about error boundaries.

stderr | src/__tests__/App.test.tsx > App > share token > renders PublicReport when share token is in URL (no auth required)
TypeError: __vite_ssr_import_3__.useAuth is not a function
    at PresenceProvider (D:\WORK\GITHUB\SENTINEL_AI\sentinel-ai-app\src\context\PresenceContext.tsx:14:44)
    at renderWithHooks (D:\WORK\GITHUB\SENTINEL_AI\sentinel-ai-app\node_modules\react-dom\cjs\react-dom.development.js:15486:18)
    at mountIndeterminateComponent (D:\WORK\GITHUB\SENTINEL_AI\sentinel-ai-app\node_modules\react-dom\cjs\react-dom.development.js:20103:13)
    at beginWork (D:\WORK\GITHUB\SENTINEL_AI\sentinel-ai-app\node_modules\react-dom\cjs\react-dom.development.js:21626:16)
    at HTMLUnknownElement.callCallback (D:\WORK\GITHUB\SENTINEL_AI\sentinel-ai-app\node_modules\react-dom\cjs\react-dom.development.js:4164:14)
    at HTMLUnknownElement.callTheUserObjectsOperation (D:\WORK\GITHUB\SENTINEL_AI\sentinel-ai-app\node_modules\jsdom\lib\generated\idl\EventListener.js:26:30)
    at innerInvokeEventListeners (D:\WORK\GITHUB\SENTINEL_AI\sentinel-ai-app\node_modules\jsdom\lib\jsdom\living\events\EventTarget-impl.js:360:16)
    at invokeEventListeners (D:\WORK\GITHUB\SENTINEL_AI\sentinel-ai-app\node_modules\jsdom\lib\jsdom\living\events\EventTarget-impl.js:296:3)
    at HTMLUnknownElementImpl._dispatch (D:\WORK\GITHUB\SENTINEL_AI\sentinel-ai-app\node_modules\jsdom\lib\jsdom\living\events\EventTarget-impl.js:243:9)
    at HTMLUnknownElementImpl.dispatchEvent (D:\WORK\GITHUB\SENTINEL_AI\sentinel-ai-app\node_modules\jsdom\lib\jsdom\living\events\EventTarget-impl.js:114:17)
TypeError: __vite_ssr_import_3__.useAuth is not a function
    at PresenceProvider (D:\WORK\GITHUB\SENTINEL_AI\sentinel-ai-app\src\context\PresenceContext.tsx:14:44)
    at renderWithHooks (D:\WORK\GITHUB\SENTINEL_AI\sentinel-ai-app\node_modules\react-dom\cjs\react-dom.development.js:15486:18)
    at mountIndeterminateComponent (D:\WORK\GITHUB\SENTINEL_AI\sentinel-ai-app\node_modules\react-dom\cjs\react-dom.development.js:20103:13)
    at beginWork (D:\WORK\GITHUB\SENTINEL_AI\sentinel-ai-app\node_modules\react-dom\cjs\react-dom.development.js:21626:16)
    at HTMLUnknownElement.callCallback (D:\WORK\GITHUB\SENTINEL_AI\sentinel-ai-app\node_modules\react-dom\cjs\react-dom.development.js:4164:14)
    at HTMLUnknownElement.callTheUserObjectsOperation (D:\WORK\GITHUB\SENTINEL_AI\sentinel-ai-app\node_modules\jsdom\lib\generated\idl\EventListener.js:26:30)
    at innerInvokeEventListeners (D:\WORK\GITHUB\SENTINEL_AI\sentinel-ai-app\node_modules\jsdom\lib\jsdom\living\events\EventTarget-impl.js:360:16)
    at invokeEventListeners (D:\WORK\GITHUB\SENTINEL_AI\sentinel-ai-app\node_modules\jsdom\lib\jsdom\living\events\EventTarget-impl.js:296:3)
    at HTMLUnknownElementImpl._dispatch (D:\WORK\GITHUB\SENTINEL_AI\sentinel-ai-app\node_modules\jsdom\lib\jsdom\living\events\EventTarget-impl.js:243:9)
    at HTMLUnknownElementImpl.dispatchEvent (D:\WORK\GITHUB\SENTINEL_AI\sentinel-ai-app\node_modules\jsdom\lib\jsdom\living\events\EventTarget-impl.js:114:17)
The above error occurred in the <PresenceProvider> component:

    at PresenceProvider (D:\WORK\GITHUB\SENTINEL_AI\sentinel-ai-app\src\context\PresenceContext.tsx:11:29)
    at AuthProvider (D:\WORK\GITHUB\SENTINEL_AI\sentinel-ai-app\src\__tests__\App.test.tsx:7:20)
    at App

Consider adding an error boundary to your tree to customize error handling behavior.
Visit https://reactjs.org/link/error-boundaries to learn more about error boundaries.

stderr | src/__tests__/App.test.tsx > App > share token > renders PublicReport even for authenticated users with share token
TypeError: __vite_ssr_import_3__.useAuth is not a function
    at PresenceProvider (D:\WORK\GITHUB\SENTINEL_AI\sentinel-ai-app\src\context\PresenceContext.tsx:14:44)
    at renderWithHooks (D:\WORK\GITHUB\SENTINEL_AI\sentinel-ai-app\node_modules\react-dom\cjs\react-dom.development.js:15486:18)
    at mountIndeterminateComponent (D:\WORK\GITHUB\SENTINEL_AI\sentinel-ai-app\node_modules\react-dom\cjs\react-dom.development.js:20103:13)
    at beginWork (D:\WORK\GITHUB\SENTINEL_AI\sentinel-ai-app\node_modules\react-dom\cjs\react-dom.development.js:21626:16)
    at HTMLUnknownElement.callCallback (D:\WORK\GITHUB\SENTINEL_AI\sentinel-ai-app\node_modules\react-dom\cjs\react-dom.development.js:4164:14)
    at HTMLUnknownElement.callTheUserObjectsOperation (D:\WORK\GITHUB\SENTINEL_AI\sentinel-ai-app\node_modules\jsdom\lib\generated\idl\EventListener.js:26:30)
    at innerInvokeEventListeners (D:\WORK\GITHUB\SENTINEL_AI\sentinel-ai-app\node_modules\jsdom\lib\jsdom\living\events\EventTarget-impl.js:360:16)
    at invokeEventListeners (D:\WORK\GITHUB\SENTINEL_AI\sentinel-ai-app\node_modules\jsdom\lib\jsdom\living\events\EventTarget-impl.js:296:3)
    at HTMLUnknownElementImpl._dispatch (D:\WORK\GITHUB\SENTINEL_AI\sentinel-ai-app\node_modules\jsdom\lib\jsdom\living\events\EventTarget-impl.js:243:9)
    at HTMLUnknownElementImpl.dispatchEvent (D:\WORK\GITHUB\SENTINEL_AI\sentinel-ai-app\node_modules\jsdom\lib\jsdom\living\events\EventTarget-impl.js:114:17)
TypeError: __vite_ssr_import_3__.useAuth is not a function
    at PresenceProvider (D:\WORK\GITHUB\SENTINEL_AI\sentinel-ai-app\src\context\PresenceContext.tsx:14:44)
    at renderWithHooks (D:\WORK\GITHUB\SENTINEL_AI\sentinel-ai-app\node_modules\react-dom\cjs\react-dom.development.js:15486:18)
    at mountIndeterminateComponent (D:\WORK\GITHUB\SENTINEL_AI\sentinel-ai-app\node_modules\react-dom\cjs\react-dom.development.js:20103:13)
    at beginWork (D:\WORK\GITHUB\SENTINEL_AI\sentinel-ai-app\node_modules\react-dom\cjs\react-dom.development.js:21626:16)
    at HTMLUnknownElement.callCallback (D:\WORK\GITHUB\SENTINEL_AI\sentinel-ai-app\node_modules\react-dom\cjs\react-dom.development.js:4164:14)
    at HTMLUnknownElement.callTheUserObjectsOperation (D:\WORK\GITHUB\SENTINEL_AI\sentinel-ai-app\node_modules\jsdom\lib\generated\idl\EventListener.js:26:30)
    at innerInvokeEventListeners (D:\WORK\GITHUB\SENTINEL_AI\sentinel-ai-app\node_modules\jsdom\lib\jsdom\living\events\EventTarget-impl.js:360:16)
    at invokeEventListeners (D:\WORK\GITHUB\SENTINEL_AI\sentinel-ai-app\node_modules\jsdom\lib\jsdom\living\events\EventTarget-impl.js:296:3)
    at HTMLUnknownElementImpl._dispatch (D:\WORK\GITHUB\SENTINEL_AI\sentinel-ai-app\node_modules\jsdom\lib\jsdom\living\events\EventTarget-impl.js:243:9)
    at HTMLUnknownElementImpl.dispatchEvent (D:\WORK\GITHUB\SENTINEL_AI\sentinel-ai-app\node_modules\jsdom\lib\jsdom\living\events\EventTarget-impl.js:114:17)
The above error occurred in the <PresenceProvider> component:

    at PresenceProvider (D:\WORK\GITHUB\SENTINEL_AI\sentinel-ai-app\src\context\PresenceContext.tsx:11:29)
    at AuthProvider (D:\WORK\GITHUB\SENTINEL_AI\sentinel-ai-app\src\__tests__\App.test.tsx:7:20)
    at App

Consider adding an error boundary to your tree to customize error handling behavior.
Visit https://reactjs.org/link/error-boundaries to learn more about error boundaries.

stderr | src/__tests__/App.test.tsx > App > unauthenticated routing > renders Landing page at /landing route for unauthenticated user
TypeError: __vite_ssr_import_3__.useAuth is not a function
    at PresenceProvider (D:\WORK\GITHUB\SENTINEL_AI\sentinel-ai-app\src\context\PresenceContext.tsx:14:44)
    at renderWithHooks (D:\WORK\GITHUB\SENTINEL_AI\sentinel-ai-app\node_modules\react-dom\cjs\react-dom.development.js:15486:18)
    at mountIndeterminateComponent (D:\WORK\GITHUB\SENTINEL_AI\sentinel-ai-app\node_modules\react-dom\cjs\react-dom.development.js:20103:13)
    at beginWork (D:\WORK\GITHUB\SENTINEL_AI\sentinel-ai-app\node_modules\react-dom\cjs\react-dom.development.js:21626:16)
    at HTMLUnknownElement.callCallback (D:\WORK\GITHUB\SENTINEL_AI\sentinel-ai-app\node_modules\react-dom\cjs\react-dom.development.js:4164:14)
    at HTMLUnknownElement.callTheUserObjectsOperation (D:\WORK\GITHUB\SENTINEL_AI\sentinel-ai-app\node_modules\jsdom\lib\generated\idl\EventListener.js:26:30)
    at innerInvokeEventListeners (D:\WORK\GITHUB\SENTINEL_AI\sentinel-ai-app\node_modules\jsdom\lib\jsdom\living\events\EventTarget-impl.js:360:16)
    at invokeEventListeners (D:\WORK\GITHUB\SENTINEL_AI\sentinel-ai-app\node_modules\jsdom\lib\jsdom\living\events\EventTarget-impl.js:296:3)
    at HTMLUnknownElementImpl._dispatch (D:\WORK\GITHUB\SENTINEL_AI\sentinel-ai-app\node_modules\jsdom\lib\jsdom\living\events\EventTarget-impl.js:243:9)
    at HTMLUnknownElementImpl.dispatchEvent (D:\WORK\GITHUB\SENTINEL_AI\sentinel-ai-app\node_modules\jsdom\lib\jsdom\living\events\EventTarget-impl.js:114:17)
TypeError: __vite_ssr_import_3__.useAuth is not a function
    at PresenceProvider (D:\WORK\GITHUB\SENTINEL_AI\sentinel-ai-app\src\context\PresenceContext.tsx:14:44)
    at renderWithHooks (D:\WORK\GITHUB\SENTINEL_AI\sentinel-ai-app\node_modules\react-dom\cjs\react-dom.development.js:15486:18)
    at mountIndeterminateComponent (D:\WORK\GITHUB\SENTINEL_AI\sentinel-ai-app\node_modules\react-dom\cjs\react-dom.development.js:20103:13)
    at beginWork (D:\WORK\GITHUB\SENTINEL_AI\sentinel-ai-app\node_modules\react-dom\cjs\react-dom.development.js:21626:16)
    at HTMLUnknownElement.callCallback (D:\WORK\GITHUB\SENTINEL_AI\sentinel-ai-app\node_modules\react-dom\cjs\react-dom.development.js:4164:14)
    at HTMLUnknownElement.callTheUserObjectsOperation (D:\WORK\GITHUB\SENTINEL_AI\sentinel-ai-app\node_modules\jsdom\lib\generated\idl\EventListener.js:26:30)
    at innerInvokeEventListeners (D:\WORK\GITHUB\SENTINEL_AI\sentinel-ai-app\node_modules\jsdom\lib\jsdom\living\events\EventTarget-impl.js:360:16)
    at invokeEventListeners (D:\WORK\GITHUB\SENTINEL_AI\sentinel-ai-app\node_modules\jsdom\lib\jsdom\living\events\EventTarget-impl.js:296:3)
    at HTMLUnknownElementImpl._dispatch (D:\WORK\GITHUB\SENTINEL_AI\sentinel-ai-app\node_modules\jsdom\lib\jsdom\living\events\EventTarget-impl.js:243:9)
    at HTMLUnknownElementImpl.dispatchEvent (D:\WORK\GITHUB\SENTINEL_AI\sentinel-ai-app\node_modules\jsdom\lib\jsdom\living\events\EventTarget-impl.js:114:17)
The above error occurred in the <PresenceProvider> component:

    at PresenceProvider (D:\WORK\GITHUB\SENTINEL_AI\sentinel-ai-app\src\context\PresenceContext.tsx:11:29)
    at AuthProvider (D:\WORK\GITHUB\SENTINEL_AI\sentinel-ai-app\src\__tests__\App.test.tsx:7:20)
    at App

Consider adding an error boundary to your tree to customize error handling behavior.
Visit https://reactjs.org/link/error-boundaries to learn more about error boundaries.

stderr | src/__tests__/App.test.tsx > App > unauthenticated routing > renders Auth page at /auth route for unauthenticated user
TypeError: __vite_ssr_import_3__.useAuth is not a function
    at PresenceProvider (D:\WORK\GITHUB\SENTINEL_AI\sentinel-ai-app\src\context\PresenceContext.tsx:14:44)
    at renderWithHooks (D:\WORK\GITHUB\SENTINEL_AI\sentinel-ai-app\node_modules\react-dom\cjs\react-dom.development.js:15486:18)
    at mountIndeterminateComponent (D:\WORK\GITHUB\SENTINEL_AI\sentinel-ai-app\node_modules\react-dom\cjs\react-dom.development.js:20103:13)
    at beginWork (D:\WORK\GITHUB\SENTINEL_AI\sentinel-ai-app\node_modules\react-dom\cjs\react-dom.development.js:21626:16)
    at HTMLUnknownElement.callCallback (D:\WORK\GITHUB\SENTINEL_AI\sentinel-ai-app\node_modules\react-dom\cjs\react-dom.development.js:4164:14)
    at HTMLUnknownElement.callTheUserObjectsOperation (D:\WORK\GITHUB\SENTINEL_AI\sentinel-ai-app\node_modules\jsdom\lib\generated\idl\EventListener.js:26:30)
    at innerInvokeEventListeners (D:\WORK\GITHUB\SENTINEL_AI\sentinel-ai-app\node_modules\jsdom\lib\jsdom\living\events\EventTarget-impl.js:360:16)
    at invokeEventListeners (D:\WORK\GITHUB\SENTINEL_AI\sentinel-ai-app\node_modules\jsdom\lib\jsdom\living\events\EventTarget-impl.js:296:3)
    at HTMLUnknownElementImpl._dispatch (D:\WORK\GITHUB\SENTINEL_AI\sentinel-ai-app\node_modules\jsdom\lib\jsdom\living\events\EventTarget-impl.js:243:9)
    at HTMLUnknownElementImpl.dispatchEvent (D:\WORK\GITHUB\SENTINEL_AI\sentinel-ai-app\node_modules\jsdom\lib\jsdom\living\events\EventTarget-impl.js:114:17)
TypeError: __vite_ssr_import_3__.useAuth is not a function
    at PresenceProvider (D:\WORK\GITHUB\SENTINEL_AI\sentinel-ai-app\src\context\PresenceContext.tsx:14:44)
    at renderWithHooks (D:\WORK\GITHUB\SENTINEL_AI\sentinel-ai-app\node_modules\react-dom\cjs\react-dom.development.js:15486:18)
    at mountIndeterminateComponent (D:\WORK\GITHUB\SENTINEL_AI\sentinel-ai-app\node_modules\react-dom\cjs\react-dom.development.js:20103:13)
    at beginWork (D:\WORK\GITHUB\SENTINEL_AI\sentinel-ai-app\node_modules\react-dom\cjs\react-dom.development.js:21626:16)
    at HTMLUnknownElement.callCallback (D:\WORK\GITHUB\SENTINEL_AI\sentinel-ai-app\node_modules\react-dom\cjs\react-dom.development.js:4164:14)
    at HTMLUnknownElement.callTheUserObjectsOperation (D:\WORK\GITHUB\SENTINEL_AI\sentinel-ai-app\node_modules\jsdom\lib\generated\idl\EventListener.js:26:30)
    at innerInvokeEventListeners (D:\WORK\GITHUB\SENTINEL_AI\sentinel-ai-app\node_modules\jsdom\lib\jsdom\living\events\EventTarget-impl.js:360:16)
    at invokeEventListeners (D:\WORK\GITHUB\SENTINEL_AI\sentinel-ai-app\node_modules\jsdom\lib\jsdom\living\events\EventTarget-impl.js:296:3)
    at HTMLUnknownElementImpl._dispatch (D:\WORK\GITHUB\SENTINEL_AI\sentinel-ai-app\node_modules\jsdom\lib\jsdom\living\events\EventTarget-impl.js:243:9)
    at HTMLUnknownElementImpl.dispatchEvent (D:\WORK\GITHUB\SENTINEL_AI\sentinel-ai-app\node_modules\jsdom\lib\jsdom\living\events\EventTarget-impl.js:114:17)
The above error occurred in the <PresenceProvider> component:

    at PresenceProvider (D:\WORK\GITHUB\SENTINEL_AI\sentinel-ai-app\src\context\PresenceContext.tsx:11:29)
    at AuthProvider (D:\WORK\GITHUB\SENTINEL_AI\sentinel-ai-app\src\__tests__\App.test.tsx:7:20)
    at App

Consider adding an error boundary to your tree to customize error handling behavior.
Visit https://reactjs.org/link/error-boundaries to learn more about error boundaries.

stderr | src/__tests__/App.test.tsx > App > unauthenticated routing > does not render AppLayout for unauthenticated user
TypeError: __vite_ssr_import_3__.useAuth is not a function
    at PresenceProvider (D:\WORK\GITHUB\SENTINEL_AI\sentinel-ai-app\src\context\PresenceContext.tsx:14:44)
    at renderWithHooks (D:\WORK\GITHUB\SENTINEL_AI\sentinel-ai-app\node_modules\react-dom\cjs\react-dom.development.js:15486:18)
    at mountIndeterminateComponent (D:\WORK\GITHUB\SENTINEL_AI\sentinel-ai-app\node_modules\react-dom\cjs\react-dom.development.js:20103:13)
    at beginWork (D:\WORK\GITHUB\SENTINEL_AI\sentinel-ai-app\node_modules\react-dom\cjs\react-dom.development.js:21626:16)
    at HTMLUnknownElement.callCallback (D:\WORK\GITHUB\SENTINEL_AI\sentinel-ai-app\node_modules\react-dom\cjs\react-dom.development.js:4164:14)
    at HTMLUnknownElement.callTheUserObjectsOperation (D:\WORK\GITHUB\SENTINEL_AI\sentinel-ai-app\node_modules\jsdom\lib\generated\idl\EventListener.js:26:30)
    at innerInvokeEventListeners (D:\WORK\GITHUB\SENTINEL_AI\sentinel-ai-app\node_modules\jsdom\lib\jsdom\living\events\EventTarget-impl.js:360:16)
    at invokeEventListeners (D:\WORK\GITHUB\SENTINEL_AI\sentinel-ai-app\node_modules\jsdom\lib\jsdom\living\events\EventTarget-impl.js:296:3)
    at HTMLUnknownElementImpl._dispatch (D:\WORK\GITHUB\SENTINEL_AI\sentinel-ai-app\node_modules\jsdom\lib\jsdom\living\events\EventTarget-impl.js:243:9)
    at HTMLUnknownElementImpl.dispatchEvent (D:\WORK\GITHUB\SENTINEL_AI\sentinel-ai-app\node_modules\jsdom\lib\jsdom\living\events\EventTarget-impl.js:114:17)
TypeError: __vite_ssr_import_3__.useAuth is not a function
    at PresenceProvider (D:\WORK\GITHUB\SENTINEL_AI\sentinel-ai-app\src\context\PresenceContext.tsx:14:44)
    at renderWithHooks (D:\WORK\GITHUB\SENTINEL_AI\sentinel-ai-app\node_modules\react-dom\cjs\react-dom.development.js:15486:18)
    at mountIndeterminateComponent (D:\WORK\GITHUB\SENTINEL_AI\sentinel-ai-app\node_modules\react-dom\cjs\react-dom.development.js:20103:13)
    at beginWork (D:\WORK\GITHUB\SENTINEL_AI\sentinel-ai-app\node_modules\react-dom\cjs\react-dom.development.js:21626:16)
    at HTMLUnknownElement.callCallback (D:\WORK\GITHUB\SENTINEL_AI\sentinel-ai-app\node_modules\react-dom\cjs\react-dom.development.js:4164:14)
    at HTMLUnknownElement.callTheUserObjectsOperation (D:\WORK\GITHUB\SENTINEL_AI\sentinel-ai-app\node_modules\jsdom\lib\generated\idl\EventListener.js:26:30)
    at innerInvokeEventListeners (D:\WORK\GITHUB\SENTINEL_AI\sentinel-ai-app\node_modules\jsdom\lib\jsdom\living\events\EventTarget-impl.js:360:16)
    at invokeEventListeners (D:\WORK\GITHUB\SENTINEL_AI\sentinel-ai-app\node_modules\jsdom\lib\jsdom\living\events\EventTarget-impl.js:296:3)
    at HTMLUnknownElementImpl._dispatch (D:\WORK\GITHUB\SENTINEL_AI\sentinel-ai-app\node_modules\jsdom\lib\jsdom\living\events\EventTarget-impl.js:243:9)
    at HTMLUnknownElementImpl.dispatchEvent (D:\WORK\GITHUB\SENTINEL_AI\sentinel-ai-app\node_modules\jsdom\lib\jsdom\living\events\EventTarget-impl.js:114:17)
The above error occurred in the <PresenceProvider> component:

    at PresenceProvider (D:\WORK\GITHUB\SENTINEL_AI\sentinel-ai-app\src\context\PresenceContext.tsx:11:29)
    at AuthProvider (D:\WORK\GITHUB\SENTINEL_AI\sentinel-ai-app\src\__tests__\App.test.tsx:7:20)
    at App

Consider adding an error boundary to your tree to customize error handling behavior.
Visit https://reactjs.org/link/error-boundaries to learn more about error boundaries.

stderr | src/__tests__/App.test.tsx > App > authenticated routing > renders AppLayout for authenticated user
TypeError: __vite_ssr_import_3__.useAuth is not a function
    at PresenceProvider (D:\WORK\GITHUB\SENTINEL_AI\sentinel-ai-app\src\context\PresenceContext.tsx:14:44)
    at renderWithHooks (D:\WORK\GITHUB\SENTINEL_AI\sentinel-ai-app\node_modules\react-dom\cjs\react-dom.development.js:15486:18)
    at mountIndeterminateComponent (D:\WORK\GITHUB\SENTINEL_AI\sentinel-ai-app\node_modules\react-dom\cjs\react-dom.development.js:20103:13)
    at beginWork (D:\WORK\GITHUB\SENTINEL_AI\sentinel-ai-app\node_modules\react-dom\cjs\react-dom.development.js:21626:16)
    at HTMLUnknownElement.callCallback (D:\WORK\GITHUB\SENTINEL_AI\sentinel-ai-app\node_modules\react-dom\cjs\react-dom.development.js:4164:14)
    at HTMLUnknownElement.callTheUserObjectsOperation (D:\WORK\GITHUB\SENTINEL_AI\sentinel-ai-app\node_modules\jsdom\lib\generated\idl\EventListener.js:26:30)
    at innerInvokeEventListeners (D:\WORK\GITHUB\SENTINEL_AI\sentinel-ai-app\node_modules\jsdom\lib\jsdom\living\events\EventTarget-impl.js:360:16)
    at invokeEventListeners (D:\WORK\GITHUB\SENTINEL_AI\sentinel-ai-app\node_modules\jsdom\lib\jsdom\living\events\EventTarget-impl.js:296:3)
    at HTMLUnknownElementImpl._dispatch (D:\WORK\GITHUB\SENTINEL_AI\sentinel-ai-app\node_modules\jsdom\lib\jsdom\living\events\EventTarget-impl.js:243:9)
    at HTMLUnknownElementImpl.dispatchEvent (D:\WORK\GITHUB\SENTINEL_AI\sentinel-ai-app\node_modules\jsdom\lib\jsdom\living\events\EventTarget-impl.js:114:17)
TypeError: __vite_ssr_import_3__.useAuth is not a function
    at PresenceProvider (D:\WORK\GITHUB\SENTINEL_AI\sentinel-ai-app\src\context\PresenceContext.tsx:14:44)
    at renderWithHooks (D:\WORK\GITHUB\SENTINEL_AI\sentinel-ai-app\node_modules\react-dom\cjs\react-dom.development.js:15486:18)
    at mountIndeterminateComponent (D:\WORK\GITHUB\SENTINEL_AI\sentinel-ai-app\node_modules\react-dom\cjs\react-dom.development.js:20103:13)
    at beginWork (D:\WORK\GITHUB\SENTINEL_AI\sentinel-ai-app\node_modules\react-dom\cjs\react-dom.development.js:21626:16)
    at HTMLUnknownElement.callCallback (D:\WORK\GITHUB\SENTINEL_AI\sentinel-ai-app\node_modules\react-dom\cjs\react-dom.development.js:4164:14)
    at HTMLUnknownElement.callTheUserObjectsOperation (D:\WORK\GITHUB\SENTINEL_AI\sentinel-ai-app\node_modules\jsdom\lib\generated\idl\EventListener.js:26:30)
    at innerInvokeEventListeners (D:\WORK\GITHUB\SENTINEL_AI\sentinel-ai-app\node_modules\jsdom\lib\jsdom\living\events\EventTarget-impl.js:360:16)
    at invokeEventListeners (D:\WORK\GITHUB\SENTINEL_AI\sentinel-ai-app\node_modules\jsdom\lib\jsdom\living\events\EventTarget-impl.js:296:3)
    at HTMLUnknownElementImpl._dispatch (D:\WORK\GITHUB\SENTINEL_AI\sentinel-ai-app\node_modules\jsdom\lib\jsdom\living\events\EventTarget-impl.js:243:9)
    at HTMLUnknownElementImpl.dispatchEvent (D:\WORK\GITHUB\SENTINEL_AI\sentinel-ai-app\node_modules\jsdom\lib\jsdom\living\events\EventTarget-impl.js:114:17)
The above error occurred in the <PresenceProvider> component:

    at PresenceProvider (D:\WORK\GITHUB\SENTINEL_AI\sentinel-ai-app\src\context\PresenceContext.tsx:11:29)
    at AuthProvider (D:\WORK\GITHUB\SENTINEL_AI\sentinel-ai-app\src\__tests__\App.test.tsx:7:20)
    at App

Consider adding an error boundary to your tree to customize error handling behavior.
Visit https://reactjs.org/link/error-boundaries to learn more about error boundaries.

stderr | src/__tests__/App.test.tsx > App > authenticated routing > renders Dashboard at index route for authenticated user
TypeError: __vite_ssr_import_3__.useAuth is not a function
    at PresenceProvider (D:\WORK\GITHUB\SENTINEL_AI\sentinel-ai-app\src\context\PresenceContext.tsx:14:44)
    at renderWithHooks (D:\WORK\GITHUB\SENTINEL_AI\sentinel-ai-app\node_modules\react-dom\cjs\react-dom.development.js:15486:18)
    at mountIndeterminateComponent (D:\WORK\GITHUB\SENTINEL_AI\sentinel-ai-app\node_modules\react-dom\cjs\react-dom.development.js:20103:13)
    at beginWork (D:\WORK\GITHUB\SENTINEL_AI\sentinel-ai-app\node_modules\react-dom\cjs\react-dom.development.js:21626:16)
    at HTMLUnknownElement.callCallback (D:\WORK\GITHUB\SENTINEL_AI\sentinel-ai-app\node_modules\react-dom\cjs\react-dom.development.js:4164:14)
    at HTMLUnknownElement.callTheUserObjectsOperation (D:\WORK\GITHUB\SENTINEL_AI\sentinel-ai-app\node_modules\jsdom\lib\generated\idl\EventListener.js:26:30)
    at innerInvokeEventListeners (D:\WORK\GITHUB\SENTINEL_AI\sentinel-ai-app\node_modules\jsdom\lib\jsdom\living\events\EventTarget-impl.js:360:16)
    at invokeEventListeners (D:\WORK\GITHUB\SENTINEL_AI\sentinel-ai-app\node_modules\jsdom\lib\jsdom\living\events\EventTarget-impl.js:296:3)
    at HTMLUnknownElementImpl._dispatch (D:\WORK\GITHUB\SENTINEL_AI\sentinel-ai-app\node_modules\jsdom\lib\jsdom\living\events\EventTarget-impl.js:243:9)
    at HTMLUnknownElementImpl.dispatchEvent (D:\WORK\GITHUB\SENTINEL_AI\sentinel-ai-app\node_modules\jsdom\lib\jsdom\living\events\EventTarget-impl.js:114:17)
TypeError: __vite_ssr_import_3__.useAuth is not a function
    at PresenceProvider (D:\WORK\GITHUB\SENTINEL_AI\sentinel-ai-app\src\context\PresenceContext.tsx:14:44)
    at renderWithHooks (D:\WORK\GITHUB\SENTINEL_AI\sentinel-ai-app\node_modules\react-dom\cjs\react-dom.development.js:15486:18)
    at mountIndeterminateComponent (D:\WORK\GITHUB\SENTINEL_AI\sentinel-ai-app\node_modules\react-dom\cjs\react-dom.development.js:20103:13)
    at beginWork (D:\WORK\GITHUB\SENTINEL_AI\sentinel-ai-app\node_modules\react-dom\cjs\react-dom.development.js:21626:16)
    at HTMLUnknownElement.callCallback (D:\WORK\GITHUB\SENTINEL_AI\sentinel-ai-app\node_modules\react-dom\cjs\react-dom.development.js:4164:14)
    at HTMLUnknownElement.callTheUserObjectsOperation (D:\WORK\GITHUB\SENTINEL_AI\sentinel-ai-app\node_modules\jsdom\lib\generated\idl\EventListener.js:26:30)
    at innerInvokeEventListeners (D:\WORK\GITHUB\SENTINEL_AI\sentinel-ai-app\node_modules\jsdom\lib\jsdom\living\events\EventTarget-impl.js:360:16)
    at invokeEventListeners (D:\WORK\GITHUB\SENTINEL_AI\sentinel-ai-app\node_modules\jsdom\lib\jsdom\living\events\EventTarget-impl.js:296:3)
    at HTMLUnknownElementImpl._dispatch (D:\WORK\GITHUB\SENTINEL_AI\sentinel-ai-app\node_modules\jsdom\lib\jsdom\living\events\EventTarget-impl.js:243:9)
    at HTMLUnknownElementImpl.dispatchEvent (D:\WORK\GITHUB\SENTINEL_AI\sentinel-ai-app\node_modules\jsdom\lib\jsdom\living\events\EventTarget-impl.js:114:17)
The above error occurred in the <PresenceProvider> component:

    at PresenceProvider (D:\WORK\GITHUB\SENTINEL_AI\sentinel-ai-app\src\context\PresenceContext.tsx:11:29)
    at AuthProvider (D:\WORK\GITHUB\SENTINEL_AI\sentinel-ai-app\src\__tests__\App.test.tsx:7:20)
    at App

Consider adding an error boundary to your tree to customize error handling behavior.
Visit https://reactjs.org/link/error-boundaries to learn more about error boundaries.

 [31mтЭп[39m src/__tests__/App.test.tsx [2m([22m[2m9 tests[22m[2m | [22m[31m9 failed[39m[2m)[22m[33m 366[2mms[22m[39m
[31m   [31m├Ч[31m App[2m > [22mloading state[2m > [22mshows loading spinner while auth is initializing[90m 135[2mms[22m[31m[39m
[31m     тЖТ useAuth is not a function[39m
[31m   [31m├Ч[31m App[2m > [22mloading state[2m > [22mdoes not render page content while loading[90m 10[2mms[22m[31m[39m
[31m     тЖТ useAuth is not a function[39m
[31m   [31m├Ч[31m App[2m > [22mshare token[2m > [22mrenders PublicReport when share token is in URL (no auth required)[90m 90[2mms[22m[31m[39m
[31m     тЖТ useAuth is not a function[39m
[31m   [31m├Ч[31m App[2m > [22mshare token[2m > [22mrenders PublicReport even for authenticated users with share token[90m 9[2mms[22m[31m[39m
[31m     тЖТ useAuth is not a function[39m
[31m   [31m├Ч[31m App[2m > [22munauthenticated routing[2m > [22mrenders Landing page at /landing route for unauthenticated user[90m 8[2mms[22m[31m[39m
[31m     тЖТ useAuth is not a function[39m
[31m   [31m├Ч[31m App[2m > [22munauthenticated routing[2m > [22mrenders Auth page at /auth route for unauthenticated user[90m 75[2mms[22m[31m[39m
[31m     тЖТ useAuth is not a function[39m
[31m   [31m├Ч[31m App[2m > [22munauthenticated routing[2m > [22mdoes not render AppLayout for unauthenticated user[90m 15[2mms[22m[31m[39m
[31m     тЖТ useAuth is not a function[39m
[31m   [31m├Ч[31m App[2m > [22mauthenticated routing[2m > [22mrenders AppLayout for authenticated user[90m 7[2mms[22m[31m[39m
[31m     тЖТ useAuth is not a function[39m
[31m   [31m├Ч[31m App[2m > [22mauthenticated routing[2m > [22mrenders Dashboard at index route for authenticated user[90m 13[2mms[22m[31m[39m
[31m     тЖТ useAuth is not a function[39m
 [31mтЭп[39m src/pages/__tests__/ProjectDetail.test.tsx [2m([22m[2m0 test[22m[2m)[22m
 [32mтЬУ[39m src/components/__tests__/RemediationModal.test.tsx [2m([22m[2m15 tests[22m[2m)[22m[33m 1140[2mms[22m[39m
 [31mтЭп[39m src/components/__tests__/SchedulesPanel.test.tsx [2m([22m[2m10 tests[22m[2m | [22m[31m2 failed[39m[2m)[22m[33m 3092[2mms[22m[39m
   [33m[2mтЬУ[22m[39m SchedulesPanel тАФ with schedules[2m > [22mrenders schedule scanner and project name [33m327[2mms[22m[39m
[31m   [31m├Ч[31m SchedulesPanel тАФ with schedules[2m > [22mshows "Active" badge for enabled schedule[33m 1050[2mms[22m[31m[39m
[31m     тЖТ Found multiple elements with the text: Active

Here are the matching elements:

Ignored nodes: comments, script, style
[36m<div[31m
  [33mclass[31m=[32m"text-[10px] text-slate-500"[31m
[36m>[31m
  [0mActive[0m
[36m</div>[31m

Ignored nodes: comments, script, style
[36m<span[31m
  [33mclass[31m=[32m"text-[11px] px-2 py-0.5 rounded-md border text-emerald-300 border-emerald-500/30 bg-emerald-500/10"[31m
[36m>[31m
  [0mActive[0m
[36m</span>[31m

(If this is intentional, then use the `*AllBy*` variant of the query (like `queryAllByText`, `getAllByText`, or `findAllByText`)).

Ignored nodes: comments, script, style
[36m<body>[31m
  [36m<div>[31m
    [36m<div>[31m
      [36m<div[31m
        [33mclass[31m=[32m"flex items-center justify-between mb-4"[31m
      [36m>[31m
        [36m<div[31m
          [33mclass[31m=[32m"text-sm text-slate-400"[31m
        [36m>[31m
          [0mAutomated scans that run on a recurring schedule. Due jobs are dispatched while the app is open.[0m
        [36m</div>[31m
        [36m<button[31m
          [33mclass[31m=[32m"inline-flex items-center gap-2 bg-emerald-500 hover:bg-emerald-400 disabled:opacity-40 text-slate-950 font-semibold px-3 py-1.5 rounded-md text-xs transition"[31m
        [36m>[31m
          [36m<svg[31m
            [33mclass[31m=[32m"lucide lucide-plus w-3.5 h-3.5"[31m
            [33mfill[31m=[32m"none"[31m
            [33mheight[31m=[32m"24"[31m
            [33mstroke[31m=[32m"currentColor"[31m
            [33mstroke-linecap[31m=[32m"round"[31m
            [33mstroke-linejoin[31m=[32m"round"[31m
            [33mstroke-width[31m=[32m"2"[31m
            [33mviewBox[31m=[32m"0 0 24 24"[31m
            [33mwidth[31m=[32m"24"[31m
            [33mxmlns[31m=[32m"http://www.w3.org/2000/svg"[31m
          [36m>[31m
            [36m<path[31m
              [33md[31m=[32m"M5 12h14"[31m
            [36m/>[31m
            [36m<path[31m
              [33md[31m=[32m"M12 5v14"[31m
            [36m/>[31m
          [36m</svg>[31m
          [0m New schedule[0m
        [36m</button>[31m
      [36m</div>[31m
      [36m<div[31m
        [33mclass[31m=[32m"grid grid-cols-3 gap-3 mb-4"[31m
      [36m>[31m
        [36m<div[31m
          [33mclass[31m=[32m"rounded-lg border border-slate-800 bg-slate-900/40 px-4 py-3"[31m
        [36m>[31m
          [36m<div[31m
            [33mclass[31m=[32m"text-xl font-bold text-white"[31m
          [36m>[31m
            [0m1[0m
          [36m</div>[31m
          [36m<div[31m
            [33mclass[31m=[32m"text-[10px] text-slate-500"[31m
          [36m>[31m
            [0mTotal[0m
          [36m</div>[31m
        [36m</div>[31m
        [36m<div[31m
          [33mclass[31m=[32m"rounded-lg border border-emerald-500/20 bg-emerald-500/5 px-4 py-3"[31m
        [36m>[31m
          [36m<div[31m
            [33mclass[31m=[32m"text-xl font-bold text-emerald-400"[31m
          [36m>[31m
            [0m1[0m
          [36m</div>[31m
          [36m<div[31m
            [33mclass[31m=[32m"text-[10px] text-slate-500"[31m
          [36m>[31m
            [0mActive[0m
          [36m</div>[31m
        [36m</div>[31m
        [36m<div[31m
          [33mclass[31m=[32m"rounded-lg border border-slate-700 bg-slate-800/30 px-4 py-3"[31m
        [36m>[31m
          [36m<div[31m
            [33mclass[31m=[32m"text-xl font-bold text-slate-400"[31m
          [36m>[31m
            [0m0[0m
          [36m</div>[31m
          [36m<div[31m
            [33mclass[31m=[32m"text-[10px] text-slate-500"[31m
          [36m>[31m
            [0mPaused[0m
          [36m</div>[31m
        [36m</div>[31m
      [36m</div>[31m
      [36m<div[31m
        [33mclass[31m=[32m"rounded-xl border border-slate-800 bg-slate-900/30 overflow-hidden divide-y divide-slate-800"[31m
      [36m>[31m
        [36m<div[31m
          [33mclass[31m=[32m"px-6 py-4 flex items-center justify-between"[31m
        [36m>[31m
          [36m<div[31m
            [33mclass[31m=[32m"flex items-center gap-4"[31m
          [36m>[31m
            [36m<div[31m
              [33mclass[31m=[32m"w-9 h-9 rounded-md flex items-center justify-center bg-emerald-500/10 text-emerald-300"[31m
            [36m>[31m
              [36m<svg[31m
                [33mclass[31m=[32m"lucide lucide-calendar-clock w-4 h-4"[31m
                [33mfill[31m=[32m"none"[31m
                [33mheight[31m=[32m"24"[31m
                [33mstroke[31m=[32m"currentColor"[31m
                [33mstroke-linecap[31m=[32m"round"[31m
                [33mstroke-linejoin[31m=[32m"round"[31m
                [33mstroke-width[31m=[32m"2"[31m
                [33mviewBox[31m=[32m"0 0 24 24"[31m
                [33mwidth[31m=[32m"24"[31m
                [33mxmlns[31m=[32m"http://www.w3.org/2000/svg"[31m
              [36m>[31m
                [36m<path[31m
                  [33md[31m=[32m"M21 7.5V6a2 2 0 0 0-2-2H5a2 2 0 0 0-2 2v14a2 2 0 0 0 2 2h3.5"[31m
                [36m/>[31m
                [36m<path[31m
                  [33md[31m=[32m"M16 2v4"[31m
                [36m/>[31m
                [36m<path[31m
                  [33md[31m=[32m"M8 2v4"[31m
                [36m/>[31m
                [36m<path[31m
                  [33md[31m=[32m"M3 10h5"[31m
                [36m/>[31m
                [36m<path[31m
                  [33md[31m=[32m"M17.5 17.5 16 16.3V14"[31m
                [36m/>[31m
                [36m<circle[31m
                  [33mcx[31m=[32m"16"[31m
                  [33mcy[31m=[32m"16"[31m
                  [33mr[31m=[32m"6"[31m
                [36m/>[31m
              [36m</svg>[31m
            [36m</div>[31m
            [36m<div>[31m
              [36m<div[31m
                [33mclass[31m=[32m"text-sm font-medium text-white"[31m
              [36m>[31m
                [0mnmap[0m
                [0m [0m
                [36m<span[31m
                  [33mclass[31m=[32m"text-slate-500 font-normal"[31m
                [36m>[31m
                  [0mon [0m
                  [0mMy Project[0m
                [36m</span>[31m
              [36m</div>[31m
              [36m<div[31m
                [33mclass[31m=[32m"text-xs text-slate-500 mt-0.5"[31m
              [36m>[31m
                [0mDaily[0m
                [0m ┬╖ next [0m
                [0m25.04.2026, 13:00:00[0m
                [36m<span[31m
                  [33mclass[31m=[32m"ml-1.5 text-[9px] font-bold uppercase px-1.5 py-0.5 rounded border border-amber-500/30 bg-amber-500/10 text-amber-300"[31m
                [36m>[31m
                  [0moverdue[0m
                [36m</span>[31m
              [36m</div>[31m
            [36m</div>[31m
          [36m</div>[31m
          [36m<div[31m
            [33mclass[31m=[32m"flex items-center gap-2"[31m
          [36m>[31m
            [36m<span[31m
              [33mclass[31m=[32m"text-[11px] px-2 py-0.5 rounded-md border text-emerald-300 border-emerald-500/30 bg-emerald-500/10"[31m
            [36m>[31m
              [0mActive[0m
            [36m</span>[31m
            [36m<button[31m
              [33mclass[31m=[32m"p-2 rounded-md text-slate-400 hover:text-white hover:bg-slate-900 transition"[31m
              [33mtitle[31m=[32m"Pause"[31m
            [36m>[31m
              [36m<svg[31m
                [33mclass[31m=[32m"lucide lucide-power w-4 h-4"[31m
                [33mfill[31m=[32m"none"[31m
                [33mheight[31m=[32m"24"[31m
                [33mstroke[31m=[32m"currentColor"[31m
                [33mstroke-linecap[31m=[32m"round"[31m
                [33mstroke-linejoin[31m=[32m"round"[31m
                [33mstroke-width[31m=[32m"2"[31m
                [33mviewBox[31m=[32m"0 0 24 24"[31m
                [33mwidth[31m=[32m"24"[31m
                [33mxmlns[31m=[32m"http://www.w3.org/2000/svg"[31m
              [36m>[31m
                [36m<path[31m
                  [33md[31m=[32m"M12 2v10"[31m
                [36m/>[31m
                [36m<path[31m
                  [33md[31m=[32m"M18.4 6.6a9 9 0 1 1-12.77.04"[31m
                [36m/>[31m
              [36m</svg>[31m
            [36m</button>[31m
            [36m<button[31m
              [33mclass[31m=[32m"p-2 rounded-md text-slate-400 hover:text-rose-300 hover:bg-slate-900 transition"[31m
              [33mtitle[31m=[32m"Delete"[31m
            [36m>[31m
              [36m<svg[31m
                [33mclass[31m=[32m"lucide lucide-trash2 w-4 h-4"[31m
                [33mfill[31m=[32m"none"[31m
                [33mheight[31m=[32m"24"[31m
                [33mstroke[31m=[32m"currentColor"[31m
                [33mstroke-linecap[31m=[32m"round"[31m
                [33mstroke-linejoin[31m=[32m"round"[31m
                [33mstroke-width[31m=[32m"2"[31m
                [33mviewBox[31m=[32m"0 0 24 24"[31m
                [33mwidth[31m=[32m"24"[31m
                [33mxmlns[31m=[32m"http://www.w3.org/2000/svg"[31m
              [36m>[31m
                [36m<path[31m
                  [33md[31m=[32m"M3 6h18"[31m
                [36m/>[31m
                [36m<path[31m
                  [33md[31m=[32m"M19 6v14c0 1-1 2-2 2H7c-1 0-2-1-2-2V6"[31m
                [36m/>[31m
                [36m<path[31m
                  [33md[31m=[32m"M8 6V4c0-1 1-2 2-2h4c1 0 2 1 2 2v2"[31m
                [36m/>[31m
                [36m<line[31m
                  [33mx1[31m=[32m"10"[31m
                  [33mx2[31m=[32m"10"[31m
                  [33my1[31m=[32m"11"[31m
                  [33my2[31m=[32m"17"[31m
                [36m/>[31m
                [36m<line[31m
                  [33mx1[31m=[32m"14"[31m
                  [33mx2[31m=[32m"14"[31m
                  [33my1[31m=[32m"11"[31m
                  [33my2[31m=[32m"17"[31m
                [36m/>[31m
              [36m</svg>[31m
            [36m</button>[31m
          [36m</div>[31m
        [36m</div>[31m
      [36m</div>[31m
    [36m</div>[31m
  [36m</div>[31m
[36m</body>[31m

Ignored nodes: comments, script, style
[36m<html>[31m
  [36m<head />[31m
  [36m<body>[31m
    [36m<div>[31m
      [36m<div>[31m
        [36m<div[31m
          [33mclass[31m=[32m"flex items-center justify-between mb-4"[31m
        [36m>[31m
          [36m<div[31m
            [33mclass[31m=[32m"text-sm text-slate-400"[31m
          [36m>[31m
            [0mAutomated scans that run on a recurring schedule. Due jobs are dispatched while the app is open.[0m
          [36m</div>[31m
          [36m<button[31m
            [33mclass[31m=[32m"inline-flex items-center gap-2 bg-emerald-500 hover:bg-emerald-400 disabled:opacity-40 text-slate-950 font-semibold px-3 py-1.5 rounded-md text-xs transition"[31m
          [36m>[31m
            [36m<svg[31m
              [33mclass[31m=[32m"lucide lucide-plus w-3.5 h-3.5"[31m
              [33mfill[31m=[32m"none"[31m
              [33mheight[31m=[32m"24"[31m
              [33mstroke[31m=[32m"currentColor"[31m
              [33mstroke-linecap[31m=[32m"round"[31m
              [33mstroke-linejoin[31m=[32m"round"[31m
              [33mstroke-width[31m=[32m"2"[31m
              [33mviewBox[31m=[32m"0 0 24 24"[31m
              [33mwidth[31m=[32m"24"[31m
              [33mxmlns[31m=[32m"http://www.w3.org/2000/svg"[31m
            [36m>[31m
              [36m<path[31m
                [33md[31m=[32m"M5 12h14"[31m
              [36m/>[31m
              [36m<path[31m
                [33md[31m=[32m"M12 5v14"[31m
              [36m/>[31m
            [36m</svg>[31m
            [0m New schedule[0m
          [36m</button>[31m
        [36m</div>[31m
        [36m<div[31m
          [33mclass[31m=[32m"grid grid-cols-3 gap-3 mb-4"[31m
        [36m>[31m
          [36m<div[31m
            [33mclass[31m=[32m"rounded-lg border border-slate-800 bg-slate-900/40 px-4 py-3"[31m
          [36m>[31m
            [36m<div[31m
              [33mclass[31m=[32m"text-xl font-bold text-white"[31m
            [36m>[31m
              [0m1[0m
            [36m</div>[31m
            [36m<div[31m
              [33mclass[31m=[32m"text-[10px] text-slate-500"[31m
            [36m>[31m
              [0mTotal[0m
            [36m</div>[31m
          [36m</div>[31m
          [36m<div[31m
            [33mclass[31m=[32m"rounded-lg border border-emerald-500/20 bg-emerald-500/5 px-4 py-3"[31m
          [36m>[31m
            [36m<div[31m
              [33mclass[31m=[32m"text-xl font-bold text-emerald-400"[31m
            [36m>[31m
              [0m1[0m
            [36m</div>[31m
            [36m<div[31m
              [33mclass[31m=[32m"text-[10px] text-slate-500"[31m
            [36m>[31m
              [0mActive[0m
            [36m</div>[31m
          [36m</div>[31m
          [36m<div[31m
            [33mclass[31m=[32m"rounded-lg border border-slate-700 bg-slate-800/30 px-4 py-3"[31m
          [36m>[31m
            [36m<div[31m
              [33mclass[31m=[32m"text-xl font-bold text-slate-400"[31m
            [36m>[31m
              [0m0[0m
            [36m</div>[31m
            [36m<div[31m
              [33mclass[31m=[32m"text-[10px] text-slate-500"[31m
            [36m>[31m
              [0mPaused[0m
            [36m</div>[31m
          [36m</div>[31m
        [36m</div>[31m
        [36m<div[31m
          [33mclass[31m=[32m"rounded-xl border border-slate-800 bg-slate-900/30 overflow-hidden divide-y divide-slate-800"[31m
        [36m>[31m
          [36m<div[31m
            [33mclass[31m=[32m"px-6 py-4 flex items-center justify-between"[31m
          [36m>[31m
            [36m<div[31m
              [33mclass[31m=[32m"flex items-center gap-4"[31m
            [36m>[31m
              [36m<div[31m
                [33mclass[31m=[32m"w-9 h-9 rounded-md flex items-center justify-center bg-emerald-500/10 text-emerald-300"[31m
              [36m>[31m
                [36m<svg[31m
                  [33mclass[31m=[32m"lucide lucide-calendar-clock w-4 h-4"[31m
                  [33mfill[31m=[32m"none"[31m
                  [33mheight[31m=[32m"24"[31m
                  [33mstroke[31m=[32m"currentColor"[31m
                  [33mstroke-linecap[31m=[32m"round"[31m
                  [33mstroke-linejoin[31m=[32m"round"[31m
                  [33mstroke-width[31m=[32m"2"[31m
                  [33mviewBox[31m=[32m"0 0 24 24"[31m
                  [33mwidth[31m=[32m"24"[31m
                  [33mxmlns[31m=[32m"http://www.w3.org/2000/svg"[31m
                [36m>[31m
                  [36m<path[31m
                    [33md[31m=[32m"M21 7.5V6a2 2 0 0 0-2-2H5a2 2 0 0 0-2 2v14a2 2 0 0 0 2 2h3.5"[31m
                  [36m/>[31m
                  [36m<path[31m
                    [33md[31m=[32m"M16 2v4"[31m
                  [36m/>[31m
                  [36m<path[31m
                    [33md[31m=[32m"M8 2v4"[31m
                  [36m/>[31m
                  [36m<path[31m
                    [33md[31m=[32m"M3 10h5"[31m
                  [36m/>[31m
                  [36m<path[31m
                    [33md[31m=[32m"M17.5 17.5 16 16.3V14"[31m
                  [36m/>[31m
                  [36m<circle[31m
                    [33mcx[31m=[32m"16"[31m
                    [33mcy[31m=[32m"16"[31m
                    [33mr[31m=[32m"6"[31m
                  [36m/>[31m
                [36m</svg>[31m
              [36m</div>[31m
              [36m<div>[31m
                [36m<div[31m
                  [33mclass[31m=[32m"text-sm font-medium text-white"[31m
                [36m>[31m
                  [0mnmap[0m
                  [0m [0m
                  [36m<span[31m
                    [33mclass[31m=[32m"text-slate-500 font-normal"[31m
                  [36m>[31m
                    [0mon [0m
                    [0mMy Project[0m
                  [36m</span>[31m
                [36m</div>[31m
                [36m<div[31m
                  [33mclass[31m=[32m"text-xs text-slate-500 mt-0.5"[31m
                [36m>[31m
                  [0mDaily[0m
                  [0m ┬╖ next [0m
                  [0m25.04.2026, 13:00:00[0m
                  [36m<span[31m
                    [33mclass[31m=[32m"ml-1.5 text-[9px] font-bold uppercase px-1.5 py-0.5 rounded border border-amber-500/30 bg-amber-500/10 text-amber-300"[31m
                  [36m>[31m
                    [0moverdue[0m
                  [36m</span>[31m
                [36m</div>[31m
              [36m</div>[31m
            [36m</div>[31m
            [36m<div[31m
              [33mclass[31m=[32m"flex items-center gap-2"[31m
            [36m>[31m
              [36m<span[31m
                [33mclass[31m=[32m"text-[11px] px-2 py-0.5 rounded-md border text-emerald-300 border-emerald-500/30 bg-emerald-500/10"[31m
              [36m>[31m
                [0mActive[0m
              [36m</span>[31m
              [36m<button[31m
                [33mclass[31m=[32m"p-2 rounded-md text-slate-400 hover:text-white hover:bg-slate-900 transition"[31m
                [33mtitle[31m=[32m"Pause"[31m
              [36m>[31m
                [36m<svg[31m
                  [33mclass[31m=[32m"lucide lucide-power w-4 h-4"[31m
                  [33mfill[31m=[32m"none"[31m
                  [33mheight[31m=[32m"24"[31m
                  [33mstroke[31m=[32m"currentColor"[31m
                  [33mstroke-linecap[31m=[32m"round"[31m
                  [33mstroke-linejoin[31m=[32m"round"[31m
                  [33mstroke-width[31m=[32m"2"[31m
                  [33mviewBox[31m=[32m"0 0 24 24"[31m
                  [33mwidth[31m=[32m"24"[31m
                  [33mxmlns[31m=[32m"http://www.w3.org/2000/svg"[31m
                [36m>[31m
                  [36m<path[31m
                    [33md[31m=[32m"M12 2v10"[31m
                  [36m/>[31m
                  [36m<path[31m
                    [33md[31m=[32m"M18.4 6.6a9 9 0 1 1-12.77.04"[31m
                  [36m/>[31m
                [36m</svg>[31m
              [36m</button>[31m
              [36m<button[31m
                [33mclass[31m=[32m"p-2 rounded-md text-slate-400 hover:text-rose-300 hover:bg-slate-900 transition"[31m
                [33mtitle[31m=[32m"Delete"[31m
              [36m>[31m
                [36m<svg[31m
                  [33mclass[31m=[32m"lucide lucide-trash2 w-4 h-4"[31m
                  [33mfill[31m=[32m"none"[31m
                  [33mheight[31m=[32m"24"[31m
                  [33mstroke[31m=[32m"currentColor"[31m
                  [33mstroke-linecap[31m=[32m"round"[31m
                  [33mstroke-linejoin[31m=[32m"round"[31m
                  [33mstroke-width[31m=[32m"2"[31m
                  [33mviewBox[31m=[32m"0 0 24 24"[31m
                  [33mwidth[31m=[32m"24"[31m
                  [33mxmlns[31m=[32m"http://www.w3.org/2000/svg"[31m
                [36m>[31m
                  [36m<path[31m
                    [33md[31m=[32m"M3 6h18"[31m
                  [36m/>[31m
                  [36m<path[31m
                    [33md[31m=[32m"M19 6v14c0 1-1 2-2 2H7c-1 0-2-1-2-2V6"[31m
                  [36m/>[31m
                  [36m<path[31m
                    [33md[31m=[32m"M8 6V4c0-1 1-2 2-2h4c1 0 2 1 2 2v2"[31m
                  [36m/>[31m
                  [36m<line[31m
                    [33mx1[31m=[32m"10"[31m
                    [33mx2[31m=[32m"10"[31m
                    [33my1[31m=[32m"11"[31m
                    [33my2[31m=[32m"17"[31m
                  [36m/>[31m
                  [36m<line[31m
                    [33mx1[31m=[32m"14"[31m
                    [33mx2[31m=[32m"14"[31m
                    [33my1[31m=[32m"11"[31m
                    [33my2[31m=[32m"17"[31m
                  [36m/>[31m
                [36m</svg>[31m
              [36m</button>[31m
            [36m</div>[31m
          [36m</div>[31m
        [36m</div>[31m
      [36m</div>[31m
    [36m</div>[31m
  [36m</body>[31m
[36m</html>[31m[39m
[31m   [31m├Ч[31m SchedulesPanel тАФ with schedules[2m > [22mshows "Paused" badge for disabled schedule[33m 1026[2mms[22m[31m[39m
[31m     тЖТ Found multiple elements with the text: Paused

Here are the matching elements:

Ignored nodes: comments, script, style
[36m<div[31m
  [33mclass[31m=[32m"text-[10px] text-slate-500"[31m
[36m>[31m
  [0mPaused[0m
[36m</div>[31m

Ignored nodes: comments, script, style
[36m<span[31m
  [33mclass[31m=[32m"text-[11px] px-2 py-0.5 rounded-md border text-slate-400 border-slate-700 bg-slate-800/50"[31m
[36m>[31m
  [0mPaused[0m
[36m</span>[31m

(If this is intentional, then use the `*AllBy*` variant of the query (like `queryAllByText`, `getAllByText`, or `findAllByText`)).

Ignored nodes: comments, script, style
[36m<body>[31m
  [36m<div>[31m
    [36m<div>[31m
      [36m<div[31m
        [33mclass[31m=[32m"flex items-center justify-between mb-4"[31m
      [36m>[31m
        [36m<div[31m
          [33mclass[31m=[32m"text-sm text-slate-400"[31m
        [36m>[31m
          [0mAutomated scans that run on a recurring schedule. Due jobs are dispatched while the app is open.[0m
        [36m</div>[31m
        [36m<button[31m
          [33mclass[31m=[32m"inline-flex items-center gap-2 bg-emerald-500 hover:bg-emerald-400 disabled:opacity-40 text-slate-950 font-semibold px-3 py-1.5 rounded-md text-xs transition"[31m
        [36m>[31m
          [36m<svg[31m
            [33mclass[31m=[32m"lucide lucide-plus w-3.5 h-3.5"[31m
            [33mfill[31m=[32m"none"[31m
            [33mheight[31m=[32m"24"[31m
            [33mstroke[31m=[32m"currentColor"[31m
            [33mstroke-linecap[31m=[32m"round"[31m
            [33mstroke-linejoin[31m=[32m"round"[31m
            [33mstroke-width[31m=[32m"2"[31m
            [33mviewBox[31m=[32m"0 0 24 24"[31m
            [33mwidth[31m=[32m"24"[31m
            [33mxmlns[31m=[32m"http://www.w3.org/2000/svg"[31m
          [36m>[31m
            [36m<path[31m
              [33md[31m=[32m"M5 12h14"[31m
            [36m/>[31m
            [36m<path[31m
              [33md[31m=[32m"M12 5v14"[31m
            [36m/>[31m
          [36m</svg>[31m
          [0m New schedule[0m
        [36m</button>[31m
      [36m</div>[31m
      [36m<div[31m
        [33mclass[31m=[32m"grid grid-cols-3 gap-3 mb-4"[31m
      [36m>[31m
        [36m<div[31m
          [33mclass[31m=[32m"rounded-lg border border-slate-800 bg-slate-900/40 px-4 py-3"[31m
        [36m>[31m
          [36m<div[31m
            [33mclass[31m=[32m"text-xl font-bold text-white"[31m
          [36m>[31m
            [0m1[0m
          [36m</div>[31m
          [36m<div[31m
            [33mclass[31m=[32m"text-[10px] text-slate-500"[31m
          [36m>[31m
            [0mTotal[0m
          [36m</div>[31m
        [36m</div>[31m
        [36m<div[31m
          [33mclass[31m=[32m"rounded-lg border border-emerald-500/20 bg-emerald-500/5 px-4 py-3"[31m
        [36m>[31m
          [36m<div[31m
            [33mclass[31m=[32m"text-xl font-bold text-emerald-400"[31m
          [36m>[31m
            [0m0[0m
          [36m</div>[31m
          [36m<div[31m
            [33mclass[31m=[32m"text-[10px] text-slate-500"[31m
          [36m>[31m
            [0mActive[0m
          [36m</div>[31m
        [36m</div>[31m
        [36m<div[31m
          [33mclass[31m=[32m"rounded-lg border border-slate-700 bg-slate-800/30 px-4 py-3"[31m
        [36m>[31m
          [36m<div[31m
            [33mclass[31m=[32m"text-xl font-bold text-slate-400"[31m
          [36m>[31m
            [0m1[0m
          [36m</div>[31m
          [36m<div[31m
            [33mclass[31m=[32m"text-[10px] text-slate-500"[31m
          [36m>[31m
            [0mPaused[0m
          [36m</div>[31m
        [36m</div>[31m
      [36m</div>[31m
      [36m<div[31m
        [33mclass[31m=[32m"rounded-xl border border-slate-800 bg-slate-900/30 overflow-hidden divide-y divide-slate-800"[31m
      [36m>[31m
        [36m<div[31m
          [33mclass[31m=[32m"px-6 py-4 flex items-center justify-between"[31m
        [36m>[31m
          [36m<div[31m
            [33mclass[31m=[32m"flex items-center gap-4"[31m
          [36m>[31m
            [36m<div[31m
              [33mclass[31m=[32m"w-9 h-9 rounded-md flex items-center justify-center bg-slate-800 text-slate-500"[31m
            [36m>[31m
              [36m<svg[31m
                [33mclass[31m=[32m"lucide lucide-calendar-clock w-4 h-4"[31m
                [33mfill[31m=[32m"none"[31m
                [33mheight[31m=[32m"24"[31m
                [33mstroke[31m=[32m"currentColor"[31m
                [33mstroke-linecap[31m=[32m"round"[31m
                [33mstroke-linejoin[31m=[32m"round"[31m
                [33mstroke-width[31m=[32m"2"[31m
                [33mviewBox[31m=[32m"0 0 24 24"[31m
                [33mwidth[31m=[32m"24"[31m
                [33mxmlns[31m=[32m"http://www.w3.org/2000/svg"[31m
              [36m>[31m
                [36m<path[31m
                  [33md[31m=[32m"M21 7.5V6a2 2 0 0 0-2-2H5a2 2 0 0 0-2 2v14a2 2 0 0 0 2 2h3.5"[31m
                [36m/>[31m
                [36m<path[31m
                  [33md[31m=[32m"M16 2v4"[31m
                [36m/>[31m
                [36m<path[31m
                  [33md[31m=[32m"M8 2v4"[31m
                [36m/>[31m
                [36m<path[31m
                  [33md[31m=[32m"M3 10h5"[31m
                [36m/>[31m
                [36m<path[31m
                  [33md[31m=[32m"M17.5 17.5 16 16.3V14"[31m
                [36m/>[31m
                [36m<circle[31m
                  [33mcx[31m=[32m"16"[31m
                  [33mcy[31m=[32m"16"[31m
                  [33mr[31m=[32m"6"[31m
                [36m/>[31m
              [36m</svg>[31m
            [36m</div>[31m
            [36m<div>[31m
              [36m<div[31m
                [33mclass[31m=[32m"text-sm font-medium text-white"[31m
              [36m>[31m
                [0mnmap[0m
                [0m [0m
                [36m<span[31m
                  [33mclass[31m=[32m"text-slate-500 font-normal"[31m
                [36m>[31m
                  [0mon [0m
                  [0mMy Project[0m
                [36m</span>[31m
              [36m</div>[31m
              [36m<div[31m
                [33mclass[31m=[32m"text-xs text-slate-500 mt-0.5"[31m
              [36m>[31m
                [0mDaily[0m
                [0m ┬╖ next [0m
                [0m25.04.2026, 13:00:00[0m
              [36m</div>[31m
            [36m</div>[31m
          [36m</div>[31m
          [36m<div[31m
            [33mclass[31m=[32m"flex items-center gap-2"[31m
          [36m>[31m
            [36m<span[31m
              [33mclass[31m=[32m"text-[11px] px-2 py-0.5 rounded-md border text-slate-400 border-slate-700 bg-slate-800/50"[31m
            [36m>[31m
              [0mPaused[0m
            [36m</span>[31m
            [36m<button[31m
              [33mclass[31m=[32m"p-2 rounded-md text-slate-400 hover:text-white hover:bg-slate-900 transition"[31m
              [33mtitle[31m=[32m"Resume"[31m
            [36m>[31m
              [36m<svg[31m
                [33mclass[31m=[32m"lucide lucide-power w-4 h-4"[31m
                [33mfill[31m=[32m"none"[31m
                [33mheight[31m=[32m"24"[31m
                [33mstroke[31m=[32m"currentColor"[31m
                [33mstroke-linecap[31m=[32m"round"[31m
                [33mstroke-linejoin[31m=[32m"round"[31m
                [33mstroke-width[31m=[32m"2"[31m
                [33mviewBox[31m=[32m"0 0 24 24"[31m
                [33mwidth[31m=[32m"24"[31m
                [33mxmlns[31m=[32m"http://www.w3.org/2000/svg"[31m
              [36m>[31m
                [36m<path[31m
                  [33md[31m=[32m"M12 2v10"[31m
                [36m/>[31m
                [36m<path[31m
                  [33md[31m=[32m"M18.4 6.6a9 9 0 1 1-12.77.04"[31m
                [36m/>[31m
              [36m</svg>[31m
            [36m</button>[31m
            [36m<button[31m
              [33mclass[31m=[32m"p-2 rounded-md text-slate-400 hover:text-rose-300 hover:bg-slate-900 transition"[31m
              [33mtitle[31m=[32m"Delete"[31m
            [36m>[31m
              [36m<svg[31m
                [33mclass[31m=[32m"lucide lucide-trash2 w-4 h-4"[31m
                [33mfill[31m=[32m"none"[31m
                [33mheight[31m=[32m"24"[31m
                [33mstroke[31m=[32m"currentColor"[31m
                [33mstroke-linecap[31m=[32m"round"[31m
                [33mstroke-linejoin[31m=[32m"round"[31m
                [33mstroke-width[31m=[32m"2"[31m
                [33mviewBox[31m=[32m"0 0 24 24"[31m
                [33mwidth[31m=[32m"24"[31m
                [33mxmlns[31m=[32m"http://www.w3.org/2000/svg"[31m
              [36m>[31m
                [36m<path[31m
                  [33md[31m=[32m"M3 6h18"[31m
                [36m/>[31m
                [36m<path[31m
                  [33md[31m=[32m"M19 6v14c0 1-1 2-2 2H7c-1 0-2-1-2-2V6"[31m
                [36m/>[31m
                [36m<path[31m
                  [33md[31m=[32m"M8 6V4c0-1 1-2 2-2h4c1 0 2 1 2 2v2"[31m
                [36m/>[31m
                [36m<line[31m
                  [33mx1[31m=[32m"10"[31m
                  [33mx2[31m=[32m"10"[31m
                  [33my1[31m=[32m"11"[31m
                  [33my2[31m=[32m"17"[31m
                [36m/>[31m
                [36m<line[31m
                  [33mx1[31m=[32m"14"[31m
                  [33mx2[31m=[32m"14"[31m
                  [33my1[31m=[32m"11"[31m
                  [33my2[31m=[32m"17"[31m
                [36m/>[31m
              [36m</svg>[31m
            [36m</button>[31m
          [36m</div>[31m
        [36m</div>[31m
      [36m</div>[31m
    [36m</div>[31m
  [36m</div>[31m
[36m</body>[31m

Ignored nodes: comments, script, style
[36m<html>[31m
  [36m<head />[31m
  [36m<body>[31m
    [36m<div>[31m
      [36m<div>[31m
        [36m<div[31m
          [33mclass[31m=[32m"flex items-center justify-between mb-4"[31m
        [36m>[31m
          [36m<div[31m
            [33mclass[31m=[32m"text-sm text-slate-400"[31m
          [36m>[31m
            [0mAutomated scans that run on a recurring schedule. Due jobs are dispatched while the app is open.[0m
          [36m</div>[31m
          [36m<button[31m
            [33mclass[31m=[32m"inline-flex items-center gap-2 bg-emerald-500 hover:bg-emerald-400 disabled:opacity-40 text-slate-950 font-semibold px-3 py-1.5 rounded-md text-xs transition"[31m
          [36m>[31m
            [36m<svg[31m
              [33mclass[31m=[32m"lucide lucide-plus w-3.5 h-3.5"[31m
              [33mfill[31m=[32m"none"[31m
              [33mheight[31m=[32m"24"[31m
              [33mstroke[31m=[32m"currentColor"[31m
              [33mstroke-linecap[31m=[32m"round"[31m
              [33mstroke-linejoin[31m=[32m"round"[31m
              [33mstroke-width[31m=[32m"2"[31m
              [33mviewBox[31m=[32m"0 0 24 24"[31m
              [33mwidth[31m=[32m"24"[31m
              [33mxmlns[31m=[32m"http://www.w3.org/2000/svg"[31m
            [36m>[31m
              [36m<path[31m
                [33md[31m=[32m"M5 12h14"[31m
              [36m/>[31m
              [36m<path[31m
                [33md[31m=[32m"M12 5v14"[31m
              [36m/>[31m
            [36m</svg>[31m
            [0m New schedule[0m
          [36m</button>[31m
        [36m</div>[31m
        [36m<div[31m
          [33mclass[31m=[32m"grid grid-cols-3 gap-3 mb-4"[31m
        [36m>[31m
          [36m<div[31m
            [33mclass[31m=[32m"rounded-lg border border-slate-800 bg-slate-900/40 px-4 py-3"[31m
          [36m>[31m
            [36m<div[31m
              [33mclass[31m=[32m"text-xl font-bold text-white"[31m
            [36m>[31m
              [0m1[0m
            [36m</div>[31m
            [36m<div[31m
              [33mclass[31m=[32m"text-[10px] text-slate-500"[31m
            [36m>[31m
              [0mTotal[0m
            [36m</div>[31m
          [36m</div>[31m
          [36m<div[31m
            [33mclass[31m=[32m"rounded-lg border border-emerald-500/20 bg-emerald-500/5 px-4 py-3"[31m
          [36m>[31m
            [36m<div[31m
              [33mclass[31m=[32m"text-xl font-bold text-emerald-400"[31m
            [36m>[31m
              [0m0[0m
            [36m</div>[31m
            [36m<div[31m
              [33mclass[31m=[32m"text-[10px] text-slate-500"[31m
            [36m>[31m
              [0mActive[0m
            [36m</div>[31m
          [36m</div>[31m
          [36m<div[31m
            [33mclass[31m=[32m"rounded-lg border border-slate-700 bg-slate-800/30 px-4 py-3"[31m
          [36m>[31m
            [36m<div[31m
              [33mclass[31m=[32m"text-xl font-bold text-slate-400"[31m
            [36m>[31m
              [0m1[0m
            [36m</div>[31m
            [36m<div[31m
              [33mclass[31m=[32m"text-[10px] text-slate-500"[31m
            [36m>[31m
              [0mPaused[0m
            [36m</div>[31m
          [36m</div>[31m
        [36m</div>[31m
        [36m<div[31m
          [33mclass[31m=[32m"rounded-xl border border-slate-800 bg-slate-900/30 overflow-hidden divide-y divide-slate-800"[31m
        [36m>[31m
          [36m<div[31m
            [33mclass[31m=[32m"px-6 py-4 flex items-center justify-between"[31m
          [36m>[31m
            [36m<div[31m
              [33mclass[31m=[32m"flex items-center gap-4"[31m
            [36m>[31m
              [36m<div[31m
                [33mclass[31m=[32m"w-9 h-9 rounded-md flex items-center justify-center bg-slate-800 text-slate-500"[31m
              [36m>[31m
                [36m<svg[31m
                  [33mclass[31m=[32m"lucide lucide-calendar-clock w-4 h-4"[31m
                  [33mfill[31m=[32m"none"[31m
                  [33mheight[31m=[32m"24"[31m
                  [33mstroke[31m=[32m"currentColor"[31m
                  [33mstroke-linecap[31m=[32m"round"[31m
                  [33mstroke-linejoin[31m=[32m"round"[31m
                  [33mstroke-width[31m=[32m"2"[31m
                  [33mviewBox[31m=[32m"0 0 24 24"[31m
                  [33mwidth[31m=[32m"24"[31m
                  [33mxmlns[31m=[32m"http://www.w3.org/2000/svg"[31m
                [36m>[31m
                  [36m<path[31m
                    [33md[31m=[32m"M21 7.5V6a2 2 0 0 0-2-2H5a2 2 0 0 0-2 2v14a2 2 0 0 0 2 2h3.5"[31m
                  [36m/>[31m
                  [36m<path[31m
                    [33md[31m=[32m"M16 2v4"[31m
                  [36m/>[31m
                  [36m<path[31m
                    [33md[31m=[32m"M8 2v4"[31m
                  [36m/>[31m
                  [36m<path[31m
                    [33md[31m=[32m"M3 10h5"[31m
                  [36m/>[31m
                  [36m<path[31m
                    [33md[31m=[32m"M17.5 17.5 16 16.3V14"[31m
                  [36m/>[31m
                  [36m<circle[31m
                    [33mcx[31m=[32m"16"[31m
                    [33mcy[31m=[32m"16"[31m
                    [33mr[31m=[32m"6"[31m
                  [36m/>[31m
                [36m</svg>[31m
              [36m</div>[31m
              [36m<div>[31m
                [36m<div[31m
                  [33mclass[31m=[32m"text-sm font-medium text-white"[31m
                [36m>[31m
                  [0mnmap[0m
                  [0m [0m
                  [36m<span[31m
                    [33mclass[31m=[32m"text-slate-500 font-normal"[31m
                  [36m>[31m
                    [0mon [0m
                    [0mMy Project[0m
                  [36m</span>[31m
                [36m</div>[31m
                [36m<div[31m
                  [33mclass[31m=[32m"text-xs text-slate-500 mt-0.5"[31m
                [36m>[31m
                  [0mDaily[0m
                  [0m ┬╖ next [0m
                  [0m25.04.2026, 13:00:00[0m
                [36m</div>[31m
              [36m</div>[31m
            [36m</div>[31m
            [36m<div[31m
              [33mclass[31m=[32m"flex items-center gap-2"[31m
            [36m>[31m
              [36m<span[31m
                [33mclass[31m=[32m"text-[11px] px-2 py-0.5 rounded-md border text-slate-400 border-slate-700 bg-slate-800/50"[31m
              [36m>[31m
                [0mPaused[0m
              [36m</span>[31m
              [36m<button[31m
                [33mclass[31m=[32m"p-2 rounded-md text-slate-400 hover:text-white hover:bg-slate-900 transition"[31m
                [33mtitle[31m=[32m"Resume"[31m
              [36m>[31m
                [36m<svg[31m
                  [33mclass[31m=[32m"lucide lucide-power w-4 h-4"[31m
                  [33mfill[31m=[32m"none"[31m
                  [33mheight[31m=[32m"24"[31m
                  [33mstroke[31m=[32m"currentColor"[31m
                  [33mstroke-linecap[31m=[32m"round"[31m
                  [33mstroke-linejoin[31m=[32m"round"[31m
                  [33mstroke-width[31m=[32m"2"[31m
                  [33mviewBox[31m=[32m"0 0 24 24"[31m
                  [33mwidth[31m=[32m"24"[31m
                  [33mxmlns[31m=[32m"http://www.w3.org/2000/svg"[31m
                [36m>[31m
                  [36m<path[31m
                    [33md[31m=[32m"M12 2v10"[31m
                  [36m/>[31m
                  [36m<path[31m
                    [33md[31m=[32m"M18.4 6.6a9 9 0 1 1-12.77.04"[31m
                  [36m/>[31m
                [36m</svg>[31m
              [36m</button>[31m
              [36m<button[31m
                [33mclass[31m=[32m"p-2 rounded-md text-slate-400 hover:text-rose-300 hover:bg-slate-900 transition"[31m
                [33mtitle[31m=[32m"Delete"[31m
              [36m>[31m
                [36m<svg[31m
                  [33mclass[31m=[32m"lucide lucide-trash2 w-4 h-4"[31m
                  [33mfill[31m=[32m"none"[31m
                  [33mheight[31m=[32m"24"[31m
                  [33mstroke[31m=[32m"currentColor"[31m
                  [33mstroke-linecap[31m=[32m"round"[31m
                  [33mstroke-linejoin[31m=[32m"round"[31m
                  [33mstroke-width[31m=[32m"2"[31m
                  [33mviewBox[31m=[32m"0 0 24 24"[31m
                  [33mwidth[31m=[32m"24"[31m
                  [33mxmlns[31m=[32m"http://www.w3.org/2000/svg"[31m
                [36m>[31m
                  [36m<path[31m
                    [33md[31m=[32m"M3 6h18"[31m
                  [36m/>[31m
                  [36m<path[31m
                    [33md[31m=[32m"M19 6v14c0 1-1 2-2 2H7c-1 0-2-1-2-2V6"[31m
                  [36m/>[31m
                  [36m<path[31m
                    [33md[31m=[32m"M8 6V4c0-1 1-2 2-2h4c1 0 2 1 2 2v2"[31m
                  [36m/>[31m
                  [36m<line[31m
                    [33mx1[31m=[32m"10"[31m
                    [33mx2[31m=[32m"10"[31m
                    [33my1[31m=[32m"11"[31m
                    [33my2[31m=[32m"17"[31m
                  [36m/>[31m
                  [36m<line[31m
                    [33mx1[31m=[32m"14"[31m
                    [33mx2[31m=[32m"14"[31m
                    [33my1[31m=[32m"11"[31m
                    [33my2[31m=[32m"17"[31m
                  [36m/>[31m
                [36m</svg>[31m
              [36m</button>[31m
            [36m</div>[31m
          [36m</div>[31m
        [36m</div>[31m
      [36m</div>[31m
    [36m</div>[31m
  [36m</body>[31m
[36m</html>[31m[39m
 [32mтЬУ[39m src/api/__tests__/scans.service.integration.test.ts [2m([22m[2m10 tests[22m[2m)[22m[90m 13[2mms[22m[39m
stderr | src/lib/__tests__/schedulerDispatch.test.ts > dispatchDueSchedules > returns 0 when due schedules query fails
[scheduler] Error fetching due schedules: { message: 'db unavailable' }

[90mstdout[2m | src/lib/__tests__/schedulerDispatch.test.ts[2m > [22m[2mdispatchDueSchedules[2m > [22m[2mdispatches due schedules and counts successful launches only
[22m[39m[scanDispatch] Running in MOCK mode (no real agent)
[scanDispatch] Running in MOCK mode (no real agent)

stderr | src/lib/__tests__/schedulerDispatch.test.ts > dispatchDueSchedules > dispatches due schedules and counts successful launches only
[scheduler] Failed to dispatch scheduled scan: {
  code: 'SCAN_MOCK_FAILED',
  message: 'Mock scan failed to execute.',
  cause: undefined,
  context: { projectId: 'p-2', scanner: 'amass' },
  timestamp: '2026-04-26T13:45:52.675Z'
}

 [32mтЬУ[39m src/lib/__tests__/schedulerDispatch.test.ts [2m([22m[2m4 tests[22m[2m)[22m[90m 79[2mms[22m[39m
 [31mтЭп[39m src/pages/__tests__/Projects.test.tsx [2m([22m[2m0 test[22m[2m)[22m
stderr | src/pages/__tests__/KillChain.test.tsx > KillChain тАФ layout > renders "AI Red Team Simulation" heading
Error: useToast must be used inside <ToastProvider>
    at Module.useToast (D:\WORK\GITHUB\SENTINEL_AI\sentinel-ai-app\src\lib\toastContext.tsx:48:19)
    at KillChain (D:\WORK\GITHUB\SENTINEL_AI\sentinel-ai-app\src\pages\KillChain.tsx:29:17)
    at renderWithHooks (D:\WORK\GITHUB\SENTINEL_AI\sentinel-ai-app\node_modules\react-dom\cjs\react-dom.development.js:15486:18)
    at mountIndeterminateComponent (D:\WORK\GITHUB\SENTINEL_AI\sentinel-ai-app\node_modules\react-dom\cjs\react-dom.development.js:20103:13)
    at beginWork (D:\WORK\GITHUB\SENTINEL_AI\sentinel-ai-app\node_modules\react-dom\cjs\react-dom.development.js:21626:16)
    at HTMLUnknownElement.callCallback (D:\WORK\GITHUB\SENTINEL_AI\sentinel-ai-app\node_modules\react-dom\cjs\react-dom.development.js:4164:14)
    at HTMLUnknownElement.callTheUserObjectsOperation (D:\WORK\GITHUB\SENTINEL_AI\sentinel-ai-app\node_modules\jsdom\lib\generated\idl\EventListener.js:26:30)
    at innerInvokeEventListeners (D:\WORK\GITHUB\SENTINEL_AI\sentinel-ai-app\node_modules\jsdom\lib\jsdom\living\events\EventTarget-impl.js:360:16)
    at invokeEventListeners (D:\WORK\GITHUB\SENTINEL_AI\sentinel-ai-app\node_modules\jsdom\lib\jsdom\living\events\EventTarget-impl.js:296:3)
    at HTMLUnknownElementImpl._dispatch (D:\WORK\GITHUB\SENTINEL_AI\sentinel-ai-app\node_modules\jsdom\lib\jsdom\living\events\EventTarget-impl.js:243:9)
Error: useToast must be used inside <ToastProvider>
    at Module.useToast (D:\WORK\GITHUB\SENTINEL_AI\sentinel-ai-app\src\lib\toastContext.tsx:48:19)
    at KillChain (D:\WORK\GITHUB\SENTINEL_AI\sentinel-ai-app\src\pages\KillChain.tsx:29:17)
    at renderWithHooks (D:\WORK\GITHUB\SENTINEL_AI\sentinel-ai-app\node_modules\react-dom\cjs\react-dom.development.js:15486:18)
    at mountIndeterminateComponent (D:\WORK\GITHUB\SENTINEL_AI\sentinel-ai-app\node_modules\react-dom\cjs\react-dom.development.js:20103:13)
    at beginWork (D:\WORK\GITHUB\SENTINEL_AI\sentinel-ai-app\node_modules\react-dom\cjs\react-dom.development.js:21626:16)
    at HTMLUnknownElement.callCallback (D:\WORK\GITHUB\SENTINEL_AI\sentinel-ai-app\node_modules\react-dom\cjs\react-dom.development.js:4164:14)
    at HTMLUnknownElement.callTheUserObjectsOperation (D:\WORK\GITHUB\SENTINEL_AI\sentinel-ai-app\node_modules\jsdom\lib\generated\idl\EventListener.js:26:30)
    at innerInvokeEventListeners (D:\WORK\GITHUB\SENTINEL_AI\sentinel-ai-app\node_modules\jsdom\lib\jsdom\living\events\EventTarget-impl.js:360:16)
    at invokeEventListeners (D:\WORK\GITHUB\SENTINEL_AI\sentinel-ai-app\node_modules\jsdom\lib\jsdom\living\events\EventTarget-impl.js:296:3)
    at HTMLUnknownElementImpl._dispatch (D:\WORK\GITHUB\SENTINEL_AI\sentinel-ai-app\node_modules\jsdom\lib\jsdom\living\events\EventTarget-impl.js:243:9)
The above error occurred in the <KillChain> component:

    at KillChain (D:\WORK\GITHUB\SENTINEL_AI\sentinel-ai-app\src\pages\KillChain.tsx:18:57)

Consider adding an error boundary to your tree to customize error handling behavior.
Visit https://reactjs.org/link/error-boundaries to learn more about error boundaries.

stderr | src/pages/__tests__/KillChain.test.tsx > KillChain тАФ layout > renders "Target Project" label
Error: useToast must be used inside <ToastProvider>
    at Module.useToast (D:\WORK\GITHUB\SENTINEL_AI\sentinel-ai-app\src\lib\toastContext.tsx:48:19)
    at KillChain (D:\WORK\GITHUB\SENTINEL_AI\sentinel-ai-app\src\pages\KillChain.tsx:29:17)
    at renderWithHooks (D:\WORK\GITHUB\SENTINEL_AI\sentinel-ai-app\node_modules\react-dom\cjs\react-dom.development.js:15486:18)
    at mountIndeterminateComponent (D:\WORK\GITHUB\SENTINEL_AI\sentinel-ai-app\node_modules\react-dom\cjs\react-dom.development.js:20103:13)
    at beginWork (D:\WORK\GITHUB\SENTINEL_AI\sentinel-ai-app\node_modules\react-dom\cjs\react-dom.development.js:21626:16)
    at HTMLUnknownElement.callCallback (D:\WORK\GITHUB\SENTINEL_AI\sentinel-ai-app\node_modules\react-dom\cjs\react-dom.development.js:4164:14)
    at HTMLUnknownElement.callTheUserObjectsOperation (D:\WORK\GITHUB\SENTINEL_AI\sentinel-ai-app\node_modules\jsdom\lib\generated\idl\EventListener.js:26:30)
    at innerInvokeEventListeners (D:\WORK\GITHUB\SENTINEL_AI\sentinel-ai-app\node_modules\jsdom\lib\jsdom\living\events\EventTarget-impl.js:360:16)
    at invokeEventListeners (D:\WORK\GITHUB\SENTINEL_AI\sentinel-ai-app\node_modules\jsdom\lib\jsdom\living\events\EventTarget-impl.js:296:3)
    at HTMLUnknownElementImpl._dispatch (D:\WORK\GITHUB\SENTINEL_AI\sentinel-ai-app\node_modules\jsdom\lib\jsdom\living\events\EventTarget-impl.js:243:9)
Error: useToast must be used inside <ToastProvider>
    at Module.useToast (D:\WORK\GITHUB\SENTINEL_AI\sentinel-ai-app\src\lib\toastContext.tsx:48:19)
    at KillChain (D:\WORK\GITHUB\SENTINEL_AI\sentinel-ai-app\src\pages\KillChain.tsx:29:17)
    at renderWithHooks (D:\WORK\GITHUB\SENTINEL_AI\sentinel-ai-app\node_modules\react-dom\cjs\react-dom.development.js:15486:18)
    at mountIndeterminateComponent (D:\WORK\GITHUB\SENTINEL_AI\sentinel-ai-app\node_modules\react-dom\cjs\react-dom.development.js:20103:13)
    at beginWork (D:\WORK\GITHUB\SENTINEL_AI\sentinel-ai-app\node_modules\react-dom\cjs\react-dom.development.js:21626:16)
    at HTMLUnknownElement.callCallback (D:\WORK\GITHUB\SENTINEL_AI\sentinel-ai-app\node_modules\react-dom\cjs\react-dom.development.js:4164:14)
    at HTMLUnknownElement.callTheUserObjectsOperation (D:\WORK\GITHUB\SENTINEL_AI\sentinel-ai-app\node_modules\jsdom\lib\generated\idl\EventListener.js:26:30)
    at innerInvokeEventListeners (D:\WORK\GITHUB\SENTINEL_AI\sentinel-ai-app\node_modules\jsdom\lib\jsdom\living\events\EventTarget-impl.js:360:16)
    at invokeEventListeners (D:\WORK\GITHUB\SENTINEL_AI\sentinel-ai-app\node_modules\jsdom\lib\jsdom\living\events\EventTarget-impl.js:296:3)
    at HTMLUnknownElementImpl._dispatch (D:\WORK\GITHUB\SENTINEL_AI\sentinel-ai-app\node_modules\jsdom\lib\jsdom\living\events\EventTarget-impl.js:243:9)
The above error occurred in the <KillChain> component:

    at KillChain (D:\WORK\GITHUB\SENTINEL_AI\sentinel-ai-app\src\pages\KillChain.tsx:18:57)

Consider adding an error boundary to your tree to customize error handling behavior.
Visit https://reactjs.org/link/error-boundaries to learn more about error boundaries.

stderr | src/pages/__tests__/KillChain.test.tsx > KillChain тАФ layout > renders "Generate Kill Chain" button
Error: useToast must be used inside <ToastProvider>
    at Module.useToast (D:\WORK\GITHUB\SENTINEL_AI\sentinel-ai-app\src\lib\toastContext.tsx:48:19)
    at KillChain (D:\WORK\GITHUB\SENTINEL_AI\sentinel-ai-app\src\pages\KillChain.tsx:29:17)
    at renderWithHooks (D:\WORK\GITHUB\SENTINEL_AI\sentinel-ai-app\node_modules\react-dom\cjs\react-dom.development.js:15486:18)
    at mountIndeterminateComponent (D:\WORK\GITHUB\SENTINEL_AI\sentinel-ai-app\node_modules\react-dom\cjs\react-dom.development.js:20103:13)
    at beginWork (D:\WORK\GITHUB\SENTINEL_AI\sentinel-ai-app\node_modules\react-dom\cjs\react-dom.development.js:21626:16)
    at HTMLUnknownElement.callCallback (D:\WORK\GITHUB\SENTINEL_AI\sentinel-ai-app\node_modules\react-dom\cjs\react-dom.development.js:4164:14)
    at HTMLUnknownElement.callTheUserObjectsOperation (D:\WORK\GITHUB\SENTINEL_AI\sentinel-ai-app\node_modules\jsdom\lib\generated\idl\EventListener.js:26:30)
    at innerInvokeEventListeners (D:\WORK\GITHUB\SENTINEL_AI\sentinel-ai-app\node_modules\jsdom\lib\jsdom\living\events\EventTarget-impl.js:360:16)
    at invokeEventListeners (D:\WORK\GITHUB\SENTINEL_AI\sentinel-ai-app\node_modules\jsdom\lib\jsdom\living\events\EventTarget-impl.js:296:3)
    at HTMLUnknownElementImpl._dispatch (D:\WORK\GITHUB\SENTINEL_AI\sentinel-ai-app\node_modules\jsdom\lib\jsdom\living\events\EventTarget-impl.js:243:9)
Error: useToast must be used inside <ToastProvider>
    at Module.useToast (D:\WORK\GITHUB\SENTINEL_AI\sentinel-ai-app\src\lib\toastContext.tsx:48:19)
    at KillChain (D:\WORK\GITHUB\SENTINEL_AI\sentinel-ai-app\src\pages\KillChain.tsx:29:17)
    at renderWithHooks (D:\WORK\GITHUB\SENTINEL_AI\sentinel-ai-app\node_modules\react-dom\cjs\react-dom.development.js:15486:18)
    at mountIndeterminateComponent (D:\WORK\GITHUB\SENTINEL_AI\sentinel-ai-app\node_modules\react-dom\cjs\react-dom.development.js:20103:13)
    at beginWork (D:\WORK\GITHUB\SENTINEL_AI\sentinel-ai-app\node_modules\react-dom\cjs\react-dom.development.js:21626:16)
    at HTMLUnknownElement.callCallback (D:\WORK\GITHUB\SENTINEL_AI\sentinel-ai-app\node_modules\react-dom\cjs\react-dom.development.js:4164:14)
    at HTMLUnknownElement.callTheUserObjectsOperation (D:\WORK\GITHUB\SENTINEL_AI\sentinel-ai-app\node_modules\jsdom\lib\generated\idl\EventListener.js:26:30)
    at innerInvokeEventListeners (D:\WORK\GITHUB\SENTINEL_AI\sentinel-ai-app\node_modules\jsdom\lib\jsdom\living\events\EventTarget-impl.js:360:16)
    at invokeEventListeners (D:\WORK\GITHUB\SENTINEL_AI\sentinel-ai-app\node_modules\jsdom\lib\jsdom\living\events\EventTarget-impl.js:296:3)
    at HTMLUnknownElementImpl._dispatch (D:\WORK\GITHUB\SENTINEL_AI\sentinel-ai-app\node_modules\jsdom\lib\jsdom\living\events\EventTarget-impl.js:243:9)
The above error occurred in the <KillChain> component:

    at KillChain (D:\WORK\GITHUB\SENTINEL_AI\sentinel-ai-app\src\pages\KillChain.tsx:18:57)

Consider adding an error boundary to your tree to customize error handling behavior.
Visit https://reactjs.org/link/error-boundaries to learn more about error boundaries.

stderr | src/pages/__tests__/KillChain.test.tsx > KillChain тАФ layout > renders project options after load
Error: useToast must be used inside <ToastProvider>
    at Module.useToast (D:\WORK\GITHUB\SENTINEL_AI\sentinel-ai-app\src\lib\toastContext.tsx:48:19)
    at KillChain (D:\WORK\GITHUB\SENTINEL_AI\sentinel-ai-app\src\pages\KillChain.tsx:29:17)
    at renderWithHooks (D:\WORK\GITHUB\SENTINEL_AI\sentinel-ai-app\node_modules\react-dom\cjs\react-dom.development.js:15486:18)
    at mountIndeterminateComponent (D:\WORK\GITHUB\SENTINEL_AI\sentinel-ai-app\node_modules\react-dom\cjs\react-dom.development.js:20103:13)
    at beginWork (D:\WORK\GITHUB\SENTINEL_AI\sentinel-ai-app\node_modules\react-dom\cjs\react-dom.development.js:21626:16)
    at HTMLUnknownElement.callCallback (D:\WORK\GITHUB\SENTINEL_AI\sentinel-ai-app\node_modules\react-dom\cjs\react-dom.development.js:4164:14)
    at HTMLUnknownElement.callTheUserObjectsOperation (D:\WORK\GITHUB\SENTINEL_AI\sentinel-ai-app\node_modules\jsdom\lib\generated\idl\EventListener.js:26:30)
    at innerInvokeEventListeners (D:\WORK\GITHUB\SENTINEL_AI\sentinel-ai-app\node_modules\jsdom\lib\jsdom\living\events\EventTarget-impl.js:360:16)
    at invokeEventListeners (D:\WORK\GITHUB\SENTINEL_AI\sentinel-ai-app\node_modules\jsdom\lib\jsdom\living\events\EventTarget-impl.js:296:3)
    at HTMLUnknownElementImpl._dispatch (D:\WORK\GITHUB\SENTINEL_AI\sentinel-ai-app\node_modules\jsdom\lib\jsdom\living\events\EventTarget-impl.js:243:9)
Error: useToast must be used inside <ToastProvider>
    at Module.useToast (D:\WORK\GITHUB\SENTINEL_AI\sentinel-ai-app\src\lib\toastContext.tsx:48:19)
    at KillChain (D:\WORK\GITHUB\SENTINEL_AI\sentinel-ai-app\src\pages\KillChain.tsx:29:17)
    at renderWithHooks (D:\WORK\GITHUB\SENTINEL_AI\sentinel-ai-app\node_modules\react-dom\cjs\react-dom.development.js:15486:18)
    at mountIndeterminateComponent (D:\WORK\GITHUB\SENTINEL_AI\sentinel-ai-app\node_modules\react-dom\cjs\react-dom.development.js:20103:13)
    at beginWork (D:\WORK\GITHUB\SENTINEL_AI\sentinel-ai-app\node_modules\react-dom\cjs\react-dom.development.js:21626:16)
    at HTMLUnknownElement.callCallback (D:\WORK\GITHUB\SENTINEL_AI\sentinel-ai-app\node_modules\react-dom\cjs\react-dom.development.js:4164:14)
    at HTMLUnknownElement.callTheUserObjectsOperation (D:\WORK\GITHUB\SENTINEL_AI\sentinel-ai-app\node_modules\jsdom\lib\generated\idl\EventListener.js:26:30)
    at innerInvokeEventListeners (D:\WORK\GITHUB\SENTINEL_AI\sentinel-ai-app\node_modules\jsdom\lib\jsdom\living\events\EventTarget-impl.js:360:16)
    at invokeEventListeners (D:\WORK\GITHUB\SENTINEL_AI\sentinel-ai-app\node_modules\jsdom\lib\jsdom\living\events\EventTarget-impl.js:296:3)
    at HTMLUnknownElementImpl._dispatch (D:\WORK\GITHUB\SENTINEL_AI\sentinel-ai-app\node_modules\jsdom\lib\jsdom\living\events\EventTarget-impl.js:243:9)
The above error occurred in the <KillChain> component:

    at KillChain (D:\WORK\GITHUB\SENTINEL_AI\sentinel-ai-app\src\pages\KillChain.tsx:18:57)

Consider adding an error boundary to your tree to customize error handling behavior.
Visit https://reactjs.org/link/error-boundaries to learn more about error boundaries.

stderr | src/pages/__tests__/KillChain.test.tsx > KillChain тАФ simulation > button is disabled while loading
Error: useToast must be used inside <ToastProvider>
    at Module.useToast (D:\WORK\GITHUB\SENTINEL_AI\sentinel-ai-app\src\lib\toastContext.tsx:48:19)
    at KillChain (D:\WORK\GITHUB\SENTINEL_AI\sentinel-ai-app\src\pages\KillChain.tsx:29:17)
    at renderWithHooks (D:\WORK\GITHUB\SENTINEL_AI\sentinel-ai-app\node_modules\react-dom\cjs\react-dom.development.js:15486:18)
    at mountIndeterminateComponent (D:\WORK\GITHUB\SENTINEL_AI\sentinel-ai-app\node_modules\react-dom\cjs\react-dom.development.js:20103:13)
    at beginWork (D:\WORK\GITHUB\SENTINEL_AI\sentinel-ai-app\node_modules\react-dom\cjs\react-dom.development.js:21626:16)
    at HTMLUnknownElement.callCallback (D:\WORK\GITHUB\SENTINEL_AI\sentinel-ai-app\node_modules\react-dom\cjs\react-dom.development.js:4164:14)
    at HTMLUnknownElement.callTheUserObjectsOperation (D:\WORK\GITHUB\SENTINEL_AI\sentinel-ai-app\node_modules\jsdom\lib\generated\idl\EventListener.js:26:30)
    at innerInvokeEventListeners (D:\WORK\GITHUB\SENTINEL_AI\sentinel-ai-app\node_modules\jsdom\lib\jsdom\living\events\EventTarget-impl.js:360:16)
    at invokeEventListeners (D:\WORK\GITHUB\SENTINEL_AI\sentinel-ai-app\node_modules\jsdom\lib\jsdom\living\events\EventTarget-impl.js:296:3)
    at HTMLUnknownElementImpl._dispatch (D:\WORK\GITHUB\SENTINEL_AI\sentinel-ai-app\node_modules\jsdom\lib\jsdom\living\events\EventTarget-impl.js:243:9)
Error: useToast must be used inside <ToastProvider>
    at Module.useToast (D:\WORK\GITHUB\SENTINEL_AI\sentinel-ai-app\src\lib\toastContext.tsx:48:19)
    at KillChain (D:\WORK\GITHUB\SENTINEL_AI\sentinel-ai-app\src\pages\KillChain.tsx:29:17)
    at renderWithHooks (D:\WORK\GITHUB\SENTINEL_AI\sentinel-ai-app\node_modules\react-dom\cjs\react-dom.development.js:15486:18)
    at mountIndeterminateComponent (D:\WORK\GITHUB\SENTINEL_AI\sentinel-ai-app\node_modules\react-dom\cjs\react-dom.development.js:20103:13)
    at beginWork (D:\WORK\GITHUB\SENTINEL_AI\sentinel-ai-app\node_modules\react-dom\cjs\react-dom.development.js:21626:16)
    at HTMLUnknownElement.callCallback (D:\WORK\GITHUB\SENTINEL_AI\sentinel-ai-app\node_modules\react-dom\cjs\react-dom.development.js:4164:14)
    at HTMLUnknownElement.callTheUserObjectsOperation (D:\WORK\GITHUB\SENTINEL_AI\sentinel-ai-app\node_modules\jsdom\lib\generated\idl\EventListener.js:26:30)
    at innerInvokeEventListeners (D:\WORK\GITHUB\SENTINEL_AI\sentinel-ai-app\node_modules\jsdom\lib\jsdom\living\events\EventTarget-impl.js:360:16)
    at invokeEventListeners (D:\WORK\GITHUB\SENTINEL_AI\sentinel-ai-app\node_modules\jsdom\lib\jsdom\living\events\EventTarget-impl.js:296:3)
    at HTMLUnknownElementImpl._dispatch (D:\WORK\GITHUB\SENTINEL_AI\sentinel-ai-app\node_modules\jsdom\lib\jsdom\living\events\EventTarget-impl.js:243:9)
The above error occurred in the <KillChain> component:

    at KillChain (D:\WORK\GITHUB\SENTINEL_AI\sentinel-ai-app\src\pages\KillChain.tsx:18:57)

Consider adding an error boundary to your tree to customize error handling behavior.
Visit https://reactjs.org/link/error-boundaries to learn more about error boundaries.

stderr | src/pages/__tests__/KillChain.test.tsx > KillChain тАФ simulation > renders kill chain steps after generation
Error: useToast must be used inside <ToastProvider>
    at Module.useToast (D:\WORK\GITHUB\SENTINEL_AI\sentinel-ai-app\src\lib\toastContext.tsx:48:19)
    at KillChain (D:\WORK\GITHUB\SENTINEL_AI\sentinel-ai-app\src\pages\KillChain.tsx:29:17)
    at renderWithHooks (D:\WORK\GITHUB\SENTINEL_AI\sentinel-ai-app\node_modules\react-dom\cjs\react-dom.development.js:15486:18)
    at mountIndeterminateComponent (D:\WORK\GITHUB\SENTINEL_AI\sentinel-ai-app\node_modules\react-dom\cjs\react-dom.development.js:20103:13)
    at beginWork (D:\WORK\GITHUB\SENTINEL_AI\sentinel-ai-app\node_modules\react-dom\cjs\react-dom.development.js:21626:16)
    at HTMLUnknownElement.callCallback (D:\WORK\GITHUB\SENTINEL_AI\sentinel-ai-app\node_modules\react-dom\cjs\react-dom.development.js:4164:14)
    at HTMLUnknownElement.callTheUserObjectsOperation (D:\WORK\GITHUB\SENTINEL_AI\sentinel-ai-app\node_modules\jsdom\lib\generated\idl\EventListener.js:26:30)
    at innerInvokeEventListeners (D:\WORK\GITHUB\SENTINEL_AI\sentinel-ai-app\node_modules\jsdom\lib\jsdom\living\events\EventTarget-impl.js:360:16)
    at invokeEventListeners (D:\WORK\GITHUB\SENTINEL_AI\sentinel-ai-app\node_modules\jsdom\lib\jsdom\living\events\EventTarget-impl.js:296:3)
    at HTMLUnknownElementImpl._dispatch (D:\WORK\GITHUB\SENTINEL_AI\sentinel-ai-app\node_modules\jsdom\lib\jsdom\living\events\EventTarget-impl.js:243:9)
Error: useToast must be used inside <ToastProvider>
    at Module.useToast (D:\WORK\GITHUB\SENTINEL_AI\sentinel-ai-app\src\lib\toastContext.tsx:48:19)
    at KillChain (D:\WORK\GITHUB\SENTINEL_AI\sentinel-ai-app\src\pages\KillChain.tsx:29:17)
    at renderWithHooks (D:\WORK\GITHUB\SENTINEL_AI\sentinel-ai-app\node_modules\react-dom\cjs\react-dom.development.js:15486:18)
    at mountIndeterminateComponent (D:\WORK\GITHUB\SENTINEL_AI\sentinel-ai-app\node_modules\react-dom\cjs\react-dom.development.js:20103:13)
    at beginWork (D:\WORK\GITHUB\SENTINEL_AI\sentinel-ai-app\node_modules\react-dom\cjs\react-dom.development.js:21626:16)
    at HTMLUnknownElement.callCallback (D:\WORK\GITHUB\SENTINEL_AI\sentinel-ai-app\node_modules\react-dom\cjs\react-dom.development.js:4164:14)
    at HTMLUnknownElement.callTheUserObjectsOperation (D:\WORK\GITHUB\SENTINEL_AI\sentinel-ai-app\node_modules\jsdom\lib\generated\idl\EventListener.js:26:30)
    at innerInvokeEventListeners (D:\WORK\GITHUB\SENTINEL_AI\sentinel-ai-app\node_modules\jsdom\lib\jsdom\living\events\EventTarget-impl.js:360:16)
    at invokeEventListeners (D:\WORK\GITHUB\SENTINEL_AI\sentinel-ai-app\node_modules\jsdom\lib\jsdom\living\events\EventTarget-impl.js:296:3)
    at HTMLUnknownElementImpl._dispatch (D:\WORK\GITHUB\SENTINEL_AI\sentinel-ai-app\node_modules\jsdom\lib\jsdom\living\events\EventTarget-impl.js:243:9)
The above error occurred in the <KillChain> component:

    at KillChain (D:\WORK\GITHUB\SENTINEL_AI\sentinel-ai-app\src\pages\KillChain.tsx:18:57)

Consider adding an error boundary to your tree to customize error handling behavior.
Visit https://reactjs.org/link/error-boundaries to learn more about error boundaries.

stderr | src/pages/__tests__/KillChain.test.tsx > KillChain тАФ simulation > renders each phase name
Error: useToast must be used inside <ToastProvider>
    at Module.useToast (D:\WORK\GITHUB\SENTINEL_AI\sentinel-ai-app\src\lib\toastContext.tsx:48:19)
    at KillChain (D:\WORK\GITHUB\SENTINEL_AI\sentinel-ai-app\src\pages\KillChain.tsx:29:17)
    at renderWithHooks (D:\WORK\GITHUB\SENTINEL_AI\sentinel-ai-app\node_modules\react-dom\cjs\react-dom.development.js:15486:18)
    at mountIndeterminateComponent (D:\WORK\GITHUB\SENTINEL_AI\sentinel-ai-app\node_modules\react-dom\cjs\react-dom.development.js:20103:13)
    at beginWork (D:\WORK\GITHUB\SENTINEL_AI\sentinel-ai-app\node_modules\react-dom\cjs\react-dom.development.js:21626:16)
    at HTMLUnknownElement.callCallback (D:\WORK\GITHUB\SENTINEL_AI\sentinel-ai-app\node_modules\react-dom\cjs\react-dom.development.js:4164:14)
    at HTMLUnknownElement.callTheUserObjectsOperation (D:\WORK\GITHUB\SENTINEL_AI\sentinel-ai-app\node_modules\jsdom\lib\generated\idl\EventListener.js:26:30)
    at innerInvokeEventListeners (D:\WORK\GITHUB\SENTINEL_AI\sentinel-ai-app\node_modules\jsdom\lib\jsdom\living\events\EventTarget-impl.js:360:16)
    at invokeEventListeners (D:\WORK\GITHUB\SENTINEL_AI\sentinel-ai-app\node_modules\jsdom\lib\jsdom\living\events\EventTarget-impl.js:296:3)
    at HTMLUnknownElementImpl._dispatch (D:\WORK\GITHUB\SENTINEL_AI\sentinel-ai-app\node_modules\jsdom\lib\jsdom\living\events\EventTarget-impl.js:243:9)
Error: useToast must be used inside <ToastProvider>
    at Module.useToast (D:\WORK\GITHUB\SENTINEL_AI\sentinel-ai-app\src\lib\toastContext.tsx:48:19)
    at KillChain (D:\WORK\GITHUB\SENTINEL_AI\sentinel-ai-app\src\pages\KillChain.tsx:29:17)
    at renderWithHooks (D:\WORK\GITHUB\SENTINEL_AI\sentinel-ai-app\node_modules\react-dom\cjs\react-dom.development.js:15486:18)
    at mountIndeterminateComponent (D:\WORK\GITHUB\SENTINEL_AI\sentinel-ai-app\node_modules\react-dom\cjs\react-dom.development.js:20103:13)
    at beginWork (D:\WORK\GITHUB\SENTINEL_AI\sentinel-ai-app\node_modules\react-dom\cjs\react-dom.development.js:21626:16)
    at HTMLUnknownElement.callCallback (D:\WORK\GITHUB\SENTINEL_AI\sentinel-ai-app\node_modules\react-dom\cjs\react-dom.development.js:4164:14)
    at HTMLUnknownElement.callTheUserObjectsOperation (D:\WORK\GITHUB\SENTINEL_AI\sentinel-ai-app\node_modules\jsdom\lib\generated\idl\EventListener.js:26:30)
    at innerInvokeEventListeners (D:\WORK\GITHUB\SENTINEL_AI\sentinel-ai-app\node_modules\jsdom\lib\jsdom\living\events\EventTarget-impl.js:360:16)
    at invokeEventListeners (D:\WORK\GITHUB\SENTINEL_AI\sentinel-ai-app\node_modules\jsdom\lib\jsdom\living\events\EventTarget-impl.js:296:3)
    at HTMLUnknownElementImpl._dispatch (D:\WORK\GITHUB\SENTINEL_AI\sentinel-ai-app\node_modules\jsdom\lib\jsdom\living\events\EventTarget-impl.js:243:9)
The above error occurred in the <KillChain> component:

    at KillChain (D:\WORK\GITHUB\SENTINEL_AI\sentinel-ai-app\src\pages\KillChain.tsx:18:57)

Consider adding an error boundary to your tree to customize error handling behavior.
Visit https://reactjs.org/link/error-boundaries to learn more about error boundaries.

stderr | src/pages/__tests__/KillChain.test.tsx > KillChain тАФ simulation > renders tactic names
Error: useToast must be used inside <ToastProvider>
    at Module.useToast (D:\WORK\GITHUB\SENTINEL_AI\sentinel-ai-app\src\lib\toastContext.tsx:48:19)
    at KillChain (D:\WORK\GITHUB\SENTINEL_AI\sentinel-ai-app\src\pages\KillChain.tsx:29:17)
    at renderWithHooks (D:\WORK\GITHUB\SENTINEL_AI\sentinel-ai-app\node_modules\react-dom\cjs\react-dom.development.js:15486:18)
    at mountIndeterminateComponent (D:\WORK\GITHUB\SENTINEL_AI\sentinel-ai-app\node_modules\react-dom\cjs\react-dom.development.js:20103:13)
    at beginWork (D:\WORK\GITHUB\SENTINEL_AI\sentinel-ai-app\node_modules\react-dom\cjs\react-dom.development.js:21626:16)
    at HTMLUnknownElement.callCallback (D:\WORK\GITHUB\SENTINEL_AI\sentinel-ai-app\node_modules\react-dom\cjs\react-dom.development.js:4164:14)
    at HTMLUnknownElement.callTheUserObjectsOperation (D:\WORK\GITHUB\SENTINEL_AI\sentinel-ai-app\node_modules\jsdom\lib\generated\idl\EventListener.js:26:30)
    at innerInvokeEventListeners (D:\WORK\GITHUB\SENTINEL_AI\sentinel-ai-app\node_modules\jsdom\lib\jsdom\living\events\EventTarget-impl.js:360:16)
    at invokeEventListeners (D:\WORK\GITHUB\SENTINEL_AI\sentinel-ai-app\node_modules\jsdom\lib\jsdom\living\events\EventTarget-impl.js:296:3)
    at HTMLUnknownElementImpl._dispatch (D:\WORK\GITHUB\SENTINEL_AI\sentinel-ai-app\node_modules\jsdom\lib\jsdom\living\events\EventTarget-impl.js:243:9)
Error: useToast must be used inside <ToastProvider>
    at Module.useToast (D:\WORK\GITHUB\SENTINEL_AI\sentinel-ai-app\src\lib\toastContext.tsx:48:19)
    at KillChain (D:\WORK\GITHUB\SENTINEL_AI\sentinel-ai-app\src\pages\KillChain.tsx:29:17)
    at renderWithHooks (D:\WORK\GITHUB\SENTINEL_AI\sentinel-ai-app\node_modules\react-dom\cjs\react-dom.development.js:15486:18)
    at mountIndeterminateComponent (D:\WORK\GITHUB\SENTINEL_AI\sentinel-ai-app\node_modules\react-dom\cjs\react-dom.development.js:20103:13)
    at beginWork (D:\WORK\GITHUB\SENTINEL_AI\sentinel-ai-app\node_modules\react-dom\cjs\react-dom.development.js:21626:16)
    at HTMLUnknownElement.callCallback (D:\WORK\GITHUB\SENTINEL_AI\sentinel-ai-app\node_modules\react-dom\cjs\react-dom.development.js:4164:14)
    at HTMLUnknownElement.callTheUserObjectsOperation (D:\WORK\GITHUB\SENTINEL_AI\sentinel-ai-app\node_modules\jsdom\lib\generated\idl\EventListener.js:26:30)
    at innerInvokeEventListeners (D:\WORK\GITHUB\SENTINEL_AI\sentinel-ai-app\node_modules\jsdom\lib\jsdom\living\events\EventTarget-impl.js:360:16)
    at invokeEventListeners (D:\WORK\GITHUB\SENTINEL_AI\sentinel-ai-app\node_modules\jsdom\lib\jsdom\living\events\EventTarget-impl.js:296:3)
    at HTMLUnknownElementImpl._dispatch (D:\WORK\GITHUB\SENTINEL_AI\sentinel-ai-app\node_modules\jsdom\lib\jsdom\living\events\EventTarget-impl.js:243:9)
The above error occurred in the <KillChain> component:

    at KillChain (D:\WORK\GITHUB\SENTINEL_AI\sentinel-ai-app\src\pages\KillChain.tsx:18:57)

Consider adding an error boundary to your tree to customize error handling behavior.
Visit https://reactjs.org/link/error-boundaries to learn more about error boundaries.

stderr | src/pages/__tests__/KillChain.test.tsx > KillChain тАФ simulation > calls generateKillChain with project name and vulns
Error: useToast must be used inside <ToastProvider>
    at Module.useToast (D:\WORK\GITHUB\SENTINEL_AI\sentinel-ai-app\src\lib\toastContext.tsx:48:19)
    at KillChain (D:\WORK\GITHUB\SENTINEL_AI\sentinel-ai-app\src\pages\KillChain.tsx:29:17)
    at renderWithHooks (D:\WORK\GITHUB\SENTINEL_AI\sentinel-ai-app\node_modules\react-dom\cjs\react-dom.development.js:15486:18)
    at mountIndeterminateComponent (D:\WORK\GITHUB\SENTINEL_AI\sentinel-ai-app\node_modules\react-dom\cjs\react-dom.development.js:20103:13)
    at beginWork (D:\WORK\GITHUB\SENTINEL_AI\sentinel-ai-app\node_modules\react-dom\cjs\react-dom.development.js:21626:16)
    at HTMLUnknownElement.callCallback (D:\WORK\GITHUB\SENTINEL_AI\sentinel-ai-app\node_modules\react-dom\cjs\react-dom.development.js:4164:14)
    at HTMLUnknownElement.callTheUserObjectsOperation (D:\WORK\GITHUB\SENTINEL_AI\sentinel-ai-app\node_modules\jsdom\lib\generated\idl\EventListener.js:26:30)
    at innerInvokeEventListeners (D:\WORK\GITHUB\SENTINEL_AI\sentinel-ai-app\node_modules\jsdom\lib\jsdom\living\events\EventTarget-impl.js:360:16)
    at invokeEventListeners (D:\WORK\GITHUB\SENTINEL_AI\sentinel-ai-app\node_modules\jsdom\lib\jsdom\living\events\EventTarget-impl.js:296:3)
    at HTMLUnknownElementImpl._dispatch (D:\WORK\GITHUB\SENTINEL_AI\sentinel-ai-app\node_modules\jsdom\lib\jsdom\living\events\EventTarget-impl.js:243:9)
Error: useToast must be used inside <ToastProvider>
    at Module.useToast (D:\WORK\GITHUB\SENTINEL_AI\sentinel-ai-app\src\lib\toastContext.tsx:48:19)
    at KillChain (D:\WORK\GITHUB\SENTINEL_AI\sentinel-ai-app\src\pages\KillChain.tsx:29:17)
    at renderWithHooks (D:\WORK\GITHUB\SENTINEL_AI\sentinel-ai-app\node_modules\react-dom\cjs\react-dom.development.js:15486:18)
    at mountIndeterminateComponent (D:\WORK\GITHUB\SENTINEL_AI\sentinel-ai-app\node_modules\react-dom\cjs\react-dom.development.js:20103:13)
    at beginWork (D:\WORK\GITHUB\SENTINEL_AI\sentinel-ai-app\node_modules\react-dom\cjs\react-dom.development.js:21626:16)
    at HTMLUnknownElement.callCallback (D:\WORK\GITHUB\SENTINEL_AI\sentinel-ai-app\node_modules\react-dom\cjs\react-dom.development.js:4164:14)
    at HTMLUnknownElement.callTheUserObjectsOperation (D:\WORK\GITHUB\SENTINEL_AI\sentinel-ai-app\node_modules\jsdom\lib\generated\idl\EventListener.js:26:30)
    at innerInvokeEventListeners (D:\WORK\GITHUB\SENTINEL_AI\sentinel-ai-app\node_modules\jsdom\lib\jsdom\living\events\EventTarget-impl.js:360:16)
    at invokeEventListeners (D:\WORK\GITHUB\SENTINEL_AI\sentinel-ai-app\node_modules\jsdom\lib\jsdom\living\events\EventTarget-impl.js:296:3)
    at HTMLUnknownElementImpl._dispatch (D:\WORK\GITHUB\SENTINEL_AI\sentinel-ai-app\node_modules\jsdom\lib\jsdom\living\events\EventTarget-impl.js:243:9)
The above error occurred in the <KillChain> component:

    at KillChain (D:\WORK\GITHUB\SENTINEL_AI\sentinel-ai-app\src\pages\KillChain.tsx:18:57)

Consider adding an error boundary to your tree to customize error handling behavior.
Visit https://reactjs.org/link/error-boundaries to learn more about error boundaries.

 [31mтЭп[39m src/pages/__tests__/KillChain.test.tsx [2m([22m[2m9 tests[22m[2m | [22m[31m9 failed[39m[2m)[22m[33m 704[2mms[22m[39m
[31m   [31m├Ч[31m KillChain тАФ layout[2m > [22mrenders "AI Red Team Simulation" heading[90m 255[2mms[22m[31m[39m
[31m     тЖТ useToast must be used inside <ToastProvider>[39m
[31m   [31m├Ч[31m KillChain тАФ layout[2m > [22mrenders "Target Project" label[90m 18[2mms[22m[31m[39m
[31m     тЖТ useToast must be used inside <ToastProvider>[39m
[31m   [31m├Ч[31m KillChain тАФ layout[2m > [22mrenders "Generate Kill Chain" button[90m 137[2mms[22m[31m[39m
[31m     тЖТ useToast must be used inside <ToastProvider>[39m
[31m   [31m├Ч[31m KillChain тАФ layout[2m > [22mrenders project options after load[90m 60[2mms[22m[31m[39m
[31m     тЖТ useToast must be used inside <ToastProvider>[39m
[31m   [31m├Ч[31m KillChain тАФ simulation[2m > [22mbutton is disabled while loading[90m 182[2mms[22m[31m[39m
[31m     тЖТ useToast must be used inside <ToastProvider>[39m
[31m   [31m├Ч[31m KillChain тАФ simulation[2m > [22mrenders kill chain steps after generation[90m 14[2mms[22m[31m[39m
[31m     тЖТ useToast must be used inside <ToastProvider>[39m
[31m   [31m├Ч[31m KillChain тАФ simulation[2m > [22mrenders each phase name[90m 14[2mms[22m[31m[39m
[31m     тЖТ useToast must be used inside <ToastProvider>[39m
[31m   [31m├Ч[31m KillChain тАФ simulation[2m > [22mrenders tactic names[90m 17[2mms[22m[31m[39m
[31m     тЖТ useToast must be used inside <ToastProvider>[39m
[31m   [31m├Ч[31m KillChain тАФ simulation[2m > [22mcalls generateKillChain with project name and vulns[90m 5[2mms[22m[31m[39m
[31m     тЖТ useToast must be used inside <ToastProvider>[39m
 [31mтЭп[39m src/components/__tests__/ScanDiff.test.tsx [2m([22m[2m12 tests[22m[2m | [22m[31m1 failed[39m[2m)[22m[33m 1284[2mms[22m[39m
   [33m[2mтЬУ[22m[39m ScanDiff[2m > [22mempty / insufficient data[2m > [22mshows "No diff available yet" when no scans provided [33m352[2mms[22m[39m
   [33m[2mтЬУ[22m[39m ScanDiff[2m > [22mdiff classification[2m > [22mclassifies NEW findings (in latest, not in previous) [33m462[2mms[22m[39m
[31m   [31m├Ч[31m ScanDiff[2m > [22mdiff classification[2m > [22mshows correct counts in summary pills[90m 55[2mms[22m[31m[39m
[31m     тЖТ Unable to find an element with the text: 1 New. This could be because the text is broken up by multiple elements. In this case, you can provide a function for your text matcher to make your matcher more flexible.

Ignored nodes: comments, script, style
[36m<body>[31m
  [36m<div>[31m
    [36m<div[31m
      [33mclass[31m=[32m"space-y-4"[31m
    [36m>[31m
      [36m<div[31m
        [33mclass[31m=[32m"flex items-center justify-between"[31m
      [36m>[31m
        [36m<div[31m
          [33mclass[31m=[32m"flex items-center gap-2"[31m
        [36m>[31m
          [36m<svg[31m
            [33mclass[31m=[32m"lucide lucide-git-compare w-4 h-4 text-emerald-400"[31m
            [33mfill[31m=[32m"none"[31m
            [33mheight[31m=[32m"24"[31m
            [33mstroke[31m=[32m"currentColor"[31m
            [33mstroke-linecap[31m=[32m"round"[31m
            [33mstroke-linejoin[31m=[32m"round"[31m
            [33mstroke-width[31m=[32m"2"[31m
            [33mviewBox[31m=[32m"0 0 24 24"[31m
            [33mwidth[31m=[32m"24"[31m
            [33mxmlns[31m=[32m"http://www.w3.org/2000/svg"[31m
          [36m>[31m
            [36m<circle[31m
              [33mcx[31m=[32m"18"[31m
              [33mcy[31m=[32m"18"[31m
              [33mr[31m=[32m"3"[31m
            [36m/>[31m
            [36m<circle[31m
              [33mcx[31m=[32m"6"[31m
              [33mcy[31m=[32m"6"[31m
              [33mr[31m=[32m"3"[31m
            [36m/>[31m
            [36m<path[31m
              [33md[31m=[32m"M13 6h3a2 2 0 0 1 2 2v7"[31m
            [36m/>[31m
            [36m<path[31m
              [33md[31m=[32m"M11 18H8a2 2 0 0 1-2-2V9"[31m
            [36m/>[31m
          [36m</svg>[31m
          [36m<span[31m
            [33mclass[31m=[32m"text-sm font-semibold text-slate-200"[31m
          [36m>[31m
            [0mScan Diff[0m
          [36m</span>[31m
          [36m<span[31m
            [33mclass[31m=[32m"text-xs text-slate-500"[31m
          [36m>[31m
            [0m23.04.2026[0m
            [0m тЖТ [0m
            [0m24.04.2026[0m
          [36m</span>[31m
        [36m</div>[31m
        [36m<div[31m
          [33mclass[31m=[32m"flex items-center gap-2"[31m
        [36m>[31m
          [36m<button[31m
            [33maria-label[31m=[32m"Export diff as CSV"[31m
            [33mclass[31m=[32m"flex items-center gap-1 text-[10px] text-slate-400 hover:text-white border border-slate-800 hover:border-slate-600 rounded px-2 py-1 transition"[31m
            [33mtitle[31m=[32m"Export diff as CSV"[31m
          [36m>[31m
            [36m<svg[31m
              [33mclass[31m=[32m"lucide lucide-download w-3 h-3"[31m
              [33mfill[31m=[32m"none"[31m
              [33mheight[31m=[32m"24"[31m
              [33mstroke[31m=[32m"currentColor"[31m
              [33mstroke-linecap[31m=[32m"round"[31m
              [33mstroke-linejoin[31m=[32m"round"[31m
              [33mstroke-width[31m=[32m"2"[31m
              [33mviewBox[31m=[32m"0 0 24 24"[31m
              [33mwidth[31m=[32m"24"[31m
              [33mxmlns[31m=[32m"http://www.w3.org/2000/svg"[31m
            [36m>[31m
              [36m<path[31m
                [33md[31m=[32m"M21 15v4a2 2 0 0 1-2 2H5a2 2 0 0 1-2-2v-4"[31m
              [36m/>[31m
              [36m<polyline[31m
                [33mpoints[31m=[32m"7 10 12 15 17 10"[31m
              [36m/>[31m
              [36m<line[31m
                [33mx1[31m=[32m"12"[31m
                [33mx2[31m=[32m"12"[31m
                [33my1[31m=[32m"15"[31m
                [33my2[31m=[32m"3"[31m
              [36m/>[31m
            [36m</svg>[31m
            [0m Export CSV[0m
          [36m</button>[31m
          [36m<div[31m
            [33mclass[31m=[32m"flex items-center gap-1.5 text-sm font-semibold text-slate-400"[31m
          [36m>[31m
            [36m<svg[31m
              [33mclass[31m=[32m"lucide lucide-minus w-4 h-4"[31m
              [33mfill[31m=[32m"none"[31m
              [33mheight[31m=[32m"24"[31m
              [33mstroke[31m=[32m"currentColor"[31m
              [33mstroke-linecap[31m=[32m"round"[31m
              [33mstroke-linejoin[31m=[32m"round"[31m
              [33mstroke-width[31m=[32m"2"[31m
              [33mviewBox[31m=[32m"0 0 24 24"[31m
              [33mwidth[31m=[32m"24"[31m
              [33mxmlns[31m=[32m"http://www.w3.org/2000/svg"[31m
            [36m>[31m
              [36m<path[31m
                [33md[31m=[32m"M5 12h14"[31m
              [36m/>[31m
            [36m</svg>[31m
            [0mNo change[0m
          [36m</div>[31m
        [36m</div>[31m
      [36m</div>[31m
      [36m<div[31m
        [33mclass[31m=[32m"grid grid-cols-3 gap-2"[31m
      [36m>[31m
        [36m<button[31m
          [33mclass[31m=[32m"rounded-lg border px-3 py-2 text-left transition border-red-500/30 bg-red-500/5 hover:opacity-80"[31m
        [36m>[31m
          [36m<div[31m
            [33mclass[31m=[32m"text-lg font-bold text-red-400"[31m
          [36m>[31m
            [0m1[0m
          [36m</div>[31m
          [36m<div[31m
            [33mclass[31m=[32m"text-[10px] text-slate-500"[31m
          [36m>[31m
            [0mNew[0m
          [36m</div>[31m
        [36m</button>[31m
        [36m<button[31m
          [33mclass[31m=[32m"rounded-lg border px-3 py-2 text-left transition border-emerald-500/30 bg-emerald-500/5 hover:opacity-80"[31m
        [36m>[31m
          [36m<div[31m
            [33mclass[31m=[32m"text-lg font-bold text-emerald-400"[31m
          [36m>[31m
            [0m1[0m
          [36m</div>[31m
          [36m<div[31m
            [33mclass[31m=[32m"text-[10px] text-slate-500"[31m
          [36m>[31m
            [0mFixed[0m
          [36m</div>[31m
        [36m</button>[31m
        [36m<button[31m
          [33mclass[31m=[32m"rounded-lg border px-3 py-2 text-left transition border-slate-700 bg-slate-800/30 hover:opacity-80"[31m
        [36m>[31m
          [36m<div[31m
            [33mclass[31m=[32m"text-lg font-bold text-slate-400"[31m
          [36m>[31m
            [0m1[0m
          [36m</div>[31m
          [36m<div[31m
            [33mclass[31m=[32m"text-[10px] text-slate-500"[31m
          [36m>[31m
            [0mPersisted[0m
          [36m</div>[31m
        [36m</button>[31m
      [36m</div>[31m
      [36m<div[31m
        [33mclass[31m=[32m"flex items-center gap-2 flex-wrap"[31m
      [36m>[31m
        [36m<div[31m
          [33mclass[31m=[32m"relative flex-1 min-w-40"[31m
        [36m>[31m
          [36m<svg[31m
            [33mclass[31m=[32m"lucide lucide-search absolute left-2.5 top-1/2 -translate-y-1/2 w-3 h-3 text-slate-500 pointer-events-none"[31m
            [33mfill[31m=[32m"none"[31m
            [33mheight[31m=[32m"24"[31m
            [33mstroke[31m=[32m"currentColor"[31m
            [33mstroke-linecap[31m=[32m"round"[31m
            [33mstroke-linejoin[31m=[32m"round"[31m
            [33mstroke-width[31m=[32m"2"[31m
            [33mviewBox[31m=[32m"0 0 24 24"[31m
            [33mwidth[31m=[32m"24"[31m
            [33mxmlns[31m=[32m"http://www.w3.org/2000/svg"[31m
          [36m>[31m
            [36m<circle[31m
              [33mcx[31m=[32m"11"[31m
              [33mcy[31m=[32m"11"[31m
              [33mr[31m=[32m"8"[31m
            [36m/>[31m
            [36m<path[31m
              [33md[31m=[32m"m21 21-4.3-4.3"[31m
            [36m/>[31m
          [36m</svg>[31m
          [36m<input[31m
            [33mclass[31m=[32m"w-full pl-7 pr-3 py-1.5 bg-slate-900 border border-slate-800 rounded-md text-xs text-white placeholder-slate-500 focus:border-emerald-500 focus:outline-none"[31m
            [33mplaceholder[31m=[32m"Search title or assetтАж"[31m
            [33mvalue[31m=[32m""[31m
          [36m/>[31m
        [36m</div>[31m
        [36m<div[31m
          [33mclass[31m=[32m"flex gap-1"[31m
        [36m>[31m
          [36m<button[31m
            [33mclass[31m=[32m"text-[10px] px-2 py-1 rounded border transition border-sky-500/40 bg-sky-500/10 text-sky-300"[31m
          [36m>[31m
            [0mAll[0m
          [36m</button>[31m
          [36m<button[31m
            [33mclass[31m=[32m"text-[10px] px-2 py-1 rounded border transition border-slate-800 text-slate-500 hover:border-slate-600 hover:text-white"[31m
          [36m>[31m
            [0mNew[0m
          [36m</button>[31m
          [36m<button[31m
            [33mclass[31m=[32m"text-[10px] px-2 py-1 rounded border transition border-slate-800 text-slate-500 hover:border-slate-600 hover:text-white"[31m
          [36m>[31m
            [0mFixed[0m
          [36m</button>[31m
          [36m<button[31m
            [33mclass[31m=[32m"text-[10px] px-2 py-1 rounded border transition border-slate-800 text-slate-500 hover:border-slate-600 hover:text-white"[31m
          [36m>[31m
            [0mPersisted[0m
          [36m</button>[31m
        [36m</div>[31m
      [36m</div>[31m
      [36m<div[31m
        [33mclass[31m=[32m"divide-y divide-slate-800 rounded-xl border border-slate-800 bg-slate-900/30 overflow-hidden max-h-80 overflow-y-auto"[31m
      [36m>[31m
        [36m<div[31m
          [33mclass[31m=[32m"flex items-center gap-3 px-4 py-2.5 text-sm transition bg-red-500/5"[31m
        [36m>[31m
          [36m<span[31m
            [33mclass[31m=[32m"shrink-0 text-[10px] font-bold uppercase px-1.5 py-0.5 rounded w-16 text-center bg-red-500/20 text-red-300"[31m
          [36m>[31m
            [0mnew[0m
          [36m</span>[31m
          [36m<span[31m
            [33mclass[31m=[32m"shrink-0 text-[10px] px-1.5 py-0.5 rounded border capitalize text-orange-400 border-orange-500/30 bg-orange-500/10"[31m
          [36m>[31m
            [0mhigh[0m
          [36m</span>[31m
          [36m<span[31m
            [33mclass[31m=[32m"text-slate-200 truncate flex-1"[31m
          [36m>[31m
            [0mNew Bug[0m
          [36m</span>[31m
          [36m<span[31m
            [33mclass[31m=[32m"text-slate-500 font-mono text-xs truncate max-w-[120px]"[31m
          [36m>[31m
            [0mhost1.com[0m
          [36m</span>[31m
        [36m</div>[31m
        [36m<div[31m
          [33mclass[31m=[32m"flex items-center gap-3 px-4 py-2.5 text-sm transition bg-transparent"[31m
        [36m>[31m
          [36m<span[31m
            [33mclass[31m=[32m"shrink-0 text-[10px] font-bold uppercase px-1.5 py-0.5 rounded w-16 text-center bg-slate-800 text-slate-500"[31m
          [36m>[31m
            [0mpersisted[0m
          [36m</span>[31m
          [36m<span[31m
            [33mclass[31m=[32m"shrink-0 text-[10px] px-1.5 py-0.5 rounded border capitalize text-orange-400 border-orange-500/30 bg-orange-500/10"[31m
          [36m>[31m
            [0mhigh[0m
          [36m</span>[31m
          [36m<span[31m
            [33mclass[31m=[32m"text-slate-200 truncate flex-1"[31m
          [36m>[31m
            [0mBoth Bug[0m
          [36m</span>[31m
          [36m<span[31m
            [33mclass[31m=[32m"text-slate-500 font-mono text-xs truncate max-w-[120px]"[31m
          [36m>[31m
            [0mhost3.com[0m
          [36m</span>[31m
        [36m</div>[31m
        [36m<div[31m
          [33mclass[31m=[32m"flex items-center gap-3 px-4 py-2.5 text-sm transition bg-emerald-500/5"[31m
        [36m>[31m
          [36m<span[31m
            [33mclass[31m=[32m"shrink-0 text-[10px] font-bold uppercase px-1.5 py-0.5 rounded w-16 text-center bg-emerald-500/20 text-emerald-300"[31m
          [36m>[31m
            [0mfixed[0m
          [36m</span>[31m
          [36m<span[31m
            [33mclass[31m=[32m"shrink-0 text-[10px] px-1.5 py-0.5 rounded border capitalize text-orange-400 border-orange-500/30 bg-orange-500/10"[31m
          [36m>[31m
            [0mhigh[0m
          [36m</span>[31m
          [36m<span[31m
            [33mclass[31m=[32m"text-slate-200 truncate flex-1"[31m
          [36m>[31m
            [0mOld Bug[0m
          [36m</span>[31m
          [36m<span[31m
            [33mclass[31m=[32m"text-slate-500 font-mono text-xs truncate max-w-[120px]"[31m
          [36m>[31m
            [0mhost2.com[0m
          [36m</span>[31m
        [36m</div>[31m
      [36m</div>[31m
    [36m</div>[31m
  [36m</div>[31m
[36m</body>[31m[39m
stderr | src/lib/__tests__/aiGateway.test.ts > callAiGateway > fallback to local mock > falls back to local mock when edge function returns non-OK status
[aiGateway] Edge fn returned 503 тАФ using local mock
[aiGateway] Falling back to local mock: Error: Gateway 503
    at Module.callAiGateway (D:\WORK\GITHUB\SENTINEL_AI\sentinel-ai-app\src\lib\aiGateway.ts:35:13)
    at processTicksAndRejections (node:internal/process/task_queues:95:5)
    at D:\WORK\GITHUB\SENTINEL_AI\sentinel-ai-app\src\lib\__tests__\aiGateway.test.ts:113:22
    at file:///D:/WORK/GITHUB/SENTINEL_AI/sentinel-ai-app/node_modules/@vitest/runner/dist/index.js:533:5
    at runTest (file:///D:/WORK/GITHUB/SENTINEL_AI/sentinel-ai-app/node_modules/@vitest/runner/dist/index.js:1056:11)
    at runSuite (file:///D:/WORK/GITHUB/SENTINEL_AI/sentinel-ai-app/node_modules/@vitest/runner/dist/index.js:1205:15)
    at runSuite (file:///D:/WORK/GITHUB/SENTINEL_AI/sentinel-ai-app/node_modules/@vitest/runner/dist/index.js:1205:15)
    at runSuite (file:///D:/WORK/GITHUB/SENTINEL_AI/sentinel-ai-app/node_modules/@vitest/runner/dist/index.js:1205:15)
    at runFiles (file:///D:/WORK/GITHUB/SENTINEL_AI/sentinel-ai-app/node_modules/@vitest/runner/dist/index.js:1262:5)
    at startTests (file:///D:/WORK/GITHUB/SENTINEL_AI/sentinel-ai-app/node_modules/@vitest/runner/dist/index.js:1271:3)

stderr | src/lib/__tests__/aiGateway.test.ts > callAiGateway > fallback to local mock > falls back to local mock when fetch throws (network error)
[aiGateway] Falling back to local mock: Error: Network error
    at D:\WORK\GITHUB\SENTINEL_AI\sentinel-ai-app\src\lib\__tests__\aiGateway.test.ts:121:39
    at file:///D:/WORK/GITHUB/SENTINEL_AI/sentinel-ai-app/node_modules/@vitest/runner/dist/index.js:146:14
    at file:///D:/WORK/GITHUB/SENTINEL_AI/sentinel-ai-app/node_modules/@vitest/runner/dist/index.js:533:11
    at runWithTimeout (file:///D:/WORK/GITHUB/SENTINEL_AI/sentinel-ai-app/node_modules/@vitest/runner/dist/index.js:39:7)
    at runTest (file:///D:/WORK/GITHUB/SENTINEL_AI/sentinel-ai-app/node_modules/@vitest/runner/dist/index.js:1056:17)
    at processTicksAndRejections (node:internal/process/task_queues:95:5)
    at runSuite (file:///D:/WORK/GITHUB/SENTINEL_AI/sentinel-ai-app/node_modules/@vitest/runner/dist/index.js:1205:15)
    at runSuite (file:///D:/WORK/GITHUB/SENTINEL_AI/sentinel-ai-app/node_modules/@vitest/runner/dist/index.js:1205:15)
    at runSuite (file:///D:/WORK/GITHUB/SENTINEL_AI/sentinel-ai-app/node_modules/@vitest/runner/dist/index.js:1205:15)
    at runFiles (file:///D:/WORK/GITHUB/SENTINEL_AI/sentinel-ai-app/node_modules/@vitest/runner/dist/index.js:1262:5)

stderr | src/lib/__tests__/aiGateway.test.ts > callAiGateway > fallback to local mock > uses last user message content for mock fallback
[aiGateway] Falling back to local mock: Error: timeout
    at D:\WORK\GITHUB\SENTINEL_AI\sentinel-ai-app\src\lib\__tests__\aiGateway.test.ts:130:39
    at file:///D:/WORK/GITHUB/SENTINEL_AI/sentinel-ai-app/node_modules/@vitest/runner/dist/index.js:146:14
    at file:///D:/WORK/GITHUB/SENTINEL_AI/sentinel-ai-app/node_modules/@vitest/runner/dist/index.js:533:11
    at runWithTimeout (file:///D:/WORK/GITHUB/SENTINEL_AI/sentinel-ai-app/node_modules/@vitest/runner/dist/index.js:39:7)
    at runTest (file:///D:/WORK/GITHUB/SENTINEL_AI/sentinel-ai-app/node_modules/@vitest/runner/dist/index.js:1056:17)
    at processTicksAndRejections (node:internal/process/task_queues:95:5)
    at runSuite (file:///D:/WORK/GITHUB/SENTINEL_AI/sentinel-ai-app/node_modules/@vitest/runner/dist/index.js:1205:15)
    at runSuite (file:///D:/WORK/GITHUB/SENTINEL_AI/sentinel-ai-app/node_modules/@vitest/runner/dist/index.js:1205:15)
    at runSuite (file:///D:/WORK/GITHUB/SENTINEL_AI/sentinel-ai-app/node_modules/@vitest/runner/dist/index.js:1205:15)
    at runFiles (file:///D:/WORK/GITHUB/SENTINEL_AI/sentinel-ai-app/node_modules/@vitest/runner/dist/index.js:1262:5)

stderr | src/lib/__tests__/aiGateway.test.ts > callAiGateway > fallback to local mock > handles empty messages array gracefully in fallback
[aiGateway] Falling back to local mock: Error: timeout
    at D:\WORK\GITHUB\SENTINEL_AI\sentinel-ai-app\src\lib\__tests__\aiGateway.test.ts:142:39
    at file:///D:/WORK/GITHUB/SENTINEL_AI/sentinel-ai-app/node_modules/@vitest/runner/dist/index.js:146:14
    at file:///D:/WORK/GITHUB/SENTINEL_AI/sentinel-ai-app/node_modules/@vitest/runner/dist/index.js:533:11
    at runWithTimeout (file:///D:/WORK/GITHUB/SENTINEL_AI/sentinel-ai-app/node_modules/@vitest/runner/dist/index.js:39:7)
    at runTest (file:///D:/WORK/GITHUB/SENTINEL_AI/sentinel-ai-app/node_modules/@vitest/runner/dist/index.js:1056:17)
    at processTicksAndRejections (node:internal/process/task_queues:95:5)
    at runSuite (file:///D:/WORK/GITHUB/SENTINEL_AI/sentinel-ai-app/node_modules/@vitest/runner/dist/index.js:1205:15)
    at runSuite (file:///D:/WORK/GITHUB/SENTINEL_AI/sentinel-ai-app/node_modules/@vitest/runner/dist/index.js:1205:15)
    at runSuite (file:///D:/WORK/GITHUB/SENTINEL_AI/sentinel-ai-app/node_modules/@vitest/runner/dist/index.js:1205:15)
    at runFiles (file:///D:/WORK/GITHUB/SENTINEL_AI/sentinel-ai-app/node_modules/@vitest/runner/dist/index.js:1262:5)

 [32mтЬУ[39m src/lib/__tests__/aiGateway.test.ts [2m([22m[2m10 tests[22m[2m)[22m[90m 33[2mms[22m[39m
stderr | src/pages/__tests__/Settings.test.tsx > Settings тАФ layout > renders "Settings" heading
Warning: An update to ApiRateLimitsPanel inside a test was not wrapped in act(...).

When testing, code that causes React state updates should be wrapped into act(...):

act(() => {
  /* fire events that update state */
});
/* assert on the output */

This ensures that you're testing the behavior the user would see in the browser. Learn more at https://reactjs.org/link/wrap-tests-with-act
    at ApiRateLimitsPanel (D:\WORK\GITHUB\SENTINEL_AI\sentinel-ai-app\src\components\ApiRateLimitsPanel.tsx:39:31)
    at div
    at Settings (D:\WORK\GITHUB\SENTINEL_AI\sentinel-ai-app\src\pages\Settings.tsx:213:57)

stderr | src/pages/__tests__/Settings.test.tsx > Settings тАФ layout > renders "Profile" section heading
Warning: An update to ApiRateLimitsPanel inside a test was not wrapped in act(...).

When testing, code that causes React state updates should be wrapped into act(...):

act(() => {
  /* fire events that update state */
});
/* assert on the output */

This ensures that you're testing the behavior the user would see in the browser. Learn more at https://reactjs.org/link/wrap-tests-with-act
    at ApiRateLimitsPanel (D:\WORK\GITHUB\SENTINEL_AI\sentinel-ai-app\src\components\ApiRateLimitsPanel.tsx:39:31)
    at div
    at Settings (D:\WORK\GITHUB\SENTINEL_AI\sentinel-ai-app\src\pages\Settings.tsx:213:57)

stderr | src/pages/__tests__/Settings.test.tsx > Settings тАФ layout > renders "Subscription" section heading
Warning: An update to ApiRateLimitsPanel inside a test was not wrapped in act(...).

When testing, code that causes React state updates should be wrapped into act(...):

act(() => {
  /* fire events that update state */
});
/* assert on the output */

This ensures that you're testing the behavior the user would see in the browser. Learn more at https://reactjs.org/link/wrap-tests-with-act
    at ApiRateLimitsPanel (D:\WORK\GITHUB\SENTINEL_AI\sentinel-ai-app\src\components\ApiRateLimitsPanel.tsx:39:31)
    at div
    at Settings (D:\WORK\GITHUB\SENTINEL_AI\sentinel-ai-app\src\pages\Settings.tsx:213:57)

stderr | src/pages/__tests__/Settings.test.tsx > Settings тАФ layout > renders "Remediation SLA" section heading
Warning: An update to ApiRateLimitsPanel inside a test was not wrapped in act(...).

When testing, code that causes React state updates should be wrapped into act(...):

act(() => {
  /* fire events that update state */
});
/* assert on the output */

This ensures that you're testing the behavior the user would see in the browser. Learn more at https://reactjs.org/link/wrap-tests-with-act
    at ApiRateLimitsPanel (D:\WORK\GITHUB\SENTINEL_AI\sentinel-ai-app\src\components\ApiRateLimitsPanel.tsx:39:31)
    at div
    at Settings (D:\WORK\GITHUB\SENTINEL_AI\sentinel-ai-app\src\pages\Settings.tsx:213:57)

stderr | src/pages/__tests__/Settings.test.tsx > Settings тАФ layout > renders "Team Members" section heading
Warning: An update to ApiRateLimitsPanel inside a test was not wrapped in act(...).

When testing, code that causes React state updates should be wrapped into act(...):

act(() => {
  /* fire events that update state */
});
/* assert on the output */

This ensures that you're testing the behavior the user would see in the browser. Learn more at https://reactjs.org/link/wrap-tests-with-act
    at ApiRateLimitsPanel (D:\WORK\GITHUB\SENTINEL_AI\sentinel-ai-app\src\components\ApiRateLimitsPanel.tsx:39:31)
    at div
    at Settings (D:\WORK\GITHUB\SENTINEL_AI\sentinel-ai-app\src\pages\Settings.tsx:213:57)

stderr | src/pages/__tests__/Settings.test.tsx > Settings тАФ layout > renders "Webhook Integrations" section heading
Warning: An update to ApiRateLimitsPanel inside a test was not wrapped in act(...).

When testing, code that causes React state updates should be wrapped into act(...):

act(() => {
  /* fire events that update state */
});
/* assert on the output */

This ensures that you're testing the behavior the user would see in the browser. Learn more at https://reactjs.org/link/wrap-tests-with-act
    at ApiRateLimitsPanel (D:\WORK\GITHUB\SENTINEL_AI\sentinel-ai-app\src\components\ApiRateLimitsPanel.tsx:39:31)
    at div
    at Settings (D:\WORK\GITHUB\SENTINEL_AI\sentinel-ai-app\src\pages\Settings.tsx:213:57)

stderr | src/pages/__tests__/Settings.test.tsx > Settings тАФ Profile section > email input is disabled and pre-filled from profile
Warning: An update to ApiRateLimitsPanel inside a test was not wrapped in act(...).

When testing, code that causes React state updates should be wrapped into act(...):

act(() => {
  /* fire events that update state */
});
/* assert on the output */

This ensures that you're testing the behavior the user would see in the browser. Learn more at https://reactjs.org/link/wrap-tests-with-act
    at ApiRateLimitsPanel (D:\WORK\GITHUB\SENTINEL_AI\sentinel-ai-app\src\components\ApiRateLimitsPanel.tsx:39:31)
    at div
    at Settings (D:\WORK\GITHUB\SENTINEL_AI\sentinel-ai-app\src\pages\Settings.tsx:213:57)

stderr | src/pages/__tests__/Settings.test.tsx > Settings тАФ Profile section > full name input is pre-filled from profile
Warning: An update to ApiRateLimitsPanel inside a test was not wrapped in act(...).

When testing, code that causes React state updates should be wrapped into act(...):

act(() => {
  /* fire events that update state */
});
/* assert on the output */

This ensures that you're testing the behavior the user would see in the browser. Learn more at https://reactjs.org/link/wrap-tests-with-act
    at ApiRateLimitsPanel (D:\WORK\GITHUB\SENTINEL_AI\sentinel-ai-app\src\components\ApiRateLimitsPanel.tsx:39:31)
    at div
    at Settings (D:\WORK\GITHUB\SENTINEL_AI\sentinel-ai-app\src\pages\Settings.tsx:213:57)

stderr | src/pages/__tests__/Settings.test.tsx > Settings тАФ Profile section > company input is pre-filled from profile
Warning: An update to ApiRateLimitsPanel inside a test was not wrapped in act(...).

When testing, code that causes React state updates should be wrapped into act(...):

act(() => {
  /* fire events that update state */
});
/* assert on the output */

This ensures that you're testing the behavior the user would see in the browser. Learn more at https://reactjs.org/link/wrap-tests-with-act
    at ApiRateLimitsPanel (D:\WORK\GITHUB\SENTINEL_AI\sentinel-ai-app\src\components\ApiRateLimitsPanel.tsx:39:31)
    at div
    at Settings (D:\WORK\GITHUB\SENTINEL_AI\sentinel-ai-app\src\pages\Settings.tsx:213:57)

stderr | src/pages/__tests__/Settings.test.tsx > Settings тАФ Profile section > full name input updates on change
Warning: An update to ApiRateLimitsPanel inside a test was not wrapped in act(...).

When testing, code that causes React state updates should be wrapped into act(...):

act(() => {
  /* fire events that update state */
});
/* assert on the output */

This ensures that you're testing the behavior the user would see in the browser. Learn more at https://reactjs.org/link/wrap-tests-with-act
    at ApiRateLimitsPanel (D:\WORK\GITHUB\SENTINEL_AI\sentinel-ai-app\src\components\ApiRateLimitsPanel.tsx:39:31)
    at div
    at Settings (D:\WORK\GITHUB\SENTINEL_AI\sentinel-ai-app\src\pages\Settings.tsx:213:57)

stderr | src/pages/__tests__/Settings.test.tsx > Settings тАФ Plans > renders all four plan names
Warning: An update to ApiRateLimitsPanel inside a test was not wrapped in act(...).

When testing, code that causes React state updates should be wrapped into act(...):

act(() => {
  /* fire events that update state */
});
/* assert on the output */

This ensures that you're testing the behavior the user would see in the browser. Learn more at https://reactjs.org/link/wrap-tests-with-act
    at ApiRateLimitsPanel (D:\WORK\GITHUB\SENTINEL_AI\sentinel-ai-app\src\components\ApiRateLimitsPanel.tsx:39:31)
    at div
    at Settings (D:\WORK\GITHUB\SENTINEL_AI\sentinel-ai-app\src\pages\Settings.tsx:213:57)

stderr | src/pages/__tests__/Settings.test.tsx > Settings тАФ Plans > shows "Current plan тЬУ" for active plan (free)
Warning: An update to ApiRateLimitsPanel inside a test was not wrapped in act(...).

When testing, code that causes React state updates should be wrapped into act(...):

act(() => {
  /* fire events that update state */
});
/* assert on the output */

This ensures that you're testing the behavior the user would see in the browser. Learn more at https://reactjs.org/link/wrap-tests-with-act
    at ApiRateLimitsPanel (D:\WORK\GITHUB\SENTINEL_AI\sentinel-ai-app\src\components\ApiRateLimitsPanel.tsx:39:31)
    at div
    at Settings (D:\WORK\GITHUB\SENTINEL_AI\sentinel-ai-app\src\pages\Settings.tsx:213:57)

stderr | src/pages/__tests__/Settings.test.tsx > Settings тАФ Plans > shows "Most Popular" badge on Pro plan
Warning: An update to ApiRateLimitsPanel inside a test was not wrapped in act(...).

When testing, code that causes React state updates should be wrapped into act(...):

act(() => {
  /* fire events that update state */
});
/* assert on the output */

This ensures that you're testing the behavior the user would see in the browser. Learn more at https://reactjs.org/link/wrap-tests-with-act
    at ApiRateLimitsPanel (D:\WORK\GITHUB\SENTINEL_AI\sentinel-ai-app\src\components\ApiRateLimitsPanel.tsx:39:31)
    at div
    at Settings (D:\WORK\GITHUB\SENTINEL_AI\sentinel-ai-app\src\pages\Settings.tsx:213:57)

stderr | src/pages/__tests__/Settings.test.tsx > Settings тАФ SLA section > renders SLA input for Critical with value from DEFAULT_SLA_CONFIG
Warning: An update to ApiRateLimitsPanel inside a test was not wrapped in act(...).

When testing, code that causes React state updates should be wrapped into act(...):

act(() => {
  /* fire events that update state */
});
/* assert on the output */

This ensures that you're testing the behavior the user would see in the browser. Learn more at https://reactjs.org/link/wrap-tests-with-act
    at ApiRateLimitsPanel (D:\WORK\GITHUB\SENTINEL_AI\sentinel-ai-app\src\components\ApiRateLimitsPanel.tsx:39:31)
    at div
    at Settings (D:\WORK\GITHUB\SENTINEL_AI\sentinel-ai-app\src\pages\Settings.tsx:213:57)

stderr | src/pages/__tests__/Settings.test.tsx > Settings тАФ SLA section > renders SLA inputs for all four severities
Warning: An update to ApiRateLimitsPanel inside a test was not wrapped in act(...).

When testing, code that causes React state updates should be wrapped into act(...):

act(() => {
  /* fire events that update state */
});
/* assert on the output */

This ensures that you're testing the behavior the user would see in the browser. Learn more at https://reactjs.org/link/wrap-tests-with-act
    at ApiRateLimitsPanel (D:\WORK\GITHUB\SENTINEL_AI\sentinel-ai-app\src\components\ApiRateLimitsPanel.tsx:39:31)
    at div
    at Settings (D:\WORK\GITHUB\SENTINEL_AI\sentinel-ai-app\src\pages\Settings.tsx:213:57)

stderr | src/pages/__tests__/Settings.test.tsx > Settings тАФ Team Members > renders owner email in team list
Warning: An update to ApiRateLimitsPanel inside a test was not wrapped in act(...).

When testing, code that causes React state updates should be wrapped into act(...):

act(() => {
  /* fire events that update state */
});
/* assert on the output */

This ensures that you're testing the behavior the user would see in the browser. Learn more at https://reactjs.org/link/wrap-tests-with-act
    at ApiRateLimitsPanel (D:\WORK\GITHUB\SENTINEL_AI\sentinel-ai-app\src\components\ApiRateLimitsPanel.tsx:39:31)
    at div
    at Settings (D:\WORK\GITHUB\SENTINEL_AI\sentinel-ai-app\src\pages\Settings.tsx:213:57)

stderr | src/pages/__tests__/Settings.test.tsx > Settings тАФ Team Members > renders "Owner" role badge
Warning: An update to ApiRateLimitsPanel inside a test was not wrapped in act(...).

When testing, code that causes React state updates should be wrapped into act(...):

act(() => {
  /* fire events that update state */
});
/* assert on the output */

This ensures that you're testing the behavior the user would see in the browser. Learn more at https://reactjs.org/link/wrap-tests-with-act
    at ApiRateLimitsPanel (D:\WORK\GITHUB\SENTINEL_AI\sentinel-ai-app\src\components\ApiRateLimitsPanel.tsx:39:31)
    at div
    at Settings (D:\WORK\GITHUB\SENTINEL_AI\sentinel-ai-app\src\pages\Settings.tsx:213:57)

stderr | src/pages/__tests__/Settings.test.tsx > Settings тАФ Team Members > adds a new team member when Invite button clicked
Warning: An update to ApiRateLimitsPanel inside a test was not wrapped in act(...).

When testing, code that causes React state updates should be wrapped into act(...):

act(() => {
  /* fire events that update state */
});
/* assert on the output */

This ensures that you're testing the behavior the user would see in the browser. Learn more at https://reactjs.org/link/wrap-tests-with-act
    at ApiRateLimitsPanel (D:\WORK\GITHUB\SENTINEL_AI\sentinel-ai-app\src\components\ApiRateLimitsPanel.tsx:39:31)
    at div
    at Settings (D:\WORK\GITHUB\SENTINEL_AI\sentinel-ai-app\src\pages\Settings.tsx:213:57)

stderr | src/pages/__tests__/Settings.test.tsx > Settings тАФ Save > renders "Save changes" button
Warning: An update to ApiRateLimitsPanel inside a test was not wrapped in act(...).

When testing, code that causes React state updates should be wrapped into act(...):

act(() => {
  /* fire events that update state */
});
/* assert on the output */

This ensures that you're testing the behavior the user would see in the browser. Learn more at https://reactjs.org/link/wrap-tests-with-act
    at ApiRateLimitsPanel (D:\WORK\GITHUB\SENTINEL_AI\sentinel-ai-app\src\components\ApiRateLimitsPanel.tsx:39:31)
    at div
    at Settings (D:\WORK\GITHUB\SENTINEL_AI\sentinel-ai-app\src\pages\Settings.tsx:213:57)

 [32mтЬУ[39m src/pages/__tests__/Chat.integration.test.tsx [2m([22m[2m4 tests[22m[2m)[22m[33m 2293[2mms[22m[39m
   [33m[2mтЬУ[22m[39m Chat integration flow[2m > [22msends suggestion and persists user+assistant messages via agent path [33m1065[2mms[22m[39m
   [33m[2mтЬУ[22m[39m Chat integration flow[2m > [22mrenders assistant response from gateway when agent returns null [33m685[2mms[22m[39m
   [33m[2mтЬУ[22m[39m Chat integration flow[2m > [22mshows thinking label while gateway is processing [33m307[2mms[22m[39m
 [31mтЭп[39m src/pages/__tests__/Settings.test.tsx [2m([22m[2m21 tests[22m[2m | [22m[31m1 failed[39m[2m)[22m[33m 11150[2mms[22m[39m
   [33m[2mтЬУ[22m[39m Settings тАФ layout[2m > [22mrenders "Settings" heading [33m971[2mms[22m[39m
   [33m[2mтЬУ[22m[39m Settings тАФ layout[2m > [22mrenders "Profile" section heading [33m426[2mms[22m[39m
   [33m[2mтЬУ[22m[39m Settings тАФ Profile section[2m > [22mfull name input is pre-filled from profile [33m494[2mms[22m[39m
[31m   [31m├Ч[31m Settings тАФ Plans[2m > [22mrenders all four plan names[90m 152[2mms[22m[31m[39m
[31m     тЖТ Found multiple elements with the text: Free

Here are the matching elements:

Ignored nodes: comments, script, style
[36m<div[31m
  [33mclass[31m=[32m"text-2xl font-bold tabular-nums text-slate-300"[31m
[36m>[31m
  [0mFree[0m
[36m</div>[31m

Ignored nodes: comments, script, style
[36m<span[31m
  [33mclass[31m=[32m"font-semibold text-white"[31m
[36m>[31m
  [0mFree[0m
[36m</span>[31m

(If this is intentional, then use the `*AllBy*` variant of the query (like `queryAllByText`, `getAllByText`, or `findAllByText`)).

Ignored nodes: comments, script, style
[36m<body>[31m
  [36m<div>[31m
    [36m<div[31m
      [33mclass[31m=[32m"p-8 max-w-5xl space-y-8"[31m
    [36m>[31m
      [36m<div>[31m
        [36m<h1[31m
          [33mclass[31m=[32m"text-3xl font-bold tracking-tight"[31m
        [36m>[31m
          [0mSettings[0m
        [36m</h1>[31m
        [36m<p[31m
          [33mclass[31m=[32m"mt-1 text-sm text-slate-500"[31m
        [36m>[31m
          [0mManage your account, subscription and SLA policies.[0m
        [36m</p>[31m
      [36m</div>[31m
      [36m<div[31m
        [33mclass[31m=[32m"grid grid-cols-2 sm:grid-cols-4 gap-4"[31m
      [36m>[31m
        [36m<div[31m
          [33mclass[31m=[32m"rounded-xl border border-slate-800 bg-slate-900/30 p-4 flex flex-col gap-2"[31m
        [36m>[31m
          [36m<div[31m
            [33mclass[31m=[32m"flex items-center gap-2"[31m
          [36m>[31m
            [36m<svg[31m
              [33mclass[31m=[32m"lucide lucide-credit-card w-4 h-4 text-slate-300"[31m
              [33mfill[31m=[32m"none"[31m
              [33mheight[31m=[32m"24"[31m
              [33mstroke[31m=[32m"currentColor"[31m
              [33mstroke-linecap[31m=[32m"round"[31m
              [33mstroke-linejoin[31m=[32m"round"[31m
              [33mstroke-width[31m=[32m"2"[31m
              [33mviewBox[31m=[32m"0 0 24 24"[31m
              [33mwidth[31m=[32m"24"[31m
              [33mxmlns[31m=[32m"http://www.w3.org/2000/svg"[31m
            [36m>[31m
              [36m<rect[31m
                [33mheight[31m=[32m"14"[31m
                [33mrx[31m=[32m"2"[31m
                [33mwidth[31m=[32m"20"[31m
                [33mx[31m=[32m"2"[31m
                [33my[31m=[32m"5"[31m
              [36m/>[31m
              [36m<line[31m
                [33mx1[31m=[32m"2"[31m
                [33mx2[31m=[32m"22"[31m
                [33my1[31m=[32m"10"[31m
                [33my2[31m=[32m"10"[31m
              [36m/>[31m
            [36m</svg>[31m
            [36m<span[31m
              [33mclass[31m=[32m"text-xs text-slate-500 uppercase tracking-wider font-semibold"[31m
            [36m>[31m
              [0mCurrent plan[0m
            [36m</span>[31m
          [36m</div>[31m
          [36m<div[31m
            [33mclass[31m=[32m"text-2xl font-bold tabular-nums text-slate-300"[31m
          [36m>[31m
            [0mFree[0m
          [36m</div>[31m
          [36m<div[31m
            [33mclass[31m=[32m"text-[10px] text-slate-600"[31m
          [36m>[31m
            [0mFree tier[0m
          [36m</div>[31m
        [36m</div>[31m
        [36m<div[31m
          [33mclass[31m=[32m"rounded-xl border border-slate-800 bg-slate-900/30 p-4 flex flex-col gap-2"[31m
        [36m>[31m
          [36m<div[31m
            [33mclass[31m=[32m"flex items-center gap-2"[31m
          [36m>[31m
            [36m<svg[31m
              [33mclass[31m=[32m"lucide lucide-timer w-4 h-4 text-emerald-400"[31m
              [33mfill[31m=[32m"none"[31m
              [33mheight[31m=[32m"24"[31m
              [33mstroke[31m=[32m"currentColor"[31m
              [33mstroke-linecap[31m=[32m"round"[31m
              [33mstroke-linejoin[31m=[32m"round"[31m
              [33mstroke-width[31m=[32m"2"[31m
              [33mviewBox[31m=[32m"0 0 24 24"[31m
              [33mwidth[31m=[32m"24"[31m
              [33mxmlns[31m=[32m"http://www.w3.org/2000/svg"[31m
            [36m>[31m
              [36m<line[31m
                [33mx1[31m=[32m"10"[31m
                [33mx2[31m=[32m"14"[31m
                [33my1[31m=[32m"2"[31m
                [33my2[31m=[32m"2"[31m
              [36m/>[31m
              [36m<line[31m
                [33mx1[31m=[32m"12"[31m
                [33mx2[31m=[32m"15"[31m
                [33my1[31m=[32m"14"[31m
                [33my2[31m=[32m"11"[31m
              [36m/>[31m
              [36m<circle[31m
                [33mcx[31m=[32m"12"[31m
                [33mcy[31m=[32m"14"[31m
                [33mr[31m=[32m"8"[31m
              [36m/>[31m
            [36m</svg>[31m
            [36m<span[31m
              [33mclass[31m=[32m"text-xs text-slate-500 uppercase tracking-wider font-semibold"[31m
            [36m>[31m
              [0mSLA rules[0m
            [36m</span>[31m
          [36m</div>[31m
          [36m<div[31m
            [33mclass[31m=[32m"text-2xl font-bold tabular-nums text-emerald-400"[31m
          [36m>[31m
            [0m4[0m
          [36m</div>[31m
          [36m<div[31m
            [33mclass[31m=[32m"text-[10px] text-slate-600"[31m
          [36m>[31m
            [0mseverity policies[0m
          [36m</div>[31m
        [36m</div>[31m
        [36m<div[31m
          [33mclass[31m=[32m"rounded-xl border border-slate-800 bg-slate-900/30 p-4 flex flex-col gap-2"[31m
        [36m>[31m
          [36m<div[31m
            [33mclass[31m=[32m"flex items-center gap-2"[31m
          [36m>[31m
            [36m<svg[31m
              [33mclass[31m=[32m"lucide lucide-users w-4 h-4 text-sky-400"[31m
              [33mfill[31m=[32m"none"[31m
              [33mheight[31m=[32m"24"[31m
              [33mstroke[31m=[32m"currentColor"[31m
              [33mstroke-linecap[31m=[32m"round"[31m
              [33mstroke-linejoin[31m=[32m"round"[31m
              [33mstroke-width[31m=[32m"2"[31m
              [33mviewBox[31m=[32m"0 0 24 24"[31m
              [33mwidth[31m=[32m"24"[31m
              [33mxmlns[31m=[32m"http://www.w3.org/2000/svg"[31m
            [36m>[31m
              [36m<path[31m
                [33md[31m=[32m"M16 21v-2a4 4 0 0 0-4-4H6a4 4 0 0 0-4 4v2"[31m
              [36m/>[31m
              [36m<circle[31m
                [33mcx[31m=[32m"9"[31m
                [33mcy[31m=[32m"7"[31m
                [33mr[31m=[32m"4"[31m
              [36m/>[31m
              [36m<path[31m
                [33md[31m=[32m"M22 21v-2a4 4 0 0 0-3-3.87"[31m
              [36m/>[31m
              [36m<path[31m
                [33md[31m=[32m"M16 3.13a4 4 0 0 1 0 7.75"[31m
              [36m/>[31m
            [36m</svg>[31m
            [36m<span[31m
              [33mclass[31m=[32m"text-xs text-slate-500 uppercase tracking-wider font-semibold"[31m
            [36m>[31m
              [0mTeam members[0m
            [36m</span>[31m
          [36m</div>[31m
          [36m<div[31m
            [33mclass[31m=[32m"text-2xl font-bold tabular-nums text-sky-400"[31m
          [36m>[31m
            [0m1[0m
          [36m</div>[31m
          [36m<div[31m
            [33mclass[31m=[32m"text-[10px] text-slate-600"[31m
          [36m>[31m
            [0min this org[0m
          [36m</div>[39...[39m
   [33m[2mтЬУ[22m[39m Settings тАФ SLA section[2m > [22mrenders SLA inputs for all four severities [33m707[2mms[22m[39m
   [33m[2mтЬУ[22m[39m Settings тАФ Team Members[2m > [22madds a new team member when Invite button clicked [33m1574[2mms[22m[39m
   [33m[2mтЬУ[22m[39m Settings тАФ Save[2m > [22mrenders "Save changes" button [33m1434[2mms[22m[39m
   [33m[2mтЬУ[22m[39m Settings тАФ Save[2m > [22mcalls supabase update when Save clicked [33m1462[2mms[22m[39m
   [33m[2mтЬУ[22m[39m Settings тАФ Save[2m > [22mshows "Saved!" after successful save [33m1791[2mms[22m[39m
stderr | src/components/__tests__/FindingsTab.test.tsx > FindingsTab тАФ rendering with vulns > renders all vulnerability titles
Error: usePresence must be used within PresenceProvider
    at Module.usePresence (D:\WORK\GITHUB\SENTINEL_AI\sentinel-ai-app\src\context\PresenceContext.tsx:119:11)
    at FindingRow (D:\WORK\GITHUB\SENTINEL_AI\sentinel-ai-app\src\components\FindingsTab.tsx:373:30)
    at renderWithHooks (D:\WORK\GITHUB\SENTINEL_AI\sentinel-ai-app\node_modules\react-dom\cjs\react-dom.development.js:15486:18)
    at mountIndeterminateComponent (D:\WORK\GITHUB\SENTINEL_AI\sentinel-ai-app\node_modules\react-dom\cjs\react-dom.development.js:20103:13)
    at beginWork (D:\WORK\GITHUB\SENTINEL_AI\sentinel-ai-app\node_modules\react-dom\cjs\react-dom.development.js:21626:16)
    at HTMLUnknownElement.callCallback (D:\WORK\GITHUB\SENTINEL_AI\sentinel-ai-app\node_modules\react-dom\cjs\react-dom.development.js:4164:14)
    at HTMLUnknownElement.callTheUserObjectsOperation (D:\WORK\GITHUB\SENTINEL_AI\sentinel-ai-app\node_modules\jsdom\lib\generated\idl\EventListener.js:26:30)
    at innerInvokeEventListeners (D:\WORK\GITHUB\SENTINEL_AI\sentinel-ai-app\node_modules\jsdom\lib\jsdom\living\events\EventTarget-impl.js:360:16)
    at invokeEventListeners (D:\WORK\GITHUB\SENTINEL_AI\sentinel-ai-app\node_modules\jsdom\lib\jsdom\living\events\EventTarget-impl.js:296:3)
    at HTMLUnknownElementImpl._dispatch (D:\WORK\GITHUB\SENTINEL_AI\sentinel-ai-app\node_modules\jsdom\lib\jsdom\living\events\EventTarget-impl.js:243:9)
Error: usePresence must be used within PresenceProvider
    at Module.usePresence (D:\WORK\GITHUB\SENTINEL_AI\sentinel-ai-app\src\context\PresenceContext.tsx:119:11)
    at FindingRow (D:\WORK\GITHUB\SENTINEL_AI\sentinel-ai-app\src\components\FindingsTab.tsx:373:30)
    at renderWithHooks (D:\WORK\GITHUB\SENTINEL_AI\sentinel-ai-app\node_modules\react-dom\cjs\react-dom.development.js:15486:18)
    at mountIndeterminateComponent (D:\WORK\GITHUB\SENTINEL_AI\sentinel-ai-app\node_modules\react-dom\cjs\react-dom.development.js:20103:13)
    at beginWork (D:\WORK\GITHUB\SENTINEL_AI\sentinel-ai-app\node_modules\react-dom\cjs\react-dom.development.js:21626:16)
    at HTMLUnknownElement.callCallback (D:\WORK\GITHUB\SENTINEL_AI\sentinel-ai-app\node_modules\react-dom\cjs\react-dom.development.js:4164:14)
    at HTMLUnknownElement.callTheUserObjectsOperation (D:\WORK\GITHUB\SENTINEL_AI\sentinel-ai-app\node_modules\jsdom\lib\generated\idl\EventListener.js:26:30)
    at innerInvokeEventListeners (D:\WORK\GITHUB\SENTINEL_AI\sentinel-ai-app\node_modules\jsdom\lib\jsdom\living\events\EventTarget-impl.js:360:16)
    at invokeEventListeners (D:\WORK\GITHUB\SENTINEL_AI\sentinel-ai-app\node_modules\jsdom\lib\jsdom\living\events\EventTarget-impl.js:296:3)
    at HTMLUnknownElementImpl._dispatch (D:\WORK\GITHUB\SENTINEL_AI\sentinel-ai-app\node_modules\jsdom\lib\jsdom\living\events\EventTarget-impl.js:243:9)
Error: usePresence must be used within PresenceProvider
    at Module.usePresence (D:\WORK\GITHUB\SENTINEL_AI\sentinel-ai-app\src\context\PresenceContext.tsx:119:11)
    at FindingRow (D:\WORK\GITHUB\SENTINEL_AI\sentinel-ai-app\src\components\FindingsTab.tsx:373:30)
    at renderWithHooks (D:\WORK\GITHUB\SENTINEL_AI\sentinel-ai-app\node_modules\react-dom\cjs\react-dom.development.js:15486:18)
    at mountIndeterminateComponent (D:\WORK\GITHUB\SENTINEL_AI\sentinel-ai-app\node_modules\react-dom\cjs\react-dom.development.js:20103:13)
    at beginWork (D:\WORK\GITHUB\SENTINEL_AI\sentinel-ai-app\node_modules\react-dom\cjs\react-dom.development.js:21626:16)
    at HTMLUnknownElement.callCallback (D:\WORK\GITHUB\SENTINEL_AI\sentinel-ai-app\node_modules\react-dom\cjs\react-dom.development.js:4164:14)
    at HTMLUnknownElement.callTheUserObjectsOperation (D:\WORK\GITHUB\SENTINEL_AI\sentinel-ai-app\node_modules\jsdom\lib\generated\idl\EventListener.js:26:30)
    at innerInvokeEventListeners (D:\WORK\GITHUB\SENTINEL_AI\sentinel-ai-app\node_modules\jsdom\lib\jsdom\living\events\EventTarget-impl.js:360:16)
    at invokeEventListeners (D:\WORK\GITHUB\SENTINEL_AI\sentinel-ai-app\node_modules\jsdom\lib\jsdom\living\events\EventTarget-impl.js:296:3)
    at HTMLUnknownElementImpl._dispatch (D:\WORK\GITHUB\SENTINEL_AI\sentinel-ai-app\node_modules\jsdom\lib\jsdom\living\events\EventTarget-impl.js:243:9)
Error: usePresence must be used within PresenceProvider
    at Module.usePresence (D:\WORK\GITHUB\SENTINEL_AI\sentinel-ai-app\src\context\PresenceContext.tsx:119:11)
    at FindingRow (D:\WORK\GITHUB\SENTINEL_AI\sentinel-ai-app\src\components\FindingsTab.tsx:373:30)
    at renderWithHooks (D:\WORK\GITHUB\SENTINEL_AI\sentinel-ai-app\node_modules\react-dom\cjs\react-dom.development.js:15486:18)
    at mountIndeterminateComponent (D:\WORK\GITHUB\SENTINEL_AI\sentinel-ai-app\node_modules\react-dom\cjs\react-dom.development.js:20103:13)
    at beginWork (D:\WORK\GITHUB\SENTINEL_AI\sentinel-ai-app\node_modules\react-dom\cjs\react-dom.development.js:21626:16)
    at HTMLUnknownElement.callCallback (D:\WORK\GITHUB\SENTINEL_AI\sentinel-ai-app\node_modules\react-dom\cjs\react-dom.development.js:4164:14)
    at HTMLUnknownElement.callTheUserObjectsOperation (D:\WORK\GITHUB\SENTINEL_AI\sentinel-ai-app\node_modules\jsdom\lib\generated\idl\EventListener.js:26:30)
    at innerInvokeEventListeners (D:\WORK\GITHUB\SENTINEL_AI\sentinel-ai-app\node_modules\jsdom\lib\jsdom\living\events\EventTarget-impl.js:360:16)
    at invokeEventListeners (D:\WORK\GITHUB\SENTINEL_AI\sentinel-ai-app\node_modules\jsdom\lib\jsdom\living\events\EventTarget-impl.js:296:3)
    at HTMLUnknownElementImpl._dispatch (D:\WORK\GITHUB\SENTINEL_AI\sentinel-ai-app\node_modules\jsdom\lib\jsdom\living\events\EventTarget-impl.js:243:9)
The above error occurred in the <FindingRow> component:

    at FindingRow (D:\WORK\GITHUB\SENTINEL_AI\sentinel-ai-app\src\components\FindingsTab.tsx:589:3)
    at div
    at div
    at FindingsTab (D:\WORK\GITHUB\SENTINEL_AI\sentinel-ai-app\src\components\FindingsTab.tsx:56:3)

Consider adding an error boundary to your tree to customize error handling behavior.
Visit https://reactjs.org/link/error-boundaries to learn more about error boundaries.
The above error occurred in the <FindingRow> component:

    at FindingRow (D:\WORK\GITHUB\SENTINEL_AI\sentinel-ai-app\src\components\FindingsTab.tsx:589:3)
    at div
    at div
    at FindingsTab (D:\WORK\GITHUB\SENTINEL_AI\sentinel-ai-app\src\components\FindingsTab.tsx:56:3)

Consider adding an error boundary to your tree to customize error handling behavior.
Visit https://reactjs.org/link/error-boundaries to learn more about error boundaries.

stderr | src/components/__tests__/FindingsTab.test.tsx > FindingsTab тАФ rendering with vulns > shows correct "All (N)" count pill
Error: usePresence must be used within PresenceProvider
    at Module.usePresence (D:\WORK\GITHUB\SENTINEL_AI\sentinel-ai-app\src\context\PresenceContext.tsx:119:11)
    at FindingRow (D:\WORK\GITHUB\SENTINEL_AI\sentinel-ai-app\src\components\FindingsTab.tsx:373:30)
    at renderWithHooks (D:\WORK\GITHUB\SENTINEL_AI\sentinel-ai-app\node_modules\react-dom\cjs\react-dom.development.js:15486:18)
    at mountIndeterminateComponent (D:\WORK\GITHUB\SENTINEL_AI\sentinel-ai-app\node_modules\react-dom\cjs\react-dom.development.js:20103:13)
    at beginWork (D:\WORK\GITHUB\SENTINEL_AI\sentinel-ai-app\node_modules\react-dom\cjs\react-dom.development.js:21626:16)
    at HTMLUnknownElement.callCallback (D:\WORK\GITHUB\SENTINEL_AI\sentinel-ai-app\node_modules\react-dom\cjs\react-dom.development.js:4164:14)
    at HTMLUnknownElement.callTheUserObjectsOperation (D:\WORK\GITHUB\SENTINEL_AI\sentinel-ai-app\node_modules\jsdom\lib\generated\idl\EventListener.js:26:30)
    at innerInvokeEventListeners (D:\WORK\GITHUB\SENTINEL_AI\sentinel-ai-app\node_modules\jsdom\lib\jsdom\living\events\EventTarget-impl.js:360:16)
    at invokeEventListeners (D:\WORK\GITHUB\SENTINEL_AI\sentinel-ai-app\node_modules\jsdom\lib\jsdom\living\events\EventTarget-impl.js:296:3)
    at HTMLUnknownElementImpl._dispatch (D:\WORK\GITHUB\SENTINEL_AI\sentinel-ai-app\node_modules\jsdom\lib\jsdom\living\events\EventTarget-impl.js:243:9)
Error: usePresence must be used within PresenceProvider
    at Module.usePresence (D:\WORK\GITHUB\SENTINEL_AI\sentinel-ai-app\src\context\PresenceContext.tsx:119:11)
    at FindingRow (D:\WORK\GITHUB\SENTINEL_AI\sentinel-ai-app\src\components\FindingsTab.tsx:373:30)
    at renderWithHooks (D:\WORK\GITHUB\SENTINEL_AI\sentinel-ai-app\node_modules\react-dom\cjs\react-dom.development.js:15486:18)
    at mountIndeterminateComponent (D:\WORK\GITHUB\SENTINEL_AI\sentinel-ai-app\node_modules\react-dom\cjs\react-dom.development.js:20103:13)
    at beginWork (D:\WORK\GITHUB\SENTINEL_AI\sentinel-ai-app\node_modules\react-dom\cjs\react-dom.development.js:21626:16)
    at HTMLUnknownElement.callCallback (D:\WORK\GITHUB\SENTINEL_AI\sentinel-ai-app\node_modules\react-dom\cjs\react-dom.development.js:4164:14)
    at HTMLUnknownElement.callTheUserObjectsOperation (D:\WORK\GITHUB\SENTINEL_AI\sentinel-ai-app\node_modules\jsdom\lib\generated\idl\EventListener.js:26:30)
    at innerInvokeEventListeners (D:\WORK\GITHUB\SENTINEL_AI\sentinel-ai-app\node_modules\jsdom\lib\jsdom\living\events\EventTarget-impl.js:360:16)
    at invokeEventListeners (D:\WORK\GITHUB\SENTINEL_AI\sentinel-ai-app\node_modules\jsdom\lib\jsdom\living\events\EventTarget-impl.js:296:3)
    at HTMLUnknownElementImpl._dispatch (D:\WORK\GITHUB\SENTINEL_AI\sentinel-ai-app\node_modules\jsdom\lib\jsdom\living\events\EventTarget-impl.js:243:9)
Error: usePresence must be used within PresenceProvider
    at Module.usePresence (D:\WORK\GITHUB\SENTINEL_AI\sentinel-ai-app\src\context\PresenceContext.tsx:119:11)
    at FindingRow (D:\WORK\GITHUB\SENTINEL_AI\sentinel-ai-app\src\components\FindingsTab.tsx:373:30)
    at renderWithHooks (D:\WORK\GITHUB\SENTINEL_AI\sentinel-ai-app\node_modules\react-dom\cjs\react-dom.development.js:15486:18)
    at mountIndeterminateComponent (D:\WORK\GITHUB\SENTINEL_AI\sentinel-ai-app\node_modules\react-dom\cjs\react-dom.development.js:20103:13)
    at beginWork (D:\WORK\GITHUB\SENTINEL_AI\sentinel-ai-app\node_modules\react-dom\cjs\react-dom.development.js:21626:16)
    at HTMLUnknownElement.callCallback (D:\WORK\GITHUB\SENTINEL_AI\sentinel-ai-app\node_modules\react-dom\cjs\react-dom.development.js:4164:14)
    at HTMLUnknownElement.callTheUserObjectsOperation (D:\WORK\GITHUB\SENTINEL_AI\sentinel-ai-app\node_modules\jsdom\lib\generated\idl\EventListener.js:26:30)
    at innerInvokeEventListeners (D:\WORK\GITHUB\SENTINEL_AI\sentinel-ai-app\node_modules\jsdom\lib\jsdom\living\events\EventTarget-impl.js:360:16)
    at invokeEventListeners (D:\WORK\GITHUB\SENTINEL_AI\sentinel-ai-app\node_modules\jsdom\lib\jsdom\living\events\EventTarget-impl.js:296:3)
    at HTMLUnknownElementImpl._dispatch (D:\WORK\GITHUB\SENTINEL_AI\sentinel-ai-app\node_modules\jsdom\lib\jsdom\living\events\EventTarget-impl.js:243:9)
Error: usePresence must be used within PresenceProvider
    at Module.usePresence (D:\WORK\GITHUB\SENTINEL_AI\sentinel-ai-app\src\context\PresenceContext.tsx:119:11)
    at FindingRow (D:\WORK\GITHUB\SENTINEL_AI\sentinel-ai-app\src\components\FindingsTab.tsx:373:30)
    at renderWithHooks (D:\WORK\GITHUB\SENTINEL_AI\sentinel-ai-app\node_modules\react-dom\cjs\react-dom.development.js:15486:18)
    at mountIndeterminateComponent (D:\WORK\GITHUB\SENTINEL_AI\sentinel-ai-app\node_modules\react-dom\cjs\react-dom.development.js:20103:13)
    at beginWork (D:\WORK\GITHUB\SENTINEL_AI\sentinel-ai-app\node_modules\react-dom\cjs\react-dom.development.js:21626:16)
    at HTMLUnknownElement.callCallback (D:\WORK\GITHUB\SENTINEL_AI\sentinel-ai-app\node_modules\react-dom\cjs\react-dom.development.js:4164:14)
    at HTMLUnknownElement.callTheUserObjectsOperation (D:\WORK\GITHUB\SENTINEL_AI\sentinel-ai-app\node_modules\jsdom\lib\generated\idl\EventListener.js:26:30)
    at innerInvokeEventListeners (D:\WORK\GITHUB\SENTINEL_AI\sentinel-ai-app\node_modules\jsdom\lib\jsdom\living\events\EventTarget-impl.js:360:16)
    at invokeEventListeners (D:\WORK\GITHUB\SENTINEL_AI\sentinel-ai-app\node_modules\jsdom\lib\jsdom\living\events\EventTarget-impl.js:296:3)
    at HTMLUnknownElementImpl._dispatch (D:\WORK\GITHUB\SENTINEL_AI\sentinel-ai-app\node_modules\jsdom\lib\jsdom\living\events\EventTarget-impl.js:243:9)
Error: usePresence must be used within PresenceProvider
    at Module.usePresence (D:\WORK\GITHUB\SENTINEL_AI\sentinel-ai-app\src\context\PresenceContext.tsx:119:11)
    at FindingRow (D:\WORK\GITHUB\SENTINEL_AI\sentinel-ai-app\src\components\FindingsTab.tsx:373:30)
    at renderWithHooks (D:\WORK\GITHUB\SENTINEL_AI\sentinel-ai-app\node_modules\react-dom\cjs\react-dom.development.js:15486:18)
    at mountIndeterminateComponent (D:\WORK\GITHUB\SENTINEL_AI\sentinel-ai-app\node_modules\react-dom\cjs\react-dom.development.js:20103:13)
    at beginWork (D:\WORK\GITHUB\SENTINEL_AI\sentinel-ai-app\node_modules\react-dom\cjs\react-dom.development.js:21626:16)
    at HTMLUnknownElement.callCallback (D:\WORK\GITHUB\SENTINEL_AI\sentinel-ai-app\node_modules\react-dom\cjs\react-dom.development.js:4164:14)
    at HTMLUnknownElement.callTheUserObjectsOperation (D:\WORK\GITHUB\SENTINEL_AI\sentinel-ai-app\node_modules\jsdom\lib\generated\idl\EventListener.js:26:30)
    at innerInvokeEventListeners (D:\WORK\GITHUB\SENTINEL_AI\sentinel-ai-app\node_modules\jsdom\lib\jsdom\living\events\EventTarget-impl.js:360:16)
    at invokeEventListeners (D:\WORK\GITHUB\SENTINEL_AI\sentinel-ai-app\node_modules\jsdom\lib\jsdom\living\events\EventTarget-impl.js:296:3)
    at HTMLUnknownElementImpl._dispatch (D:\WORK\GITHUB\SENTINEL_AI\sentinel-ai-app\node_modules\jsdom\lib\jsdom\living\events\EventTarget-impl.js:243:9)
Error: usePresence must be used within PresenceProvider
    at Module.usePresence (D:\WORK\GITHUB\SENTINEL_AI\sentinel-ai-app\src\context\PresenceContext.tsx:119:11)
    at FindingRow (D:\WORK\GITHUB\SENTINEL_AI\sentinel-ai-app\src\components\FindingsTab.tsx:373:30)
    at renderWithHooks (D:\WORK\GITHUB\SENTINEL_AI\sentinel-ai-app\node_modules\react-dom\cjs\react-dom.development.js:15486:18)
    at mountIndeterminateComponent (D:\WORK\GITHUB\SENTINEL_AI\sentinel-ai-app\node_modules\react-dom\cjs\react-dom.development.js:20103:13)
    at beginWork (D:\WORK\GITHUB\SENTINEL_AI\sentinel-ai-app\node_modules\react-dom\cjs\react-dom.development.js:21626:16)
    at HTMLUnknownElement.callCallback (D:\WORK\GITHUB\SENTINEL_AI\sentinel-ai-app\node_modules\react-dom\cjs\react-dom.development.js:4164:14)
    at HTMLUnknownElement.callTheUserObjectsOperation (D:\WORK\GITHUB\SENTINEL_AI\sentinel-ai-app\node_modules\jsdom\lib\generated\idl\EventListener.js:26:30)
    at innerInvokeEventListeners (D:\WORK\GITHUB\SENTINEL_AI\sentinel-ai-app\node_modules\jsdom\lib\jsdom\living\events\EventTarget-impl.js:360:16)
    at invokeEventListeners (D:\WORK\GITHUB\SENTINEL_AI\sentinel-ai-app\node_modules\jsdom\lib\jsdom\living\events\EventTarget-impl.js:296:3)
    at HTMLUnknownElementImpl._dispatch (D:\WORK\GITHUB\SENTINEL_AI\sentinel-ai-app\node_modules\jsdom\lib\jsdom\living\events\EventTarget-impl.js:243:9)
The above error occurred in the <FindingRow> component:

    at FindingRow (D:\WORK\GITHUB\SENTINEL_AI\sentinel-ai-app\src\components\FindingsTab.tsx:589:3)
    at div
    at div
    at FindingsTab (D:\WORK\GITHUB\SENTINEL_AI\sentinel-ai-app\src\components\FindingsTab.tsx:56:3)

Consider adding an error boundary to your tree to customize error handling behavior.
Visit https://reactjs.org/link/error-boundaries to learn more about error boundaries.
The above error occurred in the <FindingRow> component:

    at FindingRow (D:\WORK\GITHUB\SENTINEL_AI\sentinel-ai-app\src\components\FindingsTab.tsx:589:3)
    at div
    at div
    at FindingsTab (D:\WORK\GITHUB\SENTINEL_AI\sentinel-ai-app\src\components\FindingsTab.tsx:56:3)

Consider adding an error boundary to your tree to customize error handling behavior.
Visit https://reactjs.org/link/error-boundaries to learn more about error boundaries.
The above error occurred in the <FindingRow> component:

    at FindingRow (D:\WORK\GITHUB\SENTINEL_AI\sentinel-ai-app\src\components\FindingsTab.tsx:589:3)
    at div
    at div
    at FindingsTab (D:\WORK\GITHUB\SENTINEL_AI\sentinel-ai-app\src\components\FindingsTab.tsx:56:3)

Consider adding an error boundary to your tree to customize error handling behavior.
Visit https://reactjs.org/link/error-boundaries to learn more about error boundaries.

stderr | src/components/__tests__/FindingsTab.test.tsx > FindingsTab тАФ rendering with vulns > renders filter pills: Status, Severity, SLA
Error: usePresence must be used within PresenceProvider
    at Module.usePresence (D:\WORK\GITHUB\SENTINEL_AI\sentinel-ai-app\src\context\PresenceContext.tsx:119:11)
    at FindingRow (D:\WORK\GITHUB\SENTINEL_AI\sentinel-ai-app\src\components\FindingsTab.tsx:373:30)
    at renderWithHooks (D:\WORK\GITHUB\SENTINEL_AI\sentinel-ai-app\node_modules\react-dom\cjs\react-dom.development.js:15486:18)
    at mountIndeterminateComponent (D:\WORK\GITHUB\SENTINEL_AI\sentinel-ai-app\node_modules\react-dom\cjs\react-dom.development.js:20103:13)
    at beginWork (D:\WORK\GITHUB\SENTINEL_AI\sentinel-ai-app\node_modules\react-dom\cjs\react-dom.development.js:21626:16)
    at HTMLUnknownElement.callCallback (D:\WORK\GITHUB\SENTINEL_AI\sentinel-ai-app\node_modules\react-dom\cjs\react-dom.development.js:4164:14)
    at HTMLUnknownElement.callTheUserObjectsOperation (D:\WORK\GITHUB\SENTINEL_AI\sentinel-ai-app\node_modules\jsdom\lib\generated\idl\EventListener.js:26:30)
    at innerInvokeEventListeners (D:\WORK\GITHUB\SENTINEL_AI\sentinel-ai-app\node_modules\jsdom\lib\jsdom\living\events\EventTarget-impl.js:360:16)
    at invokeEventListeners (D:\WORK\GITHUB\SENTINEL_AI\sentinel-ai-app\node_modules\jsdom\lib\jsdom\living\events\EventTarget-impl.js:296:3)
    at HTMLUnknownElementImpl._dispatch (D:\WORK\GITHUB\SENTINEL_AI\sentinel-ai-app\node_modules\jsdom\lib\jsdom\living\events\EventTarget-impl.js:243:9)
Error: usePresence must be used within PresenceProvider
    at Module.usePresence (D:\WORK\GITHUB\SENTINEL_AI\sentinel-ai-app\src\context\PresenceContext.tsx:119:11)
    at FindingRow (D:\WORK\GITHUB\SENTINEL_AI\sentinel-ai-app\src\components\FindingsTab.tsx:373:30)
    at renderWithHooks (D:\WORK\GITHUB\SENTINEL_AI\sentinel-ai-app\node_modules\react-dom\cjs\react-dom.development.js:15486:18)
    at mountIndeterminateComponent (D:\WORK\GITHUB\SENTINEL_AI\sentinel-ai-app\node_modules\react-dom\cjs\react-dom.development.js:20103:13)
    at beginWork (D:\WORK\GITHUB\SENTINEL_AI\sentinel-ai-app\node_modules\react-dom\cjs\react-dom.development.js:21626:16)
    at HTMLUnknownElement.callCallback (D:\WORK\GITHUB\SENTINEL_AI\sentinel-ai-app\node_modules\react-dom\cjs\react-dom.development.js:4164:14)
    at HTMLUnknownElement.callTheUserObjectsOperation (D:\WORK\GITHUB\SENTINEL_AI\sentinel-ai-app\node_modules\jsdom\lib\generated\idl\EventListener.js:26:30)
    at innerInvokeEventListeners (D:\WORK\GITHUB\SENTINEL_AI\sentinel-ai-app\node_modules\jsdom\lib\jsdom\living\events\EventTarget-impl.js:360:16)
    at invokeEventListeners (D:\WORK\GITHUB\SENTINEL_AI\sentinel-ai-app\node_modules\jsdom\lib\jsdom\living\events\EventTarget-impl.js:296:3)
    at HTMLUnknownElementImpl._dispatch (D:\WORK\GITHUB\SENTINEL_AI\sentinel-ai-app\node_modules\jsdom\lib\jsdom\living\events\EventTarget-impl.js:243:9)
The above error occurred in the <FindingRow> component:

    at FindingRow (D:\WORK\GITHUB\SENTINEL_AI\sentinel-ai-app\src\components\FindingsTab.tsx:589:3)
    at div
    at div
    at FindingsTab (D:\WORK\GITHUB\SENTINEL_AI\sentinel-ai-app\src\components\FindingsTab.tsx:56:3)

Consider adding an error boundary to your tree to customize error handling behavior.
Visit https://reactjs.org/link/error-boundaries to learn more about error boundaries.

stderr | src/components/__tests__/FindingsTab.test.tsx > FindingsTab тАФ rendering with vulns > shows "Export CSV" button
Error: usePresence must be used within PresenceProvider
    at Module.usePresence (D:\WORK\GITHUB\SENTINEL_AI\sentinel-ai-app\src\context\PresenceContext.tsx:119:11)
    at FindingRow (D:\WORK\GITHUB\SENTINEL_AI\sentinel-ai-app\src\components\FindingsTab.tsx:373:30)
    at renderWithHooks (D:\WORK\GITHUB\SENTINEL_AI\sentinel-ai-app\node_modules\react-dom\cjs\react-dom.development.js:15486:18)
    at mountIndeterminateComponent (D:\WORK\GITHUB\SENTINEL_AI\sentinel-ai-app\node_modules\react-dom\cjs\react-dom.development.js:20103:13)
    at beginWork (D:\WORK\GITHUB\SENTINEL_AI\sentinel-ai-app\node_modules\react-dom\cjs\react-dom.development.js:21626:16)
    at HTMLUnknownElement.callCallback (D:\WORK\GITHUB\SENTINEL_AI\sentinel-ai-app\node_modules\react-dom\cjs\react-dom.development.js:4164:14)
    at HTMLUnknownElement.callTheUserObjectsOperation (D:\WORK\GITHUB\SENTINEL_AI\sentinel-ai-app\node_modules\jsdom\lib\generated\idl\EventListener.js:26:30)
    at innerInvokeEventListeners (D:\WORK\GITHUB\SENTINEL_AI\sentinel-ai-app\node_modules\jsdom\lib\jsdom\living\events\EventTarget-impl.js:360:16)
    at invokeEventListeners (D:\WORK\GITHUB\SENTINEL_AI\sentinel-ai-app\node_modules\jsdom\lib\jsdom\living\events\EventTarget-impl.js:296:3)
    at HTMLUnknownElementImpl._dispatch (D:\WORK\GITHUB\SENTINEL_AI\sentinel-ai-app\node_modules\jsdom\lib\jsdom\living\events\EventTarget-impl.js:243:9)
Error: usePresence must be used within PresenceProvider
    at Module.usePresence (D:\WORK\GITHUB\SENTINEL_AI\sentinel-ai-app\src\context\PresenceContext.tsx:119:11)
    at FindingRow (D:\WORK\GITHUB\SENTINEL_AI\sentinel-ai-app\src\components\FindingsTab.tsx:373:30)
    at renderWithHooks (D:\WORK\GITHUB\SENTINEL_AI\sentinel-ai-app\node_modules\react-dom\cjs\react-dom.development.js:15486:18)
    at mountIndeterminateComponent (D:\WORK\GITHUB\SENTINEL_AI\sentinel-ai-app\node_modules\react-dom\cjs\react-dom.development.js:20103:13)
    at beginWork (D:\WORK\GITHUB\SENTINEL_AI\sentinel-ai-app\node_modules\react-dom\cjs\react-dom.development.js:21626:16)
    at HTMLUnknownElement.callCallback (D:\WORK\GITHUB\SENTINEL_AI\sentinel-ai-app\node_modules\react-dom\cjs\react-dom.development.js:4164:14)
    at HTMLUnknownElement.callTheUserObjectsOperation (D:\WORK\GITHUB\SENTINEL_AI\sentinel-ai-app\node_modules\jsdom\lib\generated\idl\EventListener.js:26:30)
    at innerInvokeEventListeners (D:\WORK\GITHUB\SENTINEL_AI\sentinel-ai-app\node_modules\jsdom\lib\jsdom\living\events\EventTarget-impl.js:360:16)
    at invokeEventListeners (D:\WORK\GITHUB\SENTINEL_AI\sentinel-ai-app\node_modules\jsdom\lib\jsdom\living\events\EventTarget-impl.js:296:3)
    at HTMLUnknownElementImpl._dispatch (D:\WORK\GITHUB\SENTINEL_AI\sentinel-ai-app\node_modules\jsdom\lib\jsdom\living\events\EventTarget-impl.js:243:9)
The above error occurred in the <FindingRow> component:

    at FindingRow (D:\WORK\GITHUB\SENTINEL_AI\sentinel-ai-app\src\components\FindingsTab.tsx:589:3)
    at div
    at div
    at FindingsTab (D:\WORK\GITHUB\SENTINEL_AI\sentinel-ai-app\src\components\FindingsTab.tsx:56:3)

Consider adding an error boundary to your tree to customize error handling behavior.
Visit https://reactjs.org/link/error-boundaries to learn more about error boundaries.

stderr | src/components/__tests__/FindingsTab.test.tsx > FindingsTab тАФ severity filter > filters vulns by severity when pill clicked
Error: usePresence must be used within PresenceProvider
    at Module.usePresence (D:\WORK\GITHUB\SENTINEL_AI\sentinel-ai-app\src\context\PresenceContext.tsx:119:11)
    at FindingRow (D:\WORK\GITHUB\SENTINEL_AI\sentinel-ai-app\src\components\FindingsTab.tsx:373:30)
    at renderWithHooks (D:\WORK\GITHUB\SENTINEL_AI\sentinel-ai-app\node_modules\react-dom\cjs\react-dom.development.js:15486:18)
    at mountIndeterminateComponent (D:\WORK\GITHUB\SENTINEL_AI\sentinel-ai-app\node_modules\react-dom\cjs\react-dom.development.js:20103:13)
    at beginWork (D:\WORK\GITHUB\SENTINEL_AI\sentinel-ai-app\node_modules\react-dom\cjs\react-dom.development.js:21626:16)
    at HTMLUnknownElement.callCallback (D:\WORK\GITHUB\SENTINEL_AI\sentinel-ai-app\node_modules\react-dom\cjs\react-dom.development.js:4164:14)
    at HTMLUnknownElement.callTheUserObjectsOperation (D:\WORK\GITHUB\SENTINEL_AI\sentinel-ai-app\node_modules\jsdom\lib\generated\idl\EventListener.js:26:30)
    at innerInvokeEventListeners (D:\WORK\GITHUB\SENTINEL_AI\sentinel-ai-app\node_modules\jsdom\lib\jsdom\living\events\EventTarget-impl.js:360:16)
    at invokeEventListeners (D:\WORK\GITHUB\SENTINEL_AI\sentinel-ai-app\node_modules\jsdom\lib\jsdom\living\events\EventTarget-impl.js:296:3)
    at HTMLUnknownElementImpl._dispatch (D:\WORK\GITHUB\SENTINEL_AI\sentinel-ai-app\node_modules\jsdom\lib\jsdom\living\events\EventTarget-impl.js:243:9)
Error: usePresence must be used within PresenceProvider
    at Module.usePresence (D:\WORK\GITHUB\SENTINEL_AI\sentinel-ai-app\src\context\PresenceContext.tsx:119:11)
    at FindingRow (D:\WORK\GITHUB\SENTINEL_AI\sentinel-ai-app\src\components\FindingsTab.tsx:373:30)
    at renderWithHooks (D:\WORK\GITHUB\SENTINEL_AI\sentinel-ai-app\node_modules\react-dom\cjs\react-dom.development.js:15486:18)
    at mountIndeterminateComponent (D:\WORK\GITHUB\SENTINEL_AI\sentinel-ai-app\node_modules\react-dom\cjs\react-dom.development.js:20103:13)
    at beginWork (D:\WORK\GITHUB\SENTINEL_AI\sentinel-ai-app\node_modules\react-dom\cjs\react-dom.development.js:21626:16)
    at HTMLUnknownElement.callCallback (D:\WORK\GITHUB\SENTINEL_AI\sentinel-ai-app\node_modules\react-dom\cjs\react-dom.development.js:4164:14)
    at HTMLUnknownElement.callTheUserObjectsOperation (D:\WORK\GITHUB\SENTINEL_AI\sentinel-ai-app\node_modules\jsdom\lib\generated\idl\EventListener.js:26:30)
    at innerInvokeEventListeners (D:\WORK\GITHUB\SENTINEL_AI\sentinel-ai-app\node_modules\jsdom\lib\jsdom\living\events\EventTarget-impl.js:360:16)
    at invokeEventListeners (D:\WORK\GITHUB\SENTINEL_AI\sentinel-ai-app\node_modules\jsdom\lib\jsdom\living\events\EventTarget-impl.js:296:3)
    at HTMLUnknownElementImpl._dispatch (D:\WORK\GITHUB\SENTINEL_AI\sentinel-ai-app\node_modules\jsdom\lib\jsdom\living\events\EventTarget-impl.js:243:9)
Error: usePresence must be used within PresenceProvider
    at Module.usePresence (D:\WORK\GITHUB\SENTINEL_AI\sentinel-ai-app\src\context\PresenceContext.tsx:119:11)
    at FindingRow (D:\WORK\GITHUB\SENTINEL_AI\sentinel-ai-app\src\components\FindingsTab.tsx:373:30)
    at renderWithHooks (D:\WORK\GITHUB\SENTINEL_AI\sentinel-ai-app\node_modules\react-dom\cjs\react-dom.development.js:15486:18)
    at mountIndeterminateComponent (D:\WORK\GITHUB\SENTINEL_AI\sentinel-ai-app\node_modules\react-dom\cjs\react-dom.development.js:20103:13)
    at beginWork (D:\WORK\GITHUB\SENTINEL_AI\sentinel-ai-app\node_modules\react-dom\cjs\react-dom.development.js:21626:16)
    at HTMLUnknownElement.callCallback (D:\WORK\GITHUB\SENTINEL_AI\sentinel-ai-app\node_modules\react-dom\cjs\react-dom.development.js:4164:14)
    at HTMLUnknownElement.callTheUserObjectsOperation (D:\WORK\GITHUB\SENTINEL_AI\sentinel-ai-app\node_modules\jsdom\lib\generated\idl\EventListener.js:26:30)
    at innerInvokeEventListeners (D:\WORK\GITHUB\SENTINEL_AI\sentinel-ai-app\node_modules\jsdom\lib\jsdom\living\events\EventTarget-impl.js:360:16)
    at invokeEventListeners (D:\WORK\GITHUB\SENTINEL_AI\sentinel-ai-app\node_modules\jsdom\lib\jsdom\living\events\EventTarget-impl.js:296:3)
    at HTMLUnknownElementImpl._dispatch (D:\WORK\GITHUB\SENTINEL_AI\sentinel-ai-app\node_modules\jsdom\lib\jsdom\living\events\EventTarget-impl.js:243:9)
Error: usePresence must be used within PresenceProvider
    at Module.usePresence (D:\WORK\GITHUB\SENTINEL_AI\sentinel-ai-app\src\context\PresenceContext.tsx:119:11)
    at FindingRow (D:\WORK\GITHUB\SENTINEL_AI\sentinel-ai-app\src\components\FindingsTab.tsx:373:30)
    at renderWithHooks (D:\WORK\GITHUB\SENTINEL_AI\sentinel-ai-app\node_modules\react-dom\cjs\react-dom.development.js:15486:18)
    at mountIndeterminateComponent (D:\WORK\GITHUB\SENTINEL_AI\sentinel-ai-app\node_modules\react-dom\cjs\react-dom.development.js:20103:13)
    at beginWork (D:\WORK\GITHUB\SENTINEL_AI\sentinel-ai-app\node_modules\react-dom\cjs\react-dom.development.js:21626:16)
    at HTMLUnknownElement.callCallback (D:\WORK\GITHUB\SENTINEL_AI\sentinel-ai-app\node_modules\react-dom\cjs\react-dom.development.js:4164:14)
    at HTMLUnknownElement.callTheUserObjectsOperation (D:\WORK\GITHUB\SENTINEL_AI\sentinel-ai-app\node_modules\jsdom\lib\generated\idl\EventListener.js:26:30)
    at innerInvokeEventListeners (D:\WORK\GITHUB\SENTINEL_AI\sentinel-ai-app\node_modules\jsdom\lib\jsdom\living\events\EventTarget-impl.js:360:16)
    at invokeEventListeners (D:\WORK\GITHUB\SENTINEL_AI\sentinel-ai-app\node_modules\jsdom\lib\jsdom\living\events\EventTarget-impl.js:296:3)
    at HTMLUnknownElementImpl._dispatch (D:\WORK\GITHUB\SENTINEL_AI\sentinel-ai-app\node_modules\jsdom\lib\jsdom\living\events\EventTarget-impl.js:243:9)
The above error occurred in the <FindingRow> component:

    at FindingRow (D:\WORK\GITHUB\SENTINEL_AI\sentinel-ai-app\src\components\FindingsTab.tsx:589:3)
    at div
    at div
    at FindingsTab (D:\WORK\GITHUB\SENTINEL_AI\sentinel-ai-app\src\components\FindingsTab.tsx:56:3)

Consider adding an error boundary to your tree to customize error handling behavior.
Visit https://reactjs.org/link/error-boundaries to learn more about error boundaries.
The above error occurred in the <FindingRow> component:

    at FindingRow (D:\WORK\GITHUB\SENTINEL_AI\sentinel-ai-app\src\components\FindingsTab.tsx:589:3)
    at div
    at div
    at FindingsTab (D:\WORK\GITHUB\SENTINEL_AI\sentinel-ai-app\src\components\FindingsTab.tsx:56:3)

Consider adding an error boundary to your tree to customize error handling behavior.
Visit https://reactjs.org/link/error-boundaries to learn more about error boundaries.

stderr | src/components/__tests__/FindingsTab.test.tsx > FindingsTab тАФ severity filter > shows "No findings match" message when filter yields nothing
Error: usePresence must be used within PresenceProvider
    at Module.usePresence (D:\WORK\GITHUB\SENTINEL_AI\sentinel-ai-app\src\context\PresenceContext.tsx:119:11)
    at FindingRow (D:\WORK\GITHUB\SENTINEL_AI\sentinel-ai-app\src\components\FindingsTab.tsx:373:30)
    at renderWithHooks (D:\WORK\GITHUB\SENTINEL_AI\sentinel-ai-app\node_modules\react-dom\cjs\react-dom.development.js:15486:18)
    at mountIndeterminateComponent (D:\WORK\GITHUB\SENTINEL_AI\sentinel-ai-app\node_modules\react-dom\cjs\react-dom.development.js:20103:13)
    at beginWork (D:\WORK\GITHUB\SENTINEL_AI\sentinel-ai-app\node_modules\react-dom\cjs\react-dom.development.js:21626:16)
    at HTMLUnknownElement.callCallback (D:\WORK\GITHUB\SENTINEL_AI\sentinel-ai-app\node_modules\react-dom\cjs\react-dom.development.js:4164:14)
    at HTMLUnknownElement.callTheUserObjectsOperation (D:\WORK\GITHUB\SENTINEL_AI\sentinel-ai-app\node_modules\jsdom\lib\generated\idl\EventListener.js:26:30)
    at innerInvokeEventListeners (D:\WORK\GITHUB\SENTINEL_AI\sentinel-ai-app\node_modules\jsdom\lib\jsdom\living\events\EventTarget-impl.js:360:16)
    at invokeEventListeners (D:\WORK\GITHUB\SENTINEL_AI\sentinel-ai-app\node_modules\jsdom\lib\jsdom\living\events\EventTarget-impl.js:296:3)
    at HTMLUnknownElementImpl._dispatch (D:\WORK\GITHUB\SENTINEL_AI\sentinel-ai-app\node_modules\jsdom\lib\jsdom\living\events\EventTarget-impl.js:243:9)
Error: usePresence must be used within PresenceProvider
    at Module.usePresence (D:\WORK\GITHUB\SENTINEL_AI\sentinel-ai-app\src\context\PresenceContext.tsx:119:11)
    at FindingRow (D:\WORK\GITHUB\SENTINEL_AI\sentinel-ai-app\src\components\FindingsTab.tsx:373:30)
    at renderWithHooks (D:\WORK\GITHUB\SENTINEL_AI\sentinel-ai-app\node_modules\react-dom\cjs\react-dom.development.js:15486:18)
    at mountIndeterminateComponent (D:\WORK\GITHUB\SENTINEL_AI\sentinel-ai-app\node_modules\react-dom\cjs\react-dom.development.js:20103:13)
    at beginWork (D:\WORK\GITHUB\SENTINEL_AI\sentinel-ai-app\node_modules\react-dom\cjs\react-dom.development.js:21626:16)
    at HTMLUnknownElement.callCallback (D:\WORK\GITHUB\SENTINEL_AI\sentinel-ai-app\node_modules\react-dom\cjs\react-dom.development.js:4164:14)
    at HTMLUnknownElement.callTheUserObjectsOperation (D:\WORK\GITHUB\SENTINEL_AI\sentinel-ai-app\node_modules\jsdom\lib\generated\idl\EventListener.js:26:30)
    at innerInvokeEventListeners (D:\WORK\GITHUB\SENTINEL_AI\sentinel-ai-app\node_modules\jsdom\lib\jsdom\living\events\EventTarget-impl.js:360:16)
    at invokeEventListeners (D:\WORK\GITHUB\SENTINEL_AI\sentinel-ai-app\node_modules\jsdom\lib\jsdom\living\events\EventTarget-impl.js:296:3)
    at HTMLUnknownElementImpl._dispatch (D:\WORK\GITHUB\SENTINEL_AI\sentinel-ai-app\node_modules\jsdom\lib\jsdom\living\events\EventTarget-impl.js:243:9)
The above error occurred in the <FindingRow> component:

    at FindingRow (D:\WORK\GITHUB\SENTINEL_AI\sentinel-ai-app\src\components\FindingsTab.tsx:589:3)
    at div
    at div
    at FindingsTab (D:\WORK\GITHUB\SENTINEL_AI\sentinel-ai-app\src\components\FindingsTab.tsx:56:3)

Consider adding an error boundary to your tree to customize error handling behavior.
Visit https://reactjs.org/link/error-boundaries to learn more about error boundaries.

stderr | src/components/__tests__/FindingsTab.test.tsx > FindingsTab тАФ status filter > filters by resolved status
Error: usePresence must be used within PresenceProvider
    at Module.usePresence (D:\WORK\GITHUB\SENTINEL_AI\sentinel-ai-app\src\context\PresenceContext.tsx:119:11)
    at FindingRow (D:\WORK\GITHUB\SENTINEL_AI\sentinel-ai-app\src\components\FindingsTab.tsx:373:30)
    at renderWithHooks (D:\WORK\GITHUB\SENTINEL_AI\sentinel-ai-app\node_modules\react-dom\cjs\react-dom.development.js:15486:18)
    at mountIndeterminateComponent (D:\WORK\GITHUB\SENTINEL_AI\sentinel-ai-app\node_modules\react-dom\cjs\react-dom.development.js:20103:13)
    at beginWork (D:\WORK\GITHUB\SENTINEL_AI\sentinel-ai-app\node_modules\react-dom\cjs\react-dom.development.js:21626:16)
    at HTMLUnknownElement.callCallback (D:\WORK\GITHUB\SENTINEL_AI\sentinel-ai-app\node_modules\react-dom\cjs\react-dom.development.js:4164:14)
    at HTMLUnknownElement.callTheUserObjectsOperation (D:\WORK\GITHUB\SENTINEL_AI\sentinel-ai-app\node_modules\jsdom\lib\generated\idl\EventListener.js:26:30)
    at innerInvokeEventListeners (D:\WORK\GITHUB\SENTINEL_AI\sentinel-ai-app\node_modules\jsdom\lib\jsdom\living\events\EventTarget-impl.js:360:16)
    at invokeEventListeners (D:\WORK\GITHUB\SENTINEL_AI\sentinel-ai-app\node_modules\jsdom\lib\jsdom\living\events\EventTarget-impl.js:296:3)
    at HTMLUnknownElementImpl._dispatch (D:\WORK\GITHUB\SENTINEL_AI\sentinel-ai-app\node_modules\jsdom\lib\jsdom\living\events\EventTarget-impl.js:243:9)
Error: usePresence must be used within PresenceProvider
    at Module.usePresence (D:\WORK\GITHUB\SENTINEL_AI\sentinel-ai-app\src\context\PresenceContext.tsx:119:11)
    at FindingRow (D:\WORK\GITHUB\SENTINEL_AI\sentinel-ai-app\src\components\FindingsTab.tsx:373:30)
    at renderWithHooks (D:\WORK\GITHUB\SENTINEL_AI\sentinel-ai-app\node_modules\react-dom\cjs\react-dom.development.js:15486:18)
    at mountIndeterminateComponent (D:\WORK\GITHUB\SENTINEL_AI\sentinel-ai-app\node_modules\react-dom\cjs\react-dom.development.js:20103:13)
    at beginWork (D:\WORK\GITHUB\SENTINEL_AI\sentinel-ai-app\node_modules\react-dom\cjs\react-dom.development.js:21626:16)
    at HTMLUnknownElement.callCallback (D:\WORK\GITHUB\SENTINEL_AI\sentinel-ai-app\node_modules\react-dom\cjs\react-dom.development.js:4164:14)
    at HTMLUnknownElement.callTheUserObjectsOperation (D:\WORK\GITHUB\SENTINEL_AI\sentinel-ai-app\node_modules\jsdom\lib\generated\idl\EventListener.js:26:30)
    at innerInvokeEventListeners (D:\WORK\GITHUB\SENTINEL_AI\sentinel-ai-app\node_modules\jsdom\lib\jsdom\living\events\EventTarget-impl.js:360:16)
    at invokeEventListeners (D:\WORK\GITHUB\SENTINEL_AI\sentinel-ai-app\node_modules\jsdom\lib\jsdom\living\events\EventTarget-impl.js:296:3)
    at HTMLUnknownElementImpl._dispatch (D:\WORK\GITHUB\SENTINEL_AI\sentinel-ai-app\node_modules\jsdom\lib\jsdom\living\events\EventTarget-impl.js:243:9)
Error: usePresence must be used within PresenceProvider
    at Module.usePresence (D:\WORK\GITHUB\SENTINEL_AI\sentinel-ai-app\src\context\PresenceContext.tsx:119:11)
    at FindingRow (D:\WORK\GITHUB\SENTINEL_AI\sentinel-ai-app\src\components\FindingsTab.tsx:373:30)
    at renderWithHooks (D:\WORK\GITHUB\SENTINEL_AI\sentinel-ai-app\node_modules\react-dom\cjs\react-dom.development.js:15486:18)
    at mountIndeterminateComponent (D:\WORK\GITHUB\SENTINEL_AI\sentinel-ai-app\node_modules\react-dom\cjs\react-dom.development.js:20103:13)
    at beginWork (D:\WORK\GITHUB\SENTINEL_AI\sentinel-ai-app\node_modules\react-dom\cjs\react-dom.development.js:21626:16)
    at HTMLUnknownElement.callCallback (D:\WORK\GITHUB\SENTINEL_AI\sentinel-ai-app\node_modules\react-dom\cjs\react-dom.development.js:4164:14)
    at HTMLUnknownElement.callTheUserObjectsOperation (D:\WORK\GITHUB\SENTINEL_AI\sentinel-ai-app\node_modules\jsdom\lib\generated\idl\EventListener.js:26:30)
    at innerInvokeEventListeners (D:\WORK\GITHUB\SENTINEL_AI\sentinel-ai-app\node_modules\jsdom\lib\jsdom\living\events\EventTarget-impl.js:360:16)
    at invokeEventListeners (D:\WORK\GITHUB\SENTINEL_AI\sentinel-ai-app\node_modules\jsdom\lib\jsdom\living\events\EventTarget-impl.js:296:3)
    at HTMLUnknownElementImpl._dispatch (D:\WORK\GITHUB\SENTINEL_AI\sentinel-ai-app\node_modules\jsdom\lib\jsdom\living\events\EventTarget-impl.js:243:9)
Error: usePresence must be used within PresenceProvider
    at Module.usePresence (D:\WORK\GITHUB\SENTINEL_AI\sentinel-ai-app\src\context\PresenceContext.tsx:119:11)
    at FindingRow (D:\WORK\GITHUB\SENTINEL_AI\sentinel-ai-app\src\components\FindingsTab.tsx:373:30)
    at renderWithHooks (D:\WORK\GITHUB\SENTINEL_AI\sentinel-ai-app\node_modules\react-dom\cjs\react-dom.development.js:15486:18)
    at mountIndeterminateComponent (D:\WORK\GITHUB\SENTINEL_AI\sentinel-ai-app\node_modules\react-dom\cjs\react-dom.development.js:20103:13)
    at beginWork (D:\WORK\GITHUB\SENTINEL_AI\sentinel-ai-app\node_modules\react-dom\cjs\react-dom.development.js:21626:16)
    at HTMLUnknownElement.callCallback (D:\WORK\GITHUB\SENTINEL_AI\sentinel-ai-app\node_modules\react-dom\cjs\react-dom.development.js:4164:14)
    at HTMLUnknownElement.callTheUserObjectsOperation (D:\WORK\GITHUB\SENTINEL_AI\sentinel-ai-app\node_modules\jsdom\lib\generated\idl\EventListener.js:26:30)
    at innerInvokeEventListeners (D:\WORK\GITHUB\SENTINEL_AI\sentinel-ai-app\node_modules\jsdom\lib\jsdom\living\events\EventTarget-impl.js:360:16)
    at invokeEventListeners (D:\WORK\GITHUB\SENTINEL_AI\sentinel-ai-app\node_modules\jsdom\lib\jsdom\living\events\EventTarget-impl.js:296:3)
    at HTMLUnknownElementImpl._dispatch (D:\WORK\GITHUB\SENTINEL_AI\sentinel-ai-app\node_modules\jsdom\lib\jsdom\living\events\EventTarget-impl.js:243:9)
The above error occurred in the <FindingRow> component:

    at FindingRow (D:\WORK\GITHUB\SENTINEL_AI\sentinel-ai-app\src\components\FindingsTab.tsx:589:3)
    at div
    at div
    at FindingsTab (D:\WORK\GITHUB\SENTINEL_AI\sentinel-ai-app\src\components\FindingsTab.tsx:56:3)

Consider adding an error boundary to your tree to customize error handling behavior.
Visit https://reactjs.org/link/error-boundaries to learn more about error boundaries.
The above error occurred in the <FindingRow> component:

    at FindingRow (D:\WORK\GITHUB\SENTINEL_AI\sentinel-ai-app\src\components\FindingsTab.tsx:589:3)
    at div
    at div
    at FindingsTab (D:\WORK\GITHUB\SENTINEL_AI\sentinel-ai-app\src\components\FindingsTab.tsx:56:3)

Consider adding an error boundary to your tree to customize error handling behavior.
Visit https://reactjs.org/link/error-boundaries to learn more about error boundaries.

stderr | src/components/__tests__/FindingsTab.test.tsx > FindingsTab тАФ export > calls downloadFile when Export CSV clicked
Error: usePresence must be used within PresenceProvider
    at Module.usePresence (D:\WORK\GITHUB\SENTINEL_AI\sentinel-ai-app\src\context\PresenceContext.tsx:119:11)
    at FindingRow (D:\WORK\GITHUB\SENTINEL_AI\sentinel-ai-app\src\components\FindingsTab.tsx:373:30)
    at renderWithHooks (D:\WORK\GITHUB\SENTINEL_AI\sentinel-ai-app\node_modules\react-dom\cjs\react-dom.development.js:15486:18)
    at mountIndeterminateComponent (D:\WORK\GITHUB\SENTINEL_AI\sentinel-ai-app\node_modules\react-dom\cjs\react-dom.development.js:20103:13)
    at beginWork (D:\WORK\GITHUB\SENTINEL_AI\sentinel-ai-app\node_modules\react-dom\cjs\react-dom.development.js:21626:16)
    at HTMLUnknownElement.callCallback (D:\WORK\GITHUB\SENTINEL_AI\sentinel-ai-app\node_modules\react-dom\cjs\react-dom.development.js:4164:14)
    at HTMLUnknownElement.callTheUserObjectsOperation (D:\WORK\GITHUB\SENTINEL_AI\sentinel-ai-app\node_modules\jsdom\lib\generated\idl\EventListener.js:26:30)
    at innerInvokeEventListeners (D:\WORK\GITHUB\SENTINEL_AI\sentinel-ai-app\node_modules\jsdom\lib\jsdom\living\events\EventTarget-impl.js:360:16)
    at invokeEventListeners (D:\WORK\GITHUB\SENTINEL_AI\sentinel-ai-app\node_modules\jsdom\lib\jsdom\living\events\EventTarget-impl.js:296:3)
    at HTMLUnknownElementImpl._dispatch (D:\WORK\GITHUB\SENTINEL_AI\sentinel-ai-app\node_modules\jsdom\lib\jsdom\living\events\EventTarget-impl.js:243:9)
Error: usePresence must be used within PresenceProvider
    at Module.usePresence (D:\WORK\GITHUB\SENTINEL_AI\sentinel-ai-app\src\context\PresenceContext.tsx:119:11)
    at FindingRow (D:\WORK\GITHUB\SENTINEL_AI\sentinel-ai-app\src\components\FindingsTab.tsx:373:30)
    at renderWithHooks (D:\WORK\GITHUB\SENTINEL_AI\sentinel-ai-app\node_modules\react-dom\cjs\react-dom.development.js:15486:18)
    at mountIndeterminateComponent (D:\WORK\GITHUB\SENTINEL_AI\sentinel-ai-app\node_modules\react-dom\cjs\react-dom.development.js:20103:13)
    at beginWork (D:\WORK\GITHUB\SENTINEL_AI\sentinel-ai-app\node_modules\react-dom\cjs\react-dom.development.js:21626:16)
    at HTMLUnknownElement.callCallback (D:\WORK\GITHUB\SENTINEL_AI\sentinel-ai-app\node_modules\react-dom\cjs\react-dom.development.js:4164:14)
    at HTMLUnknownElement.callTheUserObjectsOperation (D:\WORK\GITHUB\SENTINEL_AI\sentinel-ai-app\node_modules\jsdom\lib\generated\idl\EventListener.js:26:30)
    at innerInvokeEventListeners (D:\WORK\GITHUB\SENTINEL_AI\sentinel-ai-app\node_modules\jsdom\lib\jsdom\living\events\EventTarget-impl.js:360:16)
    at invokeEventListeners (D:\WORK\GITHUB\SENTINEL_AI\sentinel-ai-app\node_modules\jsdom\lib\jsdom\living\events\EventTarget-impl.js:296:3)
    at HTMLUnknownElementImpl._dispatch (D:\WORK\GITHUB\SENTINEL_AI\sentinel-ai-app\node_modules\jsdom\lib\jsdom\living\events\EventTarget-impl.js:243:9)
The above error occurred in the <FindingRow> component:

    at FindingRow (D:\WORK\GITHUB\SENTINEL_AI\sentinel-ai-app\src\components\FindingsTab.tsx:589:3)
    at div
    at div
    at FindingsTab (D:\WORK\GITHUB\SENTINEL_AI\sentinel-ai-app\src\components\FindingsTab.tsx:56:3)

Consider adding an error boundary to your tree to customize error handling behavior.
Visit https://reactjs.org/link/error-boundaries to learn more about error boundaries.

 [31mтЭп[39m src/components/__tests__/FindingsTab.test.tsx [2m([22m[2m9 tests[22m[2m | [22m[31m8 failed[39m[2m)[22m[33m 1193[2mms[22m[39m
[31m   [31m├Ч[31m FindingsTab тАФ rendering with vulns[2m > [22mrenders all vulnerability titles[33m 478[2mms[22m[31m[39m
[31m     тЖТ usePresence must be used within PresenceProvider[39m
[31m   [31m├Ч[31m FindingsTab тАФ rendering with vulns[2m > [22mshows correct "All (N)" count pill[90m 54[2mms[22m[31m[39m
[31m     тЖТ usePresence must be used within PresenceProvider[39m
[31m   [31m├Ч[31m FindingsTab тАФ rendering with vulns[2m > [22mrenders filter pills: Status, Severity, SLA[90m 47[2mms[22m[31m[39m
[31m     тЖТ usePresence must be used within PresenceProvider[39m
[31m   [31m├Ч[31m FindingsTab тАФ rendering with vulns[2m > [22mshows "Export CSV" button[90m 55[2mms[22m[31m[39m
[31m     тЖТ usePresence must be used within PresenceProvider[39m
[31m   [31m├Ч[31m FindingsTab тАФ severity filter[2m > [22mfilters vulns by severity when pill clicked[90m 53[2mms[22m[31m[39m
[31m     тЖТ usePresence must be used within PresenceProvider[39m
[31m   [31m├Ч[31m FindingsTab тАФ severity filter[2m > [22mshows "No findings match" message when filter yields nothing[90m 123[2mms[22m[31m[39m
[31m     тЖТ usePresence must be used within PresenceProvider[39m
[31m   [31m├Ч[31m FindingsTab тАФ status filter[2m > [22mfilters by resolved status[90m 86[2mms[22m[31m[39m
[31m     тЖТ usePresence must be used within PresenceProvider[39m
[31m   [31m├Ч[31m FindingsTab тАФ export[2m > [22mcalls downloadFile when Export CSV clicked[90m 117[2mms[22m[31m[39m
[31m     тЖТ usePresence must be used within PresenceProvider[39m
stderr | src/pages/__tests__/DarkWebMonitor.test.tsx > OsintAnalyzer (DarkWebMonitor) > renders OSINT Analyzer heading
Error: useToast must be used inside <ToastProvider>
    at Module.useToast (D:\WORK\GITHUB\SENTINEL_AI\sentinel-ai-app\src\lib\toastContext.tsx:48:19)
    at OsintAnalyzer (D:\WORK\GITHUB\SENTINEL_AI\sentinel-ai-app\src\pages\DarkWebMonitor.tsx:22:17)
    at renderWithHooks (D:\WORK\GITHUB\SENTINEL_AI\sentinel-ai-app\node_modules\react-dom\cjs\react-dom.development.js:15486:18)
    at mountIndeterminateComponent (D:\WORK\GITHUB\SENTINEL_AI\sentinel-ai-app\node_modules\react-dom\cjs\react-dom.development.js:20103:13)
    at beginWork (D:\WORK\GITHUB\SENTINEL_AI\sentinel-ai-app\node_modules\react-dom\cjs\react-dom.development.js:21626:16)
    at HTMLUnknownElement.callCallback (D:\WORK\GITHUB\SENTINEL_AI\sentinel-ai-app\node_modules\react-dom\cjs\react-dom.development.js:4164:14)
    at HTMLUnknownElement.callTheUserObjectsOperation (D:\WORK\GITHUB\SENTINEL_AI\sentinel-ai-app\node_modules\jsdom\lib\generated\idl\EventListener.js:26:30)
    at innerInvokeEventListeners (D:\WORK\GITHUB\SENTINEL_AI\sentinel-ai-app\node_modules\jsdom\lib\jsdom\living\events\EventTarget-impl.js:360:16)
    at invokeEventListeners (D:\WORK\GITHUB\SENTINEL_AI\sentinel-ai-app\node_modules\jsdom\lib\jsdom\living\events\EventTarget-impl.js:296:3)
    at HTMLUnknownElementImpl._dispatch (D:\WORK\GITHUB\SENTINEL_AI\sentinel-ai-app\node_modules\jsdom\lib\jsdom\living\events\EventTarget-impl.js:243:9)
Error: useToast must be used inside <ToastProvider>
    at Module.useToast (D:\WORK\GITHUB\SENTINEL_AI\sentinel-ai-app\src\lib\toastContext.tsx:48:19)
    at OsintAnalyzer (D:\WORK\GITHUB\SENTINEL_AI\sentinel-ai-app\src\pages\DarkWebMonitor.tsx:22:17)
    at renderWithHooks (D:\WORK\GITHUB\SENTINEL_AI\sentinel-ai-app\node_modules\react-dom\cjs\react-dom.development.js:15486:18)
    at mountIndeterminateComponent (D:\WORK\GITHUB\SENTINEL_AI\sentinel-ai-app\node_modules\react-dom\cjs\react-dom.development.js:20103:13)
    at beginWork (D:\WORK\GITHUB\SENTINEL_AI\sentinel-ai-app\node_modules\react-dom\cjs\react-dom.development.js:21626:16)
    at HTMLUnknownElement.callCallback (D:\WORK\GITHUB\SENTINEL_AI\sentinel-ai-app\node_modules\react-dom\cjs\react-dom.development.js:4164:14)
    at HTMLUnknownElement.callTheUserObjectsOperation (D:\WORK\GITHUB\SENTINEL_AI\sentinel-ai-app\node_modules\jsdom\lib\generated\idl\EventListener.js:26:30)
    at innerInvokeEventListeners (D:\WORK\GITHUB\SENTINEL_AI\sentinel-ai-app\node_modules\jsdom\lib\jsdom\living\events\EventTarget-impl.js:360:16)
    at invokeEventListeners (D:\WORK\GITHUB\SENTINEL_AI\sentinel-ai-app\node_modules\jsdom\lib\jsdom\living\events\EventTarget-impl.js:296:3)
    at HTMLUnknownElementImpl._dispatch (D:\WORK\GITHUB\SENTINEL_AI\sentinel-ai-app\node_modules\jsdom\lib\jsdom\living\events\EventTarget-impl.js:243:9)
The above error occurred in the <OsintAnalyzer> component:

    at OsintAnalyzer (D:\WORK\GITHUB\SENTINEL_AI\sentinel-ai-app\src\pages\DarkWebMonitor.tsx:16:51)

Consider adding an error boundary to your tree to customize error handling behavior.
Visit https://reactjs.org/link/error-boundaries to learn more about error boundaries.

stderr | src/pages/__tests__/DarkWebMonitor.test.tsx > OsintAnalyzer (DarkWebMonitor) > renders description text
Error: useToast must be used inside <ToastProvider>
    at Module.useToast (D:\WORK\GITHUB\SENTINEL_AI\sentinel-ai-app\src\lib\toastContext.tsx:48:19)
    at OsintAnalyzer (D:\WORK\GITHUB\SENTINEL_AI\sentinel-ai-app\src\pages\DarkWebMonitor.tsx:22:17)
    at renderWithHooks (D:\WORK\GITHUB\SENTINEL_AI\sentinel-ai-app\node_modules\react-dom\cjs\react-dom.development.js:15486:18)
    at mountIndeterminateComponent (D:\WORK\GITHUB\SENTINEL_AI\sentinel-ai-app\node_modules\react-dom\cjs\react-dom.development.js:20103:13)
    at beginWork (D:\WORK\GITHUB\SENTINEL_AI\sentinel-ai-app\node_modules\react-dom\cjs\react-dom.development.js:21626:16)
    at HTMLUnknownElement.callCallback (D:\WORK\GITHUB\SENTINEL_AI\sentinel-ai-app\node_modules\react-dom\cjs\react-dom.development.js:4164:14)
    at HTMLUnknownElement.callTheUserObjectsOperation (D:\WORK\GITHUB\SENTINEL_AI\sentinel-ai-app\node_modules\jsdom\lib\generated\idl\EventListener.js:26:30)
    at innerInvokeEventListeners (D:\WORK\GITHUB\SENTINEL_AI\sentinel-ai-app\node_modules\jsdom\lib\jsdom\living\events\EventTarget-impl.js:360:16)
    at invokeEventListeners (D:\WORK\GITHUB\SENTINEL_AI\sentinel-ai-app\node_modules\jsdom\lib\jsdom\living\events\EventTarget-impl.js:296:3)
    at HTMLUnknownElementImpl._dispatch (D:\WORK\GITHUB\SENTINEL_AI\sentinel-ai-app\node_modules\jsdom\lib\jsdom\living\events\EventTarget-impl.js:243:9)
Error: useToast must be used inside <ToastProvider>
    at Module.useToast (D:\WORK\GITHUB\SENTINEL_AI\sentinel-ai-app\src\lib\toastContext.tsx:48:19)
    at OsintAnalyzer (D:\WORK\GITHUB\SENTINEL_AI\sentinel-ai-app\src\pages\DarkWebMonitor.tsx:22:17)
    at renderWithHooks (D:\WORK\GITHUB\SENTINEL_AI\sentinel-ai-app\node_modules\react-dom\cjs\react-dom.development.js:15486:18)
    at mountIndeterminateComponent (D:\WORK\GITHUB\SENTINEL_AI\sentinel-ai-app\node_modules\react-dom\cjs\react-dom.development.js:20103:13)
    at beginWork (D:\WORK\GITHUB\SENTINEL_AI\sentinel-ai-app\node_modules\react-dom\cjs\react-dom.development.js:21626:16)
    at HTMLUnknownElement.callCallback (D:\WORK\GITHUB\SENTINEL_AI\sentinel-ai-app\node_modules\react-dom\cjs\react-dom.development.js:4164:14)
    at HTMLUnknownElement.callTheUserObjectsOperation (D:\WORK\GITHUB\SENTINEL_AI\sentinel-ai-app\node_modules\jsdom\lib\generated\idl\EventListener.js:26:30)
    at innerInvokeEventListeners (D:\WORK\GITHUB\SENTINEL_AI\sentinel-ai-app\node_modules\jsdom\lib\jsdom\living\events\EventTarget-impl.js:360:16)
    at invokeEventListeners (D:\WORK\GITHUB\SENTINEL_AI\sentinel-ai-app\node_modules\jsdom\lib\jsdom\living\events\EventTarget-impl.js:296:3)
    at HTMLUnknownElementImpl._dispatch (D:\WORK\GITHUB\SENTINEL_AI\sentinel-ai-app\node_modules\jsdom\lib\jsdom\living\events\EventTarget-impl.js:243:9)
The above error occurred in the <OsintAnalyzer> component:

    at OsintAnalyzer (D:\WORK\GITHUB\SENTINEL_AI\sentinel-ai-app\src\pages\DarkWebMonitor.tsx:16:51)

Consider adding an error boundary to your tree to customize error handling behavior.
Visit https://reactjs.org/link/error-boundaries to learn more about error boundaries.

stderr | src/pages/__tests__/DarkWebMonitor.test.tsx > OsintAnalyzer (DarkWebMonitor) > renders info banner about internal database
Error: useToast must be used inside <ToastProvider>
    at Module.useToast (D:\WORK\GITHUB\SENTINEL_AI\sentinel-ai-app\src\lib\toastContext.tsx:48:19)
    at OsintAnalyzer (D:\WORK\GITHUB\SENTINEL_AI\sentinel-ai-app\src\pages\DarkWebMonitor.tsx:22:17)
    at renderWithHooks (D:\WORK\GITHUB\SENTINEL_AI\sentinel-ai-app\node_modules\react-dom\cjs\react-dom.development.js:15486:18)
    at mountIndeterminateComponent (D:\WORK\GITHUB\SENTINEL_AI\sentinel-ai-app\node_modules\react-dom\cjs\react-dom.development.js:20103:13)
    at beginWork (D:\WORK\GITHUB\SENTINEL_AI\sentinel-ai-app\node_modules\react-dom\cjs\react-dom.development.js:21626:16)
    at HTMLUnknownElement.callCallback (D:\WORK\GITHUB\SENTINEL_AI\sentinel-ai-app\node_modules\react-dom\cjs\react-dom.development.js:4164:14)
    at HTMLUnknownElement.callTheUserObjectsOperation (D:\WORK\GITHUB\SENTINEL_AI\sentinel-ai-app\node_modules\jsdom\lib\generated\idl\EventListener.js:26:30)
    at innerInvokeEventListeners (D:\WORK\GITHUB\SENTINEL_AI\sentinel-ai-app\node_modules\jsdom\lib\jsdom\living\events\EventTarget-impl.js:360:16)
    at invokeEventListeners (D:\WORK\GITHUB\SENTINEL_AI\sentinel-ai-app\node_modules\jsdom\lib\jsdom\living\events\EventTarget-impl.js:296:3)
    at HTMLUnknownElementImpl._dispatch (D:\WORK\GITHUB\SENTINEL_AI\sentinel-ai-app\node_modules\jsdom\lib\jsdom\living\events\EventTarget-impl.js:243:9)
Error: useToast must be used inside <ToastProvider>
    at Module.useToast (D:\WORK\GITHUB\SENTINEL_AI\sentinel-ai-app\src\lib\toastContext.tsx:48:19)
    at OsintAnalyzer (D:\WORK\GITHUB\SENTINEL_AI\sentinel-ai-app\src\pages\DarkWebMonitor.tsx:22:17)
    at renderWithHooks (D:\WORK\GITHUB\SENTINEL_AI\sentinel-ai-app\node_modules\react-dom\cjs\react-dom.development.js:15486:18)
    at mountIndeterminateComponent (D:\WORK\GITHUB\SENTINEL_AI\sentinel-ai-app\node_modules\react-dom\cjs\react-dom.development.js:20103:13)
    at beginWork (D:\WORK\GITHUB\SENTINEL_AI\sentinel-ai-app\node_modules\react-dom\cjs\react-dom.development.js:21626:16)
    at HTMLUnknownElement.callCallback (D:\WORK\GITHUB\SENTINEL_AI\sentinel-ai-app\node_modules\react-dom\cjs\react-dom.development.js:4164:14)
    at HTMLUnknownElement.callTheUserObjectsOperation (D:\WORK\GITHUB\SENTINEL_AI\sentinel-ai-app\node_modules\jsdom\lib\generated\idl\EventListener.js:26:30)
    at innerInvokeEventListeners (D:\WORK\GITHUB\SENTINEL_AI\sentinel-ai-app\node_modules\jsdom\lib\jsdom\living\events\EventTarget-impl.js:360:16)
    at invokeEventListeners (D:\WORK\GITHUB\SENTINEL_AI\sentinel-ai-app\node_modules\jsdom\lib\jsdom\living\events\EventTarget-impl.js:296:3)
    at HTMLUnknownElementImpl._dispatch (D:\WORK\GITHUB\SENTINEL_AI\sentinel-ai-app\node_modules\jsdom\lib\jsdom\living\events\EventTarget-impl.js:243:9)
The above error occurred in the <OsintAnalyzer> component:

    at OsintAnalyzer (D:\WORK\GITHUB\SENTINEL_AI\sentinel-ai-app\src\pages\DarkWebMonitor.tsx:16:51)

Consider adding an error boundary to your tree to customize error handling behavior.
Visit https://reactjs.org/link/error-boundaries to learn more about error boundaries.

stderr | src/pages/__tests__/DarkWebMonitor.test.tsx > OsintAnalyzer (DarkWebMonitor) > renders input placeholder
Error: useToast must be used inside <ToastProvider>
    at Module.useToast (D:\WORK\GITHUB\SENTINEL_AI\sentinel-ai-app\src\lib\toastContext.tsx:48:19)
    at OsintAnalyzer (D:\WORK\GITHUB\SENTINEL_AI\sentinel-ai-app\src\pages\DarkWebMonitor.tsx:22:17)
    at renderWithHooks (D:\WORK\GITHUB\SENTINEL_AI\sentinel-ai-app\node_modules\react-dom\cjs\react-dom.development.js:15486:18)
    at mountIndeterminateComponent (D:\WORK\GITHUB\SENTINEL_AI\sentinel-ai-app\node_modules\react-dom\cjs\react-dom.development.js:20103:13)
    at beginWork (D:\WORK\GITHUB\SENTINEL_AI\sentinel-ai-app\node_modules\react-dom\cjs\react-dom.development.js:21626:16)
    at HTMLUnknownElement.callCallback (D:\WORK\GITHUB\SENTINEL_AI\sentinel-ai-app\node_modules\react-dom\cjs\react-dom.development.js:4164:14)
    at HTMLUnknownElement.callTheUserObjectsOperation (D:\WORK\GITHUB\SENTINEL_AI\sentinel-ai-app\node_modules\jsdom\lib\generated\idl\EventListener.js:26:30)
    at innerInvokeEventListeners (D:\WORK\GITHUB\SENTINEL_AI\sentinel-ai-app\node_modules\jsdom\lib\jsdom\living\events\EventTarget-impl.js:360:16)
    at invokeEventListeners (D:\WORK\GITHUB\SENTINEL_AI\sentinel-ai-app\node_modules\jsdom\lib\jsdom\living\events\EventTarget-impl.js:296:3)
    at HTMLUnknownElementImpl._dispatch (D:\WORK\GITHUB\SENTINEL_AI\sentinel-ai-app\node_modules\jsdom\lib\jsdom\living\events\EventTarget-impl.js:243:9)
Error: useToast must be used inside <ToastProvider>
    at Module.useToast (D:\WORK\GITHUB\SENTINEL_AI\sentinel-ai-app\src\lib\toastContext.tsx:48:19)
    at OsintAnalyzer (D:\WORK\GITHUB\SENTINEL_AI\sentinel-ai-app\src\pages\DarkWebMonitor.tsx:22:17)
    at renderWithHooks (D:\WORK\GITHUB\SENTINEL_AI\sentinel-ai-app\node_modules\react-dom\cjs\react-dom.development.js:15486:18)
    at mountIndeterminateComponent (D:\WORK\GITHUB\SENTINEL_AI\sentinel-ai-app\node_modules\react-dom\cjs\react-dom.development.js:20103:13)
    at beginWork (D:\WORK\GITHUB\SENTINEL_AI\sentinel-ai-app\node_modules\react-dom\cjs\react-dom.development.js:21626:16)
    at HTMLUnknownElement.callCallback (D:\WORK\GITHUB\SENTINEL_AI\sentinel-ai-app\node_modules\react-dom\cjs\react-dom.development.js:4164:14)
    at HTMLUnknownElement.callTheUserObjectsOperation (D:\WORK\GITHUB\SENTINEL_AI\sentinel-ai-app\node_modules\jsdom\lib\generated\idl\EventListener.js:26:30)
    at innerInvokeEventListeners (D:\WORK\GITHUB\SENTINEL_AI\sentinel-ai-app\node_modules\jsdom\lib\jsdom\living\events\EventTarget-impl.js:360:16)
    at invokeEventListeners (D:\WORK\GITHUB\SENTINEL_AI\sentinel-ai-app\node_modules\jsdom\lib\jsdom\living\events\EventTarget-impl.js:296:3)
    at HTMLUnknownElementImpl._dispatch (D:\WORK\GITHUB\SENTINEL_AI\sentinel-ai-app\node_modules\jsdom\lib\jsdom\living\events\EventTarget-impl.js:243:9)
The above error occurred in the <OsintAnalyzer> component:

    at OsintAnalyzer (D:\WORK\GITHUB\SENTINEL_AI\sentinel-ai-app\src\pages\DarkWebMonitor.tsx:16:51)

Consider adding an error boundary to your tree to customize error handling behavior.
Visit https://reactjs.org/link/error-boundaries to learn more about error boundaries.

stderr | src/pages/__tests__/DarkWebMonitor.test.tsx > OsintAnalyzer (DarkWebMonitor) > renders Analyze button disabled when input is empty
Error: useToast must be used inside <ToastProvider>
    at Module.useToast (D:\WORK\GITHUB\SENTINEL_AI\sentinel-ai-app\src\lib\toastContext.tsx:48:19)
    at OsintAnalyzer (D:\WORK\GITHUB\SENTINEL_AI\sentinel-ai-app\src\pages\DarkWebMonitor.tsx:22:17)
    at renderWithHooks (D:\WORK\GITHUB\SENTINEL_AI\sentinel-ai-app\node_modules\react-dom\cjs\react-dom.development.js:15486:18)
    at mountIndeterminateComponent (D:\WORK\GITHUB\SENTINEL_AI\sentinel-ai-app\node_modules\react-dom\cjs\react-dom.development.js:20103:13)
    at beginWork (D:\WORK\GITHUB\SENTINEL_AI\sentinel-ai-app\node_modules\react-dom\cjs\react-dom.development.js:21626:16)
    at HTMLUnknownElement.callCallback (D:\WORK\GITHUB\SENTINEL_AI\sentinel-ai-app\node_modules\react-dom\cjs\react-dom.development.js:4164:14)
    at HTMLUnknownElement.callTheUserObjectsOperation (D:\WORK\GITHUB\SENTINEL_AI\sentinel-ai-app\node_modules\jsdom\lib\generated\idl\EventListener.js:26:30)
    at innerInvokeEventListeners (D:\WORK\GITHUB\SENTINEL_AI\sentinel-ai-app\node_modules\jsdom\lib\jsdom\living\events\EventTarget-impl.js:360:16)
    at invokeEventListeners (D:\WORK\GITHUB\SENTINEL_AI\sentinel-ai-app\node_modules\jsdom\lib\jsdom\living\events\EventTarget-impl.js:296:3)
    at HTMLUnknownElementImpl._dispatch (D:\WORK\GITHUB\SENTINEL_AI\sentinel-ai-app\node_modules\jsdom\lib\jsdom\living\events\EventTarget-impl.js:243:9)
Error: useToast must be used inside <ToastProvider>
    at Module.useToast (D:\WORK\GITHUB\SENTINEL_AI\sentinel-ai-app\src\lib\toastContext.tsx:48:19)
    at OsintAnalyzer (D:\WORK\GITHUB\SENTINEL_AI\sentinel-ai-app\src\pages\DarkWebMonitor.tsx:22:17)
    at renderWithHooks (D:\WORK\GITHUB\SENTINEL_AI\sentinel-ai-app\node_modules\react-dom\cjs\react-dom.development.js:15486:18)
    at mountIndeterminateComponent (D:\WORK\GITHUB\SENTINEL_AI\sentinel-ai-app\node_modules\react-dom\cjs\react-dom.development.js:20103:13)
    at beginWork (D:\WORK\GITHUB\SENTINEL_AI\sentinel-ai-app\node_modules\react-dom\cjs\react-dom.development.js:21626:16)
    at HTMLUnknownElement.callCallback (D:\WORK\GITHUB\SENTINEL_AI\sentinel-ai-app\node_modules\react-dom\cjs\react-dom.development.js:4164:14)
    at HTMLUnknownElement.callTheUserObjectsOperation (D:\WORK\GITHUB\SENTINEL_AI\sentinel-ai-app\node_modules\jsdom\lib\generated\idl\EventListener.js:26:30)
    at innerInvokeEventListeners (D:\WORK\GITHUB\SENTINEL_AI\sentinel-ai-app\node_modules\jsdom\lib\jsdom\living\events\EventTarget-impl.js:360:16)
    at invokeEventListeners (D:\WORK\GITHUB\SENTINEL_AI\sentinel-ai-app\node_modules\jsdom\lib\jsdom\living\events\EventTarget-impl.js:296:3)
    at HTMLUnknownElementImpl._dispatch (D:\WORK\GITHUB\SENTINEL_AI\sentinel-ai-app\node_modules\jsdom\lib\jsdom\living\events\EventTarget-impl.js:243:9)
The above error occurred in the <OsintAnalyzer> component:

    at OsintAnalyzer (D:\WORK\GITHUB\SENTINEL_AI\sentinel-ai-app\src\pages\DarkWebMonitor.tsx:16:51)

Consider adding an error boundary to your tree to customize error handling behavior.
Visit https://reactjs.org/link/error-boundaries to learn more about error boundaries.

stderr | src/pages/__tests__/DarkWebMonitor.test.tsx > OsintAnalyzer (DarkWebMonitor) > enables Analyze button when input has value
Error: useToast must be used inside <ToastProvider>
    at Module.useToast (D:\WORK\GITHUB\SENTINEL_AI\sentinel-ai-app\src\lib\toastContext.tsx:48:19)
    at OsintAnalyzer (D:\WORK\GITHUB\SENTINEL_AI\sentinel-ai-app\src\pages\DarkWebMonitor.tsx:22:17)
    at renderWithHooks (D:\WORK\GITHUB\SENTINEL_AI\sentinel-ai-app\node_modules\react-dom\cjs\react-dom.development.js:15486:18)
    at mountIndeterminateComponent (D:\WORK\GITHUB\SENTINEL_AI\sentinel-ai-app\node_modules\react-dom\cjs\react-dom.development.js:20103:13)
    at beginWork (D:\WORK\GITHUB\SENTINEL_AI\sentinel-ai-app\node_modules\react-dom\cjs\react-dom.development.js:21626:16)
    at HTMLUnknownElement.callCallback (D:\WORK\GITHUB\SENTINEL_AI\sentinel-ai-app\node_modules\react-dom\cjs\react-dom.development.js:4164:14)
    at HTMLUnknownElement.callTheUserObjectsOperation (D:\WORK\GITHUB\SENTINEL_AI\sentinel-ai-app\node_modules\jsdom\lib\generated\idl\EventListener.js:26:30)
    at innerInvokeEventListeners (D:\WORK\GITHUB\SENTINEL_AI\sentinel-ai-app\node_modules\jsdom\lib\jsdom\living\events\EventTarget-impl.js:360:16)
    at invokeEventListeners (D:\WORK\GITHUB\SENTINEL_AI\sentinel-ai-app\node_modules\jsdom\lib\jsdom\living\events\EventTarget-impl.js:296:3)
    at HTMLUnknownElementImpl._dispatch (D:\WORK\GITHUB\SENTINEL_AI\sentinel-ai-app\node_modules\jsdom\lib\jsdom\living\events\EventTarget-impl.js:243:9)
Error: useToast must be used inside <ToastProvider>
    at Module.useToast (D:\WORK\GITHUB\SENTINEL_AI\sentinel-ai-app\src\lib\toastContext.tsx:48:19)
    at OsintAnalyzer (D:\WORK\GITHUB\SENTINEL_AI\sentinel-ai-app\src\pages\DarkWebMonitor.tsx:22:17)
    at renderWithHooks (D:\WORK\GITHUB\SENTINEL_AI\sentinel-ai-app\node_modules\react-dom\cjs\react-dom.development.js:15486:18)
    at mountIndeterminateComponent (D:\WORK\GITHUB\SENTINEL_AI\sentinel-ai-app\node_modules\react-dom\cjs\react-dom.development.js:20103:13)
    at beginWork (D:\WORK\GITHUB\SENTINEL_AI\sentinel-ai-app\node_modules\react-dom\cjs\react-dom.development.js:21626:16)
    at HTMLUnknownElement.callCallback (D:\WORK\GITHUB\SENTINEL_AI\sentinel-ai-app\node_modules\react-dom\cjs\react-dom.development.js:4164:14)
    at HTMLUnknownElement.callTheUserObjectsOperation (D:\WORK\GITHUB\SENTINEL_AI\sentinel-ai-app\node_modules\jsdom\lib\generated\idl\EventListener.js:26:30)
    at innerInvokeEventListeners (D:\WORK\GITHUB\SENTINEL_AI\sentinel-ai-app\node_modules\jsdom\lib\jsdom\living\events\EventTarget-impl.js:360:16)
    at invokeEventListeners (D:\WORK\GITHUB\SENTINEL_AI\sentinel-ai-app\node_modules\jsdom\lib\jsdom\living\events\EventTarget-impl.js:296:3)
    at HTMLUnknownElementImpl._dispatch (D:\WORK\GITHUB\SENTINEL_AI\sentinel-ai-app\node_modules\jsdom\lib\jsdom\living\events\EventTarget-impl.js:243:9)
The above error occurred in the <OsintAnalyzer> component:

    at OsintAnalyzer (D:\WORK\GITHUB\SENTINEL_AI\sentinel-ai-app\src\pages\DarkWebMonitor.tsx:16:51)

Consider adding an error boundary to your tree to customize error handling behavior.
Visit https://reactjs.org/link/error-boundaries to learn more about error boundaries.

stderr | src/pages/__tests__/DarkWebMonitor.test.tsx > OsintAnalyzer (DarkWebMonitor) > shows "No Leaks Detected" result after clean scan
Error: useToast must be used inside <ToastProvider>
    at Module.useToast (D:\WORK\GITHUB\SENTINEL_AI\sentinel-ai-app\src\lib\toastContext.tsx:48:19)
    at OsintAnalyzer (D:\WORK\GITHUB\SENTINEL_AI\sentinel-ai-app\src\pages\DarkWebMonitor.tsx:22:17)
    at renderWithHooks (D:\WORK\GITHUB\SENTINEL_AI\sentinel-ai-app\node_modules\react-dom\cjs\react-dom.development.js:15486:18)
    at mountIndeterminateComponent (D:\WORK\GITHUB\SENTINEL_AI\sentinel-ai-app\node_modules\react-dom\cjs\react-dom.development.js:20103:13)
    at beginWork (D:\WORK\GITHUB\SENTINEL_AI\sentinel-ai-app\node_modules\react-dom\cjs\react-dom.development.js:21626:16)
    at HTMLUnknownElement.callCallback (D:\WORK\GITHUB\SENTINEL_AI\sentinel-ai-app\node_modules\react-dom\cjs\react-dom.development.js:4164:14)
    at HTMLUnknownElement.callTheUserObjectsOperation (D:\WORK\GITHUB\SENTINEL_AI\sentinel-ai-app\node_modules\jsdom\lib\generated\idl\EventListener.js:26:30)
    at innerInvokeEventListeners (D:\WORK\GITHUB\SENTINEL_AI\sentinel-ai-app\node_modules\jsdom\lib\jsdom\living\events\EventTarget-impl.js:360:16)
    at invokeEventListeners (D:\WORK\GITHUB\SENTINEL_AI\sentinel-ai-app\node_modules\jsdom\lib\jsdom\living\events\EventTarget-impl.js:296:3)
    at HTMLUnknownElementImpl._dispatch (D:\WORK\GITHUB\SENTINEL_AI\sentinel-ai-app\node_modules\jsdom\lib\jsdom\living\events\EventTarget-impl.js:243:9)
Error: useToast must be used inside <ToastProvider>
    at Module.useToast (D:\WORK\GITHUB\SENTINEL_AI\sentinel-ai-app\src\lib\toastContext.tsx:48:19)
    at OsintAnalyzer (D:\WORK\GITHUB\SENTINEL_AI\sentinel-ai-app\src\pages\DarkWebMonitor.tsx:22:17)
    at renderWithHooks (D:\WORK\GITHUB\SENTINEL_AI\sentinel-ai-app\node_modules\react-dom\cjs\react-dom.development.js:15486:18)
    at mountIndeterminateComponent (D:\WORK\GITHUB\SENTINEL_AI\sentinel-ai-app\node_modules\react-dom\cjs\react-dom.development.js:20103:13)
    at beginWork (D:\WORK\GITHUB\SENTINEL_AI\sentinel-ai-app\node_modules\react-dom\cjs\react-dom.development.js:21626:16)
    at HTMLUnknownElement.callCallback (D:\WORK\GITHUB\SENTINEL_AI\sentinel-ai-app\node_modules\react-dom\cjs\react-dom.development.js:4164:14)
    at HTMLUnknownElement.callTheUserObjectsOperation (D:\WORK\GITHUB\SENTINEL_AI\sentinel-ai-app\node_modules\jsdom\lib\generated\idl\EventListener.js:26:30)
    at innerInvokeEventListeners (D:\WORK\GITHUB\SENTINEL_AI\sentinel-ai-app\node_modules\jsdom\lib\jsdom\living\events\EventTarget-impl.js:360:16)
    at invokeEventListeners (D:\WORK\GITHUB\SENTINEL_AI\sentinel-ai-app\node_modules\jsdom\lib\jsdom\living\events\EventTarget-impl.js:296:3)
    at HTMLUnknownElementImpl._dispatch (D:\WORK\GITHUB\SENTINEL_AI\sentinel-ai-app\node_modules\jsdom\lib\jsdom\living\events\EventTarget-impl.js:243:9)
The above error occurred in the <OsintAnalyzer> component:

    at OsintAnalyzer (D:\WORK\GITHUB\SENTINEL_AI\sentinel-ai-app\src\pages\DarkWebMonitor.tsx:16:51)

Consider adding an error boundary to your tree to customize error handling behavior.
Visit https://reactjs.org/link/error-boundaries to learn more about error boundaries.

stderr | src/pages/__tests__/DarkWebMonitor.test.tsx > OsintAnalyzer (DarkWebMonitor) > shows breach count for a positive result
Error: useToast must be used inside <ToastProvider>
    at Module.useToast (D:\WORK\GITHUB\SENTINEL_AI\sentinel-ai-app\src\lib\toastContext.tsx:48:19)
    at OsintAnalyzer (D:\WORK\GITHUB\SENTINEL_AI\sentinel-ai-app\src\pages\DarkWebMonitor.tsx:22:17)
    at renderWithHooks (D:\WORK\GITHUB\SENTINEL_AI\sentinel-ai-app\node_modules\react-dom\cjs\react-dom.development.js:15486:18)
    at mountIndeterminateComponent (D:\WORK\GITHUB\SENTINEL_AI\sentinel-ai-app\node_modules\react-dom\cjs\react-dom.development.js:20103:13)
    at beginWork (D:\WORK\GITHUB\SENTINEL_AI\sentinel-ai-app\node_modules\react-dom\cjs\react-dom.development.js:21626:16)
    at HTMLUnknownElement.callCallback (D:\WORK\GITHUB\SENTINEL_AI\sentinel-ai-app\node_modules\react-dom\cjs\react-dom.development.js:4164:14)
    at HTMLUnknownElement.callTheUserObjectsOperation (D:\WORK\GITHUB\SENTINEL_AI\sentinel-ai-app\node_modules\jsdom\lib\generated\idl\EventListener.js:26:30)
    at innerInvokeEventListeners (D:\WORK\GITHUB\SENTINEL_AI\sentinel-ai-app\node_modules\jsdom\lib\jsdom\living\events\EventTarget-impl.js:360:16)
    at invokeEventListeners (D:\WORK\GITHUB\SENTINEL_AI\sentinel-ai-app\node_modules\jsdom\lib\jsdom\living\events\EventTarget-impl.js:296:3)
    at HTMLUnknownElementImpl._dispatch (D:\WORK\GITHUB\SENTINEL_AI\sentinel-ai-app\node_modules\jsdom\lib\jsdom\living\events\EventTarget-impl.js:243:9)
Error: useToast must be used inside <ToastProvider>
    at Module.useToast (D:\WORK\GITHUB\SENTINEL_AI\sentinel-ai-app\src\lib\toastContext.tsx:48:19)
    at OsintAnalyzer (D:\WORK\GITHUB\SENTINEL_AI\sentinel-ai-app\src\pages\DarkWebMonitor.tsx:22:17)
    at renderWithHooks (D:\WORK\GITHUB\SENTINEL_AI\sentinel-ai-app\node_modules\react-dom\cjs\react-dom.development.js:15486:18)
    at mountIndeterminateComponent (D:\WORK\GITHUB\SENTINEL_AI\sentinel-ai-app\node_modules\react-dom\cjs\react-dom.development.js:20103:13)
    at beginWork (D:\WORK\GITHUB\SENTINEL_AI\sentinel-ai-app\node_modules\react-dom\cjs\react-dom.development.js:21626:16)
    at HTMLUnknownElement.callCallback (D:\WORK\GITHUB\SENTINEL_AI\sentinel-ai-app\node_modules\react-dom\cjs\react-dom.development.js:4164:14)
    at HTMLUnknownElement.callTheUserObjectsOperation (D:\WORK\GITHUB\SENTINEL_AI\sentinel-ai-app\node_modules\jsdom\lib\generated\idl\EventListener.js:26:30)
    at innerInvokeEventListeners (D:\WORK\GITHUB\SENTINEL_AI\sentinel-ai-app\node_modules\jsdom\lib\jsdom\living\events\EventTarget-impl.js:360:16)
    at invokeEventListeners (D:\WORK\GITHUB\SENTINEL_AI\sentinel-ai-app\node_modules\jsdom\lib\jsdom\living\events\EventTarget-impl.js:296:3)
    at HTMLUnknownElementImpl._dispatch (D:\WORK\GITHUB\SENTINEL_AI\sentinel-ai-app\node_modules\jsdom\lib\jsdom\living\events\EventTarget-impl.js:243:9)
The above error occurred in the <OsintAnalyzer> component:

    at OsintAnalyzer (D:\WORK\GITHUB\SENTINEL_AI\sentinel-ai-app\src\pages\DarkWebMonitor.tsx:16:51)

Consider adding an error boundary to your tree to customize error handling behavior.
Visit https://reactjs.org/link/error-boundaries to learn more about error boundaries.

stderr | src/pages/__tests__/DarkWebMonitor.test.tsx > OsintAnalyzer (DarkWebMonitor) > shows error message when scan fails
Error: useToast must be used inside <ToastProvider>
    at Module.useToast (D:\WORK\GITHUB\SENTINEL_AI\sentinel-ai-app\src\lib\toastContext.tsx:48:19)
    at OsintAnalyzer (D:\WORK\GITHUB\SENTINEL_AI\sentinel-ai-app\src\pages\DarkWebMonitor.tsx:22:17)
    at renderWithHooks (D:\WORK\GITHUB\SENTINEL_AI\sentinel-ai-app\node_modules\react-dom\cjs\react-dom.development.js:15486:18)
    at mountIndeterminateComponent (D:\WORK\GITHUB\SENTINEL_AI\sentinel-ai-app\node_modules\react-dom\cjs\react-dom.development.js:20103:13)
    at beginWork (D:\WORK\GITHUB\SENTINEL_AI\sentinel-ai-app\node_modules\react-dom\cjs\react-dom.development.js:21626:16)
    at HTMLUnknownElement.callCallback (D:\WORK\GITHUB\SENTINEL_AI\sentinel-ai-app\node_modules\react-dom\cjs\react-dom.development.js:4164:14)
    at HTMLUnknownElement.callTheUserObjectsOperation (D:\WORK\GITHUB\SENTINEL_AI\sentinel-ai-app\node_modules\jsdom\lib\generated\idl\EventListener.js:26:30)
    at innerInvokeEventListeners (D:\WORK\GITHUB\SENTINEL_AI\sentinel-ai-app\node_modules\jsdom\lib\jsdom\living\events\EventTarget-impl.js:360:16)
    at invokeEventListeners (D:\WORK\GITHUB\SENTINEL_AI\sentinel-ai-app\node_modules\jsdom\lib\jsdom\living\events\EventTarget-impl.js:296:3)
    at HTMLUnknownElementImpl._dispatch (D:\WORK\GITHUB\SENTINEL_AI\sentinel-ai-app\node_modules\jsdom\lib\jsdom\living\events\EventTarget-impl.js:243:9)
Error: useToast must be used inside <ToastProvider>
    at Module.useToast (D:\WORK\GITHUB\SENTINEL_AI\sentinel-ai-app\src\lib\toastContext.tsx:48:19)
    at OsintAnalyzer (D:\WORK\GITHUB\SENTINEL_AI\sentinel-ai-app\src\pages\DarkWebMonitor.tsx:22:17)
    at renderWithHooks (D:\WORK\GITHUB\SENTINEL_AI\sentinel-ai-app\node_modules\react-dom\cjs\react-dom.development.js:15486:18)
    at mountIndeterminateComponent (D:\WORK\GITHUB\SENTINEL_AI\sentinel-ai-app\node_modules\react-dom\cjs\react-dom.development.js:20103:13)
    at beginWork (D:\WORK\GITHUB\SENTINEL_AI\sentinel-ai-app\node_modules\react-dom\cjs\react-dom.development.js:21626:16)
    at HTMLUnknownElement.callCallback (D:\WORK\GITHUB\SENTINEL_AI\sentinel-ai-app\node_modules\react-dom\cjs\react-dom.development.js:4164:14)
    at HTMLUnknownElement.callTheUserObjectsOperation (D:\WORK\GITHUB\SENTINEL_AI\sentinel-ai-app\node_modules\jsdom\lib\generated\idl\EventListener.js:26:30)
    at innerInvokeEventListeners (D:\WORK\GITHUB\SENTINEL_AI\sentinel-ai-app\node_modules\jsdom\lib\jsdom\living\events\EventTarget-impl.js:360:16)
    at invokeEventListeners (D:\WORK\GITHUB\SENTINEL_AI\sentinel-ai-app\node_modules\jsdom\lib\jsdom\living\events\EventTarget-impl.js:296:3)
    at HTMLUnknownElementImpl._dispatch (D:\WORK\GITHUB\SENTINEL_AI\sentinel-ai-app\node_modules\jsdom\lib\jsdom\living\events\EventTarget-impl.js:243:9)
The above error occurred in the <OsintAnalyzer> component:

    at OsintAnalyzer (D:\WORK\GITHUB\SENTINEL_AI\sentinel-ai-app\src\pages\DarkWebMonitor.tsx:16:51)

Consider adding an error boundary to your tree to customize error handling behavior.
Visit https://reactjs.org/link/error-boundaries to learn more about error boundaries.

stderr | src/pages/__tests__/DarkWebMonitor.test.tsx > OsintAnalyzer (DarkWebMonitor) > shows "Analysis Results" heading after first result
Error: useToast must be used inside <ToastProvider>
    at Module.useToast (D:\WORK\GITHUB\SENTINEL_AI\sentinel-ai-app\src\lib\toastContext.tsx:48:19)
    at OsintAnalyzer (D:\WORK\GITHUB\SENTINEL_AI\sentinel-ai-app\src\pages\DarkWebMonitor.tsx:22:17)
    at renderWithHooks (D:\WORK\GITHUB\SENTINEL_AI\sentinel-ai-app\node_modules\react-dom\cjs\react-dom.development.js:15486:18)
    at mountIndeterminateComponent (D:\WORK\GITHUB\SENTINEL_AI\sentinel-ai-app\node_modules\react-dom\cjs\react-dom.development.js:20103:13)
    at beginWork (D:\WORK\GITHUB\SENTINEL_AI\sentinel-ai-app\node_modules\react-dom\cjs\react-dom.development.js:21626:16)
    at HTMLUnknownElement.callCallback (D:\WORK\GITHUB\SENTINEL_AI\sentinel-ai-app\node_modules\react-dom\cjs\react-dom.development.js:4164:14)
    at HTMLUnknownElement.callTheUserObjectsOperation (D:\WORK\GITHUB\SENTINEL_AI\sentinel-ai-app\node_modules\jsdom\lib\generated\idl\EventListener.js:26:30)
    at innerInvokeEventListeners (D:\WORK\GITHUB\SENTINEL_AI\sentinel-ai-app\node_modules\jsdom\lib\jsdom\living\events\EventTarget-impl.js:360:16)
    at invokeEventListeners (D:\WORK\GITHUB\SENTINEL_AI\sentinel-ai-app\node_modules\jsdom\lib\jsdom\living\events\EventTarget-impl.js:296:3)
    at HTMLUnknownElementImpl._dispatch (D:\WORK\GITHUB\SENTINEL_AI\sentinel-ai-app\node_modules\jsdom\lib\jsdom\living\events\EventTarget-impl.js:243:9)
Error: useToast must be used inside <ToastProvider>
    at Module.useToast (D:\WORK\GITHUB\SENTINEL_AI\sentinel-ai-app\src\lib\toastContext.tsx:48:19)
    at OsintAnalyzer (D:\WORK\GITHUB\SENTINEL_AI\sentinel-ai-app\src\pages\DarkWebMonitor.tsx:22:17)
    at renderWithHooks (D:\WORK\GITHUB\SENTINEL_AI\sentinel-ai-app\node_modules\react-dom\cjs\react-dom.development.js:15486:18)
    at mountIndeterminateComponent (D:\WORK\GITHUB\SENTINEL_AI\sentinel-ai-app\node_modules\react-dom\cjs\react-dom.development.js:20103:13)
    at beginWork (D:\WORK\GITHUB\SENTINEL_AI\sentinel-ai-app\node_modules\react-dom\cjs\react-dom.development.js:21626:16)
    at HTMLUnknownElement.callCallback (D:\WORK\GITHUB\SENTINEL_AI\sentinel-ai-app\node_modules\react-dom\cjs\react-dom.development.js:4164:14)
    at HTMLUnknownElement.callTheUserObjectsOperation (D:\WORK\GITHUB\SENTINEL_AI\sentinel-ai-app\node_modules\jsdom\lib\generated\idl\EventListener.js:26:30)
    at innerInvokeEventListeners (D:\WORK\GITHUB\SENTINEL_AI\sentinel-ai-app\node_modules\jsdom\lib\jsdom\living\events\EventTarget-impl.js:360:16)
    at invokeEventListeners (D:\WORK\GITHUB\SENTINEL_AI\sentinel-ai-app\node_modules\jsdom\lib\jsdom\living\events\EventTarget-impl.js:296:3)
    at HTMLUnknownElementImpl._dispatch (D:\WORK\GITHUB\SENTINEL_AI\sentinel-ai-app\node_modules\jsdom\lib\jsdom\living\events\EventTarget-impl.js:243:9)
The above error occurred in the <OsintAnalyzer> component:

    at OsintAnalyzer (D:\WORK\GITHUB\SENTINEL_AI\sentinel-ai-app\src\pages\DarkWebMonitor.tsx:16:51)

Consider adding an error boundary to your tree to customize error handling behavior.
Visit https://reactjs.org/link/error-boundaries to learn more about error boundaries.

stderr | src/pages/__tests__/DarkWebMonitor.test.tsx > OsintAnalyzer (DarkWebMonitor) > shows rate limit error when rate limit exceeded
Error: useToast must be used inside <ToastProvider>
    at Module.useToast (D:\WORK\GITHUB\SENTINEL_AI\sentinel-ai-app\src\lib\toastContext.tsx:48:19)
    at OsintAnalyzer (D:\WORK\GITHUB\SENTINEL_AI\sentinel-ai-app\src\pages\DarkWebMonitor.tsx:22:17)
    at renderWithHooks (D:\WORK\GITHUB\SENTINEL_AI\sentinel-ai-app\node_modules\react-dom\cjs\react-dom.development.js:15486:18)
    at mountIndeterminateComponent (D:\WORK\GITHUB\SENTINEL_AI\sentinel-ai-app\node_modules\react-dom\cjs\react-dom.development.js:20103:13)
    at beginWork (D:\WORK\GITHUB\SENTINEL_AI\sentinel-ai-app\node_modules\react-dom\cjs\react-dom.development.js:21626:16)
    at HTMLUnknownElement.callCallback (D:\WORK\GITHUB\SENTINEL_AI\sentinel-ai-app\node_modules\react-dom\cjs\react-dom.development.js:4164:14)
    at HTMLUnknownElement.callTheUserObjectsOperation (D:\WORK\GITHUB\SENTINEL_AI\sentinel-ai-app\node_modules\jsdom\lib\generated\idl\EventListener.js:26:30)
    at innerInvokeEventListeners (D:\WORK\GITHUB\SENTINEL_AI\sentinel-ai-app\node_modules\jsdom\lib\jsdom\living\events\EventTarget-impl.js:360:16)
    at invokeEventListeners (D:\WORK\GITHUB\SENTINEL_AI\sentinel-ai-app\node_modules\jsdom\lib\jsdom\living\events\EventTarget-impl.js:296:3)
    at HTMLUnknownElementImpl._dispatch (D:\WORK\GITHUB\SENTINEL_AI\sentinel-ai-app\node_modules\jsdom\lib\jsdom\living\events\EventTarget-impl.js:243:9)
Error: useToast must be used inside <ToastProvider>
    at Module.useToast (D:\WORK\GITHUB\SENTINEL_AI\sentinel-ai-app\src\lib\toastContext.tsx:48:19)
    at OsintAnalyzer (D:\WORK\GITHUB\SENTINEL_AI\sentinel-ai-app\src\pages\DarkWebMonitor.tsx:22:17)
    at renderWithHooks (D:\WORK\GITHUB\SENTINEL_AI\sentinel-ai-app\node_modules\react-dom\cjs\react-dom.development.js:15486:18)
    at mountIndeterminateComponent (D:\WORK\GITHUB\SENTINEL_AI\sentinel-ai-app\node_modules\react-dom\cjs\react-dom.development.js:20103:13)
    at beginWork (D:\WORK\GITHUB\SENTINEL_AI\sentinel-ai-app\node_modules\react-dom\cjs\react-dom.development.js:21626:16)
    at HTMLUnknownElement.callCallback (D:\WORK\GITHUB\SENTINEL_AI\sentinel-ai-app\node_modules\react-dom\cjs\react-dom.development.js:4164:14)
    at HTMLUnknownElement.callTheUserObjectsOperation (D:\WORK\GITHUB\SENTINEL_AI\sentinel-ai-app\node_modules\jsdom\lib\generated\idl\EventListener.js:26:30)
    at innerInvokeEventListeners (D:\WORK\GITHUB\SENTINEL_AI\sentinel-ai-app\node_modules\jsdom\lib\jsdom\living\events\EventTarget-impl.js:360:16)
    at invokeEventListeners (D:\WORK\GITHUB\SENTINEL_AI\sentinel-ai-app\node_modules\jsdom\lib\jsdom\living\events\EventTarget-impl.js:296:3)
    at HTMLUnknownElementImpl._dispatch (D:\WORK\GITHUB\SENTINEL_AI\sentinel-ai-app\node_modules\jsdom\lib\jsdom\living\events\EventTarget-impl.js:243:9)
The above error occurred in the <OsintAnalyzer> component:

    at OsintAnalyzer (D:\WORK\GITHUB\SENTINEL_AI\sentinel-ai-app\src\pages\DarkWebMonitor.tsx:16:51)

Consider adding an error boundary to your tree to customize error handling behavior.
Visit https://reactjs.org/link/error-boundaries to learn more about error boundaries.

 [31mтЭп[39m src/pages/__tests__/DarkWebMonitor.test.tsx [2m([22m[2m11 tests[22m[2m | [22m[31m11 failed[39m[2m)[22m[90m 283[2mms[22m[39m
[31m   [31m├Ч[31m OsintAnalyzer (DarkWebMonitor)[2m > [22mrenders OSINT Analyzer heading[90m 85[2mms[22m[31m[39m
[31m     тЖТ useToast must be used inside <ToastProvider>[39m
[31m   [31m├Ч[31m OsintAnalyzer (DarkWebMonitor)[2m > [22mrenders description text[90m 8[2mms[22m[31m[39m
[31m     тЖТ useToast must be used inside <ToastProvider>[39m
[31m   [31m├Ч[31m OsintAnalyzer (DarkWebMonitor)[2m > [22mrenders info banner about internal database[90m 63[2mms[22m[31m[39m
[31m     тЖТ useToast must be used inside <ToastProvider>[39m
[31m   [31m├Ч[31m OsintAnalyzer (DarkWebMonitor)[2m > [22mrenders input placeholder[90m 15[2mms[22m[31m[39m
[31m     тЖТ useToast must be used inside <ToastProvider>[39m
[31m   [31m├Ч[31m OsintAnalyzer (DarkWebMonitor)[2m > [22mrenders Analyze button disabled when input is empty[90m 10[2mms[22m[31m[39m
[31m     тЖТ useToast must be used inside <ToastProvider>[39m
[31m   [31m├Ч[31m OsintAnalyzer (DarkWebMonitor)[2m > [22menables Analyze button when input has value[90m 25[2mms[22m[31m[39m
[31m     тЖТ useToast must be used inside <ToastProvider>[39m
[31m   [31m├Ч[31m OsintAnalyzer (DarkWebMonitor)[2m > [22mshows "No Leaks Detected" result after clean scan[90m 29[2mms[22m[31m[39m
[31m     тЖТ useToast must be used inside <ToastProvider>[39m
[31m   [31m├Ч[31m OsintAnalyzer (DarkWebMonitor)[2m > [22mshows breach count for a positive result[90m 6[2mms[22m[31m[39m
[31m     тЖТ useToast must be used inside <ToastProvider>[39m
[31m   [31m├Ч[31m OsintAnalyzer (DarkWebMonitor)[2m > [22mshows error message when scan fails[90m 14[2mms[22m[31m[39m
[31m     тЖТ useToast must be used inside <ToastProvider>[39m
[31m   [31m├Ч[31m OsintAnalyzer (DarkWebMonitor)[2m > [22mshows "Analysis Results" heading after first result[90m 15[2mms[22m[31m[39m
[31m     тЖТ useToast must be used inside <ToastProvider>[39m
[31m   [31m├Ч[31m OsintAnalyzer (DarkWebMonitor)[2m > [22mshows rate limit error when rate limit exceeded[90m 7[2mms[22m[31m[39m
[31m     тЖТ useToast must be used inside <ToastProvider>[39m
 [31mтЭп[39m src/pages/__tests__/Reports.test.tsx [2m([22m[2m0 test[22m[2m)[22m
 [32mтЬУ[39m src/lib/__tests__/riskScore.test.ts [2m([22m[2m24 tests[22m[2m)[22m[90m 59[2mms[22m[39m
stderr | src/components/__tests__/NotificationBell.test.tsx > NotificationBell тАФ closed state > renders the Bell button
Warning: An update to NotificationBell inside a test was not wrapped in act(...).

When testing, code that causes React state updates should be wrapped into act(...):

act(() => {
  /* fire events that update state */
});
/* assert on the output */

This ensures that you're testing the behavior the user would see in the browser. Learn more at https://reactjs.org/link/wrap-tests-with-act
    at NotificationBell (D:\WORK\GITHUB\SENTINEL_AI\sentinel-ai-app\src\components\NotificationBell.tsx:38:51)

stderr | src/components/__tests__/NotificationBell.test.tsx > NotificationBell тАФ open popover > opens popover when Bell button clicked
Warning: An update to NotificationBell inside a test was not wrapped in act(...).

When testing, code that causes React state updates should be wrapped into act(...):

act(() => {
  /* fire events that update state */
});
/* assert on the output */

This ensures that you're testing the behavior the user would see in the browser. Learn more at https://reactjs.org/link/wrap-tests-with-act
    at NotificationBell (D:\WORK\GITHUB\SENTINEL_AI\sentinel-ai-app\src\components\NotificationBell.tsx:38:51)
Warning: An update to NotificationBell inside a test was not wrapped in act(...).

When testing, code that causes React state updates should be wrapped into act(...):

act(() => {
  /* fire events that update state */
});
/* assert on the output */

This ensures that you're testing the behavior the user would see in the browser. Learn more at https://reactjs.org/link/wrap-tests-with-act
    at NotificationBell (D:\WORK\GITHUB\SENTINEL_AI\sentinel-ai-app\src\components\NotificationBell.tsx:38:51)
Warning: An update to NotificationBell inside a test was not wrapped in act(...).

When testing, code that causes React state updates should be wrapped into act(...):

act(() => {
  /* fire events that update state */
});
/* assert on the output */

This ensures that you're testing the behavior the user would see in the browser. Learn more at https://reactjs.org/link/wrap-tests-with-act
    at NotificationBell (D:\WORK\GITHUB\SENTINEL_AI\sentinel-ai-app\src\components\NotificationBell.tsx:38:51)

 [32mтЬУ[39m src/lib/__tests__/nucleiParser.test.ts [2m([22m[2m26 tests[22m[2m)[22m[90m 24[2mms[22m[39m
stderr | src/pages/__tests__/Scans.integration.test.tsx > Scans integration flow > loads initial data and shows mode and vulnerabilities
Error: useToast must be used inside <ToastProvider>
    at Module.useToast (D:\WORK\GITHUB\SENTINEL_AI\sentinel-ai-app\src\lib\toastContext.tsx:48:19)
    at Scans (D:\WORK\GITHUB\SENTINEL_AI\sentinel-ai-app\src\pages\Scans.tsx:54:17)
    at renderWithHooks (D:\WORK\GITHUB\SENTINEL_AI\sentinel-ai-app\node_modules\react-dom\cjs\react-dom.development.js:15486:18)
    at mountIndeterminateComponent (D:\WORK\GITHUB\SENTINEL_AI\sentinel-ai-app\node_modules\react-dom\cjs\react-dom.development.js:20103:13)
    at beginWork (D:\WORK\GITHUB\SENTINEL_AI\sentinel-ai-app\node_modules\react-dom\cjs\react-dom.development.js:21626:16)
    at HTMLUnknownElement.callCallback (D:\WORK\GITHUB\SENTINEL_AI\sentinel-ai-app\node_modules\react-dom\cjs\react-dom.development.js:4164:14)
    at HTMLUnknownElement.callTheUserObjectsOperation (D:\WORK\GITHUB\SENTINEL_AI\sentinel-ai-app\node_modules\jsdom\lib\generated\idl\EventListener.js:26:30)
    at innerInvokeEventListeners (D:\WORK\GITHUB\SENTINEL_AI\sentinel-ai-app\node_modules\jsdom\lib\jsdom\living\events\EventTarget-impl.js:360:16)
    at invokeEventListeners (D:\WORK\GITHUB\SENTINEL_AI\sentinel-ai-app\node_modules\jsdom\lib\jsdom\living\events\EventTarget-impl.js:296:3)
    at HTMLUnknownElementImpl._dispatch (D:\WORK\GITHUB\SENTINEL_AI\sentinel-ai-app\node_modules\jsdom\lib\jsdom\living\events\EventTarget-impl.js:243:9)
Error: useToast must be used inside <ToastProvider>
    at Module.useToast (D:\WORK\GITHUB\SENTINEL_AI\sentinel-ai-app\src\lib\toastContext.tsx:48:19)
    at Scans (D:\WORK\GITHUB\SENTINEL_AI\sentinel-ai-app\src\pages\Scans.tsx:54:17)
    at renderWithHooks (D:\WORK\GITHUB\SENTINEL_AI\sentinel-ai-app\node_modules\react-dom\cjs\react-dom.development.js:15486:18)
    at mountIndeterminateComponent (D:\WORK\GITHUB\SENTINEL_AI\sentinel-ai-app\node_modules\react-dom\cjs\react-dom.development.js:20103:13)
    at beginWork (D:\WORK\GITHUB\SENTINEL_AI\sentinel-ai-app\node_modules\react-dom\cjs\react-dom.development.js:21626:16)
    at HTMLUnknownElement.callCallback (D:\WORK\GITHUB\SENTINEL_AI\sentinel-ai-app\node_modules\react-dom\cjs\react-dom.development.js:4164:14)
    at HTMLUnknownElement.callTheUserObjectsOperation (D:\WORK\GITHUB\SENTINEL_AI\sentinel-ai-app\node_modules\jsdom\lib\generated\idl\EventListener.js:26:30)
    at innerInvokeEventListeners (D:\WORK\GITHUB\SENTINEL_AI\sentinel-ai-app\node_modules\jsdom\lib\jsdom\living\events\EventTarget-impl.js:360:16)
    at invokeEventListeners (D:\WORK\GITHUB\SENTINEL_AI\sentinel-ai-app\node_modules\jsdom\lib\jsdom\living\events\EventTarget-impl.js:296:3)
    at HTMLUnknownElementImpl._dispatch (D:\WORK\GITHUB\SENTINEL_AI\sentinel-ai-app\node_modules\jsdom\lib\jsdom\living\events\EventTarget-impl.js:243:9)
The above error occurred in the <Scans> component:

    at Scans (D:\WORK\GITHUB\SENTINEL_AI\sentinel-ai-app\src\pages\Scans.tsx:65:57)

Consider adding an error boundary to your tree to customize error handling behavior.
Visit https://reactjs.org/link/error-boundaries to learn more about error boundaries.

stderr | src/pages/__tests__/Scans.integration.test.tsx > Scans integration flow > dispatches new scan from modal with project fallback target
Error: useToast must be used inside <ToastProvider>
    at Module.useToast (D:\WORK\GITHUB\SENTINEL_AI\sentinel-ai-app\src\lib\toastContext.tsx:48:19)
    at Scans (D:\WORK\GITHUB\SENTINEL_AI\sentinel-ai-app\src\pages\Scans.tsx:54:17)
    at renderWithHooks (D:\WORK\GITHUB\SENTINEL_AI\sentinel-ai-app\node_modules\react-dom\cjs\react-dom.development.js:15486:18)
    at mountIndeterminateComponent (D:\WORK\GITHUB\SENTINEL_AI\sentinel-ai-app\node_modules\react-dom\cjs\react-dom.development.js:20103:13)
    at beginWork (D:\WORK\GITHUB\SENTINEL_AI\sentinel-ai-app\node_modules\react-dom\cjs\react-dom.development.js:21626:16)
    at HTMLUnknownElement.callCallback (D:\WORK\GITHUB\SENTINEL_AI\sentinel-ai-app\node_modules\react-dom\cjs\react-dom.development.js:4164:14)
    at HTMLUnknownElement.callTheUserObjectsOperation (D:\WORK\GITHUB\SENTINEL_AI\sentinel-ai-app\node_modules\jsdom\lib\generated\idl\EventListener.js:26:30)
    at innerInvokeEventListeners (D:\WORK\GITHUB\SENTINEL_AI\sentinel-ai-app\node_modules\jsdom\lib\jsdom\living\events\EventTarget-impl.js:360:16)
    at invokeEventListeners (D:\WORK\GITHUB\SENTINEL_AI\sentinel-ai-app\node_modules\jsdom\lib\jsdom\living\events\EventTarget-impl.js:296:3)
    at HTMLUnknownElementImpl._dispatch (D:\WORK\GITHUB\SENTINEL_AI\sentinel-ai-app\node_modules\jsdom\lib\jsdom\living\events\EventTarget-impl.js:243:9)
Error: useToast must be used inside <ToastProvider>
    at Module.useToast (D:\WORK\GITHUB\SENTINEL_AI\sentinel-ai-app\src\lib\toastContext.tsx:48:19)
    at Scans (D:\WORK\GITHUB\SENTINEL_AI\sentinel-ai-app\src\pages\Scans.tsx:54:17)
    at renderWithHooks (D:\WORK\GITHUB\SENTINEL_AI\sentinel-ai-app\node_modules\react-dom\cjs\react-dom.development.js:15486:18)
    at mountIndeterminateComponent (D:\WORK\GITHUB\SENTINEL_AI\sentinel-ai-app\node_modules\react-dom\cjs\react-dom.development.js:20103:13)
    at beginWork (D:\WORK\GITHUB\SENTINEL_AI\sentinel-ai-app\node_modules\react-dom\cjs\react-dom.development.js:21626:16)
    at HTMLUnknownElement.callCallback (D:\WORK\GITHUB\SENTINEL_AI\sentinel-ai-app\node_modules\react-dom\cjs\react-dom.development.js:4164:14)
    at HTMLUnknownElement.callTheUserObjectsOperation (D:\WORK\GITHUB\SENTINEL_AI\sentinel-ai-app\node_modules\jsdom\lib\generated\idl\EventListener.js:26:30)
    at innerInvokeEventListeners (D:\WORK\GITHUB\SENTINEL_AI\sentinel-ai-app\node_modules\jsdom\lib\jsdom\living\events\EventTarget-impl.js:360:16)
    at invokeEventListeners (D:\WORK\GITHUB\SENTINEL_AI\sentinel-ai-app\node_modules\jsdom\lib\jsdom\living\events\EventTarget-impl.js:296:3)
    at HTMLUnknownElementImpl._dispatch (D:\WORK\GITHUB\SENTINEL_AI\sentinel-ai-app\node_modules\jsdom\lib\jsdom\living\events\EventTarget-impl.js:243:9)
The above error occurred in the <Scans> component:

    at Scans (D:\WORK\GITHUB\SENTINEL_AI\sentinel-ai-app\src\pages\Scans.tsx:65:57)

Consider adding an error boundary to your tree to customize error handling behavior.
Visit https://reactjs.org/link/error-boundaries to learn more about error boundaries.

stderr | src/pages/__tests__/Scans.integration.test.tsx > Scans integration flow > runs AI generation flow and refreshes vulnerabilities
Error: useToast must be used inside <ToastProvider>
    at Module.useToast (D:\WORK\GITHUB\SENTINEL_AI\sentinel-ai-app\src\lib\toastContext.tsx:48:19)
    at Scans (D:\WORK\GITHUB\SENTINEL_AI\sentinel-ai-app\src\pages\Scans.tsx:54:17)
    at renderWithHooks (D:\WORK\GITHUB\SENTINEL_AI\sentinel-ai-app\node_modules\react-dom\cjs\react-dom.development.js:15486:18)
    at mountIndeterminateComponent (D:\WORK\GITHUB\SENTINEL_AI\sentinel-ai-app\node_modules\react-dom\cjs\react-dom.development.js:20103:13)
    at beginWork (D:\WORK\GITHUB\SENTINEL_AI\sentinel-ai-app\node_modules\react-dom\cjs\react-dom.development.js:21626:16)
    at HTMLUnknownElement.callCallback (D:\WORK\GITHUB\SENTINEL_AI\sentinel-ai-app\node_modules\react-dom\cjs\react-dom.development.js:4164:14)
    at HTMLUnknownElement.callTheUserObjectsOperation (D:\WORK\GITHUB\SENTINEL_AI\sentinel-ai-app\node_modules\jsdom\lib\generated\idl\EventListener.js:26:30)
    at innerInvokeEventListeners (D:\WORK\GITHUB\SENTINEL_AI\sentinel-ai-app\node_modules\jsdom\lib\jsdom\living\events\EventTarget-impl.js:360:16)
    at invokeEventListeners (D:\WORK\GITHUB\SENTINEL_AI\sentinel-ai-app\node_modules\jsdom\lib\jsdom\living\events\EventTarget-impl.js:296:3)
    at HTMLUnknownElementImpl._dispatch (D:\WORK\GITHUB\SENTINEL_AI\sentinel-ai-app\node_modules\jsdom\lib\jsdom\living\events\EventTarget-impl.js:243:9)
Error: useToast must be used inside <ToastProvider>
    at Module.useToast (D:\WORK\GITHUB\SENTINEL_AI\sentinel-ai-app\src\lib\toastContext.tsx:48:19)
    at Scans (D:\WORK\GITHUB\SENTINEL_AI\sentinel-ai-app\src\pages\Scans.tsx:54:17)
    at renderWithHooks (D:\WORK\GITHUB\SENTINEL_AI\sentinel-ai-app\node_modules\react-dom\cjs\react-dom.development.js:15486:18)
    at mountIndeterminateComponent (D:\WORK\GITHUB\SENTINEL_AI\sentinel-ai-app\node_modules\react-dom\cjs\react-dom.development.js:20103:13)
    at beginWork (D:\WORK\GITHUB\SENTINEL_AI\sentinel-ai-app\node_modules\react-dom\cjs\react-dom.development.js:21626:16)
    at HTMLUnknownElement.callCallback (D:\WORK\GITHUB\SENTINEL_AI\sentinel-ai-app\node_modules\react-dom\cjs\react-dom.development.js:4164:14)
    at HTMLUnknownElement.callTheUserObjectsOperation (D:\WORK\GITHUB\SENTINEL_AI\sentinel-ai-app\node_modules\jsdom\lib\generated\idl\EventListener.js:26:30)
    at innerInvokeEventListeners (D:\WORK\GITHUB\SENTINEL_AI\sentinel-ai-app\node_modules\jsdom\lib\jsdom\living\events\EventTarget-impl.js:360:16)
    at invokeEventListeners (D:\WORK\GITHUB\SENTINEL_AI\sentinel-ai-app\node_modules\jsdom\lib\jsdom\living\events\EventTarget-impl.js:296:3)
    at HTMLUnknownElementImpl._dispatch (D:\WORK\GITHUB\SENTINEL_AI\sentinel-ai-app\node_modules\jsdom\lib\jsdom\living\events\EventTarget-impl.js:243:9)
The above error occurred in the <Scans> component:

    at Scans (D:\WORK\GITHUB\SENTINEL_AI\sentinel-ai-app\src\pages\Scans.tsx:65:57)

Consider adding an error boundary to your tree to customize error handling behavior.
Visit https://reactjs.org/link/error-boundaries to learn more about error boundaries.

 [31mтЭп[39m src/pages/__tests__/Scans.integration.test.tsx [2m([22m[2m3 tests[22m[2m | [22m[31m3 failed[39m[2m)[22m[90m 109[2mms[22m[39m
[31m   [31m├Ч[31m Scans integration flow[2m > [22mloads initial data and shows mode and vulnerabilities[90m 80[2mms[22m[31m[39m
[31m     тЖТ useToast must be used inside <ToastProvider>[39m
[31m   [31m├Ч[31m Scans integration flow[2m > [22mdispatches new scan from modal with project fallback target[90m 10[2mms[22m[31m[39m
[31m     тЖТ useToast must be used inside <ToastProvider>[39m
[31m   [31m├Ч[31m Scans integration flow[2m > [22mruns AI generation flow and refreshes vulnerabilities[90m 17[2mms[22m[31m[39m
[31m     тЖТ useToast must be used inside <ToastProvider>[39m
 [32mтЬУ[39m src/components/__tests__/NotificationBell.test.tsx [2m([22m[2m9 tests[22m[2m)[22m[33m 1690[2mms[22m[39m
   [33m[2mтЬУ[22m[39m NotificationBell тАФ open popover[2m > [22mshows "Mark all read" button (enabled when unread exist) [33m1064[2mms[22m[39m
   [33m[2mтЬУ[22m[39m NotificationBell тАФ open popover[2m > [22m"Mark all read" button is disabled when all already read [33m332[2mms[22m[39m
 [32mтЬУ[39m src/components/__tests__/VulnerabilityList.test.tsx [2m([22m[2m7 tests[22m[2m)[22m[33m 678[2mms[22m[39m
 [32mтЬУ[39m src/lib/__tests__/scheduler.test.ts [2m([22m[2m5 tests[22m[2m)[22m[90m 12[2mms[22m[39m
 [32mтЬУ[39m src/api/__tests__/ai.service.test.ts [2m([22m[2m15 tests[22m[2m)[22m[90m 13[2mms[22m[39m
 [32mтЬУ[39m src/lib/__tests__/scanQueue.test.ts [2m([22m[2m9 tests[22m[2m)[22m[90m 13[2mms[22m[39m
 [31mтЭп[39m src/components/__tests__/AssetGraph.test.tsx [2m([22m[2m9 tests[22m[2m | [22m[31m1 failed[39m[2m)[22m[33m 878[2mms[22m[39m
[31m   [31m├Ч[31m AssetGraph тАФ with vulns[2m > [22mrenders legend pills (Secure, Risk, Critical)[90m 92[2mms[22m[31m[39m
[31m     тЖТ Found multiple elements with the text: Critical

Here are the matching elements:

Ignored nodes: comments, script, style
[36m<div[31m
  [33mclass[31m=[32m"text-[10px] text-slate-500"[31m
[36m>[31m
  [0mCritical[0m
[36m</div>[31m

Ignored nodes: comments, script, style
[36m<div[31m
  [33mclass[31m=[32m"flex items-center gap-1.5"[31m
[36m>[31m
  [36m<span[31m
    [33mclass[31m=[32m"w-2 h-2 rounded-full bg-red-500 animate-pulse"[31m
  [36m/>[31m
  [0m Critical[0m
[36m</div>[31m

(If this is intentional, then use the `*AllBy*` variant of the query (like `queryAllByText`, `getAllByText`, or `findAllByText`)).

Ignored nodes: comments, script, style
[36m<body>[31m
  [36m<div>[31m
    [36m<div[31m
      [33mclass[31m=[32m"space-y-3"[31m
    [36m>[31m
      [36m<div[31m
        [33mclass[31m=[32m"grid grid-cols-4 gap-2"[31m
      [36m>[31m
        [36m<div[31m
          [33mclass[31m=[32m"rounded-lg border border-slate-800 bg-slate-900/40 px-3 py-2"[31m
        [36m>[31m
          [36m<div[31m
            [33mclass[31m=[32m"text-lg font-bold text-white"[31m
          [36m>[31m
            [0m1[0m
          [36m</div>[31m
          [36m<div[31m
            [33mclass[31m=[32m"text-[10px] text-slate-500"[31m
          [36m>[31m
            [0mAssets[0m
          [36m</div>[31m
        [36m</div>[31m
        [36m<div[31m
          [33mclass[31m=[32m"rounded-lg border border-red-500/20 bg-red-500/5 px-3 py-2"[31m
        [36m>[31m
          [36m<div[31m
            [33mclass[31m=[32m"text-lg font-bold text-red-400"[31m
          [36m>[31m
            [0m0[0m
          [36m</div>[31m
          [36m<div[31m
            [33mclass[31m=[32m"text-[10px] text-slate-500"[31m
          [36m>[31m
            [0mCritical[0m
          [36m</div>[31m
        [36m</div>[31m
        [36m<div[31m
          [33mclass[31m=[32m"rounded-lg border border-orange-500/20 bg-orange-500/5 px-3 py-2"[31m
        [36m>[31m
          [36m<div[31m
            [33mclass[31m=[32m"text-lg font-bold text-orange-400"[31m
          [36m>[31m
            [0m1[0m
          [36m</div>[31m
          [36m<div[31m
            [33mclass[31m=[32m"text-[10px] text-slate-500"[31m
          [36m>[31m
            [0mHigh risk[0m
          [36m</div>[31m
        [36m</div>[31m
        [36m<div[31m
          [33mclass[31m=[32m"rounded-lg border border-emerald-500/20 bg-emerald-500/5 px-3 py-2"[31m
        [36m>[31m
          [36m<div[31m
            [33mclass[31m=[32m"text-lg font-bold text-emerald-400"[31m
          [36m>[31m
            [0m0[0m
          [36m</div>[31m
          [36m<div[31m
            [33mclass[31m=[32m"text-[10px] text-slate-500"[31m
          [36m>[31m
            [0mLow/Safe[0m
          [36m</div>[31m
        [36m</div>[31m
      [36m</div>[31m
      [36m<div[31m
        [33mclass[31m=[32m"relative w-full h-[500px] border border-slate-800 rounded-xl bg-slate-950/50 overflow-hidden"[31m
      [36m>[31m
        [36m<div[31m
          [33mclass[31m=[32m"absolute top-4 left-4 flex flex-col gap-1 z-10"[31m
        [36m>[31m
          [36m<h3[31m
            [33mclass[31m=[32m"text-sm font-semibold text-white"[31m
          [36m>[31m
            [0mAsset Topology[0m
          [36m</h3>[31m
          [36m<p[31m
            [33mclass[31m=[32m"text-[10px] text-slate-500 uppercase tracking-widest"[31m
          [36m>[31m
            [0mInteractive Network Map[0m
          [36m</p>[31m
        [36m</div>[31m
        [36m<svg[31m
          [33mclass[31m=[32m"w-full h-full"[31m
          [33mviewBox[31m=[32m"0 0 600 500"[31m
        [36m>[31m
          [36m<defs>[31m
            [36m<filter[31m
              [33mid[31m=[32m"glow"[31m
            [36m>[31m
              [36m<fegaussianblur[31m
                [33mresult[31m=[32m"coloredBlur"[31m
                [33mstdDeviation[31m=[32m"3.5"[31m
              [36m/>[31m
              [36m<femerge>[31m
                [36m<femergenode[31m
                  [33min[31m=[32m"coloredBlur"[31m
                [36m/>[31m
                [36m<femergenode[31m
                  [33min[31m=[32m"SourceGraphic"[31m
                [36m/>[31m
              [36m</femerge>[31m
            [36m</filter>[31m
            [36m<lineargradient[31m
              [33mid[31m=[32m"lineGrad"[31m
              [33mx1[31m=[32m"0%"[31m
              [33mx2[31m=[32m"100%"[31m
              [33my1[31m=[32m"0%"[31m
              [33my2[31m=[32m"100%"[31m
            [36m>[31m
              [36m<stop[31m
                [33moffset[31m=[32m"0%"[31m
                [33mstop-color[31m=[32m"#10b981"[31m
                [33mstop-opacity[31m=[32m"0.2"[31m
              [36m/>[31m
              [36m<stop[31m
                [33moffset[31m=[32m"100%"[31m
                [33mstop-color[31m=[32m"#10b981"[31m
                [33mstop-opacity[31m=[32m"0"[31m
              [36m/>[31m
            [36m</lineargradient>[31m
          [36m</defs>[31m
          [36m<g>[31m
            [36m<line[31m
              [33mclass[31m=[32m"animate-[dash_20s_linear_infinite]"[31m
              [33mstroke[31m=[32m"url(#lineGrad)"[31m
              [33mstroke-dasharray[31m=[32m"4 4"[31m
              [33mstroke-width[31m=[32m"1.5"[31m
              [33mx1[31m=[32m"300"[31m
              [33mx2[31m=[32m"300"[31m
              [33my1[31m=[32m"250"[31m
              [33my2[31m=[32m"70"[31m
            [36m/>[31m
          [36m</g>[31m
          [36m<g[31m
            [33mclass[31m=[32m"group transition-all duration-500 cursor-default"[31m
          [36m>[31m
            [36m<title>[31m
              [0mProject: TestProject[0m
            [36m</title>[31m
            [36m<circle[31m
              [33mclass[31m=[32m"
                transition-colors duration-300
                fill-emerald-500/10 stroke-emerald-500
                
                
                group-hover:stroke-white
              "[31m
              [33mcx[31m=[32m"300"[31m
              [33mcy[31m=[32m"250"[31m
              [33mr[31m=[32m"28"[31m
              [33mstroke-width[31m=[32m"2"[31m
            [36m/>[31m
            [36m<foreignobject[31m
              [33mheight[31m=[32m"20"[31m
              [33mwidth[31m=[32m"20"[31m
              [33mx[31m=[32m"290"[31m
              [33my[31m=[32m"240"[31m
            [36m>[31m
              [36m<div[31m
                [33mclass[31m=[32m"flex items-center justify-center text-slate-400 group-hover:text-white transition-colors"[31m
              [36m>[31m
                [36m<svg[31m
                  [33mclass[31m=[32m"lucide lucide-shield w-5 h-5 text-emerald-400"[31m
                  [33mfill[31m=[32m"none"[31m
                  [33mheight[31m=[32m"24"[31m
                  [33mstroke[31m=[32m"currentColor"[31m
                  [33mstroke-linecap[31m=[32m"round"[31m
                  [33mstroke-linejoin[31m=[32m"round"[31m
                  [33mstroke-width[31m=[32m"2"[31m
                  [33mviewBox[31m=[32m"0 0 24 24"[31m
                  [33mwidth[31m=[32m"24"[31m
                  [33mxmlns[31m=[32m"http://www.w3.org/2000/svg"[31m
                [36m>[31m
                  [36m<path[31m
                    [33md[31m=[32m"M20 13c0 5-3.5 7.5-7.66 8.95a1 1 0 0 1-.67-.01C7.5 20.5 4 18 4 13V6a1 1 0 0 1 1-1c2 0 4.5-1.2 6.24-2.72a1.17 1.17 0 0 1 1.52 0C14.51 3.81 17 5 19 5a1 1 0 0 1 1 1z"[31m
                  [36m/>[31m
                [36m</svg>[31m
              [36m</div>[31m
            [36m</foreignobject>[31m
            [36m<text[31m
              [33mclass[31m=[32m"fill-slate-400 group-hover:fill-white text-[10px] font-medium font-sans transition-colors"[31m
              [33mtext-anchor[31m=[32m"middle"[31m
              [33mx[31m=[32m"300"[31m
              [33my[31m=[32m"295"[31m
            [36m>[31m
              [0mTESTPROJECT[0m
            [36m</text>[31m
          [36m</g>[31m
          [36m<g[31m
            [33mclass[31m=[32m"group transition-all duration-500 cursor-default"[31m
          [36m>[31m
            [36m<title>[31m
              [0mapi.example.com ┬╖ 1 finding(s) ┬╖ high[0m
            [36m</title>[31m
            [36m<circle[31m
              [33mclass[31m=[32m"
                transition-colors duration-300
                fill-slate-900 stroke-slate-700
                
                stroke-orange-500 fill-orange-500/10
                group-hover:stroke-white
              "[31m
              [33mcx[31m=[32m"300"[31m
              [33mcy[31m=[32m"70"[31m
              [33mr[31m=[32m"20"[31m
              [33mstroke-width[31m=[32m"2"[31m
            [36m/>[31m
            [36m<foreignobject[31m
              [33mheight[31m=[32m"20"[31m
              [33mwidth[31m=[32m"20"[31m
              [33mx[31m=[32m"290"[31m
              [33my[31m=[32m"60"[31m
            [36m>[31m
              [36m<div[31m
                [33mclass[31m=[32m"flex items-center justify-center text-slate-400 group-hover:text-white transition-colors"[31m
              [36m>[31m
                [36m<svg[31m
                  [33mclass[31m=[32m"lucide lucide-globe w-4 h-4"[31m
                  [33mfill[31m=[32m"none"[31m
                  [33mheight[31m=[32m"24"[31m
                  [33mstroke[31m=[32m"currentColor"[31m
                  [33mstroke-linecap[31m=[32m"round"[31m
                  [33mstroke-linejoin[31m=[32m"round"[31m
                  [33mstroke-width[31m=[32m"2"[31m
                  [33mviewBox[31m=[32m"0 0 24 24"[31m
                  [33mwidth[31m=[32m"24"[31m
                  [33mxmlns[31m=[32m"http://www.w3.org/2000/svg"[31m
                [36m>[31m
                  [36m<circle[31m
                    [33mcx[31m=[32m"12"[31m
                    [33mcy[31m=[32m"12"[31m
                    [33mr[31m=[32m"10"[31m
                  [36m/>[31m
                  [36m<path[31m
                    [33md[31m=[32m"M12 2a14.5 14.5 0 0 0 0 20 14.5 14.5 0 0 0 0-20"[31m
                  [36m/>[31m
                  [36m<path[31m
                    [33md[31m=[32m"M2 12h20"[31m
                  [36m/>[31m
                [36m</svg>[31m
              [36m</div>[31m
            [36m</foreignobject>[31m
            [36m<text[31m
              [33mclass[31m=[32m"fill-slate-400 group-hover:fill-white text-[10px] font-medium font-sans transition-colors"[31m
              [33mtext-anchor[31m=[32m"middle"[31m
              [33mx[31m=[32m"300"[31m
              [33my[31m=[32m"105"[31m
            [36m>[31m
              [0mAPI[0m
            [36m</text>[31m
          [36m</g>[31m
        [36m</svg>[31m
        [36m<div[31m
          [33mclass[31m=[32m"absolute bottom-4 right-4 flex items-center gap-4 bg-slate-900/80 backdrop-blur-sm border border-slate-800 px-3 py-2 rounded-lg text-[10px]"[31m
        [36m>[31m
          [36m<div[31m
            [33mclass[31m=[32m"flex items-center gap-1.5"[31m
          [36m>[31m
            [36m<span[31m
              [33mclass[31m=[32m"w-2 h-2 rounded-full bg-emerald-500"[31m
            [36m/>[31m
            [0m Secure[0m
          [36m</div>[31m
          [36m<div[31m
            [33mclass[31m=[32m"flex items-center gap-1.5"[31m
          [36m>[31m
            [36m<span[31m
              [33mclass[31m=[32m"w-2 h-2 rounded-full bg-orange-500"[31m
            [36m/>[31m
            [0m Risk[0m
          [36m</div>[31m
          [36m<div[31m
            [33mclass[31m=[32m"flex items-center gap-1.5"[31m
          [36m>[31m
            [36m<span[31m
              [33mclass[31m=[32m"w-2 h-2 rounded-full bg-red-500 animate-pulse"[31m
            [36m/>[31m
            [0m Critical[0m
          [36m</div>[31m
        [36m</div>[31m
      [36m</div>[31m
    [36m</div>[31m
  [36m</div>[31m
[36m</body>[31m[39m
stderr | src/pages/__tests__/Scheduler.test.tsx > SchedulerPage > renders "Scan Scheduler" heading
Error: useToast must be used inside <ToastProvider>
    at Module.useToast (D:\WORK\GITHUB\SENTINEL_AI\sentinel-ai-app\src\lib\toastContext.tsx:48:19)
    at SchedulerPage (D:\WORK\GITHUB\SENTINEL_AI\sentinel-ai-app\src\pages\Scheduler.tsx:50:17)
    at renderWithHooks (D:\WORK\GITHUB\SENTINEL_AI\sentinel-ai-app\node_modules\react-dom\cjs\react-dom.development.js:15486:18)
    at mountIndeterminateComponent (D:\WORK\GITHUB\SENTINEL_AI\sentinel-ai-app\node_modules\react-dom\cjs\react-dom.development.js:20103:13)
    at beginWork (D:\WORK\GITHUB\SENTINEL_AI\sentinel-ai-app\node_modules\react-dom\cjs\react-dom.development.js:21626:16)
    at HTMLUnknownElement.callCallback (D:\WORK\GITHUB\SENTINEL_AI\sentinel-ai-app\node_modules\react-dom\cjs\react-dom.development.js:4164:14)
    at HTMLUnknownElement.callTheUserObjectsOperation (D:\WORK\GITHUB\SENTINEL_AI\sentinel-ai-app\node_modules\jsdom\lib\generated\idl\EventListener.js:26:30)
    at innerInvokeEventListeners (D:\WORK\GITHUB\SENTINEL_AI\sentinel-ai-app\node_modules\jsdom\lib\jsdom\living\events\EventTarget-impl.js:360:16)
    at invokeEventListeners (D:\WORK\GITHUB\SENTINEL_AI\sentinel-ai-app\node_modules\jsdom\lib\jsdom\living\events\EventTarget-impl.js:296:3)
    at HTMLUnknownElementImpl._dispatch (D:\WORK\GITHUB\SENTINEL_AI\sentinel-ai-app\node_modules\jsdom\lib\jsdom\living\events\EventTarget-impl.js:243:9)
Error: useToast must be used inside <ToastProvider>
    at Module.useToast (D:\WORK\GITHUB\SENTINEL_AI\sentinel-ai-app\src\lib\toastContext.tsx:48:19)
    at SchedulerPage (D:\WORK\GITHUB\SENTINEL_AI\sentinel-ai-app\src\pages\Scheduler.tsx:50:17)
    at renderWithHooks (D:\WORK\GITHUB\SENTINEL_AI\sentinel-ai-app\node_modules\react-dom\cjs\react-dom.development.js:15486:18)
    at mountIndeterminateComponent (D:\WORK\GITHUB\SENTINEL_AI\sentinel-ai-app\node_modules\react-dom\cjs\react-dom.development.js:20103:13)
    at beginWork (D:\WORK\GITHUB\SENTINEL_AI\sentinel-ai-app\node_modules\react-dom\cjs\react-dom.development.js:21626:16)
    at HTMLUnknownElement.callCallback (D:\WORK\GITHUB\SENTINEL_AI\sentinel-ai-app\node_modules\react-dom\cjs\react-dom.development.js:4164:14)
    at HTMLUnknownElement.callTheUserObjectsOperation (D:\WORK\GITHUB\SENTINEL_AI\sentinel-ai-app\node_modules\jsdom\lib\generated\idl\EventListener.js:26:30)
    at innerInvokeEventListeners (D:\WORK\GITHUB\SENTINEL_AI\sentinel-ai-app\node_modules\jsdom\lib\jsdom\living\events\EventTarget-impl.js:360:16)
    at invokeEventListeners (D:\WORK\GITHUB\SENTINEL_AI\sentinel-ai-app\node_modules\jsdom\lib\jsdom\living\events\EventTarget-impl.js:296:3)
    at HTMLUnknownElementImpl._dispatch (D:\WORK\GITHUB\SENTINEL_AI\sentinel-ai-app\node_modules\jsdom\lib\jsdom\living\events\EventTarget-impl.js:243:9)
The above error occurred in the <SchedulerPage> component:

    at SchedulerPage (D:\WORK\GITHUB\SENTINEL_AI\sentinel-ai-app\src\pages\Scheduler.tsx:45:59)

Consider adding an error boundary to your tree to customize error handling behavior.
Visit https://reactjs.org/link/error-boundaries to learn more about error boundaries.

stderr | src/pages/__tests__/Scheduler.test.tsx > SchedulerPage > renders description about automating recurring scans
Error: useToast must be used inside <ToastProvider>
    at Module.useToast (D:\WORK\GITHUB\SENTINEL_AI\sentinel-ai-app\src\lib\toastContext.tsx:48:19)
    at SchedulerPage (D:\WORK\GITHUB\SENTINEL_AI\sentinel-ai-app\src\pages\Scheduler.tsx:50:17)
    at renderWithHooks (D:\WORK\GITHUB\SENTINEL_AI\sentinel-ai-app\node_modules\react-dom\cjs\react-dom.development.js:15486:18)
    at mountIndeterminateComponent (D:\WORK\GITHUB\SENTINEL_AI\sentinel-ai-app\node_modules\react-dom\cjs\react-dom.development.js:20103:13)
    at beginWork (D:\WORK\GITHUB\SENTINEL_AI\sentinel-ai-app\node_modules\react-dom\cjs\react-dom.development.js:21626:16)
    at HTMLUnknownElement.callCallback (D:\WORK\GITHUB\SENTINEL_AI\sentinel-ai-app\node_modules\react-dom\cjs\react-dom.development.js:4164:14)
    at HTMLUnknownElement.callTheUserObjectsOperation (D:\WORK\GITHUB\SENTINEL_AI\sentinel-ai-app\node_modules\jsdom\lib\generated\idl\EventListener.js:26:30)
    at innerInvokeEventListeners (D:\WORK\GITHUB\SENTINEL_AI\sentinel-ai-app\node_modules\jsdom\lib\jsdom\living\events\EventTarget-impl.js:360:16)
    at invokeEventListeners (D:\WORK\GITHUB\SENTINEL_AI\sentinel-ai-app\node_modules\jsdom\lib\jsdom\living\events\EventTarget-impl.js:296:3)
    at HTMLUnknownElementImpl._dispatch (D:\WORK\GITHUB\SENTINEL_AI\sentinel-ai-app\node_modules\jsdom\lib\jsdom\living\events\EventTarget-impl.js:243:9)
Error: useToast must be used inside <ToastProvider>
    at Module.useToast (D:\WORK\GITHUB\SENTINEL_AI\sentinel-ai-app\src\lib\toastContext.tsx:48:19)
    at SchedulerPage (D:\WORK\GITHUB\SENTINEL_AI\sentinel-ai-app\src\pages\Scheduler.tsx:50:17)
    at renderWithHooks (D:\WORK\GITHUB\SENTINEL_AI\sentinel-ai-app\node_modules\react-dom\cjs\react-dom.development.js:15486:18)
    at mountIndeterminateComponent (D:\WORK\GITHUB\SENTINEL_AI\sentinel-ai-app\node_modules\react-dom\cjs\react-dom.development.js:20103:13)
    at beginWork (D:\WORK\GITHUB\SENTINEL_AI\sentinel-ai-app\node_modules\react-dom\cjs\react-dom.development.js:21626:16)
    at HTMLUnknownElement.callCallback (D:\WORK\GITHUB\SENTINEL_AI\sentinel-ai-app\node_modules\react-dom\cjs\react-dom.development.js:4164:14)
    at HTMLUnknownElement.callTheUserObjectsOperation (D:\WORK\GITHUB\SENTINEL_AI\sentinel-ai-app\node_modules\jsdom\lib\generated\idl\EventListener.js:26:30)
    at innerInvokeEventListeners (D:\WORK\GITHUB\SENTINEL_AI\sentinel-ai-app\node_modules\jsdom\lib\jsdom\living\events\EventTarget-impl.js:360:16)
    at invokeEventListeners (D:\WORK\GITHUB\SENTINEL_AI\sentinel-ai-app\node_modules\jsdom\lib\jsdom\living\events\EventTarget-impl.js:296:3)
    at HTMLUnknownElementImpl._dispatch (D:\WORK\GITHUB\SENTINEL_AI\sentinel-ai-app\node_modules\jsdom\lib\jsdom\living\events\EventTarget-impl.js:243:9)
The above error occurred in the <SchedulerPage> component:

    at SchedulerPage (D:\WORK\GITHUB\SENTINEL_AI\sentinel-ai-app\src\pages\Scheduler.tsx:45:59)

Consider adding an error boundary to your tree to customize error handling behavior.
Visit https://reactjs.org/link/error-boundaries to learn more about error boundaries.

stderr | src/pages/__tests__/Scheduler.test.tsx > SchedulerPage > renders "New schedule" button
Error: useToast must be used inside <ToastProvider>
    at Module.useToast (D:\WORK\GITHUB\SENTINEL_AI\sentinel-ai-app\src\lib\toastContext.tsx:48:19)
    at SchedulerPage (D:\WORK\GITHUB\SENTINEL_AI\sentinel-ai-app\src\pages\Scheduler.tsx:50:17)
    at renderWithHooks (D:\WORK\GITHUB\SENTINEL_AI\sentinel-ai-app\node_modules\react-dom\cjs\react-dom.development.js:15486:18)
    at mountIndeterminateComponent (D:\WORK\GITHUB\SENTINEL_AI\sentinel-ai-app\node_modules\react-dom\cjs\react-dom.development.js:20103:13)
    at beginWork (D:\WORK\GITHUB\SENTINEL_AI\sentinel-ai-app\node_modules\react-dom\cjs\react-dom.development.js:21626:16)
    at HTMLUnknownElement.callCallback (D:\WORK\GITHUB\SENTINEL_AI\sentinel-ai-app\node_modules\react-dom\cjs\react-dom.development.js:4164:14)
    at HTMLUnknownElement.callTheUserObjectsOperation (D:\WORK\GITHUB\SENTINEL_AI\sentinel-ai-app\node_modules\jsdom\lib\generated\idl\EventListener.js:26:30)
    at innerInvokeEventListeners (D:\WORK\GITHUB\SENTINEL_AI\sentinel-ai-app\node_modules\jsdom\lib\jsdom\living\events\EventTarget-impl.js:360:16)
    at invokeEventListeners (D:\WORK\GITHUB\SENTINEL_AI\sentinel-ai-app\node_modules\jsdom\lib\jsdom\living\events\EventTarget-impl.js:296:3)
    at HTMLUnknownElementImpl._dispatch (D:\WORK\GITHUB\SENTINEL_AI\sentinel-ai-app\node_modules\jsdom\lib\jsdom\living\events\EventTarget-impl.js:243:9)
Error: useToast must be used inside <ToastProvider>
    at Module.useToast (D:\WORK\GITHUB\SENTINEL_AI\sentinel-ai-app\src\lib\toastContext.tsx:48:19)
    at SchedulerPage (D:\WORK\GITHUB\SENTINEL_AI\sentinel-ai-app\src\pages\Scheduler.tsx:50:17)
    at renderWithHooks (D:\WORK\GITHUB\SENTINEL_AI\sentinel-ai-app\node_modules\react-dom\cjs\react-dom.development.js:15486:18)
    at mountIndeterminateComponent (D:\WORK\GITHUB\SENTINEL_AI\sentinel-ai-app\node_modules\react-dom\cjs\react-dom.development.js:20103:13)
    at beginWork (D:\WORK\GITHUB\SENTINEL_AI\sentinel-ai-app\node_modules\react-dom\cjs\react-dom.development.js:21626:16)
    at HTMLUnknownElement.callCallback (D:\WORK\GITHUB\SENTINEL_AI\sentinel-ai-app\node_modules\react-dom\cjs\react-dom.development.js:4164:14)
    at HTMLUnknownElement.callTheUserObjectsOperation (D:\WORK\GITHUB\SENTINEL_AI\sentinel-ai-app\node_modules\jsdom\lib\generated\idl\EventListener.js:26:30)
    at innerInvokeEventListeners (D:\WORK\GITHUB\SENTINEL_AI\sentinel-ai-app\node_modules\jsdom\lib\jsdom\living\events\EventTarget-impl.js:360:16)
    at invokeEventListeners (D:\WORK\GITHUB\SENTINEL_AI\sentinel-ai-app\node_modules\jsdom\lib\jsdom\living\events\EventTarget-impl.js:296:3)
    at HTMLUnknownElementImpl._dispatch (D:\WORK\GITHUB\SENTINEL_AI\sentinel-ai-app\node_modules\jsdom\lib\jsdom\living\events\EventTarget-impl.js:243:9)
The above error occurred in the <SchedulerPage> component:

    at SchedulerPage (D:\WORK\GITHUB\SENTINEL_AI\sentinel-ai-app\src\pages\Scheduler.tsx:45:59)

Consider adding an error boundary to your tree to customize error handling behavior.
Visit https://reactjs.org/link/error-boundaries to learn more about error boundaries.

stderr | src/pages/__tests__/Scheduler.test.tsx > SchedulerPage > renders stat cards: Total schedules, Active, Overdue
Error: useToast must be used inside <ToastProvider>
    at Module.useToast (D:\WORK\GITHUB\SENTINEL_AI\sentinel-ai-app\src\lib\toastContext.tsx:48:19)
    at SchedulerPage (D:\WORK\GITHUB\SENTINEL_AI\sentinel-ai-app\src\pages\Scheduler.tsx:50:17)
    at renderWithHooks (D:\WORK\GITHUB\SENTINEL_AI\sentinel-ai-app\node_modules\react-dom\cjs\react-dom.development.js:15486:18)
    at mountIndeterminateComponent (D:\WORK\GITHUB\SENTINEL_AI\sentinel-ai-app\node_modules\react-dom\cjs\react-dom.development.js:20103:13)
    at beginWork (D:\WORK\GITHUB\SENTINEL_AI\sentinel-ai-app\node_modules\react-dom\cjs\react-dom.development.js:21626:16)
    at HTMLUnknownElement.callCallback (D:\WORK\GITHUB\SENTINEL_AI\sentinel-ai-app\node_modules\react-dom\cjs\react-dom.development.js:4164:14)
    at HTMLUnknownElement.callTheUserObjectsOperation (D:\WORK\GITHUB\SENTINEL_AI\sentinel-ai-app\node_modules\jsdom\lib\generated\idl\EventListener.js:26:30)
    at innerInvokeEventListeners (D:\WORK\GITHUB\SENTINEL_AI\sentinel-ai-app\node_modules\jsdom\lib\jsdom\living\events\EventTarget-impl.js:360:16)
    at invokeEventListeners (D:\WORK\GITHUB\SENTINEL_AI\sentinel-ai-app\node_modules\jsdom\lib\jsdom\living\events\EventTarget-impl.js:296:3)
    at HTMLUnknownElementImpl._dispatch (D:\WORK\GITHUB\SENTINEL_AI\sentinel-ai-app\node_modules\jsdom\lib\jsdom\living\events\EventTarget-impl.js:243:9)
Error: useToast must be used inside <ToastProvider>
    at Module.useToast (D:\WORK\GITHUB\SENTINEL_AI\sentinel-ai-app\src\lib\toastContext.tsx:48:19)
    at SchedulerPage (D:\WORK\GITHUB\SENTINEL_AI\sentinel-ai-app\src\pages\Scheduler.tsx:50:17)
    at renderWithHooks (D:\WORK\GITHUB\SENTINEL_AI\sentinel-ai-app\node_modules\react-dom\cjs\react-dom.development.js:15486:18)
    at mountIndeterminateComponent (D:\WORK\GITHUB\SENTINEL_AI\sentinel-ai-app\node_modules\react-dom\cjs\react-dom.development.js:20103:13)
    at beginWork (D:\WORK\GITHUB\SENTINEL_AI\sentinel-ai-app\node_modules\react-dom\cjs\react-dom.development.js:21626:16)
    at HTMLUnknownElement.callCallback (D:\WORK\GITHUB\SENTINEL_AI\sentinel-ai-app\node_modules\react-dom\cjs\react-dom.development.js:4164:14)
    at HTMLUnknownElement.callTheUserObjectsOperation (D:\WORK\GITHUB\SENTINEL_AI\sentinel-ai-app\node_modules\jsdom\lib\generated\idl\EventListener.js:26:30)
    at innerInvokeEventListeners (D:\WORK\GITHUB\SENTINEL_AI\sentinel-ai-app\node_modules\jsdom\lib\jsdom\living\events\EventTarget-impl.js:360:16)
    at invokeEventListeners (D:\WORK\GITHUB\SENTINEL_AI\sentinel-ai-app\node_modules\jsdom\lib\jsdom\living\events\EventTarget-impl.js:296:3)
    at HTMLUnknownElementImpl._dispatch (D:\WORK\GITHUB\SENTINEL_AI\sentinel-ai-app\node_modules\jsdom\lib\jsdom\living\events\EventTarget-impl.js:243:9)
The above error occurred in the <SchedulerPage> component:

    at SchedulerPage (D:\WORK\GITHUB\SENTINEL_AI\sentinel-ai-app\src\pages\Scheduler.tsx:45:59)

Consider adding an error boundary to your tree to customize error handling behavior.
Visit https://reactjs.org/link/error-boundaries to learn more about error boundaries.

stderr | src/pages/__tests__/Scheduler.test.tsx > SchedulerPage > shows zero values in stat cards when no schedules
Error: useToast must be used inside <ToastProvider>
    at Module.useToast (D:\WORK\GITHUB\SENTINEL_AI\sentinel-ai-app\src\lib\toastContext.tsx:48:19)
    at SchedulerPage (D:\WORK\GITHUB\SENTINEL_AI\sentinel-ai-app\src\pages\Scheduler.tsx:50:17)
    at renderWithHooks (D:\WORK\GITHUB\SENTINEL_AI\sentinel-ai-app\node_modules\react-dom\cjs\react-dom.development.js:15486:18)
    at mountIndeterminateComponent (D:\WORK\GITHUB\SENTINEL_AI\sentinel-ai-app\node_modules\react-dom\cjs\react-dom.development.js:20103:13)
    at beginWork (D:\WORK\GITHUB\SENTINEL_AI\sentinel-ai-app\node_modules\react-dom\cjs\react-dom.development.js:21626:16)
    at HTMLUnknownElement.callCallback (D:\WORK\GITHUB\SENTINEL_AI\sentinel-ai-app\node_modules\react-dom\cjs\react-dom.development.js:4164:14)
    at HTMLUnknownElement.callTheUserObjectsOperation (D:\WORK\GITHUB\SENTINEL_AI\sentinel-ai-app\node_modules\jsdom\lib\generated\idl\EventListener.js:26:30)
    at innerInvokeEventListeners (D:\WORK\GITHUB\SENTINEL_AI\sentinel-ai-app\node_modules\jsdom\lib\jsdom\living\events\EventTarget-impl.js:360:16)
    at invokeEventListeners (D:\WORK\GITHUB\SENTINEL_AI\sentinel-ai-app\node_modules\jsdom\lib\jsdom\living\events\EventTarget-impl.js:296:3)
    at HTMLUnknownElementImpl._dispatch (D:\WORK\GITHUB\SENTINEL_AI\sentinel-ai-app\node_modules\jsdom\lib\jsdom\living\events\EventTarget-impl.js:243:9)
Error: useToast must be used inside <ToastProvider>
    at Module.useToast (D:\WORK\GITHUB\SENTINEL_AI\sentinel-ai-app\src\lib\toastContext.tsx:48:19)
    at SchedulerPage (D:\WORK\GITHUB\SENTINEL_AI\sentinel-ai-app\src\pages\Scheduler.tsx:50:17)
    at renderWithHooks (D:\WORK\GITHUB\SENTINEL_AI\sentinel-ai-app\node_modules\react-dom\cjs\react-dom.development.js:15486:18)
    at mountIndeterminateComponent (D:\WORK\GITHUB\SENTINEL_AI\sentinel-ai-app\node_modules\react-dom\cjs\react-dom.development.js:20103:13)
    at beginWork (D:\WORK\GITHUB\SENTINEL_AI\sentinel-ai-app\node_modules\react-dom\cjs\react-dom.development.js:21626:16)
    at HTMLUnknownElement.callCallback (D:\WORK\GITHUB\SENTINEL_AI\sentinel-ai-app\node_modules\react-dom\cjs\react-dom.development.js:4164:14)
    at HTMLUnknownElement.callTheUserObjectsOperation (D:\WORK\GITHUB\SENTINEL_AI\sentinel-ai-app\node_modules\jsdom\lib\generated\idl\EventListener.js:26:30)
    at innerInvokeEventListeners (D:\WORK\GITHUB\SENTINEL_AI\sentinel-ai-app\node_modules\jsdom\lib\jsdom\living\events\EventTarget-impl.js:360:16)
    at invokeEventListeners (D:\WORK\GITHUB\SENTINEL_AI\sentinel-ai-app\node_modules\jsdom\lib\jsdom\living\events\EventTarget-impl.js:296:3)
    at HTMLUnknownElementImpl._dispatch (D:\WORK\GITHUB\SENTINEL_AI\sentinel-ai-app\node_modules\jsdom\lib\jsdom\living\events\EventTarget-impl.js:243:9)
The above error occurred in the <SchedulerPage> component:

    at SchedulerPage (D:\WORK\GITHUB\SENTINEL_AI\sentinel-ai-app\src\pages\Scheduler.tsx:45:59)

Consider adding an error boundary to your tree to customize error handling behavior.
Visit https://reactjs.org/link/error-boundaries to learn more about error boundaries.

stderr | src/pages/__tests__/Scheduler.test.tsx > SchedulerPage > shows create form when "New schedule" button clicked
Error: useToast must be used inside <ToastProvider>
    at Module.useToast (D:\WORK\GITHUB\SENTINEL_AI\sentinel-ai-app\src\lib\toastContext.tsx:48:19)
    at SchedulerPage (D:\WORK\GITHUB\SENTINEL_AI\sentinel-ai-app\src\pages\Scheduler.tsx:50:17)
    at renderWithHooks (D:\WORK\GITHUB\SENTINEL_AI\sentinel-ai-app\node_modules\react-dom\cjs\react-dom.development.js:15486:18)
    at mountIndeterminateComponent (D:\WORK\GITHUB\SENTINEL_AI\sentinel-ai-app\node_modules\react-dom\cjs\react-dom.development.js:20103:13)
    at beginWork (D:\WORK\GITHUB\SENTINEL_AI\sentinel-ai-app\node_modules\react-dom\cjs\react-dom.development.js:21626:16)
    at HTMLUnknownElement.callCallback (D:\WORK\GITHUB\SENTINEL_AI\sentinel-ai-app\node_modules\react-dom\cjs\react-dom.development.js:4164:14)
    at HTMLUnknownElement.callTheUserObjectsOperation (D:\WORK\GITHUB\SENTINEL_AI\sentinel-ai-app\node_modules\jsdom\lib\generated\idl\EventListener.js:26:30)
    at innerInvokeEventListeners (D:\WORK\GITHUB\SENTINEL_AI\sentinel-ai-app\node_modules\jsdom\lib\jsdom\living\events\EventTarget-impl.js:360:16)
    at invokeEventListeners (D:\WORK\GITHUB\SENTINEL_AI\sentinel-ai-app\node_modules\jsdom\lib\jsdom\living\events\EventTarget-impl.js:296:3)
    at HTMLUnknownElementImpl._dispatch (D:\WORK\GITHUB\SENTINEL_AI\sentinel-ai-app\node_modules\jsdom\lib\jsdom\living\events\EventTarget-impl.js:243:9)
Error: useToast must be used inside <ToastProvider>
    at Module.useToast (D:\WORK\GITHUB\SENTINEL_AI\sentinel-ai-app\src\lib\toastContext.tsx:48:19)
    at SchedulerPage (D:\WORK\GITHUB\SENTINEL_AI\sentinel-ai-app\src\pages\Scheduler.tsx:50:17)
    at renderWithHooks (D:\WORK\GITHUB\SENTINEL_AI\sentinel-ai-app\node_modules\react-dom\cjs\react-dom.development.js:15486:18)
    at mountIndeterminateComponent (D:\WORK\GITHUB\SENTINEL_AI\sentinel-ai-app\node_modules\react-dom\cjs\react-dom.development.js:20103:13)
    at beginWork (D:\WORK\GITHUB\SENTINEL_AI\sentinel-ai-app\node_modules\react-dom\cjs\react-dom.development.js:21626:16)
    at HTMLUnknownElement.callCallback (D:\WORK\GITHUB\SENTINEL_AI\sentinel-ai-app\node_modules\react-dom\cjs\react-dom.development.js:4164:14)
    at HTMLUnknownElement.callTheUserObjectsOperation (D:\WORK\GITHUB\SENTINEL_AI\sentinel-ai-app\node_modules\jsdom\lib\generated\idl\EventListener.js:26:30)
    at innerInvokeEventListeners (D:\WORK\GITHUB\SENTINEL_AI\sentinel-ai-app\node_modules\jsdom\lib\jsdom\living\events\EventTarget-impl.js:360:16)
    at invokeEventListeners (D:\WORK\GITHUB\SENTINEL_AI\sentinel-ai-app\node_modules\jsdom\lib\jsdom\living\events\EventTarget-impl.js:296:3)
    at HTMLUnknownElementImpl._dispatch (D:\WORK\GITHUB\SENTINEL_AI\sentinel-ai-app\node_modules\jsdom\lib\jsdom\living\events\EventTarget-impl.js:243:9)
The above error occurred in the <SchedulerPage> component:

    at SchedulerPage (D:\WORK\GITHUB\SENTINEL_AI\sentinel-ai-app\src\pages\Scheduler.tsx:45:59)

Consider adding an error boundary to your tree to customize error handling behavior.
Visit https://reactjs.org/link/error-boundaries to learn more about error boundaries.

stderr | src/pages/__tests__/Scheduler.test.tsx > SchedulerPage > shows "No projects" message in form when no projects exist
Error: useToast must be used inside <ToastProvider>
    at Module.useToast (D:\WORK\GITHUB\SENTINEL_AI\sentinel-ai-app\src\lib\toastContext.tsx:48:19)
    at SchedulerPage (D:\WORK\GITHUB\SENTINEL_AI\sentinel-ai-app\src\pages\Scheduler.tsx:50:17)
    at renderWithHooks (D:\WORK\GITHUB\SENTINEL_AI\sentinel-ai-app\node_modules\react-dom\cjs\react-dom.development.js:15486:18)
    at mountIndeterminateComponent (D:\WORK\GITHUB\SENTINEL_AI\sentinel-ai-app\node_modules\react-dom\cjs\react-dom.development.js:20103:13)
    at beginWork (D:\WORK\GITHUB\SENTINEL_AI\sentinel-ai-app\node_modules\react-dom\cjs\react-dom.development.js:21626:16)
    at HTMLUnknownElement.callCallback (D:\WORK\GITHUB\SENTINEL_AI\sentinel-ai-app\node_modules\react-dom\cjs\react-dom.development.js:4164:14)
    at HTMLUnknownElement.callTheUserObjectsOperation (D:\WORK\GITHUB\SENTINEL_AI\sentinel-ai-app\node_modules\jsdom\lib\generated\idl\EventListener.js:26:30)
    at innerInvokeEventListeners (D:\WORK\GITHUB\SENTINEL_AI\sentinel-ai-app\node_modules\jsdom\lib\jsdom\living\events\EventTarget-impl.js:360:16)
    at invokeEventListeners (D:\WORK\GITHUB\SENTINEL_AI\sentinel-ai-app\node_modules\jsdom\lib\jsdom\living\events\EventTarget-impl.js:296:3)
    at HTMLUnknownElementImpl._dispatch (D:\WORK\GITHUB\SENTINEL_AI\sentinel-ai-app\node_modules\jsdom\lib\jsdom\living\events\EventTarget-impl.js:243:9)
Error: useToast must be used inside <ToastProvider>
    at Module.useToast (D:\WORK\GITHUB\SENTINEL_AI\sentinel-ai-app\src\lib\toastContext.tsx:48:19)
    at SchedulerPage (D:\WORK\GITHUB\SENTINEL_AI\sentinel-ai-app\src\pages\Scheduler.tsx:50:17)
    at renderWithHooks (D:\WORK\GITHUB\SENTINEL_AI\sentinel-ai-app\node_modules\react-dom\cjs\react-dom.development.js:15486:18)
    at mountIndeterminateComponent (D:\WORK\GITHUB\SENTINEL_AI\sentinel-ai-app\node_modules\react-dom\cjs\react-dom.development.js:20103:13)
    at beginWork (D:\WORK\GITHUB\SENTINEL_AI\sentinel-ai-app\node_modules\react-dom\cjs\react-dom.development.js:21626:16)
    at HTMLUnknownElement.callCallback (D:\WORK\GITHUB\SENTINEL_AI\sentinel-ai-app\node_modules\react-dom\cjs\react-dom.development.js:4164:14)
    at HTMLUnknownElement.callTheUserObjectsOperation (D:\WORK\GITHUB\SENTINEL_AI\sentinel-ai-app\node_modules\jsdom\lib\generated\idl\EventListener.js:26:30)
    at innerInvokeEventListeners (D:\WORK\GITHUB\SENTINEL_AI\sentinel-ai-app\node_modules\jsdom\lib\jsdom\living\events\EventTarget-impl.js:360:16)
    at invokeEventListeners (D:\WORK\GITHUB\SENTINEL_AI\sentinel-ai-app\node_modules\jsdom\lib\jsdom\living\events\EventTarget-impl.js:296:3)
    at HTMLUnknownElementImpl._dispatch (D:\WORK\GITHUB\SENTINEL_AI\sentinel-ai-app\node_modules\jsdom\lib\jsdom\living\events\EventTarget-impl.js:243:9)
The above error occurred in the <SchedulerPage> component:

    at SchedulerPage (D:\WORK\GITHUB\SENTINEL_AI\sentinel-ai-app\src\pages\Scheduler.tsx:45:59)

Consider adding an error boundary to your tree to customize error handling behavior.
Visit https://reactjs.org/link/error-boundaries to learn more about error boundaries.

stderr | src/pages/__tests__/Scheduler.test.tsx > SchedulerPage > renders schedules list when schedules exist
Error: useToast must be used inside <ToastProvider>
    at Module.useToast (D:\WORK\GITHUB\SENTINEL_AI\sentinel-ai-app\src\lib\toastContext.tsx:48:19)
    at SchedulerPage (D:\WORK\GITHUB\SENTINEL_AI\sentinel-ai-app\src\pages\Scheduler.tsx:50:17)
    at renderWithHooks (D:\WORK\GITHUB\SENTINEL_AI\sentinel-ai-app\node_modules\react-dom\cjs\react-dom.development.js:15486:18)
    at mountIndeterminateComponent (D:\WORK\GITHUB\SENTINEL_AI\sentinel-ai-app\node_modules\react-dom\cjs\react-dom.development.js:20103:13)
    at beginWork (D:\WORK\GITHUB\SENTINEL_AI\sentinel-ai-app\node_modules\react-dom\cjs\react-dom.development.js:21626:16)
    at HTMLUnknownElement.callCallback (D:\WORK\GITHUB\SENTINEL_AI\sentinel-ai-app\node_modules\react-dom\cjs\react-dom.development.js:4164:14)
    at HTMLUnknownElement.callTheUserObjectsOperation (D:\WORK\GITHUB\SENTINEL_AI\sentinel-ai-app\node_modules\jsdom\lib\generated\idl\EventListener.js:26:30)
    at innerInvokeEventListeners (D:\WORK\GITHUB\SENTINEL_AI\sentinel-ai-app\node_modules\jsdom\lib\jsdom\living\events\EventTarget-impl.js:360:16)
    at invokeEventListeners (D:\WORK\GITHUB\SENTINEL_AI\sentinel-ai-app\node_modules\jsdom\lib\jsdom\living\events\EventTarget-impl.js:296:3)
    at HTMLUnknownElementImpl._dispatch (D:\WORK\GITHUB\SENTINEL_AI\sentinel-ai-app\node_modules\jsdom\lib\jsdom\living\events\EventTarget-impl.js:243:9)
Error: useToast must be used inside <ToastProvider>
    at Module.useToast (D:\WORK\GITHUB\SENTINEL_AI\sentinel-ai-app\src\lib\toastContext.tsx:48:19)
    at SchedulerPage (D:\WORK\GITHUB\SENTINEL_AI\sentinel-ai-app\src\pages\Scheduler.tsx:50:17)
    at renderWithHooks (D:\WORK\GITHUB\SENTINEL_AI\sentinel-ai-app\node_modules\react-dom\cjs\react-dom.development.js:15486:18)
    at mountIndeterminateComponent (D:\WORK\GITHUB\SENTINEL_AI\sentinel-ai-app\node_modules\react-dom\cjs\react-dom.development.js:20103:13)
    at beginWork (D:\WORK\GITHUB\SENTINEL_AI\sentinel-ai-app\node_modules\react-dom\cjs\react-dom.development.js:21626:16)
    at HTMLUnknownElement.callCallback (D:\WORK\GITHUB\SENTINEL_AI\sentinel-ai-app\node_modules\react-dom\cjs\react-dom.development.js:4164:14)
    at HTMLUnknownElement.callTheUserObjectsOperation (D:\WORK\GITHUB\SENTINEL_AI\sentinel-ai-app\node_modules\jsdom\lib\generated\idl\EventListener.js:26:30)
    at innerInvokeEventListeners (D:\WORK\GITHUB\SENTINEL_AI\sentinel-ai-app\node_modules\jsdom\lib\jsdom\living\events\EventTarget-impl.js:360:16)
    at invokeEventListeners (D:\WORK\GITHUB\SENTINEL_AI\sentinel-ai-app\node_modules\jsdom\lib\jsdom\living\events\EventTarget-impl.js:296:3)
    at HTMLUnknownElementImpl._dispatch (D:\WORK\GITHUB\SENTINEL_AI\sentinel-ai-app\node_modules\jsdom\lib\jsdom\living\events\EventTarget-impl.js:243:9)
The above error occurred in the <SchedulerPage> component:

    at SchedulerPage (D:\WORK\GITHUB\SENTINEL_AI\sentinel-ai-app\src\pages\Scheduler.tsx:45:59)

Consider adding an error boundary to your tree to customize error handling behavior.
Visit https://reactjs.org/link/error-boundaries to learn more about error boundaries.

 [31mтЭп[39m src/pages/__tests__/Scheduler.test.tsx [2m([22m[2m8 tests[22m[2m | [22m[31m8 failed[39m[2m)[22m[33m 424[2mms[22m[39m
[31m   [31m├Ч[31m SchedulerPage[2m > [22mrenders "Scan Scheduler" heading[90m 221[2mms[22m[31m[39m
[31m     тЖТ useToast must be used inside <ToastProvider>[39m
[31m   [31m├Ч[31m SchedulerPage[2m > [22mrenders description about automating recurring scans[90m 132[2mms[22m[31m[39m
[31m     тЖТ useToast must be used inside <ToastProvider>[39m
[31m   [31m├Ч[31m SchedulerPage[2m > [22mrenders "New schedule" button[90m 14[2mms[22m[31m[39m
[31m     тЖТ useToast must be used inside <ToastProvider>[39m
[31m   [31m├Ч[31m SchedulerPage[2m > [22mrenders stat cards: Total schedules, Active, Overdue[90m 6[2mms[22m[31m[39m
[31m     тЖТ useToast must be used inside <ToastProvider>[39m
[31m   [31m├Ч[31m SchedulerPage[2m > [22mshows zero values in stat cards when no schedules[90m 6[2mms[22m[31m[39m
[31m     тЖТ useToast must be used inside <ToastProvider>[39m
[31m   [31m├Ч[31m SchedulerPage[2m > [22mshows create form when "New schedule" button clicked[90m 5[2mms[22m[31m[39m
[31m     тЖТ useToast must be used inside <ToastProvider>[39m
[31m   [31m├Ч[31m SchedulerPage[2m > [22mshows "No projects" message in form when no projects exist[90m 24[2mms[22m[31m[39m
[31m     тЖТ useToast must be used inside <ToastProvider>[39m
[31m   [31m├Ч[31m SchedulerPage[2m > [22mrenders schedules list when schedules exist[90m 13[2mms[22m[31m[39m
[31m     тЖТ useToast must be used inside <ToastProvider>[39m
 [32mтЬУ[39m src/lib/__tests__/logger.test.ts [2m([22m[2m15 tests[22m[2m)[22m[90m 20[2mms[22m[39m
 [32mтЬУ[39m src/lib/__tests__/aiRedTeam.test.ts [2m([22m[2m5 tests[22m[2m)[22m[90m 17[2mms[22m[39m
stderr | src/pages/__tests__/SupplyChain.test.tsx > SupplyChain > renders "Supply Chain Analysis" heading
Error: useToast must be used inside <ToastProvider>
    at Module.useToast (D:\WORK\GITHUB\SENTINEL_AI\sentinel-ai-app\src\lib\toastContext.tsx:48:19)
    at SupplyChain (D:\WORK\GITHUB\SENTINEL_AI\sentinel-ai-app\src\pages\SupplyChain.tsx:33:17)
    at renderWithHooks (D:\WORK\GITHUB\SENTINEL_AI\sentinel-ai-app\node_modules\react-dom\cjs\react-dom.development.js:15486:18)
    at mountIndeterminateComponent (D:\WORK\GITHUB\SENTINEL_AI\sentinel-ai-app\node_modules\react-dom\cjs\react-dom.development.js:20103:13)
    at beginWork (D:\WORK\GITHUB\SENTINEL_AI\sentinel-ai-app\node_modules\react-dom\cjs\react-dom.development.js:21626:16)
    at HTMLUnknownElement.callCallback (D:\WORK\GITHUB\SENTINEL_AI\sentinel-ai-app\node_modules\react-dom\cjs\react-dom.development.js:4164:14)
    at HTMLUnknownElement.callTheUserObjectsOperation (D:\WORK\GITHUB\SENTINEL_AI\sentinel-ai-app\node_modules\jsdom\lib\generated\idl\EventListener.js:26:30)
    at innerInvokeEventListeners (D:\WORK\GITHUB\SENTINEL_AI\sentinel-ai-app\node_modules\jsdom\lib\jsdom\living\events\EventTarget-impl.js:360:16)
    at invokeEventListeners (D:\WORK\GITHUB\SENTINEL_AI\sentinel-ai-app\node_modules\jsdom\lib\jsdom\living\events\EventTarget-impl.js:296:3)
    at HTMLUnknownElementImpl._dispatch (D:\WORK\GITHUB\SENTINEL_AI\sentinel-ai-app\node_modules\jsdom\lib\jsdom\living\events\EventTarget-impl.js:243:9)
Error: useToast must be used inside <ToastProvider>
    at Module.useToast (D:\WORK\GITHUB\SENTINEL_AI\sentinel-ai-app\src\lib\toastContext.tsx:48:19)
    at SupplyChain (D:\WORK\GITHUB\SENTINEL_AI\sentinel-ai-app\src\pages\SupplyChain.tsx:33:17)
    at renderWithHooks (D:\WORK\GITHUB\SENTINEL_AI\sentinel-ai-app\node_modules\react-dom\cjs\react-dom.development.js:15486:18)
    at mountIndeterminateComponent (D:\WORK\GITHUB\SENTINEL_AI\sentinel-ai-app\node_modules\react-dom\cjs\react-dom.development.js:20103:13)
    at beginWork (D:\WORK\GITHUB\SENTINEL_AI\sentinel-ai-app\node_modules\react-dom\cjs\react-dom.development.js:21626:16)
    at HTMLUnknownElement.callCallback (D:\WORK\GITHUB\SENTINEL_AI\sentinel-ai-app\node_modules\react-dom\cjs\react-dom.development.js:4164:14)
    at HTMLUnknownElement.callTheUserObjectsOperation (D:\WORK\GITHUB\SENTINEL_AI\sentinel-ai-app\node_modules\jsdom\lib\generated\idl\EventListener.js:26:30)
    at innerInvokeEventListeners (D:\WORK\GITHUB\SENTINEL_AI\sentinel-ai-app\node_modules\jsdom\lib\jsdom\living\events\EventTarget-impl.js:360:16)
    at invokeEventListeners (D:\WORK\GITHUB\SENTINEL_AI\sentinel-ai-app\node_modules\jsdom\lib\jsdom\living\events\EventTarget-impl.js:296:3)
    at HTMLUnknownElementImpl._dispatch (D:\WORK\GITHUB\SENTINEL_AI\sentinel-ai-app\node_modules\jsdom\lib\jsdom\living\events\EventTarget-impl.js:243:9)
The above error occurred in the <SupplyChain> component:

    at SupplyChain (D:\WORK\GITHUB\SENTINEL_AI\sentinel-ai-app\src\pages\SupplyChain.tsx:18:41)

Consider adding an error boundary to your tree to customize error handling behavior.
Visit https://reactjs.org/link/error-boundaries to learn more about error boundaries.

stderr | src/pages/__tests__/SupplyChain.test.tsx > SupplyChain > renders description about OSV.dev
Error: useToast must be used inside <ToastProvider>
    at Module.useToast (D:\WORK\GITHUB\SENTINEL_AI\sentinel-ai-app\src\lib\toastContext.tsx:48:19)
    at SupplyChain (D:\WORK\GITHUB\SENTINEL_AI\sentinel-ai-app\src\pages\SupplyChain.tsx:33:17)
    at renderWithHooks (D:\WORK\GITHUB\SENTINEL_AI\sentinel-ai-app\node_modules\react-dom\cjs\react-dom.development.js:15486:18)
    at mountIndeterminateComponent (D:\WORK\GITHUB\SENTINEL_AI\sentinel-ai-app\node_modules\react-dom\cjs\react-dom.development.js:20103:13)
    at beginWork (D:\WORK\GITHUB\SENTINEL_AI\sentinel-ai-app\node_modules\react-dom\cjs\react-dom.development.js:21626:16)
    at HTMLUnknownElement.callCallback (D:\WORK\GITHUB\SENTINEL_AI\sentinel-ai-app\node_modules\react-dom\cjs\react-dom.development.js:4164:14)
    at HTMLUnknownElement.callTheUserObjectsOperation (D:\WORK\GITHUB\SENTINEL_AI\sentinel-ai-app\node_modules\jsdom\lib\generated\idl\EventListener.js:26:30)
    at innerInvokeEventListeners (D:\WORK\GITHUB\SENTINEL_AI\sentinel-ai-app\node_modules\jsdom\lib\jsdom\living\events\EventTarget-impl.js:360:16)
    at invokeEventListeners (D:\WORK\GITHUB\SENTINEL_AI\sentinel-ai-app\node_modules\jsdom\lib\jsdom\living\events\EventTarget-impl.js:296:3)
    at HTMLUnknownElementImpl._dispatch (D:\WORK\GITHUB\SENTINEL_AI\sentinel-ai-app\node_modules\jsdom\lib\jsdom\living\events\EventTarget-impl.js:243:9)
Error: useToast must be used inside <ToastProvider>
    at Module.useToast (D:\WORK\GITHUB\SENTINEL_AI\sentinel-ai-app\src\lib\toastContext.tsx:48:19)
    at SupplyChain (D:\WORK\GITHUB\SENTINEL_AI\sentinel-ai-app\src\pages\SupplyChain.tsx:33:17)
    at renderWithHooks (D:\WORK\GITHUB\SENTINEL_AI\sentinel-ai-app\node_modules\react-dom\cjs\react-dom.development.js:15486:18)
    at mountIndeterminateComponent (D:\WORK\GITHUB\SENTINEL_AI\sentinel-ai-app\node_modules\react-dom\cjs\react-dom.development.js:20103:13)
    at beginWork (D:\WORK\GITHUB\SENTINEL_AI\sentinel-ai-app\node_modules\react-dom\cjs\react-dom.development.js:21626:16)
    at HTMLUnknownElement.callCallback (D:\WORK\GITHUB\SENTINEL_AI\sentinel-ai-app\node_modules\react-dom\cjs\react-dom.development.js:4164:14)
    at HTMLUnknownElement.callTheUserObjectsOperation (D:\WORK\GITHUB\SENTINEL_AI\sentinel-ai-app\node_modules\jsdom\lib\generated\idl\EventListener.js:26:30)
    at innerInvokeEventListeners (D:\WORK\GITHUB\SENTINEL_AI\sentinel-ai-app\node_modules\jsdom\lib\jsdom\living\events\EventTarget-impl.js:360:16)
    at invokeEventListeners (D:\WORK\GITHUB\SENTINEL_AI\sentinel-ai-app\node_modules\jsdom\lib\jsdom\living\events\EventTarget-impl.js:296:3)
    at HTMLUnknownElementImpl._dispatch (D:\WORK\GITHUB\SENTINEL_AI\sentinel-ai-app\node_modules\jsdom\lib\jsdom\living\events\EventTarget-impl.js:243:9)
The above error occurred in the <SupplyChain> component:

    at SupplyChain (D:\WORK\GITHUB\SENTINEL_AI\sentinel-ai-app\src\pages\SupplyChain.tsx:18:41)

Consider adding an error boundary to your tree to customize error handling behavior.
Visit https://reactjs.org/link/error-boundaries to learn more about error boundaries.

stderr | src/pages/__tests__/SupplyChain.test.tsx > SupplyChain > renders dropzone with "Upload package.json" label
Error: useToast must be used inside <ToastProvider>
    at Module.useToast (D:\WORK\GITHUB\SENTINEL_AI\sentinel-ai-app\src\lib\toastContext.tsx:48:19)
    at SupplyChain (D:\WORK\GITHUB\SENTINEL_AI\sentinel-ai-app\src\pages\SupplyChain.tsx:33:17)
    at renderWithHooks (D:\WORK\GITHUB\SENTINEL_AI\sentinel-ai-app\node_modules\react-dom\cjs\react-dom.development.js:15486:18)
    at mountIndeterminateComponent (D:\WORK\GITHUB\SENTINEL_AI\sentinel-ai-app\node_modules\react-dom\cjs\react-dom.development.js:20103:13)
    at beginWork (D:\WORK\GITHUB\SENTINEL_AI\sentinel-ai-app\node_modules\react-dom\cjs\react-dom.development.js:21626:16)
    at HTMLUnknownElement.callCallback (D:\WORK\GITHUB\SENTINEL_AI\sentinel-ai-app\node_modules\react-dom\cjs\react-dom.development.js:4164:14)
    at HTMLUnknownElement.callTheUserObjectsOperation (D:\WORK\GITHUB\SENTINEL_AI\sentinel-ai-app\node_modules\jsdom\lib\generated\idl\EventListener.js:26:30)
    at innerInvokeEventListeners (D:\WORK\GITHUB\SENTINEL_AI\sentinel-ai-app\node_modules\jsdom\lib\jsdom\living\events\EventTarget-impl.js:360:16)
    at invokeEventListeners (D:\WORK\GITHUB\SENTINEL_AI\sentinel-ai-app\node_modules\jsdom\lib\jsdom\living\events\EventTarget-impl.js:296:3)
    at HTMLUnknownElementImpl._dispatch (D:\WORK\GITHUB\SENTINEL_AI\sentinel-ai-app\node_modules\jsdom\lib\jsdom\living\events\EventTarget-impl.js:243:9)
Error: useToast must be used inside <ToastProvider>
    at Module.useToast (D:\WORK\GITHUB\SENTINEL_AI\sentinel-ai-app\src\lib\toastContext.tsx:48:19)
    at SupplyChain (D:\WORK\GITHUB\SENTINEL_AI\sentinel-ai-app\src\pages\SupplyChain.tsx:33:17)
    at renderWithHooks (D:\WORK\GITHUB\SENTINEL_AI\sentinel-ai-app\node_modules\react-dom\cjs\react-dom.development.js:15486:18)
    at mountIndeterminateComponent (D:\WORK\GITHUB\SENTINEL_AI\sentinel-ai-app\node_modules\react-dom\cjs\react-dom.development.js:20103:13)
    at beginWork (D:\WORK\GITHUB\SENTINEL_AI\sentinel-ai-app\node_modules\react-dom\cjs\react-dom.development.js:21626:16)
    at HTMLUnknownElement.callCallback (D:\WORK\GITHUB\SENTINEL_AI\sentinel-ai-app\node_modules\react-dom\cjs\react-dom.development.js:4164:14)
    at HTMLUnknownElement.callTheUserObjectsOperation (D:\WORK\GITHUB\SENTINEL_AI\sentinel-ai-app\node_modules\jsdom\lib\generated\idl\EventListener.js:26:30)
    at innerInvokeEventListeners (D:\WORK\GITHUB\SENTINEL_AI\sentinel-ai-app\node_modules\jsdom\lib\jsdom\living\events\EventTarget-impl.js:360:16)
    at invokeEventListeners (D:\WORK\GITHUB\SENTINEL_AI\sentinel-ai-app\node_modules\jsdom\lib\jsdom\living\events\EventTarget-impl.js:296:3)
    at HTMLUnknownElementImpl._dispatch (D:\WORK\GITHUB\SENTINEL_AI\sentinel-ai-app\node_modules\jsdom\lib\jsdom\living\events\EventTarget-impl.js:243:9)
The above error occurred in the <SupplyChain> component:

    at SupplyChain (D:\WORK\GITHUB\SENTINEL_AI\sentinel-ai-app\src\pages\SupplyChain.tsx:18:41)

Consider adding an error boundary to your tree to customize error handling behavior.
Visit https://reactjs.org/link/error-boundaries to learn more about error boundaries.

stderr | src/pages/__tests__/SupplyChain.test.tsx > SupplyChain > renders drop hint text
Error: useToast must be used inside <ToastProvider>
    at Module.useToast (D:\WORK\GITHUB\SENTINEL_AI\sentinel-ai-app\src\lib\toastContext.tsx:48:19)
    at SupplyChain (D:\WORK\GITHUB\SENTINEL_AI\sentinel-ai-app\src\pages\SupplyChain.tsx:33:17)
    at renderWithHooks (D:\WORK\GITHUB\SENTINEL_AI\sentinel-ai-app\node_modules\react-dom\cjs\react-dom.development.js:15486:18)
    at mountIndeterminateComponent (D:\WORK\GITHUB\SENTINEL_AI\sentinel-ai-app\node_modules\react-dom\cjs\react-dom.development.js:20103:13)
    at beginWork (D:\WORK\GITHUB\SENTINEL_AI\sentinel-ai-app\node_modules\react-dom\cjs\react-dom.development.js:21626:16)
    at HTMLUnknownElement.callCallback (D:\WORK\GITHUB\SENTINEL_AI\sentinel-ai-app\node_modules\react-dom\cjs\react-dom.development.js:4164:14)
    at HTMLUnknownElement.callTheUserObjectsOperation (D:\WORK\GITHUB\SENTINEL_AI\sentinel-ai-app\node_modules\jsdom\lib\generated\idl\EventListener.js:26:30)
    at innerInvokeEventListeners (D:\WORK\GITHUB\SENTINEL_AI\sentinel-ai-app\node_modules\jsdom\lib\jsdom\living\events\EventTarget-impl.js:360:16)
    at invokeEventListeners (D:\WORK\GITHUB\SENTINEL_AI\sentinel-ai-app\node_modules\jsdom\lib\jsdom\living\events\EventTarget-impl.js:296:3)
    at HTMLUnknownElementImpl._dispatch (D:\WORK\GITHUB\SENTINEL_AI\sentinel-ai-app\node_modules\jsdom\lib\jsdom\living\events\EventTarget-impl.js:243:9)
Error: useToast must be used inside <ToastProvider>
    at Module.useToast (D:\WORK\GITHUB\SENTINEL_AI\sentinel-ai-app\src\lib\toastContext.tsx:48:19)
    at SupplyChain (D:\WORK\GITHUB\SENTINEL_AI\sentinel-ai-app\src\pages\SupplyChain.tsx:33:17)
    at renderWithHooks (D:\WORK\GITHUB\SENTINEL_AI\sentinel-ai-app\node_modules\react-dom\cjs\react-dom.development.js:15486:18)
    at mountIndeterminateComponent (D:\WORK\GITHUB\SENTINEL_AI\sentinel-ai-app\node_modules\react-dom\cjs\react-dom.development.js:20103:13)
    at beginWork (D:\WORK\GITHUB\SENTINEL_AI\sentinel-ai-app\node_modules\react-dom\cjs\react-dom.development.js:21626:16)
    at HTMLUnknownElement.callCallback (D:\WORK\GITHUB\SENTINEL_AI\sentinel-ai-app\node_modules\react-dom\cjs\react-dom.development.js:4164:14)
    at HTMLUnknownElement.callTheUserObjectsOperation (D:\WORK\GITHUB\SENTINEL_AI\sentinel-ai-app\node_modules\jsdom\lib\generated\idl\EventListener.js:26:30)
    at innerInvokeEventListeners (D:\WORK\GITHUB\SENTINEL_AI\sentinel-ai-app\node_modules\jsdom\lib\jsdom\living\events\EventTarget-impl.js:360:16)
    at invokeEventListeners (D:\WORK\GITHUB\SENTINEL_AI\sentinel-ai-app\node_modules\jsdom\lib\jsdom\living\events\EventTarget-impl.js:296:3)
    at HTMLUnknownElementImpl._dispatch (D:\WORK\GITHUB\SENTINEL_AI\sentinel-ai-app\node_modules\jsdom\lib\jsdom\living\events\EventTarget-impl.js:243:9)
The above error occurred in the <SupplyChain> component:

    at SupplyChain (D:\WORK\GITHUB\SENTINEL_AI\sentinel-ai-app\src\pages\SupplyChain.tsx:18:41)

Consider adding an error boundary to your tree to customize error handling behavior.
Visit https://reactjs.org/link/error-boundaries to learn more about error boundaries.

stderr | src/pages/__tests__/SupplyChain.test.tsx > SupplyChain > renders hidden file input
Error: useToast must be used inside <ToastProvider>
    at Module.useToast (D:\WORK\GITHUB\SENTINEL_AI\sentinel-ai-app\src\lib\toastContext.tsx:48:19)
    at SupplyChain (D:\WORK\GITHUB\SENTINEL_AI\sentinel-ai-app\src\pages\SupplyChain.tsx:33:17)
    at renderWithHooks (D:\WORK\GITHUB\SENTINEL_AI\sentinel-ai-app\node_modules\react-dom\cjs\react-dom.development.js:15486:18)
    at mountIndeterminateComponent (D:\WORK\GITHUB\SENTINEL_AI\sentinel-ai-app\node_modules\react-dom\cjs\react-dom.development.js:20103:13)
    at beginWork (D:\WORK\GITHUB\SENTINEL_AI\sentinel-ai-app\node_modules\react-dom\cjs\react-dom.development.js:21626:16)
    at HTMLUnknownElement.callCallback (D:\WORK\GITHUB\SENTINEL_AI\sentinel-ai-app\node_modules\react-dom\cjs\react-dom.development.js:4164:14)
    at HTMLUnknownElement.callTheUserObjectsOperation (D:\WORK\GITHUB\SENTINEL_AI\sentinel-ai-app\node_modules\jsdom\lib\generated\idl\EventListener.js:26:30)
    at innerInvokeEventListeners (D:\WORK\GITHUB\SENTINEL_AI\sentinel-ai-app\node_modules\jsdom\lib\jsdom\living\events\EventTarget-impl.js:360:16)
    at invokeEventListeners (D:\WORK\GITHUB\SENTINEL_AI\sentinel-ai-app\node_modules\jsdom\lib\jsdom\living\events\EventTarget-impl.js:296:3)
    at HTMLUnknownElementImpl._dispatch (D:\WORK\GITHUB\SENTINEL_AI\sentinel-ai-app\node_modules\jsdom\lib\jsdom\living\events\EventTarget-impl.js:243:9)
Error: useToast must be used inside <ToastProvider>
    at Module.useToast (D:\WORK\GITHUB\SENTINEL_AI\sentinel-ai-app\src\lib\toastContext.tsx:48:19)
    at SupplyChain (D:\WORK\GITHUB\SENTINEL_AI\sentinel-ai-app\src\pages\SupplyChain.tsx:33:17)
    at renderWithHooks (D:\WORK\GITHUB\SENTINEL_AI\sentinel-ai-app\node_modules\react-dom\cjs\react-dom.development.js:15486:18)
    at mountIndeterminateComponent (D:\WORK\GITHUB\SENTINEL_AI\sentinel-ai-app\node_modules\react-dom\cjs\react-dom.development.js:20103:13)
    at beginWork (D:\WORK\GITHUB\SENTINEL_AI\sentinel-ai-app\node_modules\react-dom\cjs\react-dom.development.js:21626:16)
    at HTMLUnknownElement.callCallback (D:\WORK\GITHUB\SENTINEL_AI\sentinel-ai-app\node_modules\react-dom\cjs\react-dom.development.js:4164:14)
    at HTMLUnknownElement.callTheUserObjectsOperation (D:\WORK\GITHUB\SENTINEL_AI\sentinel-ai-app\node_modules\jsdom\lib\generated\idl\EventListener.js:26:30)
    at innerInvokeEventListeners (D:\WORK\GITHUB\SENTINEL_AI\sentinel-ai-app\node_modules\jsdom\lib\jsdom\living\events\EventTarget-impl.js:360:16)
    at invokeEventListeners (D:\WORK\GITHUB\SENTINEL_AI\sentinel-ai-app\node_modules\jsdom\lib\jsdom\living\events\EventTarget-impl.js:296:3)
    at HTMLUnknownElementImpl._dispatch (D:\WORK\GITHUB\SENTINEL_AI\sentinel-ai-app\node_modules\jsdom\lib\jsdom\living\events\EventTarget-impl.js:243:9)
The above error occurred in the <SupplyChain> component:

    at SupplyChain (D:\WORK\GITHUB\SENTINEL_AI\sentinel-ai-app\src\pages\SupplyChain.tsx:18:41)

Consider adding an error boundary to your tree to customize error handling behavior.
Visit https://reactjs.org/link/error-boundaries to learn more about error boundaries.

stderr | src/pages/__tests__/SupplyChain.test.tsx > SupplyChain > shows error for unsupported file type
Error: useToast must be used inside <ToastProvider>
    at Module.useToast (D:\WORK\GITHUB\SENTINEL_AI\sentinel-ai-app\src\lib\toastContext.tsx:48:19)
    at SupplyChain (D:\WORK\GITHUB\SENTINEL_AI\sentinel-ai-app\src\pages\SupplyChain.tsx:33:17)
    at renderWithHooks (D:\WORK\GITHUB\SENTINEL_AI\sentinel-ai-app\node_modules\react-dom\cjs\react-dom.development.js:15486:18)
    at mountIndeterminateComponent (D:\WORK\GITHUB\SENTINEL_AI\sentinel-ai-app\node_modules\react-dom\cjs\react-dom.development.js:20103:13)
    at beginWork (D:\WORK\GITHUB\SENTINEL_AI\sentinel-ai-app\node_modules\react-dom\cjs\react-dom.development.js:21626:16)
    at HTMLUnknownElement.callCallback (D:\WORK\GITHUB\SENTINEL_AI\sentinel-ai-app\node_modules\react-dom\cjs\react-dom.development.js:4164:14)
    at HTMLUnknownElement.callTheUserObjectsOperation (D:\WORK\GITHUB\SENTINEL_AI\sentinel-ai-app\node_modules\jsdom\lib\generated\idl\EventListener.js:26:30)
    at innerInvokeEventListeners (D:\WORK\GITHUB\SENTINEL_AI\sentinel-ai-app\node_modules\jsdom\lib\jsdom\living\events\EventTarget-impl.js:360:16)
    at invokeEventListeners (D:\WORK\GITHUB\SENTINEL_AI\sentinel-ai-app\node_modules\jsdom\lib\jsdom\living\events\EventTarget-impl.js:296:3)
    at HTMLUnknownElementImpl._dispatch (D:\WORK\GITHUB\SENTINEL_AI\sentinel-ai-app\node_modules\jsdom\lib\jsdom\living\events\EventTarget-impl.js:243:9)
Error: useToast must be used inside <ToastProvider>
    at Module.useToast (D:\WORK\GITHUB\SENTINEL_AI\sentinel-ai-app\src\lib\toastContext.tsx:48:19)
    at SupplyChain (D:\WORK\GITHUB\SENTINEL_AI\sentinel-ai-app\src\pages\SupplyChain.tsx:33:17)
    at renderWithHooks (D:\WORK\GITHUB\SENTINEL_AI\sentinel-ai-app\node_modules\react-dom\cjs\react-dom.development.js:15486:18)
    at mountIndeterminateComponent (D:\WORK\GITHUB\SENTINEL_AI\sentinel-ai-app\node_modules\react-dom\cjs\react-dom.development.js:20103:13)
    at beginWork (D:\WORK\GITHUB\SENTINEL_AI\sentinel-ai-app\node_modules\react-dom\cjs\react-dom.development.js:21626:16)
    at HTMLUnknownElement.callCallback (D:\WORK\GITHUB\SENTINEL_AI\sentinel-ai-app\node_modules\react-dom\cjs\react-dom.development.js:4164:14)
    at HTMLUnknownElement.callTheUserObjectsOperation (D:\WORK\GITHUB\SENTINEL_AI\sentinel-ai-app\node_modules\jsdom\lib\generated\idl\EventListener.js:26:30)
    at innerInvokeEventListeners (D:\WORK\GITHUB\SENTINEL_AI\sentinel-ai-app\node_modules\jsdom\lib\jsdom\living\events\EventTarget-impl.js:360:16)
    at invokeEventListeners (D:\WORK\GITHUB\SENTINEL_AI\sentinel-ai-app\node_modules\jsdom\lib\jsdom\living\events\EventTarget-impl.js:296:3)
    at HTMLUnknownElementImpl._dispatch (D:\WORK\GITHUB\SENTINEL_AI\sentinel-ai-app\node_modules\jsdom\lib\jsdom\living\events\EventTarget-impl.js:243:9)
The above error occurred in the <SupplyChain> component:

    at SupplyChain (D:\WORK\GITHUB\SENTINEL_AI\sentinel-ai-app\src\pages\SupplyChain.tsx:18:41)

Consider adding an error boundary to your tree to customize error handling behavior.
Visit https://reactjs.org/link/error-boundaries to learn more about error boundaries.

stderr | src/pages/__tests__/SupplyChain.test.tsx > SupplyChain > shows scanning state while analyzing
Error: useToast must be used inside <ToastProvider>
    at Module.useToast (D:\WORK\GITHUB\SENTINEL_AI\sentinel-ai-app\src\lib\toastContext.tsx:48:19)
    at SupplyChain (D:\WORK\GITHUB\SENTINEL_AI\sentinel-ai-app\src\pages\SupplyChain.tsx:33:17)
    at renderWithHooks (D:\WORK\GITHUB\SENTINEL_AI\sentinel-ai-app\node_modules\react-dom\cjs\react-dom.development.js:15486:18)
    at mountIndeterminateComponent (D:\WORK\GITHUB\SENTINEL_AI\sentinel-ai-app\node_modules\react-dom\cjs\react-dom.development.js:20103:13)
    at beginWork (D:\WORK\GITHUB\SENTINEL_AI\sentinel-ai-app\node_modules\react-dom\cjs\react-dom.development.js:21626:16)
    at HTMLUnknownElement.callCallback (D:\WORK\GITHUB\SENTINEL_AI\sentinel-ai-app\node_modules\react-dom\cjs\react-dom.development.js:4164:14)
    at HTMLUnknownElement.callTheUserObjectsOperation (D:\WORK\GITHUB\SENTINEL_AI\sentinel-ai-app\node_modules\jsdom\lib\generated\idl\EventListener.js:26:30)
    at innerInvokeEventListeners (D:\WORK\GITHUB\SENTINEL_AI\sentinel-ai-app\node_modules\jsdom\lib\jsdom\living\events\EventTarget-impl.js:360:16)
    at invokeEventListeners (D:\WORK\GITHUB\SENTINEL_AI\sentinel-ai-app\node_modules\jsdom\lib\jsdom\living\events\EventTarget-impl.js:296:3)
    at HTMLUnknownElementImpl._dispatch (D:\WORK\GITHUB\SENTINEL_AI\sentinel-ai-app\node_modules\jsdom\lib\jsdom\living\events\EventTarget-impl.js:243:9)
Error: useToast must be used inside <ToastProvider>
    at Module.useToast (D:\WORK\GITHUB\SENTINEL_AI\sentinel-ai-app\src\lib\toastContext.tsx:48:19)
    at SupplyChain (D:\WORK\GITHUB\SENTINEL_AI\sentinel-ai-app\src\pages\SupplyChain.tsx:33:17)
    at renderWithHooks (D:\WORK\GITHUB\SENTINEL_AI\sentinel-ai-app\node_modules\react-dom\cjs\react-dom.development.js:15486:18)
    at mountIndeterminateComponent (D:\WORK\GITHUB\SENTINEL_AI\sentinel-ai-app\node_modules\react-dom\cjs\react-dom.development.js:20103:13)
    at beginWork (D:\WORK\GITHUB\SENTINEL_AI\sentinel-ai-app\node_modules\react-dom\cjs\react-dom.development.js:21626:16)
    at HTMLUnknownElement.callCallback (D:\WORK\GITHUB\SENTINEL_AI\sentinel-ai-app\node_modules\react-dom\cjs\react-dom.development.js:4164:14)
    at HTMLUnknownElement.callTheUserObjectsOperation (D:\WORK\GITHUB\SENTINEL_AI\sentinel-ai-app\node_modules\jsdom\lib\generated\idl\EventListener.js:26:30)
    at innerInvokeEventListeners (D:\WORK\GITHUB\SENTINEL_AI\sentinel-ai-app\node_modules\jsdom\lib\jsdom\living\events\EventTarget-impl.js:360:16)
    at invokeEventListeners (D:\WORK\GITHUB\SENTINEL_AI\sentinel-ai-app\node_modules\jsdom\lib\jsdom\living\events\EventTarget-impl.js:296:3)
    at HTMLUnknownElementImpl._dispatch (D:\WORK\GITHUB\SENTINEL_AI\sentinel-ai-app\node_modules\jsdom\lib\jsdom\living\events\EventTarget-impl.js:243:9)
The above error occurred in the <SupplyChain> component:

    at SupplyChain (D:\WORK\GITHUB\SENTINEL_AI\sentinel-ai-app\src\pages\SupplyChain.tsx:18:41)

Consider adding an error boundary to your tree to customize error handling behavior.
Visit https://reactjs.org/link/error-boundaries to learn more about error boundaries.

stderr | src/pages/__tests__/SupplyChain.test.tsx > SupplyChain > shows scan results after successful scan
Error: useToast must be used inside <ToastProvider>
    at Module.useToast (D:\WORK\GITHUB\SENTINEL_AI\sentinel-ai-app\src\lib\toastContext.tsx:48:19)
    at SupplyChain (D:\WORK\GITHUB\SENTINEL_AI\sentinel-ai-app\src\pages\SupplyChain.tsx:33:17)
    at renderWithHooks (D:\WORK\GITHUB\SENTINEL_AI\sentinel-ai-app\node_modules\react-dom\cjs\react-dom.development.js:15486:18)
    at mountIndeterminateComponent (D:\WORK\GITHUB\SENTINEL_AI\sentinel-ai-app\node_modules\react-dom\cjs\react-dom.development.js:20103:13)
    at beginWork (D:\WORK\GITHUB\SENTINEL_AI\sentinel-ai-app\node_modules\react-dom\cjs\react-dom.development.js:21626:16)
    at HTMLUnknownElement.callCallback (D:\WORK\GITHUB\SENTINEL_AI\sentinel-ai-app\node_modules\react-dom\cjs\react-dom.development.js:4164:14)
    at HTMLUnknownElement.callTheUserObjectsOperation (D:\WORK\GITHUB\SENTINEL_AI\sentinel-ai-app\node_modules\jsdom\lib\generated\idl\EventListener.js:26:30)
    at innerInvokeEventListeners (D:\WORK\GITHUB\SENTINEL_AI\sentinel-ai-app\node_modules\jsdom\lib\jsdom\living\events\EventTarget-impl.js:360:16)
    at invokeEventListeners (D:\WORK\GITHUB\SENTINEL_AI\sentinel-ai-app\node_modules\jsdom\lib\jsdom\living\events\EventTarget-impl.js:296:3)
    at HTMLUnknownElementImpl._dispatch (D:\WORK\GITHUB\SENTINEL_AI\sentinel-ai-app\node_modules\jsdom\lib\jsdom\living\events\EventTarget-impl.js:243:9)
Error: useToast must be used inside <ToastProvider>
    at Module.useToast (D:\WORK\GITHUB\SENTINEL_AI\sentinel-ai-app\src\lib\toastContext.tsx:48:19)
    at SupplyChain (D:\WORK\GITHUB\SENTINEL_AI\sentinel-ai-app\src\pages\SupplyChain.tsx:33:17)
    at renderWithHooks (D:\WORK\GITHUB\SENTINEL_AI\sentinel-ai-app\node_modules\react-dom\cjs\react-dom.development.js:15486:18)
    at mountIndeterminateComponent (D:\WORK\GITHUB\SENTINEL_AI\sentinel-ai-app\node_modules\react-dom\cjs\react-dom.development.js:20103:13)
    at beginWork (D:\WORK\GITHUB\SENTINEL_AI\sentinel-ai-app\node_modules\react-dom\cjs\react-dom.development.js:21626:16)
    at HTMLUnknownElement.callCallback (D:\WORK\GITHUB\SENTINEL_AI\sentinel-ai-app\node_modules\react-dom\cjs\react-dom.development.js:4164:14)
    at HTMLUnknownElement.callTheUserObjectsOperation (D:\WORK\GITHUB\SENTINEL_AI\sentinel-ai-app\node_modules\jsdom\lib\generated\idl\EventListener.js:26:30)
    at innerInvokeEventListeners (D:\WORK\GITHUB\SENTINEL_AI\sentinel-ai-app\node_modules\jsdom\lib\jsdom\living\events\EventTarget-impl.js:360:16)
    at invokeEventListeners (D:\WORK\GITHUB\SENTINEL_AI\sentinel-ai-app\node_modules\jsdom\lib\jsdom\living\events\EventTarget-impl.js:296:3)
    at HTMLUnknownElementImpl._dispatch (D:\WORK\GITHUB\SENTINEL_AI\sentinel-ai-app\node_modules\jsdom\lib\jsdom\living\events\EventTarget-impl.js:243:9)
The above error occurred in the <SupplyChain> component:

    at SupplyChain (D:\WORK\GITHUB\SENTINEL_AI\sentinel-ai-app\src\pages\SupplyChain.tsx:18:41)

Consider adding an error boundary to your tree to customize error handling behavior.
Visit https://reactjs.org/link/error-boundaries to learn more about error boundaries.

stderr | src/pages/__tests__/SupplyChain.test.tsx > SupplyChain > shows error when scan fails
Error: useToast must be used inside <ToastProvider>
    at Module.useToast (D:\WORK\GITHUB\SENTINEL_AI\sentinel-ai-app\src\lib\toastContext.tsx:48:19)
    at SupplyChain (D:\WORK\GITHUB\SENTINEL_AI\sentinel-ai-app\src\pages\SupplyChain.tsx:33:17)
    at renderWithHooks (D:\WORK\GITHUB\SENTINEL_AI\sentinel-ai-app\node_modules\react-dom\cjs\react-dom.development.js:15486:18)
    at mountIndeterminateComponent (D:\WORK\GITHUB\SENTINEL_AI\sentinel-ai-app\node_modules\react-dom\cjs\react-dom.development.js:20103:13)
    at beginWork (D:\WORK\GITHUB\SENTINEL_AI\sentinel-ai-app\node_modules\react-dom\cjs\react-dom.development.js:21626:16)
    at HTMLUnknownElement.callCallback (D:\WORK\GITHUB\SENTINEL_AI\sentinel-ai-app\node_modules\react-dom\cjs\react-dom.development.js:4164:14)
    at HTMLUnknownElement.callTheUserObjectsOperation (D:\WORK\GITHUB\SENTINEL_AI\sentinel-ai-app\node_modules\jsdom\lib\generated\idl\EventListener.js:26:30)
    at innerInvokeEventListeners (D:\WORK\GITHUB\SENTINEL_AI\sentinel-ai-app\node_modules\jsdom\lib\jsdom\living\events\EventTarget-impl.js:360:16)
    at invokeEventListeners (D:\WORK\GITHUB\SENTINEL_AI\sentinel-ai-app\node_modules\jsdom\lib\jsdom\living\events\EventTarget-impl.js:296:3)
    at HTMLUnknownElementImpl._dispatch (D:\WORK\GITHUB\SENTINEL_AI\sentinel-ai-app\node_modules\jsdom\lib\jsdom\living\events\EventTarget-impl.js:243:9)
Error: useToast must be used inside <ToastProvider>
    at Module.useToast (D:\WORK\GITHUB\SENTINEL_AI\sentinel-ai-app\src\lib\toastContext.tsx:48:19)
    at SupplyChain (D:\WORK\GITHUB\SENTINEL_AI\sentinel-ai-app\src\pages\SupplyChain.tsx:33:17)
    at renderWithHooks (D:\WORK\GITHUB\SENTINEL_AI\sentinel-ai-app\node_modules\react-dom\cjs\react-dom.development.js:15486:18)
    at mountIndeterminateComponent (D:\WORK\GITHUB\SENTINEL_AI\sentinel-ai-app\node_modules\react-dom\cjs\react-dom.development.js:20103:13)
    at beginWork (D:\WORK\GITHUB\SENTINEL_AI\sentinel-ai-app\node_modules\react-dom\cjs\react-dom.development.js:21626:16)
    at HTMLUnknownElement.callCallback (D:\WORK\GITHUB\SENTINEL_AI\sentinel-ai-app\node_modules\react-dom\cjs\react-dom.development.js:4164:14)
    at HTMLUnknownElement.callTheUserObjectsOperation (D:\WORK\GITHUB\SENTINEL_AI\sentinel-ai-app\node_modules\jsdom\lib\generated\idl\EventListener.js:26:30)
    at innerInvokeEventListeners (D:\WORK\GITHUB\SENTINEL_AI\sentinel-ai-app\node_modules\jsdom\lib\jsdom\living\events\EventTarget-impl.js:360:16)
    at invokeEventListeners (D:\WORK\GITHUB\SENTINEL_AI\sentinel-ai-app\node_modules\jsdom\lib\jsdom\living\events\EventTarget-impl.js:296:3)
    at HTMLUnknownElementImpl._dispatch (D:\WORK\GITHUB\SENTINEL_AI\sentinel-ai-app\node_modules\jsdom\lib\jsdom\living\events\EventTarget-impl.js:243:9)
The above error occurred in the <SupplyChain> component:

    at SupplyChain (D:\WORK\GITHUB\SENTINEL_AI\sentinel-ai-app\src\pages\SupplyChain.tsx:18:41)

Consider adding an error boundary to your tree to customize error handling behavior.
Visit https://reactjs.org/link/error-boundaries to learn more about error boundaries.

 [31mтЭп[39m src/pages/__tests__/SupplyChain.test.tsx [2m([22m[2m9 tests[22m[2m | [22m[31m9 failed[39m[2m)[22m[90m 194[2mms[22m[39m
[31m   [31m├Ч[31m SupplyChain[2m > [22mrenders "Supply Chain Analysis" heading[90m 97[2mms[22m[31m[39m
[31m     тЖТ useToast must be used inside <ToastProvider>[39m
[31m   [31m├Ч[31m SupplyChain[2m > [22mrenders description about OSV.dev[90m 6[2mms[22m[31m[39m
[31m     тЖТ useToast must be used inside <ToastProvider>[39m
[31m   [31m├Ч[31m SupplyChain[2m > [22mrenders dropzone with "Upload package.json" label[90m 15[2mms[22m[31m[39m
[31m     тЖТ useToast must be used inside <ToastProvider>[39m
[31m   [31m├Ч[31m SupplyChain[2m > [22mrenders drop hint text[90m 9[2mms[22m[31m[39m
[31m     тЖТ useToast must be used inside <ToastProvider>[39m
[31m   [31m├Ч[31m SupplyChain[2m > [22mrenders hidden file input[90m 6[2mms[22m[31m[39m
[31m     тЖТ useToast must be used inside <ToastProvider>[39m
[31m   [31m├Ч[31m SupplyChain[2m > [22mshows error for unsupported file type[90m 44[2mms[22m[31m[39m
[31m     тЖТ useToast must be used inside <ToastProvider>[39m
[31m   [31m├Ч[31m SupplyChain[2m > [22mshows scanning state while analyzing[90m 5[2mms[22m[31m[39m
[31m     тЖТ useToast must be used inside <ToastProvider>[39m
[31m   [31m├Ч[31m SupplyChain[2m > [22mshows scan results after successful scan[90m 4[2mms[22m[31m[39m
[31m     тЖТ useToast must be used inside <ToastProvider>[39m
[31m   [31m├Ч[31m SupplyChain[2m > [22mshows error when scan fails[90m 6[2mms[22m[31m[39m
[31m     тЖТ useToast must be used inside <ToastProvider>[39m
 [31mтЭп[39m src/components/__tests__/ScanHeader.test.tsx [2m([22m[2m11 tests[22m[2m | [22m[31m1 failed[39m[2m)[22m[33m 1492[2mms[22m[39m
   [33m[2mтЬУ[22m[39m ScanHeader тАФ static rendering[2m > [22mrenders "New Scan" button [33m862[2mms[22m[39m
[31m   [31m├Ч[31m ScanHeader тАФ static rendering[2m > [22mrenders project select with placeholder option[90m 154[2mms[22m[31m[39m
[31m     тЖТ Unable to find an element with the text: Select Project.... This could be because the text is broken up by multiple elements. In this case, you can provide a function for your text matcher to make your matcher more flexible.

Ignored nodes: comments, script, style
[36m<body>[31m
  [36m<div>[31m
    [36m<div[31m
      [33mclass[31m=[32m"flex flex-col md:flex-row md:items-center justify-between gap-4 mb-8"[31m
    [36m>[31m
      [36m<div>[31m
        [36m<h1[31m
          [33mclass[31m=[32m"text-3xl font-bold text-white mb-2"[31m
        [36m>[31m
          [0mVulnerability Scans[0m
        [36m</h1>[31m
        [36m<p[31m
          [33mclass[31m=[32m"text-slate-400"[31m
        [36m>[31m
          [0mManage and monitor security assessments across your infrastructure.[0m
        [36m</p>[31m
      [36m</div>[31m
      [36m<div[31m
        [33mclass[31m=[32m"flex flex-wrap items-center gap-3"[31m
      [36m>[31m
        [36m<div[31m
          [33mclass[31m=[32m"flex items-center gap-1.5 px-3 py-1.5 rounded-full text-xs font-semibold border text-slate-300 border-slate-600/50 bg-slate-800/50"[31m
        [36m>[31m
          [36m<svg[31m
            [33mclass[31m=[32m"lucide lucide-help-circle w-3 h-3"[31m
            [33mfill[31m=[32m"none"[31m
            [33mheight[31m=[32m"24"[31m
            [33mstroke[31m=[32m"currentColor"[31m
            [33mstroke-linecap[31m=[32m"round"[31m
            [33mstroke-linejoin[31m=[32m"round"[31m
            [33mstroke-width[31m=[32m"2"[31m
            [33mviewBox[31m=[32m"0 0 24 24"[31m
            [33mwidth[31m=[32m"24"[31m
            [33mxmlns[31m=[32m"http://www.w3.org/2000/svg"[31m
          [36m>[31m
            [36m<circle[31m
              [33mcx[31m=[32m"12"[31m
              [33mcy[31m=[32m"12"[31m
              [33mr[31m=[32m"10"[31m
            [36m/>[31m
            [36m<path[31m
              [33md[31m=[32m"M9.09 9a3 3 0 0 1 5.83 1c0 2-3 3-3 3"[31m
            [36m/>[31m
            [36m<path[31m
              [33md[31m=[32m"M12 17h.01"[31m
            [36m/>[31m
          [36m</svg>[31m
          [0mMode: UNKNOWN[0m
        [36m</div>[31m
        [36m<div[31m
          [33mclass[31m=[32m"relative"[31m
        [36m>[31m
          [36m<svg[31m
            [33mclass[31m=[32m"lucide lucide-panels-top-left absolute left-3 top-1/2 -translate-y-1/2 w-4 h-4 text-slate-400"[31m
            [33mfill[31m=[32m"none"[31m
            [33mheight[31m=[32m"24"[31m
            [33mstroke[31m=[32m"currentColor"[31m
            [33mstroke-linecap[31m=[32m"round"[31m
            [33mstroke-linejoin[31m=[32m"round"[31m
            [33mstroke-width[31m=[32m"2"[31m
            [33mviewBox[31m=[32m"0 0 24 24"[31m
            [33mwidth[31m=[32m"24"[31m
            [33mxmlns[31m=[32m"http://www.w3.org/2000/svg"[31m
          [36m>[31m
            [36m<rect[31m
              [33mheight[31m=[32m"18"[31m
              [33mrx[31m=[32m"2"[31m
              [33mwidth[31m=[32m"18"[31m
              [33mx[31m=[32m"3"[31m
              [33my[31m=[32m"3"[31m
            [36m/>[31m
            [36m<path[31m
              [33md[31m=[32m"M3 9h18"[31m
            [36m/>[31m
            [36m<path[31m
              [33md[31m=[32m"M9 21V9"[31m
            [36m/>[31m
          [36m</svg>[31m
          [36m<select[31m
            [33maria-label[31m=[32m"Select project"[31m
            [33mclass[31m=[32m"pl-10 pr-8 py-2.5 bg-slate-800/50 border border-slate-700 rounded-xl text-white focus:outline-none focus:ring-2 focus:ring-blue-500/50 appearance-none min-w-[200px]"[31m
            [33mtitle[31m=[32m"Select project"[31m
          [36m>[31m
            [36m<option[31m
              [33mvalue[31m=[32m""[31m
            [36m>[31m
              [0mAll projects ([0m
              [0m2[0m
              [0m)[0m
            [36m</option>[31m
            [36m<option[31m
              [33mvalue[31m=[32m"p1"[31m
            [36m>[31m
              [0mAlpha[0m
            [36m</option>[31m
            [36m<option[31m
              [33mvalue[31m=[32m"p2"[31m
            [36m>[31m
              [0mBeta[0m
            [36m</option>[31m
          [36m</select>[31m
        [36m</div>[31m
        [36m<button[31m
          [33maria-label[31m=[32m"Start a new scan"[31m
          [33mclass[31m=[32m"flex items-center gap-2 px-5 py-2.5 bg-blue-600 hover:bg-blue-500 text-white rounded-xl transition-all shadow-lg shadow-blue-900/20"[31m
          [33mtitle[31m=[32m"Start a new scan"[31m
        [36m>[31m
          [36m<svg[31m
            [33mclass[31m=[32m"lucide lucide-plus w-4 h-4"[31m
            [33mfill[31m=[32m"none"[31m
            [33mheight[31m=[32m"24"[31m
            [33mstroke[31m=[32m"currentColor"[31m
            [33mstroke-linecap[31m=[32m"round"[31m
            [33mstroke-linejoin[31m=[32m"round"[31m
            [33mstroke-width[31m=[32m"2"[31m
            [33mviewBox[31m=[32m"0 0 24 24"[31m
            [33mwidth[31m=[32m"24"[31m
            [33mxmlns[31m=[32m"http://www.w3.org/2000/svg"[31m
          [36m>[31m
            [36m<path[31m
              [33md[31m=[32m"M5 12h14"[31m
            [36m/>[31m
            [36m<path[31m
              [33md[31m=[32m"M12 5v14"[31m
            [36m/>[31m
          [36m</svg>[31m
          [36m<span>[31m
            [0mNew Scan[0m
          [36m</span>[31m
        [36m</button>[31m
      [36m</div>[31m
    [36m</div>[31m
  [36m</div>[31m
[36m</body>[31m[39m
stderr | src/components/__tests__/AppLayout.test.tsx > AppLayout тАФ sidebar > renders "Sentinel AI" brand in sidebar
Error: [vitest] No "useNavigate" export is defined on the "react-router-dom" mock. Did you forget to return it from "vi.mock"?
If you need to partially mock a module, you can use "importOriginal" helper inside:

    at VitestMocker.createError (file:///D:/WORK/GITHUB/SENTINEL_AI/sentinel-ai-app/node_modules/vitest/dist/chunks/execute.2pr0rHgK.js:321:19)
    at Object.get (file:///D:/WORK/GITHUB/SENTINEL_AI/sentinel-ai-app/node_modules/vitest/dist/chunks/execute.2pr0rHgK.js:389:22)
    at CommandPalette (D:\WORK\GITHUB\SENTINEL_AI\sentinel-ai-app\src\components\CommandPalette.tsx:24:20)
    at renderWithHooks (D:\WORK\GITHUB\SENTINEL_AI\sentinel-ai-app\node_modules\react-dom\cjs\react-dom.development.js:15486:18)
    at mountIndeterminateComponent (D:\WORK\GITHUB\SENTINEL_AI\sentinel-ai-app\node_modules\react-dom\cjs\react-dom.development.js:20103:13)
    at beginWork (D:\WORK\GITHUB\SENTINEL_AI\sentinel-ai-app\node_modules\react-dom\cjs\react-dom.development.js:21626:16)
    at HTMLUnknownElement.callCallback (D:\WORK\GITHUB\SENTINEL_AI\sentinel-ai-app\node_modules\react-dom\cjs\react-dom.development.js:4164:14)
    at HTMLUnknownElement.callTheUserObjectsOperation (D:\WORK\GITHUB\SENTINEL_AI\sentinel-ai-app\node_modules\jsdom\lib\generated\idl\EventListener.js:26:30)
    at innerInvokeEventListeners (D:\WORK\GITHUB\SENTINEL_AI\sentinel-ai-app\node_modules\jsdom\lib\jsdom\living\events\EventTarget-impl.js:360:16)
    at invokeEventListeners (D:\WORK\GITHUB\SENTINEL_AI\sentinel-ai-app\node_modules\jsdom\lib\jsdom\living\events\EventTarget-impl.js:296:3)
Error: [vitest] No "useNavigate" export is defined on the "react-router-dom" mock. Did you forget to return it from "vi.mock"?
If you need to partially mock a module, you can use "importOriginal" helper inside:

    at VitestMocker.createError (file:///D:/WORK/GITHUB/SENTINEL_AI/sentinel-ai-app/node_modules/vitest/dist/chunks/execute.2pr0rHgK.js:321:19)
    at Object.get (file:///D:/WORK/GITHUB/SENTINEL_AI/sentinel-ai-app/node_modules/vitest/dist/chunks/execute.2pr0rHgK.js:389:22)
    at CommandPalette (D:\WORK\GITHUB\SENTINEL_AI\sentinel-ai-app\src\components\CommandPalette.tsx:24:20)
    at renderWithHooks (D:\WORK\GITHUB\SENTINEL_AI\sentinel-ai-app\node_modules\react-dom\cjs\react-dom.development.js:15486:18)
    at mountIndeterminateComponent (D:\WORK\GITHUB\SENTINEL_AI\sentinel-ai-app\node_modules\react-dom\cjs\react-dom.development.js:20103:13)
    at beginWork (D:\WORK\GITHUB\SENTINEL_AI\sentinel-ai-app\node_modules\react-dom\cjs\react-dom.development.js:21626:16)
    at HTMLUnknownElement.callCallback (D:\WORK\GITHUB\SENTINEL_AI\sentinel-ai-app\node_modules\react-dom\cjs\react-dom.development.js:4164:14)
    at HTMLUnknownElement.callTheUserObjectsOperation (D:\WORK\GITHUB\SENTINEL_AI\sentinel-ai-app\node_modules\jsdom\lib\generated\idl\EventListener.js:26:30)
    at innerInvokeEventListeners (D:\WORK\GITHUB\SENTINEL_AI\sentinel-ai-app\node_modules\jsdom\lib\jsdom\living\events\EventTarget-impl.js:360:16)
    at invokeEventListeners (D:\WORK\GITHUB\SENTINEL_AI\sentinel-ai-app\node_modules\jsdom\lib\jsdom\living\events\EventTarget-impl.js:296:3)
The above error occurred in the <CommandPalette> component:

    at CommandPalette (D:\WORK\GITHUB\SENTINEL_AI\sentinel-ai-app\src\components\CommandPalette.tsx:9:27)
    at main
    at div
    at AppLayout (D:\WORK\GITHUB\SENTINEL_AI\sentinel-ai-app\src\components\AppLayout.tsx:207:41)

Consider adding an error boundary to your tree to customize error handling behavior.
Visit https://reactjs.org/link/error-boundaries to learn more about error boundaries.

stderr | src/components/__tests__/AppLayout.test.tsx > AppLayout тАФ sidebar > renders Dashboard nav link
Error: [vitest] No "useNavigate" export is defined on the "react-router-dom" mock. Did you forget to return it from "vi.mock"?
If you need to partially mock a module, you can use "importOriginal" helper inside:

    at VitestMocker.createError (file:///D:/WORK/GITHUB/SENTINEL_AI/sentinel-ai-app/node_modules/vitest/dist/chunks/execute.2pr0rHgK.js:321:19)
    at Object.get (file:///D:/WORK/GITHUB/SENTINEL_AI/sentinel-ai-app/node_modules/vitest/dist/chunks/execute.2pr0rHgK.js:389:22)
    at CommandPalette (D:\WORK\GITHUB\SENTINEL_AI\sentinel-ai-app\src\components\CommandPalette.tsx:24:20)
    at renderWithHooks (D:\WORK\GITHUB\SENTINEL_AI\sentinel-ai-app\node_modules\react-dom\cjs\react-dom.development.js:15486:18)
    at mountIndeterminateComponent (D:\WORK\GITHUB\SENTINEL_AI\sentinel-ai-app\node_modules\react-dom\cjs\react-dom.development.js:20103:13)
    at beginWork (D:\WORK\GITHUB\SENTINEL_AI\sentinel-ai-app\node_modules\react-dom\cjs\react-dom.development.js:21626:16)
    at HTMLUnknownElement.callCallback (D:\WORK\GITHUB\SENTINEL_AI\sentinel-ai-app\node_modules\react-dom\cjs\react-dom.development.js:4164:14)
    at HTMLUnknownElement.callTheUserObjectsOperation (D:\WORK\GITHUB\SENTINEL_AI\sentinel-ai-app\node_modules\jsdom\lib\generated\idl\EventListener.js:26:30)
    at innerInvokeEventListeners (D:\WORK\GITHUB\SENTINEL_AI\sentinel-ai-app\node_modules\jsdom\lib\jsdom\living\events\EventTarget-impl.js:360:16)
    at invokeEventListeners (D:\WORK\GITHUB\SENTINEL_AI\sentinel-ai-app\node_modules\jsdom\lib\jsdom\living\events\EventTarget-impl.js:296:3)
Error: [vitest] No "useNavigate" export is defined on the "react-router-dom" mock. Did you forget to return it from "vi.mock"?
If you need to partially mock a module, you can use "importOriginal" helper inside:

    at VitestMocker.createError (file:///D:/WORK/GITHUB/SENTINEL_AI/sentinel-ai-app/node_modules/vitest/dist/chunks/execute.2pr0rHgK.js:321:19)
    at Object.get (file:///D:/WORK/GITHUB/SENTINEL_AI/sentinel-ai-app/node_modules/vitest/dist/chunks/execute.2pr0rHgK.js:389:22)
    at CommandPalette (D:\WORK\GITHUB\SENTINEL_AI\sentinel-ai-app\src\components\CommandPalette.tsx:24:20)
    at renderWithHooks (D:\WORK\GITHUB\SENTINEL_AI\sentinel-ai-app\node_modules\react-dom\cjs\react-dom.development.js:15486:18)
    at mountIndeterminateComponent (D:\WORK\GITHUB\SENTINEL_AI\sentinel-ai-app\node_modules\react-dom\cjs\react-dom.development.js:20103:13)
    at beginWork (D:\WORK\GITHUB\SENTINEL_AI\sentinel-ai-app\node_modules\react-dom\cjs\react-dom.development.js:21626:16)
    at HTMLUnknownElement.callCallback (D:\WORK\GITHUB\SENTINEL_AI\sentinel-ai-app\node_modules\react-dom\cjs\react-dom.development.js:4164:14)
    at HTMLUnknownElement.callTheUserObjectsOperation (D:\WORK\GITHUB\SENTINEL_AI\sentinel-ai-app\node_modules\jsdom\lib\generated\idl\EventListener.js:26:30)
    at innerInvokeEventListeners (D:\WORK\GITHUB\SENTINEL_AI\sentinel-ai-app\node_modules\jsdom\lib\jsdom\living\events\EventTarget-impl.js:360:16)
    at invokeEventListeners (D:\WORK\GITHUB\SENTINEL_AI\sentinel-ai-app\node_modules\jsdom\lib\jsdom\living\events\EventTarget-impl.js:296:3)
The above error occurred in the <CommandPalette> component:

    at CommandPalette (D:\WORK\GITHUB\SENTINEL_AI\sentinel-ai-app\src\components\CommandPalette.tsx:9:27)
    at main
    at div
    at AppLayout (D:\WORK\GITHUB\SENTINEL_AI\sentinel-ai-app\src\components\AppLayout.tsx:207:41)

Consider adding an error boundary to your tree to customize error handling behavior.
Visit https://reactjs.org/link/error-boundaries to learn more about error boundaries.

stderr | src/components/__tests__/AppLayout.test.tsx > AppLayout тАФ sidebar > renders AI Assistant nav link
Error: [vitest] No "useNavigate" export is defined on the "react-router-dom" mock. Did you forget to return it from "vi.mock"?
If you need to partially mock a module, you can use "importOriginal" helper inside:

    at VitestMocker.createError (file:///D:/WORK/GITHUB/SENTINEL_AI/sentinel-ai-app/node_modules/vitest/dist/chunks/execute.2pr0rHgK.js:321:19)
    at Object.get (file:///D:/WORK/GITHUB/SENTINEL_AI/sentinel-ai-app/node_modules/vitest/dist/chunks/execute.2pr0rHgK.js:389:22)
    at CommandPalette (D:\WORK\GITHUB\SENTINEL_AI\sentinel-ai-app\src\components\CommandPalette.tsx:24:20)
    at renderWithHooks (D:\WORK\GITHUB\SENTINEL_AI\sentinel-ai-app\node_modules\react-dom\cjs\react-dom.development.js:15486:18)
    at mountIndeterminateComponent (D:\WORK\GITHUB\SENTINEL_AI\sentinel-ai-app\node_modules\react-dom\cjs\react-dom.development.js:20103:13)
    at beginWork (D:\WORK\GITHUB\SENTINEL_AI\sentinel-ai-app\node_modules\react-dom\cjs\react-dom.development.js:21626:16)
    at HTMLUnknownElement.callCallback (D:\WORK\GITHUB\SENTINEL_AI\sentinel-ai-app\node_modules\react-dom\cjs\react-dom.development.js:4164:14)
    at HTMLUnknownElement.callTheUserObjectsOperation (D:\WORK\GITHUB\SENTINEL_AI\sentinel-ai-app\node_modules\jsdom\lib\generated\idl\EventListener.js:26:30)
    at innerInvokeEventListeners (D:\WORK\GITHUB\SENTINEL_AI\sentinel-ai-app\node_modules\jsdom\lib\jsdom\living\events\EventTarget-impl.js:360:16)
    at invokeEventListeners (D:\WORK\GITHUB\SENTINEL_AI\sentinel-ai-app\node_modules\jsdom\lib\jsdom\living\events\EventTarget-impl.js:296:3)
Error: [vitest] No "useNavigate" export is defined on the "react-router-dom" mock. Did you forget to return it from "vi.mock"?
If you need to partially mock a module, you can use "importOriginal" helper inside:

    at VitestMocker.createError (file:///D:/WORK/GITHUB/SENTINEL_AI/sentinel-ai-app/node_modules/vitest/dist/chunks/execute.2pr0rHgK.js:321:19)
    at Object.get (file:///D:/WORK/GITHUB/SENTINEL_AI/sentinel-ai-app/node_modules/vitest/dist/chunks/execute.2pr0rHgK.js:389:22)
    at CommandPalette (D:\WORK\GITHUB\SENTINEL_AI\sentinel-ai-app\src\components\CommandPalette.tsx:24:20)
    at renderWithHooks (D:\WORK\GITHUB\SENTINEL_AI\sentinel-ai-app\node_modules\react-dom\cjs\react-dom.development.js:15486:18)
    at mountIndeterminateComponent (D:\WORK\GITHUB\SENTINEL_AI\sentinel-ai-app\node_modules\react-dom\cjs\react-dom.development.js:20103:13)
    at beginWork (D:\WORK\GITHUB\SENTINEL_AI\sentinel-ai-app\node_modules\react-dom\cjs\react-dom.development.js:21626:16)
    at HTMLUnknownElement.callCallback (D:\WORK\GITHUB\SENTINEL_AI\sentinel-ai-app\node_modules\react-dom\cjs\react-dom.development.js:4164:14)
    at HTMLUnknownElement.callTheUserObjectsOperation (D:\WORK\GITHUB\SENTINEL_AI\sentinel-ai-app\node_modules\jsdom\lib\generated\idl\EventListener.js:26:30)
    at innerInvokeEventListeners (D:\WORK\GITHUB\SENTINEL_AI\sentinel-ai-app\node_modules\jsdom\lib\jsdom\living\events\EventTarget-impl.js:360:16)
    at invokeEventListeners (D:\WORK\GITHUB\SENTINEL_AI\sentinel-ai-app\node_modules\jsdom\lib\jsdom\living\events\EventTarget-impl.js:296:3)
The above error occurred in the <CommandPalette> component:

    at CommandPalette (D:\WORK\GITHUB\SENTINEL_AI\sentinel-ai-app\src\components\CommandPalette.tsx:9:27)
    at main
    at div
    at AppLayout (D:\WORK\GITHUB\SENTINEL_AI\sentinel-ai-app\src\components\AppLayout.tsx:207:41)

Consider adding an error boundary to your tree to customize error handling behavior.
Visit https://reactjs.org/link/error-boundaries to learn more about error boundaries.

stderr | src/components/__tests__/AppLayout.test.tsx > AppLayout тАФ sidebar > renders Projects nav link
Error: [vitest] No "useNavigate" export is defined on the "react-router-dom" mock. Did you forget to return it from "vi.mock"?
If you need to partially mock a module, you can use "importOriginal" helper inside:

    at VitestMocker.createError (file:///D:/WORK/GITHUB/SENTINEL_AI/sentinel-ai-app/node_modules/vitest/dist/chunks/execute.2pr0rHgK.js:321:19)
    at Object.get (file:///D:/WORK/GITHUB/SENTINEL_AI/sentinel-ai-app/node_modules/vitest/dist/chunks/execute.2pr0rHgK.js:389:22)
    at CommandPalette (D:\WORK\GITHUB\SENTINEL_AI\sentinel-ai-app\src\components\CommandPalette.tsx:24:20)
    at renderWithHooks (D:\WORK\GITHUB\SENTINEL_AI\sentinel-ai-app\node_modules\react-dom\cjs\react-dom.development.js:15486:18)
    at mountIndeterminateComponent (D:\WORK\GITHUB\SENTINEL_AI\sentinel-ai-app\node_modules\react-dom\cjs\react-dom.development.js:20103:13)
    at beginWork (D:\WORK\GITHUB\SENTINEL_AI\sentinel-ai-app\node_modules\react-dom\cjs\react-dom.development.js:21626:16)
    at HTMLUnknownElement.callCallback (D:\WORK\GITHUB\SENTINEL_AI\sentinel-ai-app\node_modules\react-dom\cjs\react-dom.development.js:4164:14)
    at HTMLUnknownElement.callTheUserObjectsOperation (D:\WORK\GITHUB\SENTINEL_AI\sentinel-ai-app\node_modules\jsdom\lib\generated\idl\EventListener.js:26:30)
    at innerInvokeEventListeners (D:\WORK\GITHUB\SENTINEL_AI\sentinel-ai-app\node_modules\jsdom\lib\jsdom\living\events\EventTarget-impl.js:360:16)
    at invokeEventListeners (D:\WORK\GITHUB\SENTINEL_AI\sentinel-ai-app\node_modules\jsdom\lib\jsdom\living\events\EventTarget-impl.js:296:3)
Error: [vitest] No "useNavigate" export is defined on the "react-router-dom" mock. Did you forget to return it from "vi.mock"?
If you need to partially mock a module, you can use "importOriginal" helper inside:

    at VitestMocker.createError (file:///D:/WORK/GITHUB/SENTINEL_AI/sentinel-ai-app/node_modules/vitest/dist/chunks/execute.2pr0rHgK.js:321:19)
    at Object.get (file:///D:/WORK/GITHUB/SENTINEL_AI/sentinel-ai-app/node_modules/vitest/dist/chunks/execute.2pr0rHgK.js:389:22)
    at CommandPalette (D:\WORK\GITHUB\SENTINEL_AI\sentinel-ai-app\src\components\CommandPalette.tsx:24:20)
    at renderWithHooks (D:\WORK\GITHUB\SENTINEL_AI\sentinel-ai-app\node_modules\react-dom\cjs\react-dom.development.js:15486:18)
    at mountIndeterminateComponent (D:\WORK\GITHUB\SENTINEL_AI\sentinel-ai-app\node_modules\react-dom\cjs\react-dom.development.js:20103:13)
    at beginWork (D:\WORK\GITHUB\SENTINEL_AI\sentinel-ai-app\node_modules\react-dom\cjs\react-dom.development.js:21626:16)
    at HTMLUnknownElement.callCallback (D:\WORK\GITHUB\SENTINEL_AI\sentinel-ai-app\node_modules\react-dom\cjs\react-dom.development.js:4164:14)
    at HTMLUnknownElement.callTheUserObjectsOperation (D:\WORK\GITHUB\SENTINEL_AI\sentinel-ai-app\node_modules\jsdom\lib\generated\idl\EventListener.js:26:30)
    at innerInvokeEventListeners (D:\WORK\GITHUB\SENTINEL_AI\sentinel-ai-app\node_modules\jsdom\lib\jsdom\living\events\EventTarget-impl.js:360:16)
    at invokeEventListeners (D:\WORK\GITHUB\SENTINEL_AI\sentinel-ai-app\node_modules\jsdom\lib\jsdom\living\events\EventTarget-impl.js:296:3)
The above error occurred in the <CommandPalette> component:

    at CommandPalette (D:\WORK\GITHUB\SENTINEL_AI\sentinel-ai-app\src\components\CommandPalette.tsx:9:27)
    at main
    at div
    at AppLayout (D:\WORK\GITHUB\SENTINEL_AI\sentinel-ai-app\src\components\AppLayout.tsx:207:41)

Consider adding an error boundary to your tree to customize error handling behavior.
Visit https://reactjs.org/link/error-boundaries to learn more about error boundaries.

stderr | src/components/__tests__/AppLayout.test.tsx > AppLayout тАФ sidebar > renders Settings nav link
Error: [vitest] No "useNavigate" export is defined on the "react-router-dom" mock. Did you forget to return it from "vi.mock"?
If you need to partially mock a module, you can use "importOriginal" helper inside:

    at VitestMocker.createError (file:///D:/WORK/GITHUB/SENTINEL_AI/sentinel-ai-app/node_modules/vitest/dist/chunks/execute.2pr0rHgK.js:321:19)
    at Object.get (file:///D:/WORK/GITHUB/SENTINEL_AI/sentinel-ai-app/node_modules/vitest/dist/chunks/execute.2pr0rHgK.js:389:22)
    at CommandPalette (D:\WORK\GITHUB\SENTINEL_AI\sentinel-ai-app\src\components\CommandPalette.tsx:24:20)
    at renderWithHooks (D:\WORK\GITHUB\SENTINEL_AI\sentinel-ai-app\node_modules\react-dom\cjs\react-dom.development.js:15486:18)
    at mountIndeterminateComponent (D:\WORK\GITHUB\SENTINEL_AI\sentinel-ai-app\node_modules\react-dom\cjs\react-dom.development.js:20103:13)
    at beginWork (D:\WORK\GITHUB\SENTINEL_AI\sentinel-ai-app\node_modules\react-dom\cjs\react-dom.development.js:21626:16)
    at HTMLUnknownElement.callCallback (D:\WORK\GITHUB\SENTINEL_AI\sentinel-ai-app\node_modules\react-dom\cjs\react-dom.development.js:4164:14)
    at HTMLUnknownElement.callTheUserObjectsOperation (D:\WORK\GITHUB\SENTINEL_AI\sentinel-ai-app\node_modules\jsdom\lib\generated\idl\EventListener.js:26:30)
    at innerInvokeEventListeners (D:\WORK\GITHUB\SENTINEL_AI\sentinel-ai-app\node_modules\jsdom\lib\jsdom\living\events\EventTarget-impl.js:360:16)
    at invokeEventListeners (D:\WORK\GITHUB\SENTINEL_AI\sentinel-ai-app\node_modules\jsdom\lib\jsdom\living\events\EventTarget-impl.js:296:3)
Error: [vitest] No "useNavigate" export is defined on the "react-router-dom" mock. Did you forget to return it from "vi.mock"?
If you need to partially mock a module, you can use "importOriginal" helper inside:

    at VitestMocker.createError (file:///D:/WORK/GITHUB/SENTINEL_AI/sentinel-ai-app/node_modules/vitest/dist/chunks/execute.2pr0rHgK.js:321:19)
    at Object.get (file:///D:/WORK/GITHUB/SENTINEL_AI/sentinel-ai-app/node_modules/vitest/dist/chunks/execute.2pr0rHgK.js:389:22)
    at CommandPalette (D:\WORK\GITHUB\SENTINEL_AI\sentinel-ai-app\src\components\CommandPalette.tsx:24:20)
    at renderWithHooks (D:\WORK\GITHUB\SENTINEL_AI\sentinel-ai-app\node_modules\react-dom\cjs\react-dom.development.js:15486:18)
    at mountIndeterminateComponent (D:\WORK\GITHUB\SENTINEL_AI\sentinel-ai-app\node_modules\react-dom\cjs\react-dom.development.js:20103:13)
    at beginWork (D:\WORK\GITHUB\SENTINEL_AI\sentinel-ai-app\node_modules\react-dom\cjs\react-dom.development.js:21626:16)
    at HTMLUnknownElement.callCallback (D:\WORK\GITHUB\SENTINEL_AI\sentinel-ai-app\node_modules\react-dom\cjs\react-dom.development.js:4164:14)
    at HTMLUnknownElement.callTheUserObjectsOperation (D:\WORK\GITHUB\SENTINEL_AI\sentinel-ai-app\node_modules\jsdom\lib\generated\idl\EventListener.js:26:30)
    at innerInvokeEventListeners (D:\WORK\GITHUB\SENTINEL_AI\sentinel-ai-app\node_modules\jsdom\lib\jsdom\living\events\EventTarget-impl.js:360:16)
    at invokeEventListeners (D:\WORK\GITHUB\SENTINEL_AI\sentinel-ai-app\node_modules\jsdom\lib\jsdom\living\events\EventTarget-impl.js:296:3)
The above error occurred in the <CommandPalette> component:

    at CommandPalette (D:\WORK\GITHUB\SENTINEL_AI\sentinel-ai-app\src\components\CommandPalette.tsx:9:27)
    at main
    at div
    at AppLayout (D:\WORK\GITHUB\SENTINEL_AI\sentinel-ai-app\src\components\AppLayout.tsx:207:41)

Consider adding an error boundary to your tree to customize error handling behavior.
Visit https://reactjs.org/link/error-boundaries to learn more about error boundaries.

stderr | src/components/__tests__/AppLayout.test.tsx > AppLayout тАФ sidebar > renders user full name in sidebar footer
Error: [vitest] No "useNavigate" export is defined on the "react-router-dom" mock. Did you forget to return it from "vi.mock"?
If you need to partially mock a module, you can use "importOriginal" helper inside:

    at VitestMocker.createError (file:///D:/WORK/GITHUB/SENTINEL_AI/sentinel-ai-app/node_modules/vitest/dist/chunks/execute.2pr0rHgK.js:321:19)
    at Object.get (file:///D:/WORK/GITHUB/SENTINEL_AI/sentinel-ai-app/node_modules/vitest/dist/chunks/execute.2pr0rHgK.js:389:22)
    at CommandPalette (D:\WORK\GITHUB\SENTINEL_AI\sentinel-ai-app\src\components\CommandPalette.tsx:24:20)
    at renderWithHooks (D:\WORK\GITHUB\SENTINEL_AI\sentinel-ai-app\node_modules\react-dom\cjs\react-dom.development.js:15486:18)
    at mountIndeterminateComponent (D:\WORK\GITHUB\SENTINEL_AI\sentinel-ai-app\node_modules\react-dom\cjs\react-dom.development.js:20103:13)
    at beginWork (D:\WORK\GITHUB\SENTINEL_AI\sentinel-ai-app\node_modules\react-dom\cjs\react-dom.development.js:21626:16)
    at HTMLUnknownElement.callCallback (D:\WORK\GITHUB\SENTINEL_AI\sentinel-ai-app\node_modules\react-dom\cjs\react-dom.development.js:4164:14)
    at HTMLUnknownElement.callTheUserObjectsOperation (D:\WORK\GITHUB\SENTINEL_AI\sentinel-ai-app\node_modules\jsdom\lib\generated\idl\EventListener.js:26:30)
    at innerInvokeEventListeners (D:\WORK\GITHUB\SENTINEL_AI\sentinel-ai-app\node_modules\jsdom\lib\jsdom\living\events\EventTarget-impl.js:360:16)
    at invokeEventListeners (D:\WORK\GITHUB\SENTINEL_AI\sentinel-ai-app\node_modules\jsdom\lib\jsdom\living\events\EventTarget-impl.js:296:3)
Error: [vitest] No "useNavigate" export is defined on the "react-router-dom" mock. Did you forget to return it from "vi.mock"?
If you need to partially mock a module, you can use "importOriginal" helper inside:

    at VitestMocker.createError (file:///D:/WORK/GITHUB/SENTINEL_AI/sentinel-ai-app/node_modules/vitest/dist/chunks/execute.2pr0rHgK.js:321:19)
    at Object.get (file:///D:/WORK/GITHUB/SENTINEL_AI/sentinel-ai-app/node_modules/vitest/dist/chunks/execute.2pr0rHgK.js:389:22)
    at CommandPalette (D:\WORK\GITHUB\SENTINEL_AI\sentinel-ai-app\src\components\CommandPalette.tsx:24:20)
    at renderWithHooks (D:\WORK\GITHUB\SENTINEL_AI\sentinel-ai-app\node_modules\react-dom\cjs\react-dom.development.js:15486:18)
    at mountIndeterminateComponent (D:\WORK\GITHUB\SENTINEL_AI\sentinel-ai-app\node_modules\react-dom\cjs\react-dom.development.js:20103:13)
    at beginWork (D:\WORK\GITHUB\SENTINEL_AI\sentinel-ai-app\node_modules\react-dom\cjs\react-dom.development.js:21626:16)
    at HTMLUnknownElement.callCallback (D:\WORK\GITHUB\SENTINEL_AI\sentinel-ai-app\node_modules\react-dom\cjs\react-dom.development.js:4164:14)
    at HTMLUnknownElement.callTheUserObjectsOperation (D:\WORK\GITHUB\SENTINEL_AI\sentinel-ai-app\node_modules\jsdom\lib\generated\idl\EventListener.js:26:30)
    at innerInvokeEventListeners (D:\WORK\GITHUB\SENTINEL_AI\sentinel-ai-app\node_modules\jsdom\lib\jsdom\living\events\EventTarget-impl.js:360:16)
    at invokeEventListeners (D:\WORK\GITHUB\SENTINEL_AI\sentinel-ai-app\node_modules\jsdom\lib\jsdom\living\events\EventTarget-impl.js:296:3)
The above error occurred in the <CommandPalette> component:

    at CommandPalette (D:\WORK\GITHUB\SENTINEL_AI\sentinel-ai-app\src\components\CommandPalette.tsx:9:27)
    at main
    at div
    at AppLayout (D:\WORK\GITHUB\SENTINEL_AI\sentinel-ai-app\src\components\AppLayout.tsx:207:41)

Consider adding an error boundary to your tree to customize error handling behavior.
Visit https://reactjs.org/link/error-boundaries to learn more about error boundaries.

stderr | src/components/__tests__/AppLayout.test.tsx > AppLayout тАФ sidebar > renders user email in sidebar footer
Error: [vitest] No "useNavigate" export is defined on the "react-router-dom" mock. Did you forget to return it from "vi.mock"?
If you need to partially mock a module, you can use "importOriginal" helper inside:

    at VitestMocker.createError (file:///D:/WORK/GITHUB/SENTINEL_AI/sentinel-ai-app/node_modules/vitest/dist/chunks/execute.2pr0rHgK.js:321:19)
    at Object.get (file:///D:/WORK/GITHUB/SENTINEL_AI/sentinel-ai-app/node_modules/vitest/dist/chunks/execute.2pr0rHgK.js:389:22)
    at CommandPalette (D:\WORK\GITHUB\SENTINEL_AI\sentinel-ai-app\src\components\CommandPalette.tsx:24:20)
    at renderWithHooks (D:\WORK\GITHUB\SENTINEL_AI\sentinel-ai-app\node_modules\react-dom\cjs\react-dom.development.js:15486:18)
    at mountIndeterminateComponent (D:\WORK\GITHUB\SENTINEL_AI\sentinel-ai-app\node_modules\react-dom\cjs\react-dom.development.js:20103:13)
    at beginWork (D:\WORK\GITHUB\SENTINEL_AI\sentinel-ai-app\node_modules\react-dom\cjs\react-dom.development.js:21626:16)
    at HTMLUnknownElement.callCallback (D:\WORK\GITHUB\SENTINEL_AI\sentinel-ai-app\node_modules\react-dom\cjs\react-dom.development.js:4164:14)
    at HTMLUnknownElement.callTheUserObjectsOperation (D:\WORK\GITHUB\SENTINEL_AI\sentinel-ai-app\node_modules\jsdom\lib\generated\idl\EventListener.js:26:30)
    at innerInvokeEventListeners (D:\WORK\GITHUB\SENTINEL_AI\sentinel-ai-app\node_modules\jsdom\lib\jsdom\living\events\EventTarget-impl.js:360:16)
    at invokeEventListeners (D:\WORK\GITHUB\SENTINEL_AI\sentinel-ai-app\node_modules\jsdom\lib\jsdom\living\events\EventTarget-impl.js:296:3)
Error: [vitest] No "useNavigate" export is defined on the "react-router-dom" mock. Did you forget to return it from "vi.mock"?
If you need to partially mock a module, you can use "importOriginal" helper inside:

    at VitestMocker.createError (file:///D:/WORK/GITHUB/SENTINEL_AI/sentinel-ai-app/node_modules/vitest/dist/chunks/execute.2pr0rHgK.js:321:19)
    at Object.get (file:///D:/WORK/GITHUB/SENTINEL_AI/sentinel-ai-app/node_modules/vitest/dist/chunks/execute.2pr0rHgK.js:389:22)
    at CommandPalette (D:\WORK\GITHUB\SENTINEL_AI\sentinel-ai-app\src\components\CommandPalette.tsx:24:20)
    at renderWithHooks (D:\WORK\GITHUB\SENTINEL_AI\sentinel-ai-app\node_modules\react-dom\cjs\react-dom.development.js:15486:18)
    at mountIndeterminateComponent (D:\WORK\GITHUB\SENTINEL_AI\sentinel-ai-app\node_modules\react-dom\cjs\react-dom.development.js:20103:13)
    at beginWork (D:\WORK\GITHUB\SENTINEL_AI\sentinel-ai-app\node_modules\react-dom\cjs\react-dom.development.js:21626:16)
    at HTMLUnknownElement.callCallback (D:\WORK\GITHUB\SENTINEL_AI\sentinel-ai-app\node_modules\react-dom\cjs\react-dom.development.js:4164:14)
    at HTMLUnknownElement.callTheUserObjectsOperation (D:\WORK\GITHUB\SENTINEL_AI\sentinel-ai-app\node_modules\jsdom\lib\generated\idl\EventListener.js:26:30)
    at innerInvokeEventListeners (D:\WORK\GITHUB\SENTINEL_AI\sentinel-ai-app\node_modules\jsdom\lib\jsdom\living\events\EventTarget-impl.js:360:16)
    at invokeEventListeners (D:\WORK\GITHUB\SENTINEL_AI\sentinel-ai-app\node_modules\jsdom\lib\jsdom\living\events\EventTarget-impl.js:296:3)
The above error occurred in the <CommandPalette> component:

    at CommandPalette (D:\WORK\GITHUB\SENTINEL_AI\sentinel-ai-app\src\components\CommandPalette.tsx:9:27)
    at main
    at div
    at AppLayout (D:\WORK\GITHUB\SENTINEL_AI\sentinel-ai-app\src\components\AppLayout.tsx:207:41)

Consider adding an error boundary to your tree to customize error handling behavior.
Visit https://reactjs.org/link/error-boundaries to learn more about error boundaries.

stderr | src/components/__tests__/AppLayout.test.tsx > AppLayout тАФ sidebar > renders user initials (JD)
Error: [vitest] No "useNavigate" export is defined on the "react-router-dom" mock. Did you forget to return it from "vi.mock"?
If you need to partially mock a module, you can use "importOriginal" helper inside:

    at VitestMocker.createError (file:///D:/WORK/GITHUB/SENTINEL_AI/sentinel-ai-app/node_modules/vitest/dist/chunks/execute.2pr0rHgK.js:321:19)
    at Object.get (file:///D:/WORK/GITHUB/SENTINEL_AI/sentinel-ai-app/node_modules/vitest/dist/chunks/execute.2pr0rHgK.js:389:22)
    at CommandPalette (D:\WORK\GITHUB\SENTINEL_AI\sentinel-ai-app\src\components\CommandPalette.tsx:24:20)
    at renderWithHooks (D:\WORK\GITHUB\SENTINEL_AI\sentinel-ai-app\node_modules\react-dom\cjs\react-dom.development.js:15486:18)
    at mountIndeterminateComponent (D:\WORK\GITHUB\SENTINEL_AI\sentinel-ai-app\node_modules\react-dom\cjs\react-dom.development.js:20103:13)
    at beginWork (D:\WORK\GITHUB\SENTINEL_AI\sentinel-ai-app\node_modules\react-dom\cjs\react-dom.development.js:21626:16)
    at HTMLUnknownElement.callCallback (D:\WORK\GITHUB\SENTINEL_AI\sentinel-ai-app\node_modules\react-dom\cjs\react-dom.development.js:4164:14)
    at HTMLUnknownElement.callTheUserObjectsOperation (D:\WORK\GITHUB\SENTINEL_AI\sentinel-ai-app\node_modules\jsdom\lib\generated\idl\EventListener.js:26:30)
    at innerInvokeEventListeners (D:\WORK\GITHUB\SENTINEL_AI\sentinel-ai-app\node_modules\jsdom\lib\jsdom\living\events\EventTarget-impl.js:360:16)
    at invokeEventListeners (D:\WORK\GITHUB\SENTINEL_AI\sentinel-ai-app\node_modules\jsdom\lib\jsdom\living\events\EventTarget-impl.js:296:3)
Error: [vitest] No "useNavigate" export is defined on the "react-router-dom" mock. Did you forget to return it from "vi.mock"?
If you need to partially mock a module, you can use "importOriginal" helper inside:

    at VitestMocker.createError (file:///D:/WORK/GITHUB/SENTINEL_AI/sentinel-ai-app/node_modules/vitest/dist/chunks/execute.2pr0rHgK.js:321:19)
    at Object.get (file:///D:/WORK/GITHUB/SENTINEL_AI/sentinel-ai-app/node_modules/vitest/dist/chunks/execute.2pr0rHgK.js:389:22)
    at CommandPalette (D:\WORK\GITHUB\SENTINEL_AI\sentinel-ai-app\src\components\CommandPalette.tsx:24:20)
    at renderWithHooks (D:\WORK\GITHUB\SENTINEL_AI\sentinel-ai-app\node_modules\react-dom\cjs\react-dom.development.js:15486:18)
    at mountIndeterminateComponent (D:\WORK\GITHUB\SENTINEL_AI\sentinel-ai-app\node_modules\react-dom\cjs\react-dom.development.js:20103:13)
    at beginWork (D:\WORK\GITHUB\SENTINEL_AI\sentinel-ai-app\node_modules\react-dom\cjs\react-dom.development.js:21626:16)
    at HTMLUnknownElement.callCallback (D:\WORK\GITHUB\SENTINEL_AI\sentinel-ai-app\node_modules\react-dom\cjs\react-dom.development.js:4164:14)
    at HTMLUnknownElement.callTheUserObjectsOperation (D:\WORK\GITHUB\SENTINEL_AI\sentinel-ai-app\node_modules\jsdom\lib\generated\idl\EventListener.js:26:30)
    at innerInvokeEventListeners (D:\WORK\GITHUB\SENTINEL_AI\sentinel-ai-app\node_modules\jsdom\lib\jsdom\living\events\EventTarget-impl.js:360:16)
    at invokeEventListeners (D:\WORK\GITHUB\SENTINEL_AI\sentinel-ai-app\node_modules\jsdom\lib\jsdom\living\events\EventTarget-impl.js:296:3)
The above error occurred in the <CommandPalette> component:

    at CommandPalette (D:\WORK\GITHUB\SENTINEL_AI\sentinel-ai-app\src\components\CommandPalette.tsx:9:27)
    at main
    at div
    at AppLayout (D:\WORK\GITHUB\SENTINEL_AI\sentinel-ai-app\src\components\AppLayout.tsx:207:41)

Consider adding an error boundary to your tree to customize error handling behavior.
Visit https://reactjs.org/link/error-boundaries to learn more about error boundaries.

stderr | src/components/__tests__/AppLayout.test.tsx > AppLayout тАФ sidebar > calls signOut when sign out button is clicked
Error: [vitest] No "useNavigate" export is defined on the "react-router-dom" mock. Did you forget to return it from "vi.mock"?
If you need to partially mock a module, you can use "importOriginal" helper inside:

    at VitestMocker.createError (file:///D:/WORK/GITHUB/SENTINEL_AI/sentinel-ai-app/node_modules/vitest/dist/chunks/execute.2pr0rHgK.js:321:19)
    at Object.get (file:///D:/WORK/GITHUB/SENTINEL_AI/sentinel-ai-app/node_modules/vitest/dist/chunks/execute.2pr0rHgK.js:389:22)
    at CommandPalette (D:\WORK\GITHUB\SENTINEL_AI\sentinel-ai-app\src\components\CommandPalette.tsx:24:20)
    at renderWithHooks (D:\WORK\GITHUB\SENTINEL_AI\sentinel-ai-app\node_modules\react-dom\cjs\react-dom.development.js:15486:18)
    at mountIndeterminateComponent (D:\WORK\GITHUB\SENTINEL_AI\sentinel-ai-app\node_modules\react-dom\cjs\react-dom.development.js:20103:13)
    at beginWork (D:\WORK\GITHUB\SENTINEL_AI\sentinel-ai-app\node_modules\react-dom\cjs\react-dom.development.js:21626:16)
    at HTMLUnknownElement.callCallback (D:\WORK\GITHUB\SENTINEL_AI\sentinel-ai-app\node_modules\react-dom\cjs\react-dom.development.js:4164:14)
    at HTMLUnknownElement.callTheUserObjectsOperation (D:\WORK\GITHUB\SENTINEL_AI\sentinel-ai-app\node_modules\jsdom\lib\generated\idl\EventListener.js:26:30)
    at innerInvokeEventListeners (D:\WORK\GITHUB\SENTINEL_AI\sentinel-ai-app\node_modules\jsdom\lib\jsdom\living\events\EventTarget-impl.js:360:16)
    at invokeEventListeners (D:\WORK\GITHUB\SENTINEL_AI\sentinel-ai-app\node_modules\jsdom\lib\jsdom\living\events\EventTarget-impl.js:296:3)
Error: [vitest] No "useNavigate" export is defined on the "react-router-dom" mock. Did you forget to return it from "vi.mock"?
If you need to partially mock a module, you can use "importOriginal" helper inside:

    at VitestMocker.createError (file:///D:/WORK/GITHUB/SENTINEL_AI/sentinel-ai-app/node_modules/vitest/dist/chunks/execute.2pr0rHgK.js:321:19)
    at Object.get (file:///D:/WORK/GITHUB/SENTINEL_AI/sentinel-ai-app/node_modules/vitest/dist/chunks/execute.2pr0rHgK.js:389:22)
    at CommandPalette (D:\WORK\GITHUB\SENTINEL_AI\sentinel-ai-app\src\components\CommandPalette.tsx:24:20)
    at renderWithHooks (D:\WORK\GITHUB\SENTINEL_AI\sentinel-ai-app\node_modules\react-dom\cjs\react-dom.development.js:15486:18)
    at mountIndeterminateComponent (D:\WORK\GITHUB\SENTINEL_AI\sentinel-ai-app\node_modules\react-dom\cjs\react-dom.development.js:20103:13)
    at beginWork (D:\WORK\GITHUB\SENTINEL_AI\sentinel-ai-app\node_modules\react-dom\cjs\react-dom.development.js:21626:16)
    at HTMLUnknownElement.callCallback (D:\WORK\GITHUB\SENTINEL_AI\sentinel-ai-app\node_modules\react-dom\cjs\react-dom.development.js:4164:14)
    at HTMLUnknownElement.callTheUserObjectsOperation (D:\WORK\GITHUB\SENTINEL_AI\sentinel-ai-app\node_modules\jsdom\lib\generated\idl\EventListener.js:26:30)
    at innerInvokeEventListeners (D:\WORK\GITHUB\SENTINEL_AI\sentinel-ai-app\node_modules\jsdom\lib\jsdom\living\events\EventTarget-impl.js:360:16)
    at invokeEventListeners (D:\WORK\GITHUB\SENTINEL_AI\sentinel-ai-app\node_modules\jsdom\lib\jsdom\living\events\EventTarget-impl.js:296:3)
The above error occurred in the <CommandPalette> component:

    at CommandPalette (D:\WORK\GITHUB\SENTINEL_AI\sentinel-ai-app\src\components\CommandPalette.tsx:9:27)
    at main
    at div
    at AppLayout (D:\WORK\GITHUB\SENTINEL_AI\sentinel-ai-app\src\components\AppLayout.tsx:207:41)

Consider adding an error boundary to your tree to customize error handling behavior.
Visit https://reactjs.org/link/error-boundaries to learn more about error boundaries.

stderr | src/components/__tests__/AppLayout.test.tsx > AppLayout тАФ header > renders NotificationBell in header
Error: [vitest] No "useNavigate" export is defined on the "react-router-dom" mock. Did you forget to return it from "vi.mock"?
If you need to partially mock a module, you can use "importOriginal" helper inside:

    at VitestMocker.createError (file:///D:/WORK/GITHUB/SENTINEL_AI/sentinel-ai-app/node_modules/vitest/dist/chunks/execute.2pr0rHgK.js:321:19)
    at Object.get (file:///D:/WORK/GITHUB/SENTINEL_AI/sentinel-ai-app/node_modules/vitest/dist/chunks/execute.2pr0rHgK.js:389:22)
    at CommandPalette (D:\WORK\GITHUB\SENTINEL_AI\sentinel-ai-app\src\components\CommandPalette.tsx:24:20)
    at renderWithHooks (D:\WORK\GITHUB\SENTINEL_AI\sentinel-ai-app\node_modules\react-dom\cjs\react-dom.development.js:15486:18)
    at mountIndeterminateComponent (D:\WORK\GITHUB\SENTINEL_AI\sentinel-ai-app\node_modules\react-dom\cjs\react-dom.development.js:20103:13)
    at beginWork (D:\WORK\GITHUB\SENTINEL_AI\sentinel-ai-app\node_modules\react-dom\cjs\react-dom.development.js:21626:16)
    at HTMLUnknownElement.callCallback (D:\WORK\GITHUB\SENTINEL_AI\sentinel-ai-app\node_modules\react-dom\cjs\react-dom.development.js:4164:14)
    at HTMLUnknownElement.callTheUserObjectsOperation (D:\WORK\GITHUB\SENTINEL_AI\sentinel-ai-app\node_modules\jsdom\lib\generated\idl\EventListener.js:26:30)
    at innerInvokeEventListeners (D:\WORK\GITHUB\SENTINEL_AI\sentinel-ai-app\node_modules\jsdom\lib\jsdom\living\events\EventTarget-impl.js:360:16)
    at invokeEventListeners (D:\WORK\GITHUB\SENTINEL_AI\sentinel-ai-app\node_modules\jsdom\lib\jsdom\living\events\EventTarget-impl.js:296:3)
Error: [vitest] No "useNavigate" export is defined on the "react-router-dom" mock. Did you forget to return it from "vi.mock"?
If you need to partially mock a module, you can use "importOriginal" helper inside:

    at VitestMocker.createError (file:///D:/WORK/GITHUB/SENTINEL_AI/sentinel-ai-app/node_modules/vitest/dist/chunks/execute.2pr0rHgK.js:321:19)
    at Object.get (file:///D:/WORK/GITHUB/SENTINEL_AI/sentinel-ai-app/node_modules/vitest/dist/chunks/execute.2pr0rHgK.js:389:22)
    at CommandPalette (D:\WORK\GITHUB\SENTINEL_AI\sentinel-ai-app\src\components\CommandPalette.tsx:24:20)
    at renderWithHooks (D:\WORK\GITHUB\SENTINEL_AI\sentinel-ai-app\node_modules\react-dom\cjs\react-dom.development.js:15486:18)
    at mountIndeterminateComponent (D:\WORK\GITHUB\SENTINEL_AI\sentinel-ai-app\node_modules\react-dom\cjs\react-dom.development.js:20103:13)
    at beginWork (D:\WORK\GITHUB\SENTINEL_AI\sentinel-ai-app\node_modules\react-dom\cjs\react-dom.development.js:21626:16)
    at HTMLUnknownElement.callCallback (D:\WORK\GITHUB\SENTINEL_AI\sentinel-ai-app\node_modules\react-dom\cjs\react-dom.development.js:4164:14)
    at HTMLUnknownElement.callTheUserObjectsOperation (D:\WORK\GITHUB\SENTINEL_AI\sentinel-ai-app\node_modules\jsdom\lib\generated\idl\EventListener.js:26:30)
    at innerInvokeEventListeners (D:\WORK\GITHUB\SENTINEL_AI\sentinel-ai-app\node_modules\jsdom\lib\jsdom\living\events\EventTarget-impl.js:360:16)
    at invokeEventListeners (D:\WORK\GITHUB\SENTINEL_AI\sentinel-ai-app\node_modules\jsdom\lib\jsdom\living\events\EventTarget-impl.js:296:3)
The above error occurred in the <CommandPalette> component:

    at CommandPalette (D:\WORK\GITHUB\SENTINEL_AI\sentinel-ai-app\src\components\CommandPalette.tsx:9:27)
    at main
    at div
    at AppLayout (D:\WORK\GITHUB\SENTINEL_AI\sentinel-ai-app\src\components\AppLayout.tsx:207:41)

Consider adding an error boundary to your tree to customize error handling behavior.
Visit https://reactjs.org/link/error-boundaries to learn more about error boundaries.

stderr | src/components/__tests__/AppLayout.test.tsx > AppLayout тАФ header > renders page title "Dashboard" for "/" path
Error: [vitest] No "useNavigate" export is defined on the "react-router-dom" mock. Did you forget to return it from "vi.mock"?
If you need to partially mock a module, you can use "importOriginal" helper inside:

    at VitestMocker.createError (file:///D:/WORK/GITHUB/SENTINEL_AI/sentinel-ai-app/node_modules/vitest/dist/chunks/execute.2pr0rHgK.js:321:19)
    at Object.get (file:///D:/WORK/GITHUB/SENTINEL_AI/sentinel-ai-app/node_modules/vitest/dist/chunks/execute.2pr0rHgK.js:389:22)
    at CommandPalette (D:\WORK\GITHUB\SENTINEL_AI\sentinel-ai-app\src\components\CommandPalette.tsx:24:20)
    at renderWithHooks (D:\WORK\GITHUB\SENTINEL_AI\sentinel-ai-app\node_modules\react-dom\cjs\react-dom.development.js:15486:18)
    at mountIndeterminateComponent (D:\WORK\GITHUB\SENTINEL_AI\sentinel-ai-app\node_modules\react-dom\cjs\react-dom.development.js:20103:13)
    at beginWork (D:\WORK\GITHUB\SENTINEL_AI\sentinel-ai-app\node_modules\react-dom\cjs\react-dom.development.js:21626:16)
    at HTMLUnknownElement.callCallback (D:\WORK\GITHUB\SENTINEL_AI\sentinel-ai-app\node_modules\react-dom\cjs\react-dom.development.js:4164:14)
    at HTMLUnknownElement.callTheUserObjectsOperation (D:\WORK\GITHUB\SENTINEL_AI\sentinel-ai-app\node_modules\jsdom\lib\generated\idl\EventListener.js:26:30)
    at innerInvokeEventListeners (D:\WORK\GITHUB\SENTINEL_AI\sentinel-ai-app\node_modules\jsdom\lib\jsdom\living\events\EventTarget-impl.js:360:16)
    at invokeEventListeners (D:\WORK\GITHUB\SENTINEL_AI\sentinel-ai-app\node_modules\jsdom\lib\jsdom\living\events\EventTarget-impl.js:296:3)
Error: [vitest] No "useNavigate" export is defined on the "react-router-dom" mock. Did you forget to return it from "vi.mock"?
If you need to partially mock a module, you can use "importOriginal" helper inside:

    at VitestMocker.createError (file:///D:/WORK/GITHUB/SENTINEL_AI/sentinel-ai-app/node_modules/vitest/dist/chunks/execute.2pr0rHgK.js:321:19)
    at Object.get (file:///D:/WORK/GITHUB/SENTINEL_AI/sentinel-ai-app/node_modules/vitest/dist/chunks/execute.2pr0rHgK.js:389:22)
    at CommandPalette (D:\WORK\GITHUB\SENTINEL_AI\sentinel-ai-app\src\components\CommandPalette.tsx:24:20)
    at renderWithHooks (D:\WORK\GITHUB\SENTINEL_AI\sentinel-ai-app\node_modules\react-dom\cjs\react-dom.development.js:15486:18)
    at mountIndeterminateComponent (D:\WORK\GITHUB\SENTINEL_AI\sentinel-ai-app\node_modules\react-dom\cjs\react-dom.development.js:20103:13)
    at beginWork (D:\WORK\GITHUB\SENTINEL_AI\sentinel-ai-app\node_modules\react-dom\cjs\react-dom.development.js:21626:16)
    at HTMLUnknownElement.callCallback (D:\WORK\GITHUB\SENTINEL_AI\sentinel-ai-app\node_modules\react-dom\cjs\react-dom.development.js:4164:14)
    at HTMLUnknownElement.callTheUserObjectsOperation (D:\WORK\GITHUB\SENTINEL_AI\sentinel-ai-app\node_modules\jsdom\lib\generated\idl\EventListener.js:26:30)
    at innerInvokeEventListeners (D:\WORK\GITHUB\SENTINEL_AI\sentinel-ai-app\node_modules\jsdom\lib\jsdom\living\events\EventTarget-impl.js:360:16)
    at invokeEventListeners (D:\WORK\GITHUB\SENTINEL_AI\sentinel-ai-app\node_modules\jsdom\lib\jsdom\living\events\EventTarget-impl.js:296:3)
The above error occurred in the <CommandPalette> component:

    at CommandPalette (D:\WORK\GITHUB\SENTINEL_AI\sentinel-ai-app\src\components\CommandPalette.tsx:9:27)
    at main
    at div
    at AppLayout (D:\WORK\GITHUB\SENTINEL_AI\sentinel-ai-app\src\components\AppLayout.tsx:207:41)

Consider adding an error boundary to your tree to customize error handling behavior.
Visit https://reactjs.org/link/error-boundaries to learn more about error boundaries.

stderr | src/components/__tests__/AppLayout.test.tsx > AppLayout тАФ header > renders page title "AI Assistant" for "/chat" path
Error: [vitest] No "useNavigate" export is defined on the "react-router-dom" mock. Did you forget to return it from "vi.mock"?
If you need to partially mock a module, you can use "importOriginal" helper inside:

    at VitestMocker.createError (file:///D:/WORK/GITHUB/SENTINEL_AI/sentinel-ai-app/node_modules/vitest/dist/chunks/execute.2pr0rHgK.js:321:19)
    at Object.get (file:///D:/WORK/GITHUB/SENTINEL_AI/sentinel-ai-app/node_modules/vitest/dist/chunks/execute.2pr0rHgK.js:389:22)
    at CommandPalette (D:\WORK\GITHUB\SENTINEL_AI\sentinel-ai-app\src\components\CommandPalette.tsx:24:20)
    at renderWithHooks (D:\WORK\GITHUB\SENTINEL_AI\sentinel-ai-app\node_modules\react-dom\cjs\react-dom.development.js:15486:18)
    at mountIndeterminateComponent (D:\WORK\GITHUB\SENTINEL_AI\sentinel-ai-app\node_modules\react-dom\cjs\react-dom.development.js:20103:13)
    at beginWork (D:\WORK\GITHUB\SENTINEL_AI\sentinel-ai-app\node_modules\react-dom\cjs\react-dom.development.js:21626:16)
    at HTMLUnknownElement.callCallback (D:\WORK\GITHUB\SENTINEL_AI\sentinel-ai-app\node_modules\react-dom\cjs\react-dom.development.js:4164:14)
    at HTMLUnknownElement.callTheUserObjectsOperation (D:\WORK\GITHUB\SENTINEL_AI\sentinel-ai-app\node_modules\jsdom\lib\generated\idl\EventListener.js:26:30)
    at innerInvokeEventListeners (D:\WORK\GITHUB\SENTINEL_AI\sentinel-ai-app\node_modules\jsdom\lib\jsdom\living\events\EventTarget-impl.js:360:16)
    at invokeEventListeners (D:\WORK\GITHUB\SENTINEL_AI\sentinel-ai-app\node_modules\jsdom\lib\jsdom\living\events\EventTarget-impl.js:296:3)
Error: [vitest] No "useNavigate" export is defined on the "react-router-dom" mock. Did you forget to return it from "vi.mock"?
If you need to partially mock a module, you can use "importOriginal" helper inside:

    at VitestMocker.createError (file:///D:/WORK/GITHUB/SENTINEL_AI/sentinel-ai-app/node_modules/vitest/dist/chunks/execute.2pr0rHgK.js:321:19)
    at Object.get (file:///D:/WORK/GITHUB/SENTINEL_AI/sentinel-ai-app/node_modules/vitest/dist/chunks/execute.2pr0rHgK.js:389:22)
    at CommandPalette (D:\WORK\GITHUB\SENTINEL_AI\sentinel-ai-app\src\components\CommandPalette.tsx:24:20)
    at renderWithHooks (D:\WORK\GITHUB\SENTINEL_AI\sentinel-ai-app\node_modules\react-dom\cjs\react-dom.development.js:15486:18)
    at mountIndeterminateComponent (D:\WORK\GITHUB\SENTINEL_AI\sentinel-ai-app\node_modules\react-dom\cjs\react-dom.development.js:20103:13)
    at beginWork (D:\WORK\GITHUB\SENTINEL_AI\sentinel-ai-app\node_modules\react-dom\cjs\react-dom.development.js:21626:16)
    at HTMLUnknownElement.callCallback (D:\WORK\GITHUB\SENTINEL_AI\sentinel-ai-app\node_modules\react-dom\cjs\react-dom.development.js:4164:14)
    at HTMLUnknownElement.callTheUserObjectsOperation (D:\WORK\GITHUB\SENTINEL_AI\sentinel-ai-app\node_modules\jsdom\lib\generated\idl\EventListener.js:26:30)
    at innerInvokeEventListeners (D:\WORK\GITHUB\SENTINEL_AI\sentinel-ai-app\node_modules\jsdom\lib\jsdom\living\events\EventTarget-impl.js:360:16)
    at invokeEventListeners (D:\WORK\GITHUB\SENTINEL_AI\sentinel-ai-app\node_modules\jsdom\lib\jsdom\living\events\EventTarget-impl.js:296:3)
The above error occurred in the <CommandPalette> component:

    at CommandPalette (D:\WORK\GITHUB\SENTINEL_AI\sentinel-ai-app\src\components\CommandPalette.tsx:9:27)
    at main
    at div
    at AppLayout (D:\WORK\GITHUB\SENTINEL_AI\sentinel-ai-app\src\components\AppLayout.tsx:207:41)

Consider adding an error boundary to your tree to customize error handling behavior.
Visit https://reactjs.org/link/error-boundaries to learn more about error boundaries.

stderr | src/components/__tests__/AppLayout.test.tsx > AppLayout тАФ header > renders Outlet content area
Error: [vitest] No "useNavigate" export is defined on the "react-router-dom" mock. Did you forget to return it from "vi.mock"?
If you need to partially mock a module, you can use "importOriginal" helper inside:

    at VitestMocker.createError (file:///D:/WORK/GITHUB/SENTINEL_AI/sentinel-ai-app/node_modules/vitest/dist/chunks/execute.2pr0rHgK.js:321:19)
    at Object.get (file:///D:/WORK/GITHUB/SENTINEL_AI/sentinel-ai-app/node_modules/vitest/dist/chunks/execute.2pr0rHgK.js:389:22)
    at CommandPalette (D:\WORK\GITHUB\SENTINEL_AI\sentinel-ai-app\src\components\CommandPalette.tsx:24:20)
    at renderWithHooks (D:\WORK\GITHUB\SENTINEL_AI\sentinel-ai-app\node_modules\react-dom\cjs\react-dom.development.js:15486:18)
    at mountIndeterminateComponent (D:\WORK\GITHUB\SENTINEL_AI\sentinel-ai-app\node_modules\react-dom\cjs\react-dom.development.js:20103:13)
    at beginWork (D:\WORK\GITHUB\SENTINEL_AI\sentinel-ai-app\node_modules\react-dom\cjs\react-dom.development.js:21626:16)
    at HTMLUnknownElement.callCallback (D:\WORK\GITHUB\SENTINEL_AI\sentinel-ai-app\node_modules\react-dom\cjs\react-dom.development.js:4164:14)
    at HTMLUnknownElement.callTheUserObjectsOperation (D:\WORK\GITHUB\SENTINEL_AI\sentinel-ai-app\node_modules\jsdom\lib\generated\idl\EventListener.js:26:30)
    at innerInvokeEventListeners (D:\WORK\GITHUB\SENTINEL_AI\sentinel-ai-app\node_modules\jsdom\lib\jsdom\living\events\EventTarget-impl.js:360:16)
    at invokeEventListeners (D:\WORK\GITHUB\SENTINEL_AI\sentinel-ai-app\node_modules\jsdom\lib\jsdom\living\events\EventTarget-impl.js:296:3)
Error: [vitest] No "useNavigate" export is defined on the "react-router-dom" mock. Did you forget to return it from "vi.mock"?
If you need to partially mock a module, you can use "importOriginal" helper inside:

    at VitestMocker.createError (file:///D:/WORK/GITHUB/SENTINEL_AI/sentinel-ai-app/node_modules/vitest/dist/chunks/execute.2pr0rHgK.js:321:19)
    at Object.get (file:///D:/WORK/GITHUB/SENTINEL_AI/sentinel-ai-app/node_modules/vitest/dist/chunks/execute.2pr0rHgK.js:389:22)
    at CommandPalette (D:\WORK\GITHUB\SENTINEL_AI\sentinel-ai-app\src\components\CommandPalette.tsx:24:20)
    at renderWithHooks (D:\WORK\GITHUB\SENTINEL_AI\sentinel-ai-app\node_modules\react-dom\cjs\react-dom.development.js:15486:18)
    at mountIndeterminateComponent (D:\WORK\GITHUB\SENTINEL_AI\sentinel-ai-app\node_modules\react-dom\cjs\react-dom.development.js:20103:13)
    at beginWork (D:\WORK\GITHUB\SENTINEL_AI\sentinel-ai-app\node_modules\react-dom\cjs\react-dom.development.js:21626:16)
    at HTMLUnknownElement.callCallback (D:\WORK\GITHUB\SENTINEL_AI\sentinel-ai-app\node_modules\react-dom\cjs\react-dom.development.js:4164:14)
    at HTMLUnknownElement.callTheUserObjectsOperation (D:\WORK\GITHUB\SENTINEL_AI\sentinel-ai-app\node_modules\jsdom\lib\generated\idl\EventListener.js:26:30)
    at innerInvokeEventListeners (D:\WORK\GITHUB\SENTINEL_AI\sentinel-ai-app\node_modules\jsdom\lib\jsdom\living\events\EventTarget-impl.js:360:16)
    at invokeEventListeners (D:\WORK\GITHUB\SENTINEL_AI\sentinel-ai-app\node_modules\jsdom\lib\jsdom\living\events\EventTarget-impl.js:296:3)
The above error occurred in the <CommandPalette> component:

    at CommandPalette (D:\WORK\GITHUB\SENTINEL_AI\sentinel-ai-app\src\components\CommandPalette.tsx:9:27)
    at main
    at div
    at AppLayout (D:\WORK\GITHUB\SENTINEL_AI\sentinel-ai-app\src\components\AppLayout.tsx:207:41)

Consider adding an error boundary to your tree to customize error handling behavior.
Visit https://reactjs.org/link/error-boundaries to learn more about error boundaries.

stderr | src/components/__tests__/AppLayout.test.tsx > AppLayout тАФ Scans link > renders Scans nav link pointing to /scans
Error: [vitest] No "useNavigate" export is defined on the "react-router-dom" mock. Did you forget to return it from "vi.mock"?
If you need to partially mock a module, you can use "importOriginal" helper inside:

    at VitestMocker.createError (file:///D:/WORK/GITHUB/SENTINEL_AI/sentinel-ai-app/node_modules/vitest/dist/chunks/execute.2pr0rHgK.js:321:19)
    at Object.get (file:///D:/WORK/GITHUB/SENTINEL_AI/sentinel-ai-app/node_modules/vitest/dist/chunks/execute.2pr0rHgK.js:389:22)
    at CommandPalette (D:\WORK\GITHUB\SENTINEL_AI\sentinel-ai-app\src\components\CommandPalette.tsx:24:20)
    at renderWithHooks (D:\WORK\GITHUB\SENTINEL_AI\sentinel-ai-app\node_modules\react-dom\cjs\react-dom.development.js:15486:18)
    at mountIndeterminateComponent (D:\WORK\GITHUB\SENTINEL_AI\sentinel-ai-app\node_modules\react-dom\cjs\react-dom.development.js:20103:13)
    at beginWork (D:\WORK\GITHUB\SENTINEL_AI\sentinel-ai-app\node_modules\react-dom\cjs\react-dom.development.js:21626:16)
    at HTMLUnknownElement.callCallback (D:\WORK\GITHUB\SENTINEL_AI\sentinel-ai-app\node_modules\react-dom\cjs\react-dom.development.js:4164:14)
    at HTMLUnknownElement.callTheUserObjectsOperation (D:\WORK\GITHUB\SENTINEL_AI\sentinel-ai-app\node_modules\jsdom\lib\generated\idl\EventListener.js:26:30)
    at innerInvokeEventListeners (D:\WORK\GITHUB\SENTINEL_AI\sentinel-ai-app\node_modules\jsdom\lib\jsdom\living\events\EventTarget-impl.js:360:16)
    at invokeEventListeners (D:\WORK\GITHUB\SENTINEL_AI\sentinel-ai-app\node_modules\jsdom\lib\jsdom\living\events\EventTarget-impl.js:296:3)
Error: [vitest] No "useNavigate" export is defined on the "react-router-dom" mock. Did you forget to return it from "vi.mock"?
If you need to partially mock a module, you can use "importOriginal" helper inside:

    at VitestMocker.createError (file:///D:/WORK/GITHUB/SENTINEL_AI/sentinel-ai-app/node_modules/vitest/dist/chunks/execute.2pr0rHgK.js:321:19)
    at Object.get (file:///D:/WORK/GITHUB/SENTINEL_AI/sentinel-ai-app/node_modules/vitest/dist/chunks/execute.2pr0rHgK.js:389:22)
    at CommandPalette (D:\WORK\GITHUB\SENTINEL_AI\sentinel-ai-app\src\components\CommandPalette.tsx:24:20)
    at renderWithHooks (D:\WORK\GITHUB\SENTINEL_AI\sentinel-ai-app\node_modules\react-dom\cjs\react-dom.development.js:15486:18)
    at mountIndeterminateComponent (D:\WORK\GITHUB\SENTINEL_AI\sentinel-ai-app\node_modules\react-dom\cjs\react-dom.development.js:20103:13)
    at beginWork (D:\WORK\GITHUB\SENTINEL_AI\sentinel-ai-app\node_modules\react-dom\cjs\react-dom.development.js:21626:16)
    at HTMLUnknownElement.callCallback (D:\WORK\GITHUB\SENTINEL_AI\sentinel-ai-app\node_modules\react-dom\cjs\react-dom.development.js:4164:14)
    at HTMLUnknownElement.callTheUserObjectsOperation (D:\WORK\GITHUB\SENTINEL_AI\sentinel-ai-app\node_modules\jsdom\lib\generated\idl\EventListener.js:26:30)
    at innerInvokeEventListeners (D:\WORK\GITHUB\SENTINEL_AI\sentinel-ai-app\node_modules\jsdom\lib\jsdom\living\events\EventTarget-impl.js:360:16)
    at invokeEventListeners (D:\WORK\GITHUB\SENTINEL_AI\sentinel-ai-app\node_modules\jsdom\lib\jsdom\living\events\EventTarget-impl.js:296:3)
The above error occurred in the <CommandPalette> component:

    at CommandPalette (D:\WORK\GITHUB\SENTINEL_AI\sentinel-ai-app\src\components\CommandPalette.tsx:9:27)
    at main
    at div
    at AppLayout (D:\WORK\GITHUB\SENTINEL_AI\sentinel-ai-app\src\components\AppLayout.tsx:207:41)

Consider adding an error boundary to your tree to customize error handling behavior.
Visit https://reactjs.org/link/error-boundaries to learn more about error boundaries.

 [31mтЭп[39m src/components/__tests__/AppLayout.test.tsx [2m([22m[2m14 tests[22m[2m | [22m[31m14 failed[39m[2m)[22m[33m 1826[2mms[22m[39m
[31m   [31m├Ч[31m AppLayout тАФ sidebar[2m > [22mrenders "Sentinel AI" brand in sidebar[33m 431[2mms[22m[31m[39m
[31m     тЖТ [vitest] No "useNavigate" export is defined on the "react-router-dom" mock. Did you forget to return it from "vi.mock"?
If you need to partially mock a module, you can use "importOriginal" helper inside:
[39m
[31m   [31m├Ч[31m AppLayout тАФ sidebar[2m > [22mrenders Dashboard nav link[90m 107[2mms[22m[31m[39m
[31m     тЖТ [vitest] No "useNavigate" export is defined on the "react-router-dom" mock. Did you forget to return it from "vi.mock"?
If you need to partially mock a module, you can use "importOriginal" helper inside:
[39m
[31m   [31m├Ч[31m AppLayout тАФ sidebar[2m > [22mrenders AI Assistant nav link[90m 58[2mms[22m[31m[39m
[31m     тЖТ [vitest] No "useNavigate" export is defined on the "react-router-dom" mock. Did you forget to return it from "vi.mock"?
If you need to partially mock a module, you can use "importOriginal" helper inside:
[39m
[31m   [31m├Ч[31m AppLayout тАФ sidebar[2m > [22mrenders Projects nav link[90m 70[2mms[22m[31m[39m
[31m     тЖТ [vitest] No "useNavigate" export is defined on the "react-router-dom" mock. Did you forget to return it from "vi.mock"?
If you need to partially mock a module, you can use "importOriginal" helper inside:
[39m
[31m   [31m├Ч[31m AppLayout тАФ sidebar[2m > [22mrenders Settings nav link[90m 100[2mms[22m[31m[39m
[31m     тЖТ [vitest] No "useNavigate" export is defined on the "react-router-dom" mock. Did you forget to return it from "vi.mock"?
If you need to partially mock a module, you can use "importOriginal" helper inside:
[39m
[31m   [31m├Ч[31m AppLayout тАФ sidebar[2m > [22mrenders user full name in sidebar footer[90m 58[2mms[22m[31m[39m
[31m     тЖТ [vitest] No "useNavigate" export is defined on the "react-router-dom" mock. Did you forget to return it from "vi.mock"?
If you need to partially mock a module, you can use "importOriginal" helper inside:
[39m
[31m   [31m├Ч[31m AppLayout тАФ sidebar[2m > [22mrenders user email in sidebar footer[90m 77[2mms[22m[31m[39m
[31m     тЖТ [vitest] No "useNavigate" export is defined on the "react-router-dom" mock. Did you forget to return it from "vi.mock"?
If you need to partially mock a module, you can use "importOriginal" helper inside:
[39m
[31m   [31m├Ч[31m AppLayout тАФ sidebar[2m > [22mrenders user initials (JD)[90m 171[2mms[22m[31m[39m
[31m     тЖТ [vitest] No "useNavigate" export is defined on the "react-router-dom" mock. Did you forget to return it from "vi.mock"?
If you need to partially mock a module, you can use "importOriginal" helper inside:
[39m
[31m   [31m├Ч[31m AppLayout тАФ sidebar[2m > [22mcalls signOut when sign out button is clicked[90m 226[2mms[22m[31m[39m
[31m     тЖТ [vitest] No "useNavigate" export is defined on the "react-router-dom" mock. Did you forget to return it from "vi.mock"?
If you need to partially mock a module, you can use "importOriginal" helper inside:
[39m
[31m   [31m├Ч[31m AppLayout тАФ header[2m > [22mrenders NotificationBell in header[90m 54[2mms[22m[31m[39m
[31m     тЖТ [vitest] No "useNavigate" export is defined on the "react-router-dom" mock. Did you forget to return it from "vi.mock"?
If you need to partially mock a module, you can use "importOriginal" helper inside:
[39m
[31m   [31m├Ч[31m AppLayout тАФ header[2m > [22mrenders page title "Dashboard" for "/" path[33m 328[2mms[22m[31m[39m
[31m     тЖТ [vitest] No "useNavigate" export is defined on the "react-router-dom" mock. Did you forget to return it from "vi.mock"?
If you need to partially mock a module, you can use "importOriginal" helper inside:
[39m
[31m   [31m├Ч[31m AppLayout тАФ header[2m > [22mrenders page title "AI Assistant" for "/chat" path[90m 57[2mms[22m[31m[39m
[31m     тЖТ [vitest] No "useNavigate" export is defined on the "react-router-dom" mock. Did you forget to return it from "vi.mock"?
If you need to partially mock a module, you can use "importOriginal" helper inside:
[39m
[31m   [31m├Ч[31m AppLayout тАФ header[2m > [22mrenders Outlet content area[90m 26[2mms[22m[31m[39m
[31m     тЖТ [vitest] No "useNavigate" export is defined on the "react-router-dom" mock. Did you forget to return it from "vi.mock"?
If you need to partially mock a module, you can use "importOriginal" helper inside:
[39m
[31m   [31m├Ч[31m AppLayout тАФ Scans link[2m > [22mrenders Scans nav link pointing to /scans[90m 58[2mms[22m[31m[39m
[31m     тЖТ [vitest] No "useNavigate" export is defined on the "react-router-dom" mock. Did you forget to return it from "vi.mock"?
If you need to partially mock a module, you can use "importOriginal" helper inside:
[39m
 [32mтЬУ[39m src/lib/__tests__/agentTools.integration.test.ts [2m([22m[2m8 tests[22m[2m)[22m[90m 19[2mms[22m[39m
 [32mтЬУ[39m src/components/__tests__/VulnerabilityCard.test.tsx [2m([22m[2m8 tests[22m[2m)[22m[33m 365[2mms[22m[39m
 [31mтЭп[39m src/pages/__tests__/Integrations.test.tsx [2m([22m[2m0 test[22m[2m)[22m
 [32mтЬУ[39m src/lib/__tests__/ai-gateway-contract.test.ts [2m([22m[2m8 tests[22m[2m)[22m[90m 41[2mms[22m[39m
stderr | src/components/__tests__/Sparkline.test.tsx > Sparkline > renders correctly for single data point
Warning: Received NaN for the `cx` attribute. If this is expected, cast the value to a string.
    at circle
    at svg
    at Sparkline (D:\WORK\GITHUB\SENTINEL_AI\sentinel-ai-app\src\components\Sparkline.tsx:4:3)

 [32mтЬУ[39m src/components/__tests__/Sparkline.test.tsx [2m([22m[2m10 tests[22m[2m)[22m[33m 370[2mms[22m[39m
 [32mтЬУ[39m src/pages/__tests__/Auth.test.tsx [2m([22m[2m10 tests[22m[2m)[22m[33m 2588[2mms[22m[39m
   [33m[2mтЬУ[22m[39m Auth тАФ Sign In mode (default)[2m > [22mrenders "Welcome back" heading [33m549[2mms[22m[39m
   [33m[2mтЬУ[22m[39m Auth тАФ Sign In mode (default)[2m > [22mrenders "Sign in" submit button [33m420[2mms[22m[39m
   [33m[2mтЬУ[22m[39m Auth тАФ Sign In mode (default)[2m > [22mshows error message on auth failure [33m629[2mms[22m[39m
   [33m[2mтЬУ[22m[39m Auth тАФ Sign In mode (default)[2m > [22mcalls signIn with email and password on form submit [33m469[2mms[22m[39m
 [31mтЭп[39m src/pages/__tests__/AttackSurfaceMap.test.tsx [2m([22m[2m10 tests[22m[2m | [22m[31m2 failed[39m[2m)[22m[33m 3891[2mms[22m[39m
   [33m[2mтЬУ[22m[39m AttackSurfaceMap[2m > [22mrenders "Attack Surface Map" heading [33m414[2mms[22m[39m
   [33m[2mтЬУ[22m[39m AttackSurfaceMap[2m > [22mrenders "Re-layout" button [33m315[2mms[22m[39m
[31m   [31m├Ч[31m AttackSurfaceMap[2m > [22mrenders stat card "Projects"[33m 1047[2mms[22m[31m[39m
[31m     тЖТ Found multiple elements with the text: Projects

Here are the matching elements:

Ignored nodes: comments, script, style
[36m<div[31m
  [33mclass[31m=[32m"text-xs text-slate-500 mb-1"[31m
[36m>[31m
  [0mProjects[0m
[36m</div>[31m

Ignored nodes: comments, script, style
[36m<button[31m
  [33mclass[31m=[32m"text-xs px-2.5 py-1.5 rounded-md border transition capitalize border-slate-800 text-slate-400 hover:border-slate-600 hover:text-white"[31m
[36m>[31m
  [0mProjects[0m
  [36m<span[31m
    [33mclass[31m=[32m"ml-1 text-[10px] opacity-60"[31m
  [36m>[31m
    [0m([0m
    [0m0[0m
    [0m)[0m
  [36m</span>[31m
[36m</button>[31m

(If this is intentional, then use the `*AllBy*` variant of the query (like `queryAllByText`, `getAllByText`, or `findAllByText`)).

Ignored nodes: comments, script, style
[36m<body>[31m
  [36m<div>[31m
    [36m<div[31m
      [33mclass[31m=[32m"p-8 max-w-7xl"[31m
    [36m>[31m
      [36m<div[31m
        [33mclass[31m=[32m"flex items-end justify-between mb-6"[31m
      [36m>[31m
        [36m<div>[31m
          [36m<h1[31m
            [33mclass[31m=[32m"text-3xl font-bold tracking-tight"[31m
          [36m>[31m
            [0mAttack Surface Map[0m
          [36m</h1>[31m
          [36m<p[31m
            [33mclass[31m=[32m"mt-1 text-sm text-slate-500"[31m
          [36m>[31m
            [0mInteractive visualization of your infrastructure risk exposure and vulnerability topology.[0m
          [36m</p>[31m
        [36m</div>[31m
        [36m<div[31m
          [33mclass[31m=[32m"flex items-center gap-2"[31m
        [36m>[31m
          [36m<button[31m
            [33mclass[31m=[32m"inline-flex items-center gap-2 border border-slate-700 hover:border-slate-500 text-slate-300 px-3 py-2 rounded-md text-sm transition"[31m
          [36m>[31m
            [36m<svg[31m
              [33mclass[31m=[32m"lucide lucide-refresh-cw w-3.5 h-3.5"[31m
              [33mfill[31m=[32m"none"[31m
              [33mheight[31m=[32m"24"[31m
              [33mstroke[31m=[32m"currentColor"[31m
              [33mstroke-linecap[31m=[32m"round"[31m
              [33mstroke-linejoin[31m=[32m"round"[31m
              [33mstroke-width[31m=[32m"2"[31m
              [33mviewBox[31m=[32m"0 0 24 24"[31m
              [33mwidth[31m=[32m"24"[31m
              [33mxmlns[31m=[32m"http://www.w3.org/2000/svg"[31m
            [36m>[31m
              [36m<path[31m
                [33md[31m=[32m"M3 12a9 9 0 0 1 9-9 9.75 9.75 0 0 1 6.74 2.74L21 8"[31m
              [36m/>[31m
              [36m<path[31m
                [33md[31m=[32m"M21 3v5h-5"[31m
              [36m/>[31m
              [36m<path[31m
                [33md[31m=[32m"M21 12a9 9 0 0 1-9 9 9.75 9.75 0 0 1-6.74-2.74L3 16"[31m
              [36m/>[31m
              [36m<path[31m
                [33md[31m=[32m"M8 16H3v5"[31m
              [36m/>[31m
            [36m</svg>[31m
            [0m Re-layout[0m
          [36m</button>[31m
        [36m</div>[31m
      [36m</div>[31m
      [36m<div[31m
        [33mclass[31m=[32m"grid grid-cols-3 sm:grid-cols-6 gap-3 mb-6"[31m
      [36m>[31m
        [36m<div[31m
          [33mclass[31m=[32m"rounded-xl border border-slate-800 bg-slate-900/40 p-4"[31m
        [36m>[31m
          [36m<div[31m
            [33mclass[31m=[32m"text-xs text-slate-500 mb-1"[31m
          [36m>[31m
            [0mProjects[0m
          [36m</div>[31m
          [36m<div[31m
            [33mclass[31m=[32m"text-2xl font-bold text-emerald-400"[31m
          [36m>[31m
            [0m0[0m
          [36m</div>[31m
        [36m</div>[31m
        [36m<div[31m
          [33mclass[31m=[32m"rounded-xl border border-slate-800 bg-slate-900/40 p-4"[31m
        [36m>[31m
          [36m<div[31m
            [33mclass[31m=[32m"text-xs text-slate-500 mb-1"[31m
          [36m>[31m
            [0mOpen Findings[0m
          [36m</div>[31m
          [36m<div[31m
            [33mclass[31m=[32m"text-2xl font-bold text-slate-200"[31m
          [36m>[31m
            [0m0[0m
          [36m</div>[31m
        [36m</div>[31m
        [36m<div[31m
          [33mclass[31m=[32m"rounded-xl border border-slate-800 bg-slate-900/40 p-4"[31m
        [36m>[31m
          [36m<div[31m
            [33mclass[31m=[32m"text-xs text-slate-500 mb-1"[31m
          [36m>[31m
            [0mCritical[0m
          [36m</div>[31m
          [36m<div[31m
            [33mclass[31m=[32m"text-2xl font-bold text-red-400"[31m
          [36m>[31m
            [0m0[0m
          [36m</div>[31m
        [36m</div>[31m
        [36m<div[31m
          [33mclass[31m=[32m"rounded-xl border border-slate-800 bg-slate-900/40 p-4"[31m
        [36m>[31m
          [36m<div[31m
            [33mclass[31m=[32m"text-xs text-slate-500 mb-1"[31m
          [36m>[31m
            [0mHigh[0m
          [36m</div>[31m
          [36m<div[31m
            [33mclass[31m=[32m"text-2xl font-bold text-orange-400"[31m
          [36m>[31m
            [0m0[0m
          [36m</div>[31m
        [36m</div>[31m
        [36m<div[31m
          [33mclass[31m=[32m"rounded-xl border border-slate-800 bg-slate-900/40 p-4"[31m
        [36m>[31m
          [36m<div[31m
            [33mclass[31m=[32m"text-xs text-slate-500 mb-1"[31m
          [36m>[31m
            [0mMedium[0m
          [36m</div>[31m
          [36m<div[31m
            [33mclass[31m=[32m"text-2xl font-bold text-yellow-400"[31m
          [36m>[31m
            [0m0[0m
          [36m</div>[31m
        [36m</div>[31m
        [36m<div[31m
          [33mclass[31m=[32m"rounded-xl border border-slate-800 bg-slate-900/40 p-4"[31m
        [36m>[31m
          [36m<div[31m
            [33mclass[31m=[32m"text-xs text-slate-500 mb-1"[31m
          [36m>[31m
            [0mExposed Assets[0m
          [36m</div>[31m
          [36m<div[31m
            [33mclass[31m=[32m"text-2xl font-bold text-sky-400"[31m
          [36m>[31m
            [0m0[0m
          [36m</div>[31m
        [36m</div>[31m
      [36m</div>[31m
      [36m<div[31m
        [33mclass[31m=[32m"flex items-center gap-2 mb-4 flex-wrap"[31m
      [36m>[31m
        [36m<div[31m
          [33mclass[31m=[32m"relative flex-1 max-w-xs"[31m
        [36m>[31m
          [36m<svg[31m
            [33mclass[31m=[32m"lucide lucide-search absolute left-2.5 top-1/2 -translate-y-1/2 w-3.5 h-3.5 text-slate-500 pointer-events-none"[31m
            [33mfill[31m=[32m"none"[31m
            [33mheight[31m=[32m"24"[31m
            [33mstroke[31m=[32m"currentColor"[31m
            [33mstroke-linecap[31m=[32m"round"[31m
            [33mstroke-linejoin[31m=[32m"round"[31m
            [33mstroke-width[31m=[32m"2"[31m
            [33mviewBox[31m=[32m"0 0 24 24"[31m
            [33mwidth[31m=[32m"24"[31m
            [33mxmlns[31m=[32m"http://www.w3.org/2000/svg"[31m
          [36m>[31m
            [36m<circle[31m
              [33mcx[31m=[32m"11"[31m
              [33mcy[31m=[32m"11"[31m
              [33mr[31m=[32m"8"[31m
            [36m/>[31m
            [36m<path[31m
              [33md[31m=[32m"m21 21-4.3-4.3"[31m
            [36m/>[31m
          [36m</svg>[31m
          [36m<input[31m
            [33mclass[31m=[32m"w-full pl-8 pr-3 py-2 bg-slate-900 border border-slate-800 rounded-md text-sm text-white placeholder-slate-500 focus:border-emerald-500 focus:outline-none focus:ring-1 focus:ring-emerald-500/20"[31m
            [33mplaceholder[31m=[32m"Search nodes..."[31m
            [33mvalue...

Ignored nodes: comments, script, style
[36m<html>[31m
  [36m<head />[31m
  [36m<body>[31m
    [36m<div>[31m
      [36m<div[31m
        [33mclass[31m=[32m"p-8 max-w-7xl"[31m
      [36m>[31m
        [36m<div[31m
          [33mclass[31m=[32m"flex items-end justify-between mb-6"[31m
        [36m>[31m
          [36m<div>[31m
            [36m<h1[31m
              [33mclass[31m=[32m"text-3xl font-bold tracking-tight"[31m
            [36m>[31m
              [0mAttack Surface Map[0m
            [36m</h1>[31m
            [36m<p[31m
              [33mclass[31m=[32m"mt-1 text-sm text-slate-500"[31m
            [36m>[31m
              [0mInteractive visualization of your infrastructure risk exposure and vulnerability topology.[0m
            [36m</p>[31m
          [36m</div>[31m
          [36m<div[31m
            [33mclass[31m=[32m"flex items-center gap-2"[31m
          [36m>[31m
            [36m<button[31m
              [33mclass[31m=[32m"inline-flex items-center gap-2 border border-slate-700 hover:border-slate-500 text-slate-300 px-3 py-2 rounded-md text-sm transition"[31m
            [36m>[31m
              [36m<svg[31m
                [33mclass[31m=[32m"lucide lucide-refresh-cw w-3.5 h-3.5"[31m
                [33mfill[31m=[32m"none"[31m
                [33mheight[31m=[32m"24"[31m
                [33mstroke[31m=[32m"currentColor"[31m
                [33mstroke-linecap[31m=[32m"round"[31m
                [33mstroke-linejoin[31m=[32m"round"[31m
                [33mstroke-width[31m=[32m"2"[31m
                [33mviewBox[31m=[32m"0 0 24 24"[31m
                [33mwidth[31m=[32m"24"[31m
                [33mxmlns[31m=[32m"http://www.w3.org/2000/svg"[31m
              [36m>[31m
                [36m<path[31m
                  [33md[31m=[32m"M3 12a9 9 0 0 1 9-9 9.75 9.75 0 0 1 6.74 2.74L21 8"[31m
                [36m/>[31m
                [36m<path[31m
                  [33md[31m=[32m"M21 3v5h-5"[31m
                [36m/>[31m
                [36m<path[31m
                  [33md[31m=[32m"M21 12a9 9 0 0 1-9 9 9.75 9.75 0 0 1-6.74-2.74L3 16"[31m
                [36m/>[31m
                [36m<path[31m
                  [33md[31m=[32m"M8 16H3v5"[31m
                [36m/>[31m
              [36m</svg>[31m
              [0m Re-layout[0m
            [36m</button>[31m
          [36m</div>[31m
        [36m</div>[31m
        [36m<div[31m
          [33mclass[31m=[32m"grid grid-cols-3 sm:grid-cols-6 gap-3 mb-6"[31m
        [36m>[31m
          [36m<div[31m
            [33mclass[31m=[32m"rounded-xl border border-slate-800 bg-slate-900/40 p-4"[31m
          [36m>[31m
            [36m<div[31m
              [33mclass[31m=[32m"text-xs text-slate-500 mb-1"[31m
            [36m>[31m
              [0mProjects[0m
            [36m</div>[31m
            [36m<div[31m
              [33mclass[31m=[32m"text-2xl font-bold text-emerald-400"[31m
            [36m>[31m
              [0m0[0m
            [36m</div>[31m
          [36m</div>[31m
          [36m<div[31m
            [33mclass[31m=[32m"rounded-xl border border-slate-800 bg-slate-900/40 p-4"[31m
          [36m>[31m
            [36m<div[31m
              [33mclass[31m=[32m"text-xs text-slate-500 mb-1"[31m
            [36m>[31m
              [0mOpen Findings[0m
            [36m</div>[31m
            [36m<div[31m
              [33mclass[31m=[32m"text-2xl font-bold text-slate-200"[31m
            [36m>[31m
              [0m0[0m
            [36m</div>[31m
          [36m</div>[31m
          [36m<div[31m
            [33mclass[31m=[32m"rounded-xl border border-slate-800 bg-slate-900/40 p-4"[31m
          [36m>[31m
            [36m<div[31m
              [33mclass[31m=[32m"text-xs text-slate-500 mb-1"[31m
            [36m>[31m
              [0mCritical[0m
            [36m</div>[31m
            [36m<div[31m
              [33mclass[31m=[32m"text-2xl font-bold text-red-400"[31m
            [36m>[31m
              [0m0[0m
            [36m</div>[31m
          [36m</div>[31m
          [36m<div[31m
            [33mclass[31m=[32m"rounded-xl border border-slate-800 bg-slate-900/40 p-4"[31m
          [36m>[31m
            [36m<div[31m
              [33mclass[31m=[32m"text-xs text-slate-500 mb-1"[31m
            [36m>[31m
              [0mHigh[0m
            [36m</div>[31m
            [36m<div[31m
              [33mclass[31m=[32m"text-2xl font-bold text-orange-400"[31m
            [36m>[31m
              [0m0[0m
            [36m</div>[31m
          [36m</div>[31m
          [36m<div[31m
            [33mclass[31m=[32m"rounded-xl border border-slate-800 bg-slate-900/40 p-4"[31m
          [36m>[31m
            [36m<div[31m
              [33mclass[31m=[32m"text-xs text-slate-500 mb-1"[31m
            [36m>[31m
              [0mMedium[0m
            [36m</div>[31m
            [36m<div[31m
              [33mclass[31m=[32m"text-2xl font-bold text-yellow-400"[31m
            [36m>[31m
              [0m0[0m
            [36m</div>[31m
          [36m</div>[31m
          [36m<div[31m
            [33mclass[31m=[32m"rounded-xl border border-slate-800 bg-slate-900/40 p-4"[31m
          [36m>[31m
            [36m<div[31m
              [33mclass[31m=[32m"text-xs text-slate-500 mb-1"[31m
            [36m>[31m
              [0mExposed Assets[0m
            [36m</div>[31m
            [36m<div[31m
              [33mclass[31m=[32m"text-2xl font-bold text-sky-400"[31m
            [36m>[31m
              [0m0[0m
            [36m</div>[31m
          [36m</div>[31m
        [36m</div>[31m
        [36m<div[31m
          [33mclass[31m=[32m"flex items-center gap-2 mb-4 flex-wrap"[31m
        [36m>[31m
          [36m<div[31m
            [33mclass[31m=[32m"relative flex-1 max-w-xs"[31m
          [36m>[31m
            [36m<svg[31m
              [33mclass[31m=[32m"lucide lucide-search absolute left-2.5 top-1/2 -translate-y-1/2 w-3.5 h-3.5 text-slate-500 pointer-events-none"[31m
              [33mfill[31m=[32m"none"[31m
              [33mheight[31m=[32m"24"[31m
              [33mstroke[31m=[32m"currentColor"[31m
              [33mstroke-linecap[31m=[32m"round"[31m
              [33mstroke-linejoin[31m=[32m"round"[31m
              [33mstroke-width[31m=[32m"2"[31m
              [33mviewBox[31m=[32m"0 0 24 24"[31m
              [33mwidth[31m=[32m"24"[31m
              [33mxmlns[31m=[32m"http://www.w3.org/2000/svg"[31m
            [36m>[31m
              [36m<circle[31m
                [33mcx[31m=[32m"11"[31m
                [33mcy[31m=[32m"11"[31m
                [33mr[31m=[32m"8"[31m
              [36m/>[31m
              [36m<path[31m
                [33md[31m=[32m"m21 21-4.3-4.3"[31m
              [36m/>[3...[39m
[31m   [31m├Ч[31m AttackSurfaceMap[2m > [22mrenders stat card "Total Findings"[33m 1068[2mms[22m[31m[39m
[31m     тЖТ Unable to find an element with the text: Total Findings. This could be because the text is broken up by multiple elements. In this case, you can provide a function for your text matcher to make your matcher more flexible.

Ignored nodes: comments, script, style
[36m<body>[31m
  [36m<div>[31m
    [36m<div[31m
      [33mclass[31m=[32m"p-8 max-w-7xl"[31m
    [36m>[31m
      [36m<div[31m
        [33mclass[31m=[32m"flex items-end justify-between mb-6"[31m
      [36m>[31m
        [36m<div>[31m
          [36m<h1[31m
            [33mclass[31m=[32m"text-3xl font-bold tracking-tight"[31m
          [36m>[31m
            [0mAttack Surface Map[0m
          [36m</h1>[31m
          [36m<p[31m
            [33mclass[31m=[32m"mt-1 text-sm text-slate-500"[31m
          [36m>[31m
            [0mInteractive visualization of your infrastructure risk exposure and vulnerability topology.[0m
          [36m</p>[31m
        [36m</div>[31m
        [36m<div[31m
          [33mclass[31m=[32m"flex items-center gap-2"[31m
        [36m>[31m
          [36m<button[31m
            [33mclass[31m=[32m"inline-flex items-center gap-2 border border-slate-700 hover:border-slate-500 text-slate-300 px-3 py-2 rounded-md text-sm transition"[31m
          [36m>[31m
            [36m<svg[31m
              [33mclass[31m=[32m"lucide lucide-refresh-cw w-3.5 h-3.5"[31m
              [33mfill[31m=[32m"none"[31m
              [33mheight[31m=[32m"24"[31m
              [33mstroke[31m=[32m"currentColor"[31m
              [33mstroke-linecap[31m=[32m"round"[31m
              [33mstroke-linejoin[31m=[32m"round"[31m
              [33mstroke-width[31m=[32m"2"[31m
              [33mviewBox[31m=[32m"0 0 24 24"[31m
              [33mwidth[31m=[32m"24"[31m
              [33mxmlns[31m=[32m"http://www.w3.org/2000/svg"[31m
            [36m>[31m
              [36m<path[31m
                [33md[31m=[32m"M3 12a9 9 0 0 1 9-9 9.75 9.75 0 0 1 6.74 2.74L21 8"[31m
              [36m/>[31m
              [36m<path[31m
                [33md[31m=[32m"M21 3v5h-5"[31m
              [36m/>[31m
              [36m<path[31m
                [33md[31m=[32m"M21 12a9 9 0 0 1-9 9 9.75 9.75 0 0 1-6.74-2.74L3 16"[31m
              [36m/>[31m
              [36m<path[31m
                [33md[31m=[32m"M8 16H3v5"[31m
              [36m/>[31m
            [36m</svg>[31m
            [0m Re-layout[0m
          [36m</button>[31m
        [36m</div>[31m
      [36m</div>[31m
      [36m<div[31m
        [33mclass[31m=[32m"grid grid-cols-3 sm:grid-cols-6 gap-3 mb-6"[31m
      [36m>[31m
        [36m<div[31m
          [33mclass[31m=[32m"rounded-xl border border-slate-800 bg-slate-900/40 p-4"[31m
        [36m>[31m
          [36m<div[31m
            [33mclass[31m=[32m"text-xs text-slate-500 mb-1"[31m
          [36m>[31m
            [0mProjects[0m
          [36m</div>[31m
          [36m<div[31m
            [33mclass[31m=[32m"text-2xl font-bold text-emerald-400"[31m
          [36m>[31m
            [0m0[0m
          [36m</div>[31m
        [36m</div>[31m
        [36m<div[31m
          [33mclass[31m=[32m"rounded-xl border border-slate-800 bg-slate-900/40 p-4"[31m
        [36m>[31m
          [36m<div[31m
            [33mclass[31m=[32m"text-xs text-slate-500 mb-1"[31m
          [36m>[31m
            [0mOpen Findings[0m
          [36m</div>[31m
          [36m<div[31m
            [33mclass[31m=[32m"text-2xl font-bold text-slate-200"[31m
          [36m>[31m
            [0m0[0m
          [36m</div>[31m
        [36m</div>[31m
        [36m<div[31m
          [33mclass[31m=[32m"rounded-xl border border-slate-800 bg-slate-900/40 p-4"[31m
        [36m>[31m
          [36m<div[31m
            [33mclass[31m=[32m"text-xs text-slate-500 mb-1"[31m
          [36m>[31m
            [0mCritical[0m
          [36m</div>[31m
          [36m<div[31m
            [33mclass[31m=[32m"text-2xl font-bold text-red-400"[31m
          [36m>[31m
            [0m0[0m
          [36m</div>[31m
        [36m</div>[31m
        [36m<div[31m
          [33mclass[31m=[32m"rounded-xl border border-slate-800 bg-slate-900/40 p-4"[31m
        [36m>[31m
          [36m<div[31m
            [33mclass[31m=[32m"text-xs text-slate-500 mb-1"[31m
          [36m>[31m
            [0mHigh[0m
          [36m</div>[31m
          [36m<div[31m
            [33mclass[31m=[32m"text-2xl font-bold text-orange-400"[31m
          [36m>[31m
            [0m0[0m
          [36m</div>[31m
        [36m</div>[31m
        [36m<div[31m
          [33mclass[31m=[32m"rounded-xl border border-slate-800 bg-slate-900/40 p-4"[31m
        [36m>[31m
          [36m<div[31m
            [33mclass[31m=[32m"text-xs text-slate-500 mb-1"[31m
          [36m>[31m
            [0mMedium[0m
          [36m</div>[31m
          [36m<div[31m
            [33mclass[31m=[32m"text-2xl font-bold text-yellow-400"[31m
          [36m>[31m
            [0m0[0m
          [36m</div>[31m
        [36m</div>[31m
        [36m<div[31m
          [33mclass[31m=[32m"rounded-xl border border-slate-800 bg-slate-900/40 p-4"[31m
        [36m>[31m
          [36m<div[31m
            [33mclass[31m=[32m"text-xs text-slate-500 mb-1"[31m
          [36m>[31m
            [0mExposed Assets[0m
          [36m</div>[31m
          [36m<div[31m
            [33mclass[31m=[32m"text-2xl font-bold text-sky-400"[31m
          [36m>[31m
            [0m0[0m
          [36m</div>[31m
        [36m</div>[31m
      [36m</div>[31m
      [36m<div[31m
        [33mclass[31m=[32m"flex items-center gap-2 mb-4 flex-wrap"[31m
      [36m>[31m
        [36m<div[31m
          [33mclass[31m=[32m"relative flex-1 max-w-xs"[31m
        [36m>[31m
          [36m<svg[31m
            [33mclass[31m=[32m"lucide lucide-search absolute left-2.5 top-1/2 -translate-y-1/2 w-3.5 h-3.5 text-slate-500 pointer-events-none"[31m
            [33mfill[31m=[32m"none"[31m
            [33mheight[31m=[32m"24"[31m
            [33mstroke[31m=[32m"currentColor"[31m
            [33mstroke-linecap[31m=[32m"round"[31m
            [33mstroke-linejoin[31m=[32m"round"[31m
            [33mstroke-width[31m=[32m"2"[31m
            [33mviewBox[31m=[32m"0 0 24 24"[31m
            [33mwidth[31m=[32m"24"[31m
            [33mxmlns[31m=[32m"http://www.w3.org/2000/svg"[31m
          [36m>[31m
            [36m<circle[31m
              [33mcx[31m=[32m"11"[31m
              [33mcy[31m=[32m"11"[31m
              [33mr[31m=[32m"8"[31m
            [36m/>[31m
            [36m<path[31m
              [33md[31m=[32m"m21 21-4.3-4.3"[31m
            [36m/>[31m
          [36m</svg>[31m
          [36m<input[31m
            [33mclass[31m=[32m"w-full pl-8 pr-3 py-2 bg-slate-900 border border-slate-800 rounded-md text-sm text-white placeholder-slate-500 focus:border-emerald-500 focus:outline-none focus:ring-1 focus:ring-emerald-500/20"[31m
            [33mplaceholder[31m=[32m"Search nodes..."[31m
            [33mvalue...

Ignored nodes: comments, script, style
[36m<html>[31m
  [36m<head />[31m
  [36m<body>[31m
    [36m<div>[31m
      [36m<div[31m
        [33mclass[31m=[32m"p-8 max-w-7xl"[31m
      [36m>[31m
        [36m<div[31m
          [33mclass[31m=[32m"flex items-end justify-between mb-6"[31m
        [36m>[31m
          [36m<div>[31m
            [36m<h1[31m
              [33mclass[31m=[32m"text-3xl font-bold tracking-tight"[31m
            [36m>[31m
              [0mAttack Surface Map[0m
            [36m</h1>[31m
            [36m<p[31m
              [33mclass[31m=[32m"mt-1 text-sm text-slate-500"[31m
            [36m>[31m
              [0mInteractive visualization of your infrastructure risk exposure and vulnerability topology.[0m
            [36m</p>[31m
          [36m</div>[31m
          [36m<div[31m
            [33mclass[31m=[32m"flex items-center gap-2"[31m
          [36m>[31m
            [36m<button[31m
              [33mclass[31m=[32m"inline-flex items-center gap-2 border border-slate-700 hover:border-slate-500 text-slate-300 px-3 py-2 rounded-md text-sm transition"[31m
            [36m>[31m
              [36m<svg[31m
                [33mclass[31m=[32m"lucide lucide-refresh-cw w-3.5 h-3.5"[31m
                [33mfill[31m=[32m"none"[31m
                [33mheight[31m=[32m"24"[31m
                [33mstroke[31m=[32m"currentColor"[31m
                [33mstroke-linecap[31m=[32m"round"[31m
                [33mstroke-linejoin[31m=[32m"round"[31m
                [33mstroke-width[31m=[32m"2"[31m
                [33mviewBox[31m=[32m"0 0 24 24"[31m
                [33mwidth[31m=[32m"24"[31m
                [33mxmlns[31m=[32m"http://www.w3.org/2000/svg"[31m
              [36m>[31m
                [36m<path[31m
                  [33md[31m=[32m"M3 12a9 9 0 0 1 9-9 9.75 9.75 0 0 1 6.74 2.74L21 8"[31m
                [36m/>[31m
                [36m<path[31m
                  [33md[31m=[32m"M21 3v5h-5"[31m
                [36m/>[31m
                [36m<path[31m
                  [33md[31m=[32m"M21 12a9 9 0 0 1-9 9 9.75 9.75 0 0 1-6.74-2.74L3 16"[31m
                [36m/>[31m
                [36m<path[31m
                  [33md[31m=[32m"M8 16H3v5"[31m
                [36m/>[31m
              [36m</svg>[31m
              [0m Re-layout[0m
            [36m</button>[31m
          [36m</div>[31m
        [36m</div>[31m
        [36m<div[31m
          [33mclass[31m=[32m"grid grid-cols-3 sm:grid-cols-6 gap-3 mb-6"[31m
        [36m>[31m
          [36m<div[31m
            [33mclass[31m=[32m"rounded-xl border border-slate-800 bg-slate-900/40 p-4"[31m
          [36m>[31m
            [36m<div[31m
              [33mclass[31m=[32m"text-xs text-slate-500 mb-1"[31m
            [36m>[31m
              [0mProjects[0m
            [36m</div>[31m
            [36m<div[31m
              [33mclass[31m=[32m"text-2xl font-bold text-emerald-400"[31m
            [36m>[31m
              [0m0[0m
            [36m</div>[31m
          [36m</div>[31m
          [36m<div[31m
            [33mclass[31m=[32m"rounded-xl border border-slate-800 bg-slate-900/40 p-4"[31m
          [36m>[31m
            [36m<div[31m
              [33mclass[31m=[32m"text-xs text-slate-500 mb-1"[31m
            [36m>[31m
              [0mOpen Findings[0m
            [36m</div>[31m
            [36m<div[31m
              [33mclass[31m=[32m"text-2xl font-bold text-slate-200"[31m
            [36m>[31m
              [0m0[0m
            [36m</div>[31m
          [36m</div>[31m
          [36m<div[31m
            [33mclass[31m=[32m"rounded-xl border border-slate-800 bg-slate-900/40 p-4"[31m
          [36m>[31m
            [36m<div[31m
              [33mclass[31m=[32m"text-xs text-slate-500 mb-1"[31m
            [36m>[31m
              [0mCritical[0m
            [36m</div>[31m
            [36m<div[31m
              [33mclass[31m=[32m"text-2xl font-bold text-red-400"[31m
            [36m>[31m
              [0m0[0m
            [36m</div>[31m
          [36m</div>[31m
          [36m<div[31m
            [33mclass[31m=[32m"rounded-xl border border-slate-800 bg-slate-900/40 p-4"[31m
          [36m>[31m
            [36m<div[31m
              [33mclass[31m=[32m"text-xs text-slate-500 mb-1"[31m
            [36m>[31m
              [0mHigh[0m
            [36m</div>[31m
            [36m<div[31m
              [33mclass[31m=[32m"text-2xl font-bold text-orange-400"[31m
            [36m>[31m
              [0m0[0m
            [36m</div>[31m
          [36m</div>[31m
          [36m<div[31m
            [33mclass[31m=[32m"rounded-xl border border-slate-800 bg-slate-900/40 p-4"[31m
          [36m>[31m
            [36m<div[31m
              [33mclass[31m=[32m"text-xs text-slate-500 mb-1"[31m
            [36m>[31m
              [0mMedium[0m
            [36m</div>[31m
            [36m<div[31m
              [33mclass[31m=[32m"text-2xl font-bold text-yellow-400"[31m
            [36m>[31m
              [0m0[0m
            [36m</div>[31m
          [36m</div>[31m
          [36m<div[31m
            [33mclass[31m=[32m"rounded-xl border border-slate-800 bg-slate-900/40 p-4"[31m
          [36m>[31m
            [36m<div[31m
              [33mclass[31m=[32m"text-xs text-slate-500 mb-1"[31m
            [36m>[31m
              [0mExposed Assets[0m
            [36m</div>[31m
            [36m<div[31m
              [33mclass[31m=[32m"text-2xl font-bold text-sky-400"[31m
            [36m>[31m
              [0m0[0m
            [36m</div>[31m
          [36m</div>[31m
        [36m</div>[31m
        [36m<div[31m
          [33mclass[31m=[32m"flex items-center gap-2 mb-4 flex-wrap"[31m
        [36m>[31m
          [36m<div[31m
            [33mclass[31m=[32m"relative flex-1 max-w-xs"[31m
          [36m>[31m
            [36m<svg[31m
              [33mclass[31m=[32m"lucide lucide-search absolute left-2.5 top-1/2 -translate-y-1/2 w-3.5 h-3.5 text-slate-500 pointer-events-none"[31m
              [33mfill[31m=[32m"none"[31m
              [33mheight[31m=[32m"24"[31m
              [33mstroke[31m=[32m"currentColor"[31m
              [33mstroke-linecap[31m=[32m"round"[31m
              [33mstroke-linejoin[31m=[32m"round"[31m
              [33mstroke-width[31m=[32m"2"[31m
              [33mviewBox[31m=[32m"0 0 24 24"[31m
              [33mwidth[31m=[32m"24"[31m
              [33mxmlns[31m=[32m"http://www.w3.org/2000/svg"[31m
            [36m>[31m
              [36m<circle[31m
                [33mcx[31m=[32m"11"[31m
                [33mcy[31m=[32m"11"[31m
                [33mr[31m=[32m"8"[31m
              [36m/>[31m
              [36m<path[31m
                [33md[31m=[32m"m21 21-4.3-4.3"[31m
              [36m/>[3...[39m
   [33m[2mтЬУ[22m[39m AttackSurfaceMap[2m > [22mrenders project nodes when projects are loaded [33m303[2mms[22m[39m
   [33m[2mтЬУ[22m[39m AttackSurfaceMap[2m > [22mclicking "Re-layout" does not throw [33m550[2mms[22m[39m
 [31mтЭп[39m src/pages/__tests__/Landing.test.tsx [2m([22m[2m0 test[22m[2m)[22m
 [32mтЬУ[39m src/pages/__tests__/PublicReport.test.tsx [2m([22m[2m5 tests[22m[2m)[22m[33m 1333[2mms[22m[39m
   [33m[2mтЬУ[22m[39m PublicReport[2m > [22mrenders "Markdown" download button when report found [33m915[2mms[22m[39m
 [32mтЬУ[39m src/lib/__tests__/agentToolsPure.test.ts [2m([22m[2m11 tests[22m[2m)[22m[90m 12[2mms[22m[39m
 [32mтЬУ[39m src/lib/__tests__/scanMock.test.ts [2m([22m[2m8 tests[22m[2m)[22m[90m 13[2mms[22m[39m
 [32mтЬУ[39m src/lib/__tests__/aiMock.test.ts [2m([22m[2m10 tests[22m[2m)[22m[90m 11[2mms[22m[39m
 [32mтЬУ[39m src/lib/__tests__/ai-gateway-rate-limit.test.ts [2m([22m[2m3 tests[22m[2m)[22m[90m 11[2mms[22m[39m
 [32mтЬУ[39m src/lib/__tests__/threatIntel.test.ts [2m([22m[2m9 tests[22m[2m)[22m[90m 8[2mms[22m[39m
 [32mтЬУ[39m src/pages/__tests__/PassiveRecon.test.tsx [2m([22m[2m10 tests[22m[2m)[22m[33m 6497[2mms[22m[39m
   [33m[2mтЬУ[22m[39m ActiveRecon (PassiveRecon)[2m > [22mrenders "Active Reconnaissance (Deep Nmap)" heading [33m419[2mms[22m[39m
   [33m[2mтЬУ[22m[39m ActiveRecon (PassiveRecon)[2m > [22mrenders "Start Active Recon" button disabled when input is empty [33m488[2mms[22m[39m
   [33m[2mтЬУ[22m[39m ActiveRecon (PassiveRecon)[2m > [22mshows scan complete message after scan finishes [33m5121[2mms[22m[39m
 [32mтЬУ[39m src/components/__tests__/ExecutionConsole.test.tsx [2m([22m[2m8 tests[22m[2m)[22m[33m 919[2mms[22m[39m
   [33m[2mтЬУ[22m[39m ExecutionConsole тАФ static render[2m > [22mrenders the terminal title [33m500[2mms[22m[39m
 [31mтЭп[39m src/pages/__tests__/NotFound.test.tsx [2m([22m[2m5 tests[22m[2m | [22m[31m1 failed[39m[2m)[22m[33m 1352[2mms[22m[39m
[31m   [31m├Ч[31m NotFound[2m > [22mrenders "The page you are looking for" description[90m 44[2mms[22m[31m[39m
[31m     тЖТ Unable to find an element with the text: /The page you are looking for/i. This could be because the text is broken up by multiple elements. In this case, you can provide a function for your text matcher to make your matcher more flexible.

Ignored nodes: comments, script, style
[36m<body>[31m
  [36m<div>[31m
    [36m<div[31m
      [33mclass[31m=[32m"min-h-screen bg-slate-950 text-slate-100 flex items-center justify-center p-6"[31m
    [36m>[31m
      [36m<div[31m
        [33mclass[31m=[32m"text-center max-w-2xl"[31m
      [36m>[31m
        [36m<div[31m
          [33mclass[31m=[32m"w-20 h-20 rounded-2xl bg-gradient-to-br from-amber-500/20 to-red-500/20 border border-amber-500/30 flex items-center justify-center mx-auto mb-6"[31m
        [36m>[31m
          [36m<svg[31m
            [33mclass[31m=[32m"lucide lucide-shield-alert w-10 h-10 text-amber-500 animate-pulse"[31m
            [33mfill[31m=[32m"none"[31m
            [33mheight[31m=[32m"24"[31m
            [33mstroke[31m=[32m"currentColor"[31m
            [33mstroke-linecap[31m=[32m"round"[31m
            [33mstroke-linejoin[31m=[32m"round"[31m
            [33mstroke-width[31m=[32m"2"[31m
            [33mviewBox[31m=[32m"0 0 24 24"[31m
            [33mwidth[31m=[32m"24"[31m
            [33mxmlns[31m=[32m"http://www.w3.org/2000/svg"[31m
          [36m>[31m
            [36m<path[31m
              [33md[31m=[32m"M20 13c0 5-3.5 7.5-7.66 8.95a1 1 0 0 1-.67-.01C7.5 20.5 4 18 4 13V6a1 1 0 0 1 1-1c2 0 4.5-1.2 6.24-2.72a1.17 1.17 0 0 1 1.52 0C14.51 3.81 17 5 19 5a1 1 0 0 1 1 1z"[31m
            [36m/>[31m
            [36m<path[31m
              [33md[31m=[32m"M12 8v4"[31m
            [36m/>[31m
            [36m<path[31m
              [33md[31m=[32m"M12 16h.01"[31m
            [36m/>[31m
          [36m</svg>[31m
        [36m</div>[31m
        [36m<h1[31m
          [33mclass[31m=[32m"text-5xl lg:text-6xl font-black mb-3 text-white"[31m
        [36m>[31m
          [0m404[0m
        [36m</h1>[31m
        [36m<h2[31m
          [33mclass[31m=[32m"text-2xl font-bold mb-2 text-white"[31m
        [36m>[31m
          [0mThreat Not Found[0m
        [36m</h2>[31m
        [36m<p[31m
          [33mclass[31m=[32m"text-slate-400 mb-2 text-lg"[31m
        [36m>[31m
          [0mLike a well-hidden vulnerability, this page has evaded detection.[0m
        [36m</p>[31m
        [36m<p[31m
          [33mclass[31m=[32m"text-slate-500 text-sm mb-8"[31m
        [36m>[31m
          [0mThe URL you are trying to reach either doesn't exist or has been patched.[0m
        [36m</p>[31m
        [36m<div[31m
          [33mclass[31m=[32m"flex flex-col sm:flex-row items-center justify-center gap-3 mb-12"[31m
        [36m>[31m
          [36m<button[31m
            [33mclass[31m=[32m"inline-flex items-center justify-center gap-2 px-6 py-2.5 rounded-lg border border-slate-700 hover:border-slate-500 text-slate-300 hover:text-white font-medium transition"[31m
          [36m>[31m
            [36m<svg[31m
              [33mclass[31m=[32m"lucide lucide-arrow-left w-4 h-4"[31m
              [33mfill[31m=[32m"none"[31m
              [33mheight[31m=[32m"24"[31m
              [33mstroke[31m=[32m"currentColor"[31m
              [33mstroke-linecap[31m=[32m"round"[31m
              [33mstroke-linejoin[31m=[32m"round"[31m
              [33mstroke-width[31m=[32m"2"[31m
              [33mviewBox[31m=[32m"0 0 24 24"[31m
              [33mwidth[31m=[32m"24"[31m
              [33mxmlns[31m=[32m"http://www.w3.org/2000/svg"[31m
            [36m>[31m
              [36m<path[31m
                [33md[31m=[32m"m12 19-7-7 7-7"[31m
              [36m/>[31m
              [36m<path[31m
                [33md[31m=[32m"M19 12H5"[31m
              [36m/>[31m
            [36m</svg>[31m
            [0m Go Back[0m
          [36m</button>[31m
          [36m<a[31m
            [33mclass[31m=[32m"inline-flex items-center justify-center gap-2 px-6 py-2.5 rounded-lg bg-emerald-500 hover:bg-emerald-400 text-slate-950 font-bold transition-all shadow-lg shadow-emerald-500/20"[31m
            [33mhref[31m=[32m"/"[31m
          [36m>[31m
            [36m<svg[31m
              [33mclass[31m=[32m"lucide lucide-home w-4 h-4"[31m
              [33mfill[31m=[32m"none"[31m
              [33mheight[31m=[32m"24"[31m
              [33mstroke[31m=[32m"currentColor"[31m
              [33mstroke-linecap[31m=[32m"round"[31m
              [33mstroke-linejoin[31m=[32m"round"[31m
              [33mstroke-width[31m=[32m"2"[31m
              [33mviewBox[31m=[32m"0 0 24 24"[31m
              [33mwidth[31m=[32m"24"[31m
              [33mxmlns[31m=[32m"http://www.w3.org/2000/svg"[31m
            [36m>[31m
              [36m<path[31m
                [33md[31m=[32m"m3 9 9-7 9 7v11a2 2 0 0 1-2 2H5a2 2 0 0 1-2-2z"[31m
              [36m/>[31m
              [36m<polyline[31m
                [33mpoints[31m=[32m"9 22 9 12 15 12 15 22"[31m
              [36m/>[31m
            [36m</svg>[31m
            [0m Return to Dashboard[0m
          [36m</a>[31m
        [36m</div>[31m
        [36m<div>[31m
          [36m<p[31m
            [33mclass[31m=[32m"text-xs text-slate-600 font-semibold uppercase tracking-wide mb-3"[31m
          [36m>[31m
            [0mQuick navigation[0m
          [36m</p>[31m
          [36m<div[31m
            [33mclass[31m=[32m"grid grid-cols-2 sm:grid-cols-5 gap-3"[31m
          [36m>[31m
            [36m<a[31m
              [33mclass[31m=[32m"group px-3 py-2.5 rounded-lg border border-slate-800 hover:border-emerald-500/50 hover:bg-slate-900/50 transition flex flex-col items-center gap-1.5"[31m
              [33mhref[31m=[32m"/"[31m
            [36m>[31m
              [36m<svg[31m
                [33mclass[31m=[32m"lucide lucide-home w-4 h-4 text-slate-500 group-hover:text-emerald-400 transition"[31m
                [33mfill[31m=[32m"none"[31m
                [33mheight[31m=[32m"24"[31m
                [33mstroke[31m=[32m"currentColor"[31m
                [33mstroke-linecap[31m=[32m"round"[31m
                [33mstroke-linejoin[31m=[32m"round"[31m
                [33mstroke-width[31m=[32m"2"[31m
                [33mviewBox[31m=[32m"0 0 24 24"[31m
                [33mwidth[31m=[32m"24"[31m
                [33mxmlns[31m=[32m"http://www.w3.org/2000/svg"[31m
              [36m>[31m
                [36m<path[31m
                  [33md[31m=[32m"m3 9 9-7 9 7v11a2 2 0 0 1-2 2H5a2 2 0 0 1-2-2z"[31m
                [36m/>[31m
                [36m<polyline[31m
                  [33mpoints[31m=[32m"9 22 9 12 15 12 15 22"[31m
                [36m/>[31m
              [36m</svg>[31m
              [36m<span[31m
                [33mclass[31m=[32m"text-xs text-slate-400 group-hover:text-white transition"[31m
              [36m>[31m
                [0mDashboard[0m
              [36m</span>[31m
            [36m</a>[31m
            [36m<a[31m
              [33mclass[31m=[32m"group px-3 py-2.5 rounded-lg border border-slate-800 hover:border-emerald-500/50 hover:bg-slate-900/50 transition flex flex-col items-center gap-1.5"[31m
              [33mhref[31m=[32m"/projects"[31m
            [36m>[31m
              [36m<svg[31m
                [33mclass[31m=[32m"lucide lucide-navigation w-4 h-4 text-slate-500 group-hover:text-emerald-400 transition"[31m
                [33mfill[31m=[32m"none"[31m
                [33mheight[31m=[32m"24"[31m
                [33mstroke[31m=[32m"currentColor"[31m
                [33mstroke-linecap[31m=[32m"round"[31m
                [33mstroke-linejoin[31m=[32m"round"[31m
                [33mstroke-width[31m=[32m"2"[31m
                [33mviewBox[31m=[32m"0 0 24 24"[31m
                [33mwidth[31m=[32m"24"[31m
                [33mxmlns[31m=[32m"http://www.w3.org/2000/svg"[31m
              [36m>[31m
                [36m<polygon[31m
                  [33mpoints[31m=[32m"3 11 22 2 13 21 11 13 3 11"[31m
                [36m/>[31m
              [36m</svg>[31m
              [36m<span[31m
                [33mclass[31m=[32m"text-xs text-slate-400 group-hover:text-white transition"[31m
              [36m>[31m
                [0mProjects[0m
              [36m</span>[31m
            [36m</a>[31m
            [36m<a[31m
              [33mclass[31m=[32m"group px-3 py-2.5 rounded-lg border border-slate-800 hover:border-emerald-500/50 hover:bg-slate-900/50 transition flex flex-col items-center gap-1.5"[31m
              [33mhref[31m=[32m"/scans"[31m
            [36m>[31m
              [36m<svg[31m
                [33mclass[31m=[32m"lucide lucide-bar-chart3 w-4 h-4 text-slate-500 group-hover:text-emerald-400 transition"[31m
                [33mfill[31m=[32m"none"[31m
                [33mheight[31m=[32m"24"[31m
                [33mstroke[31m=[32m"currentColor"[31m
                [33mstroke-linecap[31m=[32m"round"[31m
                [33mstroke-linejoin[31m=[32m"round"[31m
                [33mstroke-width[31m=[32m"2"[31m
                [33mviewBox[31m=[32m"0 0 24 24"[31m
                [33mwidth[31m=[32m"24"[31m
                [33mxmlns[31m=[32m"http://www.w3.org/2000/svg"[31m
              [36m>[31m
                [36m<path[31m
                  [33md[31m=[32m"M3 3v18h18"[31m
                [36m/>[31m
                [36m<path[31m
                  [33md[31m=[32m"M18 17V9"[31m
                [36m/>[31m
                [36m<path[31m
                  [33md[31m=[32m"M13 17V5"[31m
                [36m/>[31m
                [36m<path[31m
                  [33md[31m=[32m"M8 17v-3"[31m
                [36m/>[31m
              [36m</svg>[31m
              [36m<span[31m
                [33mclass[31m=[32m"text-xs text-slate-400 group-hover:text-white transition"[31m
              [36m>[31m
                [0mScans[0m
              [36m</span>[31m
            [36m</a>[31m
            [36m<a[31m
              [33mclass[31m=[32m"group px-3 py-2.5 rounded-lg border border-slate-800 hover:border-emerald-500/50 hover:bg-slate-900/50 transition flex flex-col items-center gap-1.5"[31m
              [33mhref[31m=[32m"/reports"[31m
            [36m>[31m
              [36m<svg[31m
                [33mclass[31m=[32m"lucide lucide-file-text w-4 h-4 text-slate-500 group-hover:text-emerald-400 transition"[31m
                [33mfill[31m=[32m"none"[31m
                [33mheight[31m=[32m"24"[31m
                [33mstroke[31m=[32m"currentColor"[31m
                [33mstroke-linecap[31m=[32m"round"[31m
                [33mstroke-linejoin[31m=[32m"round"[31m
                [33mstroke-width[31m=[32m"2"[31m
                [33mviewBox[31m=[32m"0 0 24 24"[31m
                [33mwidth[31m=[32m"24"[31m
                [33mxmlns[31m=[32m"http://www.w3.org/2000/svg"[31m
              [36m>[31m
                [36m<path[31m
                  [33md[31m=[32m"M15 2H6a2 2 0 0 0-2 2v16a2 2 0 0 0 2 2h12a2 2 0 0 0 2-2V7Z"[31m
                [36m/>[31m
                [36m<path[31m
                  [33md[31m=[32m"M14 2v4a2 2 0 0 0 2 2h4"[31m
                [36m/>[31m
                [36m<path[31m
                  [33md[31m=[32m"M10 9H8"[31m
                [36m/>[31m
                [36m<path[31m
                  [33md[31m=[32m"M16 13H8"[31m
                [36m/>[31m
                [36m<path[31m
                  [33md[31m=[32m"M16 17H8"[31m
                [36m/>[31m
              [36m</svg>[31m
              [36m<span[31m
                [33mclass[31m=[32m"text-xs text-slate-400 group-hover:text-white transition"[31m
              [36m>[31m
                [0mReports[0m
              [36m</span>[31m
            [36m</a>[31m
            [36m<a[31m
              [33mclass[31m=[32m"group px-3 py-2.5 rounded-lg border border-slate-800 hover:border-emerald-500/50 hover:bg-slate-900/50 transition flex flex-col items-center gap-1.5"[31m
              [33mhref[31m=[32m"/settings"[31m
            [36m>[31m
              [36m<svg[31m
                [33mclass[31m=[32m"lucide lucide-settings w-4 h-4 text-slate-500 group-hover:text-emerald-400 transition"[31m
                [33mfill[31m=[32m"none"[31m
                [33mheight[31m=[32m"24"[31m
                [33mstroke[31m=[32m"currentColor"[31m
                [33mstroke-linecap[31m=[32m"round"[31m
                [33mstroke-linejoin[31m=[32m"round"[31m
                [33mstroke-width[31m=[32m"2"[31m
                [33mviewBox[31m=[32m"0 0 24 24"[31m
                [33mwidth[31m=[32m"24"[31m
                [33mxmlns[31m=[32m"http://www.w3.org/2000/svg"[31m
              [36m>[31m
                [36m<path[31m
                  [33md[31m=[32m"M12.22 2h-.44a2 2 0 0 0-2 2v.18a2 2 0 0 1-1 1.73l-.43.25a2 2 0 0 1-2 0l-.15-.08a2 2 0 0 0-2.73.73l-.22.38a2 2 0 0 0 .73 2.73l.15.1a2 2 0 0 1 1 1.72v.51a2 2 0 0 1-1 1.74l-.15.09a2 2 0 0 0-.73 2.73l.22.38a2 2 0 0 0 2.73.73l.15-.08a2 2 0 0 1 2 0l.43.25a2 2 0 0 1 1 1.73V20a2 2 0 0 0 2 2h.44a2 2 0 0 0 2-2v-.18a2 2 0 0 1 1-1.73l.43-.25a2 2 0 0 1 2 0l.15.08a2 2 0 0 0 2.73-.73l.22-.39a2 2 0 0 0-.73-2.73l-.15-.08a2 2 0 0 1-1-1.74v-.5a2 2 0 0 1 1-1.74l.15-.09a2 2 0 0 0 .73-2.73l-.22-.38a2 2 0 0 0-2.73-.73l-.15.08a2 2 0 0 1-2 0l-.43-.25a2 2 0 0 1-1-1.73V4a2 2 0 0 0-2-2z"[31m
                [36m/>[31m
                [36m<circle[31m
                  [33mcx[31m=[32m"12"[31m
                  [33mcy[31m=[32m"12"[31m
                  [33mr[31m=[32m"3"[31m
                [36m/>[31m
              [36m</svg>[31m
              [36m<span[31m
                [33mclass[31m=[32m"text-xs text-slate-400 group-hover:text-white transition"[31m
              [36m>[31m
                [0mSettings[0m
              [36m</span>[31m
            [36m</a>[31m
          [36m</div>[31m
        [36m</div>[31m
        [36m<p[31m
          [33mclass[31m=[32m"mt-12 text-xs text-slate-600 flex items-center justify-center gap-1.5"[31m
        [36m>[31m
          [36m<svg[31m
            [33mclass[31m=[32m"lucide lucide-shield w-3 h-3"[31m
            [33mfill[31m=[32m"none"[31m
            [33mheight[31m=[32m"24"[31m
            [33mstroke[31m=[32m"currentColor"[31m
            [33mstroke-linecap[31m=[32m"round"[31m
            [33mstroke-linejoin[31m=[32m"round"[31m
            [33mstroke-width[31m=[32m"2"[31m
            [33mviewBox[31m=[32m"0 0 24 24"[31m
            [33mwidth[31m=[32m"24"[31m
            [33mxmlns[31m=[32m"http://www.w3.org/2000/svg"[31m
          [36m>[31m
            [36m<path[31m
              [33md[31m=[32m"M20 13c0 5-3.5 7.5-7.66 8.95a1 1 0 0 1-.67-.01C7.5 20.5 4 18 4 13V6a1 1 0 0 1 1-1c2 0 4.5-1.2 6.24-2.72a1.17 1.17 0 0 1 1.52 0C14.51 3.81 17 5 19 5a1 1 0 0 1 1 1z"[31m
            [36m/>[31m
          [36m</svg>[31m
          [0mNeed help? Check our[0m
          [0m [0m
          [36m<a[31m
            [33mclass[31m=[32m"text-emerald-400 hover:text-emerald-300"[31m
            [33mhref[31m=[32m"/auth"[31m
          [36m>[31m
            [0msupport[0m
          [36m</a>[31m
        [36m</p>[31m
      [36m</div>[31m
    [36m</div>[31m
  [36m</div>[31m
[36m</body>[31m[39m
   [33m[2mтЬУ[22m[39m NotFound[2m > [22mrenders "Return to Dashboard" link [33m829[2mms[22m[39m
stderr | src/pages/__tests__/Compliance.test.tsx > Compliance > renders loading state initially
Warning: An update to Compliance inside a test was not wrapped in act(...).

When testing, code that causes React state updates should be wrapped into act(...):

act(() => {
  /* fire events that update state */
});
/* assert on the output */

This ensures that you're testing the behavior the user would see in the browser. Learn more at https://reactjs.org/link/wrap-tests-with-act
    at Compliance (D:\WORK\GITHUB\SENTINEL_AI\sentinel-ai-app\src\pages\Compliance.tsx:19:51)
Warning: An update to Compliance inside a test was not wrapped in act(...).

When testing, code that causes React state updates should be wrapped into act(...):

act(() => {
  /* fire events that update state */
});
/* assert on the output */

This ensures that you're testing the behavior the user would see in the browser. Learn more at https://reactjs.org/link/wrap-tests-with-act
    at Compliance (D:\WORK\GITHUB\SENTINEL_AI\sentinel-ai-app\src\pages\Compliance.tsx:19:51)

 [32mтЬУ[39m src/pages/__tests__/Compliance.test.tsx [2m([22m[2m10 tests[22m[2m)[22m[33m 2430[2mms[22m[39m
   [33m[2mтЬУ[22m[39m Compliance[2m > [22mrenders "Compliance" heading after data loads [33m887[2mms[22m[39m
   [33m[2mтЬУ[22m[39m Compliance[2m > [22mrenders description about automated mapping [33m354[2mms[22m[39m
 [32mтЬУ[39m src/pages/__tests__/ApiDocs.test.tsx [2m([22m[2m7 tests[22m[2m)[22m[33m 1775[2mms[22m[39m
   [33m[2mтЬУ[22m[39m ApiDocs[2m > [22mrenders "REST API & CLI" heading [33m534[2mms[22m[39m
   [33m[2mтЬУ[22m[39m ApiDocs[2m > [22mclicking "Copy cURL" copies to clipboard [33m816[2mms[22m[39m
 [32mтЬУ[39m src/components/__tests__/ScanStats.test.tsx [2m([22m[2m5 tests[22m[2m)[22m[33m 472[2mms[22m[39m
   [33m[2mтЬУ[22m[39m ScanStats[2m > [22mrenders all five severity labels [33m328[2mms[22m[39m
 [32mтЬУ[39m src/lib/__tests__/errors.test.ts [2m([22m[2m2 tests[22m[2m)[22m[90m 6[2mms[22m[39m
 [32mтЬУ[39m src/lib/__tests__/result-contract.test.ts [2m([22m[2m2 tests[22m[2m)[22m[90m 8[2mms[22m[39m
node:events:502
      throw er; // Unhandled 'error' event
      ^

Error: Worker exited unexpectedly
    at ChildProcess.onUnexpectedExit (file:///D:/WORK/GITHUB/SENTINEL_AI/sentinel-ai-app/node_modules/tinypool/dist/index.js:118:30)
    at ChildProcess.emit (node:events:536:35)
    at ChildProcess._handle.onexit (node:internal/child_process:293:12)
Emitted 'error' event on Tinypool instance at:
    at EventEmitterReferencingAsyncResource.runInAsyncScope (node:async_hooks:206:9)
    at Tinypool.emit (node:events:170:18)
    at file:///D:/WORK/GITHUB/SENTINEL_AI/sentinel-ai-app/node_modules/tinypool/dist/index.js:594:30
    at ChildProcess.<anonymous> (file:///D:/WORK/GITHUB/SENTINEL_AI/sentinel-ai-app/node_modules/tinypool/dist/index.js:162:34)
    at ChildProcess.emit (node:events:524:28)
    at ChildProcess.onUnexpectedExit (file:///D:/WORK/GITHUB/SENTINEL_AI/sentinel-ai-app/node_modules/tinypool/dist/index.js:118:16)
    at ChildProcess.emit (node:events:536:35)
    at ChildProcess._handle.onexit (node:internal/child_process:293:12)

Node.js v20.19.5
